130.185.74.243 - - [22/Jan/2019:04:08:55 +0330] "GET /product/28694/57552/%D8%B4%DB%8C%D8%B1%DB%8C%D9%86%DB%8C-%D8%AE%D9%88%D8%B1%DB%8C-%D8%A8%D8%B1%D9%86%D8%AC%DB%8C-%D9%87%D9%86%D8%B1-%D8%A7%D8%B5%D9%81%D9%87%D8%A7%D9%86-%D9%85%D8%AF%D9%84-3-%D9%BE%D8%A7%DB%8C%D9%87-%D8%AF%D8%B3%D8%AA%D9%87-%D8%AF%D8%A7%D8%B1-%D9%82%D9%84%D9%85-%D8%B2%D9%86%DB%8C HTTP/1.1" 200 41013 "-" "Mozilla/5.0 (Windows NT 6.1; rv:42.0) Gecko/20100101 Firefox/42.0" "-"
66.249.66.194 - - [22/Jan/2019:04:08:55 +0330] "GET /filter/b2%2Cp1%2Cb904 HTTP/1.1" 302 0 "-" "Mozilla/5.0 (Linux; Android 6.0.1; Nexus 5X Build/MMB29P) AppleWebKit/537.36 (KHTML, like Gecko) Chrome/41.0.2272.96 Mobile Safari/537.36 (compatible; Googlebot/2.1; +http://www.google.com/bot.html)" "-"
91.99.72.15 - - [22/Jan/2019:04:08:55 +0330] "GET /product/29980?model=59522 HTTP/1.1" 200 39867 "-" "Mozilla/5.0 (X11; Linux x86_64) AppleWebKit/537.36 (KHTML, like Gecko) Chrome/53.0.2785.92 Safari/537.36" "-"
130.185.74.243 - - [22/Jan/2019:04:08:56 +0330] "GET /filter/stexists,p23790?page=1 HTTP/1.1" 200 29771 "-" "Mozilla/5.0 (Windows NT 6.1; rv:42.0) Gecko/20100101 Firefox/42.0" "-"
130.185.74.243 - - [22/Jan/2019:04:08:56 +0330] "GET /filter/stexists,p23790?page=2 HTTP/1.1" 200 29771 "-" "Mozilla/5.0 (Windows NT 6.1; rv:42.0) Gecko/20100101 Firefox/42.0" "-"
91.99.72.15 - - [22/Jan/2019:04:08:57 +0330] "GET /product/13968 HTTP/1.1" 200 39852 "-" "Mozilla/5.0 (Windows NT 6.2; Win64; x64; rv:16.0)Gecko/16.0 Firefox/16.0" "-"
66.249.66.91 - - [22/Jan/2019:04:08:57 +0330] "GET /filter/b481%2Cb226%2Cb570%2Cb80%2Cb270%2Cb903%2Cb883%2Cb152%2Cb249%2Cb20%2Cb701%2Cb723%2Cb42%2Cb198%2Cb35%2Cb183%2Cb219%2Cb308%2Cb523%2Cb900%2Cb188%2Cb703%2Cb890%2Cb236%2Cb74%2Cb400%2Cb209%2Cb19%2Cb454%2Cb651%2Cb202%2Cb4%2Cb22%2Cb238%2Cb6%2Cb596%2Cb143%2Cb877%2Cb485%2Cb221%2Cb194%2Cb136%2Cb647%2Cb497%2Cb546%2Cb105%2Cb185%2Cb568%2Cb151%2Cb88%2Cb43%2Cb597%2Cb103%2Cb613%2Cb880%2Cb212%2Cb861%2Cb148%2Cb135%2Cb186%2Cb778%2Cb113%2Cb99%2Cb584%2Cb724%2Cb224?page=184 HTTP/1.1" 200 41834 "-" "Mozilla/5.0 (compatible; Googlebot/2.1; +http://www.google.com/bot.html)" "-"
130.185.74.243 - - [22/Jan/2019:04:08:57 +0330] "GET /filter/stexists,p21523 HTTP/1.1" 200 31239 "-" "Mozilla/5.0 (Windows NT 6.1; rv:42.0) Gecko/20100101 Firefox/42.0" "-"
66.249.66.91 - - [22/Jan/2019:04:08:58 +0330] "GET /image/23584?name=ewg75g-hollywood190-2.jpg&wh=200x200 HTTP/1.1" 200 5586 "-" "Googlebot-Image/1.0" "-"
130.185.74.243 - - [22/Jan/2019:04:08:59 +0330] "GET /filter/stexists,p21523?page=1 HTTP/1.1" 200 28705 "-" "Mozilla/5.0 (Windows NT 6.1; rv:42.0) Gecko/20100101 Firefox/42.0" "-"
130.185.74.243 - - [22/Jan/2019:04:08:59 +0330] "GET /filter/stexists,p21523?page=2 HTTP/1.1" 200 29735 "-" "Mozilla/5.0 (Windows NT 6.1; rv:42.0) Gecko/20100101 Firefox/42.0" "-"
157.55.39.245 - - [22/Jan/2019:04:09:00 +0330] "GET /filter/b146,b32,b74,p1 HTTP/1.1" 200 37816 "-" "Mozilla/5.0 (compatible; bingbot/2.0; +http://www.bing.com/bingbot.htm)" "-"
54.36.148.109 - - [22/Jan/2019:04:09:01 +0330] "GET /filter/p19%2Cstexists%2C1093%7C%DA%A9%D9%85%D8%AA%D8%B1%20%D8%A7%D8%B2%20500 HTTP/1.1" 200 32995 "-" "Mozilla/5.0 (compatible; AhrefsBot/6.1; +http://ahrefs.com/robot/)" "-"
5.123.209.223 - - [22/Jan/2019:04:09:01 +0330] "GET /image/33312?name=fz-d20w-2.jpg&wh=200x200 HTTP/1.1" 200 2290 "-" "Dalvik/2.1.0 (Linux; U; Android 7.1.1; SM-J250F Build/NMF26X)" "-"
130.185.74.243 - - [22/Jan/2019:04:09:02 +0330] "GET /filter/stexists,p13359 HTTP/1.1" 200 32649 "-" "Mozilla/5.0 (Windows NT 6.1; rv:42.0) Gecko/20100101 Firefox/42.0" "-"
66.249.66.91 - - [22/Jan/2019:04:09:02 +0330] "GET /filter/b481%2Cb874%2Cb226%2Cb570%2Cb598%2Cstexists%2Cb880%2Cb270%2Cb883%2Cb99%2Cb261%2Cb249%2Cb20%2Cb701%2Cb42%2Cb548%2Cb183%2Cb88%2Cb308%2Cb103%2Cb1%2Cb126%2Cb523%2Cb900%2Cb192%2Cb188%2Cb703%2Cb890%2Cb148%2Cb256%2Cb651%2Cb41%2Cb647%2Cb613%2Cb6%2Cb221%2Cb36%2Cb614%2Cb3%2Cb216%2Cb218%2Cb136%2Cb573%2Cb151%2Cb185%2Cb32%2Cb441%2Cb143%2Cb648%2Cb203%2Cb877%2Cb209%2Cb231%2Cb485%2Cb147%2Cb484?page=93 HTTP/1.1" 200 39880 "-" "Mozilla/5.0 (compatible; Googlebot/2.1; +http://www.google.com/bot.html)" "-"
130.185.74.243 - - [22/Jan/2019:04:09:04 +0330] "GET /filter/stexists,p13359?page=1 HTTP/1.1" 200 32368 "-" "Mozilla/5.0 (Windows NT 6.1; rv:42.0) Gecko/20100101 Firefox/42.0" "-"
66.249.66.194 - - [22/Jan/2019:04:09:04 +0330] "GET /filter/b256%2Cb3%2Cb613%2Cb673%2Cb734%2Cb82 HTTP/1.1" 200 36690 "-" "Mozilla/5.0 (compatible; Googlebot/2.1; +http://www.google.com/bot.html)" "-"
54.36.148.105 - - [22/Jan/2019:04:09:05 +0330] "GET /filter/p5936%2Cv1%7C%D8%B3%D8%B1%D9%85%D9%87%20%D8%A7%DB%8C%2Cv1%7C%D8%B3%D9%81%DB%8C%D8%AF. HTTP/1.1" 200 34688 "-" "Mozilla/5.0 (compatible; AhrefsBot/6.1; +http://ahrefs.com/robot/)" "-"
66.249.66.194 - - [22/Jan/2019:04:09:06 +0330] "GET /filter/p12349%2Cv1%7C%D8%B5%D9%88%D8%B1%D8%AA%DB%8C%2Cv1%7C%DA%A9%D8%B1%D9%85%20%D8%B7%D8%B1%D8%AD%20%D8%AF%D8%A7%D8%B1%2Cv1%7C%D9%85%D8%B4%DA%A9%DB%8C?o=v1 HTTP/1.1" 302 0 "-" "Mozilla/5.0 (compatible; Googlebot/2.1; +http://www.google.com/bot.html)" "-"
130.185.74.243 - - [22/Jan/2019:04:09:06 +0330] "GET /filter/stexists,p13359?page=2 HTTP/1.1" 200 33709 "-" "Mozilla/5.0 (Windows NT 6.1; rv:42.0) Gecko/20100101 Firefox/42.0" "-"
130.185.74.243 - - [22/Jan/2019:04:09:07 +0330] "GET /filter/stexists,p13359?page=3 HTTP/1.1" 200 31279 "-" "Mozilla/5.0 (Windows NT 6.1; rv:42.0) Gecko/20100101 Firefox/42.0" "-"
66.249.66.194 - - [22/Jan/2019:04:09:07 +0330] "GET /filter/p12349%2Cv1%7C%D8%B5%D9%88%D8%B1%D8%AA%DB%8C%2Cv1%7C%DA%A9%D8%B1%D9%85%20%D8%B7%D8%B1%D8%AD%20%D8%AF%D8%A7%D8%B1%2Cv1%7C%D9%85%D8%B4%DA%A9%DB%8C HTTP/1.1" 200 31495 "-" "Mozilla/5.0 (compatible; Googlebot/2.1; +http://www.google.com/bot.html)" "-"
66.249.66.91 - - [22/Jan/2019:04:09:08 +0330] "GET /filter/b703%2Cb36%2Cb41%2Cb598%2Cb168%2Cb103%2Cb614%2Cb88%2Cb19%2Cb194%2Cb321%2Cb5%2Cb261%2Cb442%2Cb484%2Cb723%2Cb573%2Cb192%2Cb724%2Cb1%2Cb435%2Cb183%2Cb542%2Cb135%2Cb878%2Cb63%2Cb497%2Cb619%2Cb219%2Cb126%2Cb74%2Cb151%2Cb441%2Cb568%2Cb880%2Cb647%2Cb185%2Cb224%2Cb213%2Cb50%2Cb3%2Cb231%2Cb99%2Cb238%2Cb82%2Cb215%2Cb95%2Cb218%2Cb6%2Cb778?page=13 HTTP/1.1" 200 40956 "-" "Mozilla/5.0 (compatible; Googlebot/2.1; +http://www.google.com/bot.html)" "-"
5.200.112.161 - - [22/Jan/2019:04:09:08 +0330] "GET /image/8972?name=3115.jpg&wh=200x200 HTTP/1.1" 200 2489 "-" "Dalvik/2.1.0 (Linux; U; Android 8.0.0; WAS-LX1A Build/HUAWEIWAS-LX1A)" "-"
5.200.112.161 - - [22/Jan/2019:04:09:08 +0330] "GET /image/8977?name=3215i.jpg&wh=200x200 HTTP/1.1" 200 2604 "-" "Dalvik/2.1.0 (Linux; U; Android 8.0.0; WAS-LX1A Build/HUAWEIWAS-LX1A)" "-"
54.36.149.92 - - [22/Jan/2019:04:09:08 +0330] "GET /filter/b43,b584,b880,p5935 HTTP/1.1" 200 35742 "-" "Mozilla/5.0 (compatible; AhrefsBot/6.1; +http://ahrefs.com/robot/)" "-"
130.185.74.243 - - [22/Jan/2019:04:09:09 +0330] "GET /filter/stexists,p13359?page=4 HTTP/1.1" 200 31270 "-" "Mozilla/5.0 (Windows NT 6.1; rv:42.0) Gecko/20100101 Firefox/42.0" "-"
66.249.66.194 - - [22/Jan/2019:04:09:09 +0330] "GET /filter/p4510%2Cv1%7C%D8%B3%D9%81%DB%8C%D8%AF%20%D8%A2%D8%A8%DB%8C?o=t&productType=cordless-vacuum HTTP/1.1" 302 0 "-" "Mozilla/5.0 (compatible; Googlebot/2.1; +http://www.google.com/bot.html)" "-"
130.185.74.243 - - [22/Jan/2019:04:09:10 +0330] "GET /filter/stexists,p13359?page=5 HTTP/1.1" 200 31272 "-" "Mozilla/5.0 (Windows NT 6.1; rv:42.0) Gecko/20100101 Firefox/42.0" "-"
66.249.66.91 - - [22/Jan/2019:04:09:10 +0330] "GET /filter/b481%2Cb874%2Cb226%2Cb570%2Cb598%2Cstexists%2Cb880%2Cb270%2Cb883%2Cb99%2Cb261%2Cb249%2Cb20%2Cb701%2Cb42%2Cb879%2Cb548%2Cb183%2Cb88%2Cb308%2Cb103%2Cb1%2Cb126%2Cb523%2Cb900%2Cb192%2Cb188%2Cb703%2Cb890%2Cb148%2Cb256%2Cb651%2Cb41%2Cb647%2Cb22%2Cb613%2Cb6%2Cb221%2Cb36%2Cb614%2Cb3%2Cb216%2Cb218%2Cb136%2Cb573%2Cb151%2Cb185%2Cb32%2Cb441%2Cb143%2Cb648%2Cb203%2Cb877%2Cb209%2Cb231%2Cb485%2Cb147%2Cb878?page=9 HTTP/1.1" 200 40413 "-" "Mozilla/5.0 (compatible; Googlebot/2.1; +http://www.google.com/bot.html)" "-"
130.185.74.243 - - [22/Jan/2019:04:09:11 +0330] "GET /filter/stexists,p18095 HTTP/1.1" 200 31151 "-" "Mozilla/5.0 (Windows NT 6.1; rv:42.0) Gecko/20100101 Firefox/42.0" "-"
66.249.66.194 - - [22/Jan/2019:04:09:11 +0330] "GET /filter/p4510%2Cv1%7C%D8%B3%D9%81%DB%8C%D8%AF%20%D8%A2%D8%A8%DB%8C?productType=cordless-vacuum HTTP/1.1" 200 31737 "-" "Mozilla/5.0 (compatible; Googlebot/2.1; +http://www.google.com/bot.html)" "-"
5.200.112.161 - - [22/Jan/2019:04:09:12 +0330] "GET /image/33938?name=5418.jpg&wh=200x200 HTTP/1.1" 200 2225 "-" "Dalvik/2.1.0 (Linux; U; Android 8.0.0; WAS-LX1A Build/HUAWEIWAS-LX1A)" "-"
5.200.112.161 - - [22/Jan/2019:04:09:12 +0330] "GET /image/8878?name=butane-4108.jpg&wh=200x200 HTTP/1.1" 200 2161 "-" "Dalvik/2.1.0 (Linux; U; Android 8.0.0; WAS-LX1A Build/HUAWEIWAS-LX1A)" "-"
66.249.66.194 - - [22/Jan/2019:04:09:12 +0330] "GET /filter/p4510%2C1664%7C%D8%AE%D8%A7%DA%A9%2Cb36%2Cb131%2Cb99 HTTP/1.1" 200 33749 "-" "Mozilla/5.0 (compatible; Googlebot/2.1; +http://www.google.com/bot.html)" "-"
130.185.74.243 - - [22/Jan/2019:04:09:12 +0330] "GET /filter/stexists,p18095?page=1 HTTP/1.1" 200 28746 "-" "Mozilla/5.0 (Windows NT 6.1; rv:42.0) Gecko/20100101 Firefox/42.0" "-"
54.36.148.192 - - [22/Jan/2019:04:09:13 +0330] "GET /filter/c510%7C%D8%B4%D8%A7%D8%AE%D8%B5%20%D8%AF%D9%88%DB%8C%D8%AF%D9%86%2Cp6385?o=v1 HTTP/1.1" 302 0 "-" "Mozilla/5.0 (compatible; AhrefsBot/6.1; +http://ahrefs.com/robot/)" "-"
130.185.74.243 - - [22/Jan/2019:04:09:13 +0330] "GET /filter/stexists,p17444 HTTP/1.1" 200 28819 "-" "Mozilla/5.0 (Windows NT 6.1; rv:42.0) Gecko/20100101 Firefox/42.0" "-"
5.123.209.223 - - [22/Jan/2019:04:09:14 +0330] "GET /image/32261?name=fc-33dd4sa-22.jpg&wh=200x200 HTTP/1.1" 200 3925 "-" "Dalvik/2.1.0 (Linux; U; Android 7.1.1; SM-J250F Build/NMF26X)" "-"
130.185.74.243 - - [22/Jan/2019:04:09:14 +0330] "GET /filter/stexists,p17444?page=1 HTTP/1.1" 200 27787 "-" "Mozilla/5.0 (Windows NT 6.1; rv:42.0) Gecko/20100101 Firefox/42.0" "-"
91.99.72.15 - - [22/Jan/2019:04:09:15 +0330] "GET /product/31858/62062/%D8%AA%D9%84%D9%88%DB%8C%D8%B2%DB%8C%D9%88%D9%86-%D8%A7%D9%84-%D8%A7%DB%8C-%D8%AF%DB%8C-%D8%A7%D9%84-%D8%AC%DB%8C-%D9%85%D8%AF%D9%84-32LW300C-TA HTTP/1.1" 200 42005 "-" "Mozilla/5.0 (Windows NT 6.2; Win64; x64; rv:16.0)Gecko/16.0 Firefox/16.0" "-"
66.249.66.91 - - [22/Jan/2019:04:09:15 +0330] "GET /filter/b656%2Cb703%2Cb32%2Cb67%2Cb226%2Cb41%2Cb598%2Cb168%2Cb723%2Cb597%2Cb88%2Cb548%2Cb6%2Cb679%2Cb215%2Cb105%2Cb194%2Cb74%2Cb542%2Cb35%2Cb113%2Cb820%2Cb574%2Cb442%2Cb880%2Cb645%2Cb724%2Cb118%2Cb482%2Cb400%2Cb95%2Cb135%2Cb249%2Cb435%2Cb523%2Cb854%2Cb126%2Cstexists%2Cb216%2Cb217%2Cb152%2Cb99%2Cb188%2Cb209%2Cb192%2Cb213%2Cb136%2Cb218%2Cb4%2Cb546%2Cb603?page=4 HTTP/1.1" 200 41340 "-" "Mozilla/5.0 (compatible; Googlebot/2.1; +http://www.google.com/bot.html)" "-"
54.36.148.91 - - [22/Jan/2019:04:09:15 +0330] "GET /filter/p7,stexists,v1|%D8%A7%D8%B3%D8%AA%DB%8C%D9%84%20%D9%85%D8%B4%DA%A9%DB%8C. HTTP/1.1" 200 32048 "-" "Mozilla/5.0 (compatible; AhrefsBot/6.1; +http://ahrefs.com/robot/)" "-"
130.185.74.243 - - [22/Jan/2019:04:09:15 +0330] "GET /filter/stexists,p17445 HTTP/1.1" 200 27979 "-" "Mozilla/5.0 (Windows NT 6.1; rv:42.0) Gecko/20100101 Firefox/42.0" "-"
91.99.72.15 - - [22/Jan/2019:04:09:16 +0330] "GET /product/3603/497/%DA%A9%D9%88%D9%84%D8%B1-%D8%A2%D8%A8%DB%8C-%D8%AB%D8%A7%D8%A8%D8%AA-%D8%A8%D8%B1%D9%81%D8%A7%D8%A8-%D9%85%D8%AF%D9%84-BF5 HTTP/1.1" 200 41024 "-" "Mozilla/5.0 (Macintosh; Intel Mac OS X 10_7_3) AppleWebKit/534.55.3 (KHTML, like Gecko) Version/5.1.3 Safari/534.53.10" "-"
5.200.112.161 - - [22/Jan/2019:04:09:16 +0330] "GET /image/33811?name=bx114-111.jpg&wh=200x200 HTTP/1.1" 200 2379 "-" "Dalvik/2.1.0 (Linux; U; Android 8.0.0; WAS-LX1A Build/HUAWEIWAS-LX1A)" "-"
130.185.74.243 - - [22/Jan/2019:04:09:17 +0330] "GET /filter/stexists,p17445?page=1 HTTP/1.1" 200 27997 "-" "Mozilla/5.0 (Windows NT 6.1; rv:42.0) Gecko/20100101 Firefox/42.0" "-"
91.99.72.15 - - [22/Jan/2019:04:09:17 +0330] "GET /product/27155/55357/%DA%A9%D9%88%D9%84%D8%B1-%DA%AF%D8%A7%D8%B2%DB%8C-%D8%A7%DB%8C%D8%B3%D8%AA%D8%A7%D8%AF%D9%87-%D8%AA%D8%B1%D8%A7%D8%B3%D8%AA-%D9%85%D8%AF%D9%84-TMFS-50HE HTTP/1.1" 200 42796 "-" "Mozilla/5.0 (Windows NT 6.2; Win64; x64; rv:16.0)Gecko/16.0 Firefox/16.0" "-"
5.115.235.34 - - [22/Jan/2019:04:09:17 +0330] "GET /filter/p6?o=v574 HTTP/1.1" 302 0 "-" "Mozilla/5.0 (Windows NT 6.3; Win64; x64) AppleWebKit/537.36 (KHTML, like Gecko) Chrome/71.0.3578.98 Safari/537.36" "-"
66.249.66.91 - - [22/Jan/2019:04:09:18 +0330] "GET /filter/b481%2Cb874%2Cb226%2Cb570%2Cb598%2Cstexists%2Cb880%2Cb270%2Cb883%2Cb99%2Cb261%2Cb249%2Cb20%2Cb701%2Cb42%2Cb548%2Cb183%2Cb88%2Cb308%2Cb103%2Cb1%2Cb126%2Cb523%2Cb900%2Cb192%2Cb188%2Cb703%2Cb890%2Cb148%2Cb256%2Cb651%2Cb41%2Cb647%2Cb613%2Cb6%2Cb221%2Cb36%2Cb614%2Cb3%2Cb216%2Cb218%2Cb136%2Cb573%2Cb151%2Cb185%2Cb32%2Cb441%2Cb143%2Cb648%2Cb203%2Cb877%2Cb209%2Cb231%2Cb485%2Cb147%2Cb484?page=13 HTTP/1.1" 200 40274 "-" "Mozilla/5.0 (compatible; Googlebot/2.1; +http://www.google.com/bot.html)" "-"
130.185.74.243 - - [22/Jan/2019:04:09:18 +0330] "GET /filter/stexists,p13360 HTTP/1.1" 200 27827 "-" "Mozilla/5.0 (Windows NT 6.1; rv:42.0) Gecko/20100101 Firefox/42.0" "-"
5.200.112.161 - - [22/Jan/2019:04:09:18 +0330] "GET /image/33936?name=3318.jpg&wh=200x200 HTTP/1.1" 200 2734 "-" "Dalvik/2.1.0 (Linux; U; Android 8.0.0; WAS-LX1A Build/HUAWEIWAS-LX1A)" "-"
89.35.183.130 - - [22/Jan/2019:04:09:18 +0330] "GET /image/33888?name=model-b2048u-1-.jpg&wh=200x200 HTTP/1.1" 200 3975 "-" "Dalvik/2.1.0 (Linux; U; Android 8.0.0; HTC U Ultra Build/OPR1.170623.032)" "-"
66.249.66.91 - - [22/Jan/2019:04:09:18 +0330] "GET /filter/b656%2Cb703%2Cb32%2Cb67%2Cb226%2Cb41%2Cb598%2Cb168%2Cb723%2Cb597%2Cb88%2Cb548%2Cb6%2Cb679%2Cb215%2Cb105%2Cb194%2Cb74%2Cb542%2Cb35%2Cb113%2Cb820%2Cb574%2Cb442%2Cb880%2Cb645%2Cb724%2Cb118%2Cb482%2Cb400%2Cb95%2Cb135%2Cb249%2Cb221%2Cb523%2Cb854%2Cb126%2Cstexists%2Cb216%2Cb217%2Cb152%2Cb99%2Cb188%2Cb209%2Cb192%2Cb213%2Cb136%2Cb218%2Cb4%2Cb648%2Cb454%2Cb147%2Cb258?page=51 HTTP/1.1" 200 41359 "-" "Mozilla/5.0 (compatible; Googlebot/2.1; +http://www.google.com/bot.html)" "-"
91.99.72.15 - - [22/Jan/2019:04:09:18 +0330] "GET /product/16452/31253/%D9%BE%D9%86%DA%A9%D9%87-%D9%BE%D8%A7%DB%8C%D9%87-%D8%A8%D9%84%D9%86%D8%AF-%D8%AA%D9%81%D8%A7%D9%84-%D9%85%D8%AF%D9%84-4110 HTTP/1.1" 200 41690 "-" "Mozilla/5.0 (Windows NT 6.2; Win64; x64; rv:16.0)Gecko/16.0 Firefox/16.0" "-"
130.185.74.243 - - [22/Jan/2019:04:09:19 +0330] "GET /filter/stexists,p13360?page=1 HTTP/1.1" 200 27845 "-" "Mozilla/5.0 (Windows NT 6.1; rv:42.0) Gecko/20100101 Firefox/42.0" "-"
130.185.74.243 - - [22/Jan/2019:04:09:20 +0330] "GET /filter/stexists,p18094 HTTP/1.1" 200 31185 "-" "Mozilla/5.0 (Windows NT 6.1; rv:42.0) Gecko/20100101 Firefox/42.0" "-"
207.46.13.136 - - [22/Jan/2019:04:09:20 +0330] "GET /product/29398 HTTP/1.1" 200 40430 "-" "Mozilla/5.0 (compatible; bingbot/2.0; +http://www.bing.com/bingbot.htm)" "-"
5.115.235.34 - - [22/Jan/2019:04:09:20 +0330] "GET /filter/p6 HTTP/1.1" 200 35529 "-" "Mozilla/5.0 (Windows NT 6.3; Win64; x64) AppleWebKit/537.36 (KHTML, like Gecko) Chrome/71.0.3578.98 Safari/537.36" "-"
46.4.203.149 - - [22/Jan/2019:04:09:20 +0330] "GET /product/13810/23244/%D8%A2%DB%8C%D9%86%D9%87-%D9%88-%D8%B4%D9%85%D8%B9%D8%AF%D8%A7%D9%86-%D9%85%DB%8C%D9%86%D8%A7%DA%A9%D8%A7%D8%B1%DB%8C-%D9%87%D9%86%D8%B1-%D8%A7%D8%B5%D9%81%D9%87%D8%A7%D9%86-%D9%85%D8%AF%D9%84-%D8%A2%DB%8C%D9%86%D9%87-%D8%AA%D8%A7%D8%AC-%D8%AF%D8%A7%D8%B1 HTTP/1.1" 200 536918 "-" "Mozilla/5.0 (Windows NT 6.2; WOW64; rv:17.0) Gecko/20100101 Firefox/17.0" "-"
66.249.66.194 - - [22/Jan/2019:04:09:21 +0330] "GET /filter/p29%2Cb3%2Cb125%2Cstnot-exists?o=st HTTP/1.1" 302 0 "-" "Mozilla/5.0 (compatible; Googlebot/2.1; +http://www.google.com/bot.html)" "-"
130.185.74.243 - - [22/Jan/2019:04:09:21 +0330] "GET /product/18522/37592/%D8%B3%D8%A7%D8%B9%D8%AA-%D8%B3%D9%86%D8%AA%DB%8C-%D9%87%D9%86%D8%B1-%D8%A7%D8%B5%D9%81%D9%87%D8%A7%D9%86-%D9%85%D8%AF%D9%84-%D8%AE%D8%A7%D8%AA%D9%85-%D8%A8%D8%A7-%D8%B5%D9%81%D8%AD%D9%87-%D9%85%DB%8C%D9%86%D8%A7%DA%A9%D8%A7%D8%B1%DB%8C-%D8%B4%D8%AF%D9%87-%D8%B7%D8%B1%D8%AD-1 HTTP/1.1" 200 39924 "-" "Mozilla/5.0 (Windows NT 6.1; rv:42.0) Gecko/20100101 Firefox/42.0" "-"
5.115.235.34 - - [22/Jan/2019:04:09:22 +0330] "GET /image/1218/mainSlide HTTP/1.1" 200 91935 "https://www.zanbil.ir/filter/p6" "Mozilla/5.0 (Windows NT 6.3; Win64; x64) AppleWebKit/537.36 (KHTML, like Gecko) Chrome/71.0.3578.98 Safari/537.36" "-"
66.249.66.91 - - [22/Jan/2019:04:09:22 +0330] "GET /filter/b656%2Cb703%2Cb32%2Cb67%2Cb226%2Cb41%2Cb598%2Cb168%2Cb723%2Cb597%2Cb88%2Cb548%2Cb6%2Cb679%2Cb215%2Cb105%2Cb194%2Cb74%2Cb542%2Cb35%2Cb113%2Cb820%2Cb574%2Cb442%2Cb880%2Cb645%2Cb724%2Cb118%2Cb482%2Cb400%2Cb95%2Cb135%2Cb249%2Cb221%2Cb523%2Cb854%2Cb126%2Cstexists%2Cb216%2Cb217%2Cb152%2Cb99%2Cb188%2Cb209%2Cb192%2Cb213%2Cb136%2Cb218%2Cb4%2Cb648%2Cb454%2Cb147%2Cb258?page=49 HTTP/1.1" 200 41636 "-" "Mozilla/5.0 (compatible; Googlebot/2.1; +http://www.google.com/bot.html)" "-"
5.115.235.34 - - [22/Jan/2019:04:09:22 +0330] "GET /product/28695/57553/%D9%85%D8%A7%D8%B4%DB%8C%D9%86-%D9%84%D8%A8%D8%A7%D8%B3%D8%B4%D9%88%DB%8C%DB%8C-%D8%AF%D8%B1%D8%A8-%D8%A7%D8%B2-%D8%AC%D9%84%D9%88-%D8%A7%D9%84-%D8%AC%DB%8C-%D9%85%D8%AF%D9%84-WM-M62NT HTTP/1.1" 200 43554 "-" "Mozilla/5.0 (Windows NT 6.3; Win64; x64) AppleWebKit/537.36 (KHTML, like Gecko) Chrome/71.0.3578.98 Safari/537.36" "-"
130.185.74.243 - - [22/Jan/2019:04:09:22 +0330] "GET /product/18523/37594/%D8%B3%D8%A7%D8%B9%D8%AA-%D8%B3%D9%86%D8%AA%DB%8C-%D9%87%D9%86%D8%B1-%D8%A7%D8%B5%D9%81%D9%87%D8%A7%D9%86-%D9%85%D8%AF%D9%84-%D8%AE%D8%A7%D8%AA%D9%85-%D8%A8%D8%A7-%D8%B5%D9%81%D8%AD%D9%87-%D9%85%DB%8C%D9%86%D8%A7%DA%A9%D8%A7%D8%B1%DB%8C-%D8%B4%D8%AF%D9%87-%D8%B7%D8%B1%D8%AD-2 HTTP/1.1" 200 41453 "-" "Mozilla/5.0 (Windows NT 6.1; rv:42.0) Gecko/20100101 Firefox/42.0" "-"
130.185.74.243 - - [22/Jan/2019:04:09:23 +0330] "GET /filter/stexists,p18094?page=1 HTTP/1.1" 200 29571 "-" "Mozilla/5.0 (Windows NT 6.1; rv:42.0) Gecko/20100101 Firefox/42.0" "-"
66.249.66.194 - - [22/Jan/2019:04:09:23 +0330] "GET /filter/p29%2Cb3%2Cb125%2Cstnot-exists HTTP/1.1" 200 32445 "-" "Mozilla/5.0 (compatible; Googlebot/2.1; +http://www.google.com/bot.html)" "-"
130.185.74.243 - - [22/Jan/2019:04:09:24 +0330] "GET /filter/stexists,p15201 HTTP/1.1" 200 29078 "-" "Mozilla/5.0 (Windows NT 6.1; rv:42.0) Gecko/20100101 Firefox/42.0" "-"
207.46.13.136 - - [22/Jan/2019:04:09:24 +0330] "GET /filter/b113,b209,b270,b34,b424 HTTP/1.1" 200 37129 "-" "Mozilla/5.0 (compatible; bingbot/2.0; +http://www.bing.com/bingbot.htm)" "-"
66.249.66.91 - - [22/Jan/2019:04:09:24 +0330] "GET /filter/b481%2Cb43%2Cb874%2Cb32%2Cb67%2Cb36%2Cb226%2Cb41%2Cb136%2Cb570%2Cb180%2Cb615%2Cb168%2Cb648%2Cb103%2Cb148%2Cb80%2Cb597%2Cb724%2Cb613%2Cb5%2Cb135%2Cb877%2Cb194%2Cb1%2Cb256%2Cb854%2Cb198%2Cb656%2Cb679%2Cb3%2Cb202%2Cb20%2Cb542%2Cb723%2Cb482%2Cb212%2Cb2%2Cb546%2Cb218%2Cb441%2Cb523%2Cb484%2Cb261%2Cb219%2Cb113?page=198 HTTP/1.1" 200 40535 "-" "Mozilla/5.0 (compatible; Googlebot/2.1; +http://www.google.com/bot.html)" "-"
54.36.149.49 - - [22/Jan/2019:04:09:25 +0330] "GET /filter/4750%7C%D8%A8%DB%8C%20%D8%B3%DB%8C%D9%85%2Cb183%2Cp5767 HTTP/1.1" 200 33782 "-" "Mozilla/5.0 (compatible; AhrefsBot/6.1; +http://ahrefs.com/robot/)" "-"
130.185.74.243 - - [22/Jan/2019:04:09:25 +0330] "GET /filter/stexists,p15201?page=1 HTTP/1.1" 200 29094 "-" "Mozilla/5.0 (Windows NT 6.1; rv:42.0) Gecko/20100101 Firefox/42.0" "-"
89.35.183.130 - - [22/Jan/2019:04:09:25 +0330] "GET /image/11947?name=11947-1-fw.jpg&wh=200x200 HTTP/1.1" 200 4167 "-" "Dalvik/2.1.0 (Linux; U; Android 8.0.0; HTC U Ultra Build/OPR1.170623.032)" "-"
130.185.74.243 - - [22/Jan/2019:04:09:25 +0330] "GET /filter/stexists,p18557 HTTP/1.1" 200 31222 "-" "Mozilla/5.0 (Windows NT 6.1; rv:42.0) Gecko/20100101 Firefox/42.0" "-"
66.249.66.91 - - [22/Jan/2019:04:09:26 +0330] "GET /image/28086?name=h18-g-11-1.jpg&wh=200x200 HTTP/1.1" 200 3429 "-" "Googlebot-Image/1.0" "-"
66.249.66.194 - - [22/Jan/2019:04:09:26 +0330] "GET /product/31352/61295/%D8%B3%D8%A7%D8%B9%D8%AA-%D9%85%DA%86%DB%8C-%D8%B9%D9%82%D8%B1%D8%A8%D9%87-%D8%A7%DB%8C-%D9%85%D8%B1%D8%AF%D8%A7%D9%86%D9%87-TISSOT-%D9%85%D8%AF%D9%84-T063.617.11.067.00 HTTP/1.1" 302 0 "-" "Mozilla/5.0 (Linux; Android 6.0.1; Nexus 5X Build/MMB29P) AppleWebKit/537.36 (KHTML, like Gecko) Chrome/41.0.2272.96 Mobile Safari/537.36 (compatible; Googlebot/2.1; +http://www.google.com/bot.html)" "-"
5.123.209.223 - - [22/Jan/2019:04:09:26 +0330] "GET /image/8243?name=fc---19dd4sa.jpg&wh=200x200 HTTP/1.1" 200 2610 "-" "Dalvik/2.1.0 (Linux; U; Android 7.1.1; SM-J250F Build/NMF26X)" "-"
5.115.235.34 - - [22/Jan/2019:04:09:27 +0330] "GET /image/64655/productModel/150x150 HTTP/1.1" 200 3397 "https://www.zanbil.ir/filter/p6" "Mozilla/5.0 (Windows NT 6.3; Win64; x64) AppleWebKit/537.36 (KHTML, like Gecko) Chrome/71.0.3578.98 Safari/537.36" "-"
5.200.112.161 - - [22/Jan/2019:04:09:27 +0330] "GET /image/20599?name=se200.jpg&wh=200x200 HTTP/1.1" 200 3406 "-" "Dalvik/2.1.0 (Linux; U; Android 8.0.0; WAS-LX1A Build/HUAWEIWAS-LX1A)" "-"
207.46.13.136 - - [22/Jan/2019:04:09:27 +0330] "GET /filter/b1,b103,b105,b109,b111,b113,b126,b144,b183,b186,b221,b261,b291,b52,b615,b647,b77,b80,b820,b83,b95 HTTP/1.1" 200 39047 "-" "Mozilla/5.0 (compatible; bingbot/2.0; +http://www.bing.com/bingbot.htm)" "-"
130.185.74.243 - - [22/Jan/2019:04:09:27 +0330] "GET /filter/stexists,p18557?page=1 HTTP/1.1" 200 28934 "-" "Mozilla/5.0 (Windows NT 6.1; rv:42.0) Gecko/20100101 Firefox/42.0" "-"
130.185.74.243 - - [22/Jan/2019:04:09:28 +0330] "GET /filter/stexists,p18909 HTTP/1.1" 200 31779 "-" "Mozilla/5.0 (Windows NT 6.1; rv:42.0) Gecko/20100101 Firefox/42.0" "-"
207.46.13.136 - - [22/Jan/2019:04:09:28 +0330] "GET /filter/b1,b103,b105,b109,b111,b113,b135,b144,b176,b186,b221,b261,b291,b400,b481,b52,b542,b598,b615,b647,b77,b83 HTTP/1.1" 200 39306 "-" "Mozilla/5.0 (compatible; bingbot/2.0; +http://www.bing.com/bingbot.htm)" "-"
207.46.13.136 - - [22/Jan/2019:04:09:29 +0330] "GET /image/29398?name=22.jpg&wh=50x50 HTTP/1.1" 200 1221 "-" "Mozilla/5.0 (compatible; bingbot/2.0; +http://www.bing.com/bingbot.htm)" "-"
130.185.74.243 - - [22/Jan/2019:04:09:29 +0330] "GET /filter/stexists,p18909?page=1 HTTP/1.1" 200 30165 "-" "Mozilla/5.0 (Windows NT 6.1; rv:42.0) Gecko/20100101 Firefox/42.0" "-"
91.99.72.15 - - [22/Jan/2019:04:09:29 +0330] "GET /product/11947/%D8%B5%D9%86%D8%AF%D9%84%DB%8C-%DA%A9%D8%A7%D8%B1%D9%85%D9%86%D8%AF%DB%8C-%D9%86%DB%8C%D9%84%D9%BE%D8%B1-%D9%85%D8%AF%D9%84-Nilper-Task-Chair-SK712T HTTP/1.1" 200 44518 "-" "Mozilla/5.0 (Macintosh; Intel Mac OS X 10_7_3) AppleWebKit/534.55.3 (KHTML, like Gecko) Version/5.1.3 Safari/534.53.10" "-"
17.58.102.43 - - [22/Jan/2019:04:09:30 +0330] "GET /filter/b211%2Cb502%2Cb214%2Cb389%2Cb335%2Cb554%2Cb592%2Cb33%2Cb552%2Cb199%2Cb527%2Cb140%2Cb326%2Cb187%2Cb105 HTTP/1.1" 200 37443 "-" "Mozilla/5.0 (Macintosh; Intel Mac OS X 10_10_1) AppleWebKit/600.2.5 (KHTML, like Gecko) Version/8.0.2 Safari/600.2.5 (Applebot/0.1; +http://www.apple.com/go/applebot)" "-"
66.249.66.91 - - [22/Jan/2019:04:09:30 +0330] "GET /filter/b481%2Cb874%2Cb32%2Cb67%2Cb36%2Cb226%2Cb41%2Cb136%2Cb570%2Cb598%2Cb180%2Cb615%2Cb168%2Cb648%2Cb103%2Cb213%2Cb597%2Cb724%2Cb613%2Cb135%2Cb877%2Cb183%2Cb497%2Cb435%2Cb194%2Cb1%2Cb861%2Cb256%2Cb854%2Cb198%2Cb647%2Cb679%2Cb88%2Cb441%2Cb6%2Cb880%2Cb221%2Cb645%2Cb219%2Cb224?page=2 HTTP/1.1" 200 39647 "-" "Mozilla/5.0 (compatible; Googlebot/2.1; +http://www.google.com/bot.html)" "-"
130.185.74.243 - - [22/Jan/2019:04:09:30 +0330] "GET /filter/stexists,p18909?page=2 HTTP/1.1" 200 29159 "-" "Mozilla/5.0 (Windows NT 6.1; rv:42.0) Gecko/20100101 Firefox/42.0" "-"
54.36.149.5 - - [22/Jan/2019:04:09:30 +0330] "GET /filter/b481,b535,b601,b862,b880,p6001 HTTP/1.1" 200 34266 "-" "Mozilla/5.0 (compatible; AhrefsBot/6.1; +http://ahrefs.com/robot/)" "-"
130.185.74.243 - - [22/Jan/2019:04:09:31 +0330] "GET /filter/stexists,p14464 HTTP/1.1" 200 29511 "-" "Mozilla/5.0 (Windows NT 6.1; rv:42.0) Gecko/20100101 Firefox/42.0" "-"
91.99.72.15 - - [22/Jan/2019:04:09:32 +0330] "GET /product/31828/62015/%D8%BA%D8%B0%D8%A7-%D8%B3%D8%A7%D8%B2-%D8%A8%D9%88%D8%B4-%D9%85%D8%AF%D9%84-MCM3601M4 HTTP/1.1" 200 42621 "-" "Mozilla/5.0 (X11; Linux x86_64) AppleWebKit/537.36 (KHTML, like Gecko) Chrome/53.0.2785.92 Safari/537.36" "-"
130.185.74.243 - - [22/Jan/2019:04:09:32 +0330] "GET /filter/stexists,p14464?page=1 HTTP/1.1" 200 29529 "-" "Mozilla/5.0 (Windows NT 6.1; rv:42.0) Gecko/20100101 Firefox/42.0" "-"
5.115.235.34 - - [22/Jan/2019:04:09:32 +0330] "GET /image/56214/productModel/100x100 HTTP/1.1" 200 1910 "https://www.zanbil.ir/filter/p6" "Mozilla/5.0 (Windows NT 6.3; Win64; x64) AppleWebKit/537.36 (KHTML, like Gecko) Chrome/71.0.3578.98 Safari/537.36" "-"
5.211.97.39 - - [22/Jan/2019:04:09:33 +0330] "GET /image/18361/productType/240x180 HTTP/1.1" 200 16644 "https://www.zanbil.ir/m/browse/bath-toilet/%D8%AA%D8%AC%D9%87%DB%8C%D8%B2%D8%A7%D8%AA-%D8%AD%D9%85%D8%A7%D9%85-%D9%88-%D8%AF%D8%B3%D8%AA%D8%B4%D9%88%DB%8C%DB%8C" "Mozilla/5.0 (iPhone; CPU iPhone OS 10_3_2 like Mac OS X) AppleWebKit/603.2.4 (KHTML, like Gecko) Version/10.0 Mobile/14F89 Safari/602.1" "-"
5.211.97.39 - - [22/Jan/2019:04:09:33 +0330] "GET /image/8870/productType/240x180 HTTP/1.1" 200 7800 "https://www.zanbil.ir/m/browse/bath-toilet/%D8%AA%D8%AC%D9%87%DB%8C%D8%B2%D8%A7%D8%AA-%D8%AD%D9%85%D8%A7%D9%85-%D9%88-%D8%AF%D8%B3%D8%AA%D8%B4%D9%88%DB%8C%DB%8C" "Mozilla/5.0 (iPhone; CPU iPhone OS 10_3_2 like Mac OS X) AppleWebKit/603.2.4 (KHTML, like Gecko) Version/10.0 Mobile/14F89 Safari/602.1" "-"
5.211.97.39 - - [22/Jan/2019:04:09:33 +0330] "GET /image/16680/productType/240x180 HTTP/1.1" 200 26754 "https://www.zanbil.ir/m/browse/bath-toilet/%D8%AA%D8%AC%D9%87%DB%8C%D8%B2%D8%A7%D8%AA-%D8%AD%D9%85%D8%A7%D9%85-%D9%88-%D8%AF%D8%B3%D8%AA%D8%B4%D9%88%DB%8C%DB%8C" "Mozilla/5.0 (iPhone; CPU iPhone OS 10_3_2 like Mac OS X) AppleWebKit/603.2.4 (KHTML, like Gecko) Version/10.0 Mobile/14F89 Safari/602.1" "-"
5.211.97.39 - - [22/Jan/2019:04:09:33 +0330] "GET /image/22475/productType/240x180 HTTP/1.1" 200 16562 "https://www.zanbil.ir/m/browse/bath-toilet/%D8%AA%D8%AC%D9%87%DB%8C%D8%B2%D8%A7%D8%AA-%D8%AD%D9%85%D8%A7%D9%85-%D9%88-%D8%AF%D8%B3%D8%AA%D8%B4%D9%88%DB%8C%DB%8C" "Mozilla/5.0 (iPhone; CPU iPhone OS 10_3_2 like Mac OS X) AppleWebKit/603.2.4 (KHTML, like Gecko) Version/10.0 Mobile/14F89 Safari/602.1" "-"
5.211.97.39 - - [22/Jan/2019:04:09:33 +0330] "GET /image/805/mainSlideMobile HTTP/1.1" 200 63620 "https://www.zanbil.ir/m/browse/bath-toilet/%D8%AA%D8%AC%D9%87%DB%8C%D8%B2%D8%A7%D8%AA-%D8%AD%D9%85%D8%A7%D9%85-%D9%88-%D8%AF%D8%B3%D8%AA%D8%B4%D9%88%DB%8C%DB%8C" "Mozilla/5.0 (iPhone; CPU iPhone OS 10_3_2 like Mac OS X) AppleWebKit/603.2.4 (KHTML, like Gecko) Version/10.0 Mobile/14F89 Safari/602.1" "-"
5.211.97.39 - - [22/Jan/2019:04:09:33 +0330] "GET /image/807/mainSlideMobile HTTP/1.1" 200 59171 "https://www.zanbil.ir/m/browse/bath-toilet/%D8%AA%D8%AC%D9%87%DB%8C%D8%B2%D8%A7%D8%AA-%D8%AD%D9%85%D8%A7%D9%85-%D9%88-%D8%AF%D8%B3%D8%AA%D8%B4%D9%88%DB%8C%DB%8C" "Mozilla/5.0 (iPhone; CPU iPhone OS 10_3_2 like Mac OS X) AppleWebKit/603.2.4 (KHTML, like Gecko) Version/10.0 Mobile/14F89 Safari/602.1" "-"
91.99.72.15 - - [22/Jan/2019:04:09:33 +0330] "GET /product/11926/%D8%B5%D9%86%D8%AF%D9%84%DB%8C-%D9%85%D8%AF%DB%8C%D8%B1%DB%8C%D8%AA%DB%8C-%D9%86%DB%8C%D9%84%D9%BE%D8%B1-%D9%85%D8%AF%D9%84-Nilper-Executive-Chair-SM812V HTTP/1.1" 200 44878 "-" "Mozilla/5.0 (Windows NT 6.1; WOW64) AppleWebKit/535.7(KHTML, like Gecko) Chrome/16.0.912.36 Safari/535.7" "-"
5.211.97.39 - - [22/Jan/2019:04:09:33 +0330] "GET /image/666/mainSlideMobile HTTP/1.1" 200 72351 "https://www.zanbil.ir/m/browse/bath-toilet/%D8%AA%D8%AC%D9%87%DB%8C%D8%B2%D8%A7%D8%AA-%D8%AD%D9%85%D8%A7%D9%85-%D9%88-%D8%AF%D8%B3%D8%AA%D8%B4%D9%88%DB%8C%DB%8C" "Mozilla/5.0 (iPhone; CPU iPhone OS 10_3_2 like Mac OS X) AppleWebKit/603.2.4 (KHTML, like Gecko) Version/10.0 Mobile/14F89 Safari/602.1" "-"
130.185.74.243 - - [22/Jan/2019:04:09:33 +0330] "GET /filter/stexists,p14464?page=2 HTTP/1.1" 200 29530 "-" "Mozilla/5.0 (Windows NT 6.1; rv:42.0) Gecko/20100101 Firefox/42.0" "-"
54.36.148.24 - - [22/Jan/2019:04:09:34 +0330] "GET /filter/b43,b535,b694,p5935 HTTP/1.1" 200 35033 "-" "Mozilla/5.0 (compatible; AhrefsBot/6.1; +http://ahrefs.com/robot/)" "-"
66.249.66.194 - - [22/Jan/2019:04:09:34 +0330] "GET /filter/p36%2Cb447%2Cb145%2C1130%7C6?page=0 HTTP/1.1" 200 30243 "-" "Mozilla/5.0 (compatible; Googlebot/2.1; +http://www.google.com/bot.html)" "-"
91.99.72.15 - - [22/Jan/2019:04:09:34 +0330] "GET /product/11911/%D8%B5%D9%86%D8%AF%D9%84%DB%8C-%D9%85%D8%AF%DB%8C%D8%B1%DB%8C%D8%AA%DB%8C-%D9%86%DB%8C%D9%84%D9%BE%D8%B1-%D9%85%D8%AF%D9%84-Nilper-Executive-Chair-SM909E HTTP/1.1" 200 44990 "-" "Mozilla/5.0 (Windows NT 6.2; Win64; x64; rv:16.0)Gecko/16.0 Firefox/16.0" "-"
66.249.66.91 - - [22/Jan/2019:04:09:34 +0330] "GET /filter/b656%2Cb703%2Cb32%2Cb67%2Cb226%2Cb41%2Cb598%2Cb168%2Cb723%2Cb597%2Cb88%2Cb548%2Cb6%2Cb679%2Cb215%2Cb194%2Cb74%2Cb542%2Cb35%2Cb113%2Cb820%2Cb574%2Cb442%2Cb880%2Cb645%2Cb724%2Cb118%2Cb482%2Cb400%2Cb95%2Cb135%2Cb249%2Cb435%2Cb523%2Cb854%2Cb126%2Cstexists%2Cb216%2Cb217%2Cb152%2Cb99%2Cb188%2Cb209%2Cb192%2Cb213%2Cb136%2Cb218%2Cb4%2Cb546%2Cb603?page=6 HTTP/1.1" 200 41370 "-" "Mozilla/5.0 (compatible; Googlebot/2.1; +http://www.google.com/bot.html)" "-"
66.249.66.91 - - [22/Jan/2019:04:09:35 +0330] "GET /filter/b656%2Cb703%2Cb32%2Cb67%2Cb226%2Cb41%2Cb598%2Cb168%2Cb723%2Cb597%2Cb88%2Cb548%2Cb6%2Cb679%2Cb215%2Cb105%2Cb194%2Cb74%2Cb542%2Cb35%2Cb113%2Cb820%2Cb574%2Cb442%2Cb880%2Cb645%2Cb724%2Cb118%2Cb482%2Cb400%2Cb95%2Cb135%2Cb249%2Cb435%2Cb221%2Cb523%2Cb854%2Cb126%2Cstexists%2Cb216%2Cb217%2Cb152%2Cb99%2Cb188%2Cb209%2Cb192%2Cb213%2Cb136%2Cb218%2Cb4%2Cb648%2Cb701%2Cb20%2Cb573%2Cb36?page=4 HTTP/1.1" 200 41471 "-" "Mozilla/5.0 (compatible; Googlebot/2.1; +http://www.google.com/bot.html)" "-"
130.185.74.243 - - [22/Jan/2019:04:09:35 +0330] "GET /filter/stexists,p28,b103 HTTP/1.1" 200 32925 "-" "Mozilla/5.0 (Windows NT 6.1; rv:42.0) Gecko/20100101 Firefox/42.0" "-"
66.249.66.194 - - [22/Jan/2019:04:09:36 +0330] "GET /filter/p1232%2Cb103%2Cstcoming-soon?o=st HTTP/1.1" 302 0 "-" "Mozilla/5.0 (compatible; Googlebot/2.1; +http://www.google.com/bot.html)" "-"
66.249.66.194 - - [22/Jan/2019:04:09:37 +0330] "GET /filter/p1232%2Cb103%2Cstcoming-soon HTTP/1.1" 200 30349 "-" "Mozilla/5.0 (compatible; Googlebot/2.1; +http://www.google.com/bot.html)" "-"
130.185.74.243 - - [22/Jan/2019:04:09:37 +0330] "GET /filter/stexists,p28,b103?page=1 HTTP/1.1" 200 31087 "-" "Mozilla/5.0 (Windows NT 6.1; rv:42.0) Gecko/20100101 Firefox/42.0" "-"
5.210.25.26 - - [22/Jan/2019:04:09:39 +0330] "GET /image/33888?name=model-b2048u-1-.jpg&wh=200x200 HTTP/1.1" 200 3975 "-" "Dalvik/1.6.0 (Linux; U; Android 4.4.2; Che2-L11 Build/HonorChe2-L11)" "-"
130.185.74.243 - - [22/Jan/2019:04:09:39 +0330] "GET /filter/stexists,p19,b103 HTTP/1.1" 200 32600 "-" "Mozilla/5.0 (Windows NT 6.1; rv:42.0) Gecko/20100101 Firefox/42.0" "-"
66.249.66.91 - - [22/Jan/2019:04:09:40 +0330] "GET /filter/b481%2Cb874%2Cb226%2Cb570%2Cb598%2Cstexists%2Cb880%2Cb270%2Cb883%2Cb99%2Cb261%2Cb249%2Cb20%2Cb701%2Cb42%2Cb548%2Cb183%2Cb88%2Cb308%2Cb103%2Cb1%2Cb126%2Cb523%2Cb900%2Cb192%2Cb188%2Cb703%2Cb890%2Cb148%2Cb256%2Cb651%2Cb41%2Cb647%2Cb613%2Cb6%2Cb221%2Cb36%2Cb614%2Cb3%2Cb216%2Cb218%2Cb136%2Cb573%2Cb151%2Cb185%2Cb32%2Cb441%2Cb143%2Cb648%2Cb203%2Cb209%2Cb231%2Cb485%2Cb147%2Cb484?page=13 HTTP/1.1" 200 41654 "-" "Mozilla/5.0 (compatible; Googlebot/2.1; +http://www.google.com/bot.html)" "-"
31.184.130.52 - - [22/Jan/2019:04:09:40 +0330] "GET /product/34391 HTTP/1.1" 404 33635 "-" "Mozilla/5.0 (Windows NT 6.1; WOW64) AppleWebKit/537.36 (KHTML, like Gecko) Chrome/43.0.2357.124 Safari/537.36" "-"
91.99.72.15 - - [22/Jan/2019:04:09:41 +0330] "GET /product/12916/51647/%DA%AF%D8%B1%D8%AF%D9%86%D8%A8%D9%86%D8%AF-%D8%B2%D9%86%D8%A7%D9%86%D9%87-%D8%A7%D9%84%DB%8C%D9%88%D8%B1-%D9%88%D8%A8%D8%B1-%D9%85%D8%AF%D9%84-%DA%A9%D8%B1%DB%8C%D8%B3%D8%AA%D8%A7%D9%84-%D8%B7%D8%B1%D8%AD-%D8%B3%DB%8C%D9%85%D9%BE%D9%84-Simple-crystal HTTP/1.1" 200 42121 "-" "Mozilla/5.0 (Windows NT 6.1; WOW64) AppleWebKit/535.7(KHTML, like Gecko) Chrome/16.0.912.36 Safari/535.7" "-"
66.249.66.91 - - [22/Jan/2019:04:09:41 +0330] "GET /filter/b481%2Cb874%2Cb226%2Cb570%2Cb598%2Cstexists%2Cb880%2Cb270%2Cb883%2Cb99%2Cb261%2Cb249%2Cb20%2Cb701%2Cb42%2Cb548%2Cb183%2Cb88%2Cb308%2Cb103%2Cb1%2Cb126%2Cb523%2Cb900%2Cb192%2Cb188%2Cb703%2Cb890%2Cb148%2Cb256%2Cb651%2Cb41%2Cb647%2Cb22%2Cb613%2Cb6%2Cb221%2Cb36%2Cb614%2Cb3%2Cb216%2Cb218%2Cb136%2Cb573%2Cb151%2Cb185%2Cb32%2Cb441%2Cb143%2Cb648%2Cb203%2Cb877%2Cb209%2Cb231%2Cb485%2Cb147%2Cb484?page=6 HTTP/1.1" 200 41566 "-" "Mozilla/5.0 (compatible; Googlebot/2.1; +http://www.google.com/bot.html)" "-"
130.185.74.243 - - [22/Jan/2019:04:09:41 +0330] "GET /filter/stexists,p19,b103?page=1 HTTP/1.1" 200 30707 "-" "Mozilla/5.0 (Windows NT 6.1; rv:42.0) Gecko/20100101 Firefox/42.0" "-"
91.99.72.15 - - [22/Jan/2019:04:09:42 +0330] "GET /product/34041/64870/%D9%85%D8%A7%D8%B4%DB%8C%D9%86-%D9%84%D8%A8%D8%A7%D8%B3%D8%B4%D9%88%DB%8C%DB%8C-%D8%AF%D8%B1%D8%A8-%D8%A7%D8%B2-%D8%AC%D9%84%D9%88-%DA%A9%D9%86%D8%AF%DB%8C-%D9%85%D8%AF%D9%84-CSV-1289DC3-K-IRAN HTTP/1.1" 200 43823 "-" "Mozilla/5.0 (Windows NT 6.2; Win64; x64; rv:16.0)Gecko/16.0 Firefox/16.0" "-"
54.36.148.253 - - [22/Jan/2019:04:09:42 +0330] "GET /product/31118/%DA%A9%D9%88%D9%84%D8%B1-%DA%AF%D8%A7%D8%B2%DB%8C-%D8%A7%DB%8C%D8%B3%D8%AA%D8%A7%D8%AF%D9%87-%D9%85%DB%8C%D8%AF%DB%8C%D8%A7-%D9%85%D8%AF%D9%84-Midea-Air-Conditioner-Everest-36H3 HTTP/1.1" 200 42562 "-" "Mozilla/5.0 (compatible; AhrefsBot/6.1; +http://ahrefs.com/robot/)" "-"
5.116.202.186 - - [22/Jan/2019:04:09:42 +0330] "GET /image/11947?name=11947-1-fw.jpg&wh=200x200 HTTP/1.1" 200 4167 "-" "Dalvik/2.1.0 (Linux; U; Android 5.1.1; SM-J200H Build/LMY48B)" "-"
130.185.74.243 - - [22/Jan/2019:04:09:43 +0330] "GET /filter/stexists,p68,b103 HTTP/1.1" 200 32257 "-" "Mozilla/5.0 (Windows NT 6.1; rv:42.0) Gecko/20100101 Firefox/42.0" "-"
5.210.25.26 - - [22/Jan/2019:04:09:43 +0330] "GET /image/11947?name=11947-1-fw.jpg&wh=200x200 HTTP/1.1" 200 4167 "-" "Dalvik/1.6.0 (Linux; U; Android 4.4.2; Che2-L11 Build/HonorChe2-L11)" "-"
66.249.66.91 - - [22/Jan/2019:04:09:43 +0330] "GET /filter/b481%2Cb874%2Cb226%2Cb570%2Cb598%2Cstexists%2Cb880%2Cb270%2Cb883%2Cb99%2Cb261%2Cb249%2Cb20%2Cb701%2Cb42%2Cb879%2Cb548%2Cb183%2Cb88%2Cb308%2Cb103%2Cb1%2Cb126%2Cb523%2Cb900%2Cb192%2Cb188%2Cb703%2Cb890%2Cb148%2Cb256%2Cb454%2Cb651%2Cb41%2Cb647%2Cb22%2Cb613%2Cb6%2Cb221%2Cb36%2Cb614%2Cb3%2Cb216%2Cb218%2Cb136%2Cb573%2Cb151%2Cb185%2Cb32%2Cb441%2Cb143%2Cb648%2Cb203%2Cb877%2Cb231%2Cb485%2Cb147?page=2 HTTP/1.1" 200 41435 "-" "Mozilla/5.0 (compatible; Googlebot/2.1; +http://www.google.com/bot.html)" "-"
5.115.47.37 - - [22/Jan/2019:04:09:44 +0330] "GET /image/28117?name=model-b5002u.jpg&wh=200x200 HTTP/1.1" 200 3176 "-" "Dalvik/2.1.0 (Linux; U; Android 7.0; Redmi Note 4 MIUI/V10.1.1.0.NCFMIFI)" "-"
130.185.74.243 - - [22/Jan/2019:04:09:44 +0330] "GET /filter/stexists,p68,b103?page=1 HTTP/1.1" 200 30595 "-" "Mozilla/5.0 (Windows NT 6.1; rv:42.0) Gecko/20100101 Firefox/42.0" "-"
91.99.72.15 - - [22/Jan/2019:04:09:44 +0330] "GET /product/6375 HTTP/1.1" 200 40788 "-" "Mozilla/5.0 (Windows NT 6.1; WOW64) AppleWebKit/535.7(KHTML, like Gecko) Chrome/16.0.912.36 Safari/535.7" "-"
31.184.130.52 - - [22/Jan/2019:04:09:44 +0330] "GET /product/34392 HTTP/1.1" 200 40711 "-" "Mozilla/5.0 (Windows NT 6.1; WOW64) AppleWebKit/537.36 (KHTML, like Gecko) Chrome/43.0.2357.124 Safari/537.36" "-"
5.211.97.39 - - [22/Jan/2019:04:09:44 +0330] "GET /image/1/productType/240x180 HTTP/1.1" 200 16901 "https://www.zanbil.ir/m" "Mozilla/5.0 (iPhone; CPU iPhone OS 10_3_2 like Mac OS X) AppleWebKit/603.2.4 (KHTML, like Gecko) Version/10.0 Mobile/14F89 Safari/602.1" "-"
5.211.97.39 - - [22/Jan/2019:04:09:44 +0330] "GET /image/38/productType/240x180 HTTP/1.1" 200 7963 "https://www.zanbil.ir/m" "Mozilla/5.0 (iPhone; CPU iPhone OS 10_3_2 like Mac OS X) AppleWebKit/603.2.4 (KHTML, like Gecko) Version/10.0 Mobile/14F89 Safari/602.1" "-"
5.211.97.39 - - [22/Jan/2019:04:09:44 +0330] "GET /image/5506/productType/240x180 HTTP/1.1" 200 16837 "https://www.zanbil.ir/m" "Mozilla/5.0 (iPhone; CPU iPhone OS 10_3_2 like Mac OS X) AppleWebKit/603.2.4 (KHTML, like Gecko) Version/10.0 Mobile/14F89 Safari/602.1" "-"
5.211.97.39 - - [22/Jan/2019:04:09:44 +0330] "GET /image/51/productType/240x180 HTTP/1.1" 200 17251 "https://www.zanbil.ir/m" "Mozilla/5.0 (iPhone; CPU iPhone OS 10_3_2 like Mac OS X) AppleWebKit/603.2.4 (KHTML, like Gecko) Version/10.0 Mobile/14F89 Safari/602.1" "-"
5.211.97.39 - - [22/Jan/2019:04:09:44 +0330] "GET /image/5935/productType/240x180 HTTP/1.1" 200 17326 "https://www.zanbil.ir/m" "Mozilla/5.0 (iPhone; CPU iPhone OS 10_3_2 like Mac OS X) AppleWebKit/603.2.4 (KHTML, like Gecko) Version/10.0 Mobile/14F89 Safari/602.1" "-"
5.211.97.39 - - [22/Jan/2019:04:09:44 +0330] "GET /image/11640/productType/240x180 HTTP/1.1" 200 17339 "https://www.zanbil.ir/m" "Mozilla/5.0 (iPhone; CPU iPhone OS 10_3_2 like Mac OS X) AppleWebKit/603.2.4 (KHTML, like Gecko) Version/10.0 Mobile/14F89 Safari/602.1" "-"
5.211.97.39 - - [22/Jan/2019:04:09:44 +0330] "GET /image/6213/productType/240x180 HTTP/1.1" 200 17786 "https://www.zanbil.ir/m" "Mozilla/5.0 (iPhone; CPU iPhone OS 10_3_2 like Mac OS X) AppleWebKit/603.2.4 (KHTML, like Gecko) Version/10.0 Mobile/14F89 Safari/602.1" "-"
91.99.72.15 - - [22/Jan/2019:04:09:44 +0330] "GET /product/32571/62987/%D8%B3%D8%B4%D9%88%D8%A7%D8%B1-%D9%BE%D8%A7%D9%86%D8%A7%D8%B3%D9%88%D9%86%DB%8C%DA%A9-%D9%85%D8%AF%D9%84-EH-ND30 HTTP/1.1" 200 42065 "-" "Mozilla/5.0 (Macintosh; Intel Mac OS X 10_7_3) AppleWebKit/534.55.3 (KHTML, like Gecko) Version/5.1.3 Safari/534.53.10" "-"
5.211.97.39 - - [22/Jan/2019:04:09:44 +0330] "GET /image/11671/productType/240x180 HTTP/1.1" 200 17046 "https://www.zanbil.ir/m" "Mozilla/5.0 (iPhone; CPU iPhone OS 10_3_2 like Mac OS X) AppleWebKit/603.2.4 (KHTML, like Gecko) Version/10.0 Mobile/14F89 Safari/602.1" "-"
5.211.97.39 - - [22/Jan/2019:04:09:44 +0330] "GET /image/11893/productType/240x180 HTTP/1.1" 200 11916 "https://www.zanbil.ir/m" "Mozilla/5.0 (iPhone; CPU iPhone OS 10_3_2 like Mac OS X) AppleWebKit/603.2.4 (KHTML, like Gecko) Version/10.0 Mobile/14F89 Safari/602.1" "-"
5.211.97.39 - - [22/Jan/2019:04:09:44 +0330] "GET /image/33536/productType/240x180 HTTP/1.1" 200 22177 "https://www.zanbil.ir/m" "Mozilla/5.0 (iPhone; CPU iPhone OS 10_3_2 like Mac OS X) AppleWebKit/603.2.4 (KHTML, like Gecko) Version/10.0 Mobile/14F89 Safari/602.1" "-"
5.211.97.39 - - [22/Jan/2019:04:09:45 +0330] "GET /image/8727/specialSale?role=mobile HTTP/1.1" 200 16076 "https://www.zanbil.ir/m" "Mozilla/5.0 (iPhone; CPU iPhone OS 10_3_2 like Mac OS X) AppleWebKit/603.2.4 (KHTML, like Gecko) Version/10.0 Mobile/14F89 Safari/602.1" "-"
5.211.97.39 - - [22/Jan/2019:04:09:45 +0330] "GET /image/8712/specialSale?role=mobile HTTP/1.1" 200 16330 "https://www.zanbil.ir/m" "Mozilla/5.0 (iPhone; CPU iPhone OS 10_3_2 like Mac OS X) AppleWebKit/603.2.4 (KHTML, like Gecko) Version/10.0 Mobile/14F89 Safari/602.1" "-"
5.211.97.39 - - [22/Jan/2019:04:09:45 +0330] "GET /image/8739/specialSale?role=mobile HTTP/1.1" 200 15350 "https://www.zanbil.ir/m" "Mozilla/5.0 (iPhone; CPU iPhone OS 10_3_2 like Mac OS X) AppleWebKit/603.2.4 (KHTML, like Gecko) Version/10.0 Mobile/14F89 Safari/602.1" "-"
5.211.97.39 - - [22/Jan/2019:04:09:45 +0330] "GET /image/1210/mainSlideMobile HTTP/1.1" 200 66326 "https://www.zanbil.ir/m" "Mozilla/5.0 (iPhone; CPU iPhone OS 10_3_2 like Mac OS X) AppleWebKit/603.2.4 (KHTML, like Gecko) Version/10.0 Mobile/14F89 Safari/602.1" "-"
5.211.97.39 - - [22/Jan/2019:04:09:45 +0330] "GET /image/1215/mainSlideMobile HTTP/1.1" 200 69159 "https://www.zanbil.ir/m" "Mozilla/5.0 (iPhone; CPU iPhone OS 10_3_2 like Mac OS X) AppleWebKit/603.2.4 (KHTML, like Gecko) Version/10.0 Mobile/14F89 Safari/602.1" "-"
130.185.74.243 - - [22/Jan/2019:04:09:45 +0330] "GET /filter/stexists,p8889,b103 HTTP/1.1" 200 31077 "-" "Mozilla/5.0 (Windows NT 6.1; rv:42.0) Gecko/20100101 Firefox/42.0" "-"
54.36.148.79 - - [22/Jan/2019:04:09:45 +0330] "GET /filter/b148%2Cp2597%2Cstexists%2Ct421%2Ct422 HTTP/1.1" 200 33608 "-" "Mozilla/5.0 (compatible; AhrefsBot/6.1; +http://ahrefs.com/robot/)" "-"
164.215.218.89 - - [22/Jan/2019:04:09:46 +0330] "GET /image/31182?name=rl73-222.jpg&wh=200x200 HTTP/1.1" 200 3036 "-" "Dalvik/1.6.0 (Linux; U; Android 4.4.2; HTC Desire 820G PLUS dual sim Build/KOT49H)" "-"
130.185.74.243 - - [22/Jan/2019:04:09:46 +0330] "GET /filter/stexists,p8889,b103?page=1 HTTP/1.1" 200 29798 "-" "Mozilla/5.0 (Windows NT 6.1; rv:42.0) Gecko/20100101 Firefox/42.0" "-"
164.215.218.89 - - [22/Jan/2019:04:09:46 +0330] "GET /image/31304?name=730.jpg&wh=200x200 HTTP/1.1" 200 3006 "-" "Dalvik/1.6.0 (Linux; U; Android 4.4.2; HTC Desire 820G PLUS dual sim Build/KOT49H)" "-"
207.46.13.136 - - [22/Jan/2019:04:09:46 +0330] "GET /filter/b1,b103,b105,b109,b111,b113,b135,b144,b176,b186,b221,b261,b291,b35,b481,b52,b523,b598,b615,b734,b77,b83 HTTP/1.1" 200 39107 "-" "Mozilla/5.0 (compatible; bingbot/2.0; +http://www.bing.com/bingbot.htm)" "-"
66.249.66.91 - - [22/Jan/2019:04:09:47 +0330] "GET /filter/b481%2Cb874%2Cb226%2Cb570%2Cb598%2Cstexists%2Cb880%2Cb270%2Cb883%2Cb99%2Cb261%2Cb249%2Cb20%2Cb701%2Cb42%2Cb548%2Cb183%2Cb88%2Cb308%2Cb103%2Cb1%2Cb126%2Cb523%2Cb900%2Cb192%2Cb188%2Cb703%2Cb890%2Cb148%2Cb256%2Cb651%2Cb41%2Cb647%2Cb22%2Cb613%2Cb6%2Cb221%2Cb36%2Cb614%2Cb3%2Cb216%2Cb218%2Cb136%2Cb573%2Cb151%2Cb185%2Cb32%2Cb441%2Cb143%2Cb648%2Cb203%2Cb877%2Cb209%2Cb231%2Cb485%2Cb147%2Cb484?page=9 HTTP/1.1" 200 41668 "-" "Mozilla/5.0 (compatible; Googlebot/2.1; +http://www.google.com/bot.html)" "-"
66.249.66.194 - - [22/Jan/2019:04:09:47 +0330] "GET /filter/p44%2Cb141%2Cb256%2Cv1%7C%D8%B2%DB%8C%D8%AA%D9%88%D9%86%DB%8C?o=v1 HTTP/1.1" 302 0 "-" "Mozilla/5.0 (compatible; Googlebot/2.1; +http://www.google.com/bot.html)" "-"
31.184.130.52 - - [22/Jan/2019:04:09:47 +0330] "GET /product/34393 HTTP/1.1" 200 40690 "-" "Mozilla/5.0 (Windows NT 6.1; WOW64) AppleWebKit/537.36 (KHTML, like Gecko) Chrome/43.0.2357.124 Safari/537.36" "-"
130.185.74.243 - - [22/Jan/2019:04:09:47 +0330] "GET /filter/stexists,p29,b103 HTTP/1.1" 200 32018 "-" "Mozilla/5.0 (Windows NT 6.1; rv:42.0) Gecko/20100101 Firefox/42.0" "-"
54.36.148.37 - - [22/Jan/2019:04:09:48 +0330] "GET /product/31183 HTTP/1.1" 200 43377 "-" "Mozilla/5.0 (compatible; AhrefsBot/6.1; +http://ahrefs.com/robot/)" "-"
66.249.66.194 - - [22/Jan/2019:04:09:49 +0330] "GET /filter/p44%2Cb141%2Cb256%2Cv1%7C%D8%B2%DB%8C%D8%AA%D9%88%D9%86%DB%8C HTTP/1.1" 200 32463 "-" "Mozilla/5.0 (compatible; Googlebot/2.1; +http://www.google.com/bot.html)" "-"
130.185.74.243 - - [22/Jan/2019:04:09:49 +0330] "GET /filter/stexists,p29,b103?page=1 HTTP/1.1" 200 30494 "-" "Mozilla/5.0 (Windows NT 6.1; rv:42.0) Gecko/20100101 Firefox/42.0" "-"
207.46.13.136 - - [22/Jan/2019:04:09:50 +0330] "GET /filter/b1,b146,b299,b36,p6446 HTTP/1.1" 200 35317 "-" "Mozilla/5.0 (compatible; bingbot/2.0; +http://www.bing.com/bingbot.htm)" "-"
31.184.130.52 - - [22/Jan/2019:04:09:50 +0330] "GET /product/34394 HTTP/1.1" 200 40746 "-" "Mozilla/5.0 (Windows NT 6.1; WOW64) AppleWebKit/537.36 (KHTML, like Gecko) Chrome/43.0.2357.124 Safari/537.36" "-"
54.36.148.162 - - [22/Jan/2019:04:09:50 +0330] "GET /filter/p10%2Cv1%7C%D8%A7%D8%B3%D8%AA%DB%8C%D9%84%20%D9%85%D8%B4%DA%A9%DB%8C%2Cv1%7C%20%20%20%20%D8%B3%D9%81%DB%8C%D8%AF HTTP/1.1" 200 33498 "-" "Mozilla/5.0 (compatible; AhrefsBot/6.1; +http://ahrefs.com/robot/)" "-"
54.36.148.133 - - [22/Jan/2019:04:09:51 +0330] "GET /filter/4700|LCD,4706|%D8%AF%D8%A7%D8%B1%D8%AF,p72,stnot-exists HTTP/1.1" 200 32346 "-" "Mozilla/5.0 (compatible; AhrefsBot/6.1; +http://ahrefs.com/robot/)" "-"
54.36.148.25 - - [22/Jan/2019:04:09:52 +0330] "GET /filter/p11673%2Cv1%7C%DA%A9%D8%B1%D9%85%2Cv1%7C%DA%A9%D9%87%D8%B1%D8%A8%D8%A7%DB%8C%DB%8C?o=v1 HTTP/1.1" 302 0 "-" "Mozilla/5.0 (compatible; AhrefsBot/6.1; +http://ahrefs.com/robot/)" "-"
54.36.148.160 - - [22/Jan/2019:04:09:52 +0330] "GET /filter/p62%2Cv1%7CTitanium%20Gray%2Cv1%7Cbrown HTTP/1.1" 200 33885 "-" "Mozilla/5.0 (compatible; AhrefsBot/6.1; +http://ahrefs.com/robot/)" "-"
31.184.130.52 - - [22/Jan/2019:04:09:53 +0330] "GET /product/34395 HTTP/1.1" 404 33628 "-" "Mozilla/5.0 (Windows NT 6.1; WOW64) AppleWebKit/537.36 (KHTML, like Gecko) Chrome/43.0.2357.124 Safari/537.36" "-"
207.46.13.136 - - [22/Jan/2019:04:09:53 +0330] "GET /filter/b1,b103,b105,b109,b111,b113,b135,b144,b176,b186,b221,b261,b291,b454,b52,b568,b573,b598,b656,b77,b83,b874 HTTP/1.1" 200 39198 "-" "Mozilla/5.0 (compatible; bingbot/2.0; +http://www.bing.com/bingbot.htm)" "-"
66.249.66.91 - - [22/Jan/2019:04:09:53 +0330] "GET /filter/b656%2Cb703%2Cb32%2Cb67%2Cb226%2Cb41%2Cb598%2Cb168%2Cb723%2Cb597%2Cb88%2Cb548%2Cb6%2Cb679%2Cb215%2Cb105%2Cb194%2Cb74%2Cb542%2Cb35%2Cb113%2Cb820%2Cb574%2Cb442%2Cb880%2Cb645%2Cb724%2Cb118%2Cb482%2Cb400%2Cb95%2Cb135%2Cb249%2Cb435%2Cb221%2Cb523%2Cb854%2Cb126%2Cstexists%2Cb216%2Cb217%2Cb152%2Cb99%2Cb192%2Cb213%2Cb136%2Cb218%2Cb648%2Cb454%2Cb258%2Cb151%2Cb256?page=5 HTTP/1.1" 200 41316 "-" "Mozilla/5.0 (compatible; Googlebot/2.1; +http://www.google.com/bot.html)" "-"
66.249.66.91 - - [22/Jan/2019:04:09:54 +0330] "GET /filter/b656%2Cb703%2Cb32%2Cb67%2Cb226%2Cb41%2Cb598%2Cb168%2Cb723%2Cb597%2Cb88%2Cb548%2Cb6%2Cb679%2Cb215%2Cb105%2Cb194%2Cb74%2Cb542%2Cb35%2Cb113%2Cb820%2Cb574%2Cb442%2Cb880%2Cb645%2Cb724%2Cb118%2Cb482%2Cb400%2Cb95%2Cb135%2Cb249%2Cb435%2Cb221%2Cb523%2Cb854%2Cb126%2Cstexists%2Cb216%2Cb217%2Cb152%2Cb99%2Cb192%2Cb213%2Cb136%2Cb218%2Cb648%2Cb454%2Cb258%2Cb151%2Cb22?page=5 HTTP/1.1" 200 41053 "-" "Mozilla/5.0 (compatible; Googlebot/2.1; +http://www.google.com/bot.html)" "-"
66.249.66.194 - - [22/Jan/2019:04:09:54 +0330] "GET /filter/p5%2Cb36%2Cb8%2Cb136%2Ct29 HTTP/1.1" 200 34639 "-" "Mozilla/5.0 (compatible; Googlebot/2.1; +http://www.google.com/bot.html)" "-"
31.184.130.52 - - [22/Jan/2019:04:09:55 +0330] "GET /product/34396 HTTP/1.1" 404 33635 "-" "Mozilla/5.0 (Windows NT 6.1; WOW64) AppleWebKit/537.36 (KHTML, like Gecko) Chrome/43.0.2357.124 Safari/537.36" "-"
130.185.74.243 - - [22/Jan/2019:04:09:55 +0330] "GET /filter/stexists,p28,b36 HTTP/1.1" 200 32713 "-" "Mozilla/5.0 (Windows NT 6.1; rv:42.0) Gecko/20100101 Firefox/42.0" "-"
66.249.66.91 - - [22/Jan/2019:04:09:55 +0330] "GET /image/34366?name=oz-1282w-1.jpg&wh=200x200 HTTP/1.1" 200 6703 "-" "Googlebot-Image/1.0" "-"
66.249.66.91 - - [22/Jan/2019:04:09:56 +0330] "GET /image/15518?name=1079-600.jpg&wh=200x200 HTTP/1.1" 200 6385 "-" "Googlebot-Image/1.0" "-"
66.249.66.91 - - [22/Jan/2019:04:09:56 +0330] "GET /image/28204?name=model-b2027u-nilofari.jpg&wh=200x200 HTTP/1.1" 200 3799 "-" "Googlebot-Image/1.0" "-"
130.185.74.243 - - [22/Jan/2019:04:09:56 +0330] "GET /filter/stexists,p28,b36?page=1 HTTP/1.1" 200 31073 "-" "Mozilla/5.0 (Windows NT 6.1; rv:42.0) Gecko/20100101 Firefox/42.0" "-"
66.249.66.194 - - [22/Jan/2019:04:09:57 +0330] "GET /product/23070 HTTP/1.1" 302 0 "-" "Mozilla/5.0 (Linux; Android 6.0.1; Nexus 5X Build/MMB29P) AppleWebKit/537.36 (KHTML, like Gecko) Chrome/41.0.2272.96 Mobile Safari/537.36 (compatible; Googlebot/2.1; +http://www.google.com/bot.html)" "-"
31.184.130.52 - - [22/Jan/2019:04:09:57 +0330] "GET /product/34397 HTTP/1.1" 404 33628 "-" "Mozilla/5.0 (Windows NT 6.1; WOW64) AppleWebKit/537.36 (KHTML, like Gecko) Chrome/43.0.2357.124 Safari/537.36" "-"
130.185.74.243 - - [22/Jan/2019:04:09:57 +0330] "GET /filter/stexists,p19,b36 HTTP/1.1" 200 30680 "-" "Mozilla/5.0 (Windows NT 6.1; rv:42.0) Gecko/20100101 Firefox/42.0" "-"
66.249.66.194 - - [22/Jan/2019:04:09:58 +0330] "GET /filter/b168 HTTP/1.1" 200 36390 "-" "Mozilla/5.0 (compatible; Googlebot/2.1; +http://www.google.com/bot.html)" "-"
207.46.13.136 - - [22/Jan/2019:04:09:58 +0330] "GET /filter/b1%2Cb103%2Cb105%2Cb109%2Cb111%2Cb126%2Cb132%2Cb148%2Cb203%2Cb46%2Cb732%2Cb820%2Cb854 HTTP/1.1" 200 38619 "-" "Mozilla/5.0 (compatible; bingbot/2.0; +http://www.bing.com/bingbot.htm)" "-"
66.249.66.91 - - [22/Jan/2019:04:09:58 +0330] "GET /filter/b36%2Cb41%2Cb598%2Cb168%2Cb103%2Cb614%2Cb88%2Cb19%2Cb194%2Cb35%2Cb321%2Cb5%2Cb261%2Cb442%2Cb484%2Cb723%2Cb573%2Cb192%2Cb724%2Cb435%2Cb183%2Cb542%2Cb135%2Cb63%2Cb497%2Cb619%2Cb613%2Cb126%2Cb74%2Cb441%2Cb568%2Cb880%2Cb647%2Cb185%2Cb584%2Cb224%2Cb213%2Cb3%2Cb570%2Cb198%2Cb238%2Cb485%2Cb574%2Cb186%2Cb548%2Cstexists%2Cb215%2Cb904%2Cb615%2Cb603%2Cb203%2Cb43%2Cb152%2Cb95%2Cb147%2Cb143%2Cb656%2Cb2%2Cb308%2Cb80%2Cb22%2Cb883%2Cb523%2Cb903?page=0 HTTP/1.1" 200 41796 "-" "Mozilla/5.0 (compatible; Googlebot/2.1; +http://www.google.com/bot.html)" "-"
130.185.74.243 - - [22/Jan/2019:04:09:58 +0330] "GET /filter/stexists,p19,b36?page=1 HTTP/1.1" 200 30696 "-" "Mozilla/5.0 (Windows NT 6.1; rv:42.0) Gecko/20100101 Firefox/42.0" "-"
66.249.66.91 - - [22/Jan/2019:04:09:59 +0330] "GET /filter/b481%2Cb226%2Cb570%2Cb80%2Cb270%2Cb903%2Cb883%2Cb99%2Cb152%2Cb249%2Cb20%2Cb701%2Cb723%2Cb42%2Cb198%2Cb35%2Cb183%2Cb219%2Cb308%2Cb126%2Cb900%2Cb188%2Cb890%2Cb236%2Cb256%2Cb74%2Cb400%2Cb209%2Cb454%2Cb651%2Cb202%2Cb4%2Cb22%2Cb238%2Cb6%2Cb596%2Cb143%2Cb877%2Cb485%2Cb221%2Cb194%2Cb136%2Cb647%2Cb497%2Cb546%2Cb105%2Cb185%2Cb95%2Cb568%2Cb43%2Cb597%2Cb820%2Cb613%2Cb880%2Cb861%2Cb135%2Cb186%2Cb778%2Cb482%2Cb118%2Cb484%2Cb879%2Cb67%2Cp5506%2Cb214%2Cb299?page=12 HTTP/1.1" 200 41731 "-" "Mozilla/5.0 (compatible; Googlebot/2.1; +http://www.google.com/bot.html)" "-"
31.184.130.52 - - [22/Jan/2019:04:09:59 +0330] "GET /product/34398 HTTP/1.1" 404 33628 "-" "Mozilla/5.0 (Windows NT 6.1; WOW64) AppleWebKit/537.36 (KHTML, like Gecko) Chrome/43.0.2357.124 Safari/537.36" "-"
130.185.74.243 - - [22/Jan/2019:04:09:59 +0330] "GET /filter/stexists,p68,b36 HTTP/1.1" 200 30574 "-" "Mozilla/5.0 (Windows NT 6.1; rv:42.0) Gecko/20100101 Firefox/42.0" "-"
