66.249.66.91 - - [22/Jan/2019:04:09:59 +0330] "GET /filter/b656%2Cb703%2Cb32%2Cb67%2Cb226%2Cb41%2Cb598%2Cb168%2Cb723%2Cb597%2Cb88%2Cb548%2Cb6%2Cb679%2Cb215%2Cb105%2Cb194%2Cb74%2Cb542%2Cb35%2Cb113%2Cb820%2Cb574%2Cb442%2Cb880%2Cb645%2Cb724%2Cb118%2Cb482%2Cb400%2Cb95%2Cb135%2Cb249%2Cb435%2Cb221%2Cb523%2Cb854%2Cb126%2Cstexists%2Cb216%2Cb217%2Cb152%2Cb99%2Cb192%2Cb213%2Cb136%2Cb218%2Cb648%2Cb454%2Cb258%2Cb151%2Cb878?page=5 HTTP/1.1" 200 41407 "-" "Mozilla/5.0 (compatible; Googlebot/2.1; +http://www.google.com/bot.html)" "-"
204.18.114.42 - - [22/Jan/2019:04:10:00 +0330] "GET /image/27688?name=kdn46vl204-11.jpg&wh=200x200 HTTP/1.1" 200 2915 "https://torob.com/search/?query=%D8%A8%D9%88%D8%B4&page=17" "Mozilla/5.0 (Linux; Android 8.0.0; SM-N950F) AppleWebKit/537.36 (KHTML, like Gecko) Chrome/71.0.3578.99 Mobile Safari/537.36" "-"
130.185.74.243 - - [22/Jan/2019:04:10:01 +0330] "GET /filter/stexists,p68,b36?page=1 HTTP/1.1" 200 30589 "-" "Mozilla/5.0 (Windows NT 6.1; rv:42.0) Gecko/20100101 Firefox/42.0" "-"
31.184.130.52 - - [22/Jan/2019:04:10:01 +0330] "GET /product/34399 HTTP/1.1" 404 33628 "-" "Mozilla/5.0 (Windows NT 6.1; WOW64) AppleWebKit/537.36 (KHTML, like Gecko) Chrome/43.0.2357.124 Safari/537.36" "-"
130.185.74.243 - - [22/Jan/2019:04:10:02 +0330] "GET /filter/stexists,p29,b36 HTTP/1.1" 200 32225 "-" "Mozilla/5.0 (Windows NT 6.1; rv:42.0) Gecko/20100101 Firefox/42.0" "-"
5.211.97.39 - - [22/Jan/2019:04:10:02 +0330] "GET /image/11899/productType/240x180 HTTP/1.1" 200 11389 "https://www.zanbil.ir/m/browse/furniture/%D9%85%D8%A8%D9%84%D9%85%D8%A7%D9%86" "Mozilla/5.0 (iPhone; CPU iPhone OS 10_3_2 like Mac OS X) AppleWebKit/603.2.4 (KHTML, like Gecko) Version/10.0 Mobile/14F89 Safari/602.1" "-"
5.211.97.39 - - [22/Jan/2019:04:10:02 +0330] "GET /image/28998/productType/240x180 HTTP/1.1" 200 13582 "https://www.zanbil.ir/m/browse/furniture/%D9%85%D8%A8%D9%84%D9%85%D8%A7%D9%86" "Mozilla/5.0 (iPhone; CPU iPhone OS 10_3_2 like Mac OS X) AppleWebKit/603.2.4 (KHTML, like Gecko) Version/10.0 Mobile/14F89 Safari/602.1" "-"
66.249.66.194 - - [22/Jan/2019:04:10:02 +0330] "GET /filter/b8%2Cb20%2Cb43?o=b HTTP/1.1" 302 0 "-" "Mozilla/5.0 (compatible; Googlebot/2.1; +http://www.google.com/bot.html)" "-"
5.211.97.39 - - [22/Jan/2019:04:10:02 +0330] "GET /image/28994/productType/240x180 HTTP/1.1" 200 13296 "https://www.zanbil.ir/m/browse/furniture/%D9%85%D8%A8%D9%84%D9%85%D8%A7%D9%86" "Mozilla/5.0 (iPhone; CPU iPhone OS 10_3_2 like Mac OS X) AppleWebKit/603.2.4 (KHTML, like Gecko) Version/10.0 Mobile/14F89 Safari/602.1" "-"
5.211.97.39 - - [22/Jan/2019:04:10:02 +0330] "GET /image/28997/productType/240x180 HTTP/1.1" 200 14543 "https://www.zanbil.ir/m/browse/furniture/%D9%85%D8%A8%D9%84%D9%85%D8%A7%D9%86" "Mozilla/5.0 (iPhone; CPU iPhone OS 10_3_2 like Mac OS X) AppleWebKit/603.2.4 (KHTML, like Gecko) Version/10.0 Mobile/14F89 Safari/602.1" "-"
5.211.97.39 - - [22/Jan/2019:04:10:02 +0330] "GET /image/28993/productType/240x180 HTTP/1.1" 200 12726 "https://www.zanbil.ir/m/browse/furniture/%D9%85%D8%A8%D9%84%D9%85%D8%A7%D9%86" "Mozilla/5.0 (iPhone; CPU iPhone OS 10_3_2 like Mac OS X) AppleWebKit/603.2.4 (KHTML, like Gecko) Version/10.0 Mobile/14F89 Safari/602.1" "-"
5.211.97.39 - - [22/Jan/2019:04:10:02 +0330] "GET /image/28995/productType/240x180 HTTP/1.1" 200 12743 "https://www.zanbil.ir/m/browse/furniture/%D9%85%D8%A8%D9%84%D9%85%D8%A7%D9%86" "Mozilla/5.0 (iPhone; CPU iPhone OS 10_3_2 like Mac OS X) AppleWebKit/603.2.4 (KHTML, like Gecko) Version/10.0 Mobile/14F89 Safari/602.1" "-"
66.249.66.91 - - [22/Jan/2019:04:10:02 +0330] "GET /filter/b703%2Cb36%2Cb41%2Cb598%2Cb168%2Cb103%2Cb614%2Cb88%2Cb19%2Cb194%2Cb321%2Cb5%2Cb261%2Cb442%2Cb484%2Cb723%2Cb573%2Cb192%2Cb724%2Cb1%2Cb435%2Cb183%2Cb542%2Cb135%2Cb878%2Cb63%2Cb497%2Cb619%2Cb219%2Cb126%2Cb74%2Cb151%2Cb441%2Cb568%2Cb880%2Cb647%2Cb185%2Cb224%2Cb213%2Cb50%2Cb3%2Cb231%2Cb99%2Cb238%2Cb82%2Cb215%2Cb95%2Cb218?page=210 HTTP/1.1" 200 39385 "-" "Mozilla/5.0 (compatible; Googlebot/2.1; +http://www.google.com/bot.html)" "-"
5.211.97.39 - - [22/Jan/2019:04:10:02 +0330] "GET /image/8713/specialSale?role=mobile HTTP/1.1" 200 16301 "https://www.zanbil.ir/m/browse/furniture/%D9%85%D8%A8%D9%84%D9%85%D8%A7%D9%86" "Mozilla/5.0 (iPhone; CPU iPhone OS 10_3_2 like Mac OS X) AppleWebKit/603.2.4 (KHTML, like Gecko) Version/10.0 Mobile/14F89 Safari/602.1" "-"
5.211.97.39 - - [22/Jan/2019:04:10:02 +0330] "GET /image/8728/specialSale?role=mobile HTTP/1.1" 200 16098 "https://www.zanbil.ir/m/browse/furniture/%D9%85%D8%A8%D9%84%D9%85%D8%A7%D9%86" "Mozilla/5.0 (iPhone; CPU iPhone OS 10_3_2 like Mac OS X) AppleWebKit/603.2.4 (KHTML, like Gecko) Version/10.0 Mobile/14F89 Safari/602.1" "-"
5.211.97.39 - - [22/Jan/2019:04:10:03 +0330] "GET /image/8725/specialSale?role=mobile HTTP/1.1" 200 16076 "https://www.zanbil.ir/m/browse/furniture/%D9%85%D8%A8%D9%84%D9%85%D8%A7%D9%86" "Mozilla/5.0 (iPhone; CPU iPhone OS 10_3_2 like Mac OS X) AppleWebKit/603.2.4 (KHTML, like Gecko) Version/10.0 Mobile/14F89 Safari/602.1" "-"
5.211.97.39 - - [22/Jan/2019:04:10:03 +0330] "GET /image/883/mainSlideMobile HTTP/1.1" 200 60435 "https://www.zanbil.ir/m/browse/furniture/%D9%85%D8%A8%D9%84%D9%85%D8%A7%D9%86" "Mozilla/5.0 (iPhone; CPU iPhone OS 10_3_2 like Mac OS X) AppleWebKit/603.2.4 (KHTML, like Gecko) Version/10.0 Mobile/14F89 Safari/602.1" "-"
5.211.97.39 - - [22/Jan/2019:04:10:03 +0330] "GET /image/8716/specialSale?role=mobile HTTP/1.1" 200 16298 "https://www.zanbil.ir/m/browse/furniture/%D9%85%D8%A8%D9%84%D9%85%D8%A7%D9%86" "Mozilla/5.0 (iPhone; CPU iPhone OS 10_3_2 like Mac OS X) AppleWebKit/603.2.4 (KHTML, like Gecko) Version/10.0 Mobile/14F89 Safari/602.1" "-"
5.211.97.39 - - [22/Jan/2019:04:10:03 +0330] "GET /image/878/mainSlideMobile HTTP/1.1" 200 62412 "https://www.zanbil.ir/m/browse/furniture/%D9%85%D8%A8%D9%84%D9%85%D8%A7%D9%86" "Mozilla/5.0 (iPhone; CPU iPhone OS 10_3_2 like Mac OS X) AppleWebKit/603.2.4 (KHTML, like Gecko) Version/10.0 Mobile/14F89 Safari/602.1" "-"
130.185.74.243 - - [22/Jan/2019:04:10:03 +0330] "GET /filter/stexists,p29,b36?page=1 HTTP/1.1" 200 30478 "-" "Mozilla/5.0 (Windows NT 6.1; rv:42.0) Gecko/20100101 Firefox/42.0" "-"
31.184.130.52 - - [22/Jan/2019:04:10:03 +0330] "GET /product/34400 HTTP/1.1" 404 33635 "-" "Mozilla/5.0 (Windows NT 6.1; WOW64) AppleWebKit/537.36 (KHTML, like Gecko) Chrome/43.0.2357.124 Safari/537.36" "-"
54.36.148.248 - - [22/Jan/2019:04:10:04 +0330] "GET /filter/p7,stexists,ststop-production HTTP/1.1" 200 33437 "-" "Mozilla/5.0 (compatible; AhrefsBot/6.1; +http://ahrefs.com/robot/)" "-"
66.249.66.91 - - [22/Jan/2019:04:10:05 +0330] "GET /image/23313?name=5582ea.jpg&wh=200x200 HTTP/1.1" 200 3281 "-" "Googlebot-Image/1.0" "-"
66.249.66.194 - - [22/Jan/2019:04:10:05 +0330] "GET /filter/b8%2Cb20%2Cb43 HTTP/1.1" 200 37401 "-" "Mozilla/5.0 (compatible; Googlebot/2.1; +http://www.google.com/bot.html)" "-"
31.184.130.52 - - [22/Jan/2019:04:10:05 +0330] "GET /product/34401 HTTP/1.1" 404 32091 "-" "Mozilla/5.0 (Windows NT 6.1; WOW64) AppleWebKit/537.36 (KHTML, like Gecko) Chrome/43.0.2357.124 Safari/537.36" "-"
5.219.188.95 - - [22/Jan/2019:04:10:06 +0330] "GET /image/33980?name=560.jpg&wh=200x200 HTTP/1.1" 200 10371 "-" "Dalvik/1.6.0 (Linux; U; Android 4.4.2; SM-G7102 Build/KOT49H)" "-"
66.249.66.91 - - [22/Jan/2019:04:10:06 +0330] "GET /product/29877/59387/%D8%AA%D8%B4%DA%A9-%DB%8C%DA%A9-%D9%86%D9%81%D8%B1%D9%87-%D8%A8%D8%B1%D9%86-%D9%85%D8%AF%D9%84-%D8%A2%D9%86%D8%AA%DB%8C-%D8%A7%D8%B3%D8%AA%D8%B1%D8%B3-%D8%B3%D8%A7%DB%8C%D8%B2-90*200 HTTP/1.1" 200 42070 "-" "Mozilla/5.0 (compatible; Googlebot/2.1; +http://www.google.com/bot.html)" "-"
66.249.66.194 - - [22/Jan/2019:04:10:07 +0330] "GET /filter/p31385%2C6166%7C17.3%20%D8%A7%DB%8C%D9%86%DA%86%2Cb19?o=b HTTP/1.1" 302 0 "-" "Mozilla/5.0 (compatible; Googlebot/2.1; +http://www.google.com/bot.html)" "-"
54.36.148.95 - - [22/Jan/2019:04:10:07 +0330] "GET /filter/p11673%2Cv1%7C%D8%A7%D9%84%D9%88%D8%A7%D9%86%2Cv1%7C%DA%A9%D8%B1%D9%85%20%D9%86%D8%A7%D8%B1%D9%86%D8%AC%DB%8C?o=v1 HTTP/1.1" 302 0 "-" "Mozilla/5.0 (compatible; AhrefsBot/6.1; +http://ahrefs.com/robot/)" "-"
130.185.74.243 - - [22/Jan/2019:04:10:08 +0330] "GET /filter/stexists,p28,b3 HTTP/1.1" 200 32384 "-" "Mozilla/5.0 (Windows NT 6.1; rv:42.0) Gecko/20100101 Firefox/42.0" "-"
31.184.130.52 - - [22/Jan/2019:04:10:08 +0330] "GET /product/34402 HTTP/1.1" 404 32090 "-" "Mozilla/5.0 (Windows NT 6.1; WOW64) AppleWebKit/537.36 (KHTML, like Gecko) Chrome/43.0.2357.124 Safari/537.36" "-"
130.185.74.243 - - [22/Jan/2019:04:10:08 +0330] "GET /filter/stexists,p28,b3?page=1 HTTP/1.1" 200 31083 "-" "Mozilla/5.0 (Windows NT 6.1; rv:42.0) Gecko/20100101 Firefox/42.0" "-"
66.249.66.91 - - [22/Jan/2019:04:10:09 +0330] "GET /filter/b703%2Cb36%2Cb41%2Cb598%2Cb168%2Cb103%2Cb614%2Cb88%2Cb19%2Cb194%2Cb321%2Cb5%2Cb261%2Cb442%2Cb484%2Cb723%2Cb573%2Cb192%2Cb724%2Cb1%2Cb435%2Cb183%2Cb542%2Cb135%2Cb878%2Cb63%2Cb497%2Cb619%2Cb219%2Cb74%2Cb151%2Cb441%2Cb568%2Cb880%2Cb647%2Cb185%2Cb584%2Cb224%2Cb213%2Cb50%2Cb3%2Cb231%2Cb99%2Cb238%2Cb82%2Cb215%2Cb95%2Cb218%2Cb249?page=20 HTTP/1.1" 200 41071 "-" "Mozilla/5.0 (compatible; Googlebot/2.1; +http://www.google.com/bot.html)" "-"
66.249.66.194 - - [22/Jan/2019:04:10:09 +0330] "GET /filter/p31385%2C6166%7C17.3%20%D8%A7%DB%8C%D9%86%DA%86%2Cb19 HTTP/1.1" 200 29742 "-" "Mozilla/5.0 (compatible; Googlebot/2.1; +http://www.google.com/bot.html)" "-"
5.211.97.39 - - [22/Jan/2019:04:10:10 +0330] "GET /image/28830/productType/240x180 HTTP/1.1" 200 22353 "https://www.zanbil.ir/m/browse/Home-Furniture/%D9%85%D8%A8%D9%84%D9%85%D8%A7%D9%86-%D8%AE%D8%A7%D9%86%DA%AF%DB%8C" "Mozilla/5.0 (iPhone; CPU iPhone OS 10_3_2 like Mac OS X) AppleWebKit/603.2.4 (KHTML, like Gecko) Version/10.0 Mobile/14F89 Safari/602.1" "-"
5.211.97.39 - - [22/Jan/2019:04:10:10 +0330] "GET /image/28996/productType/240x180 HTTP/1.1" 200 13795 "https://www.zanbil.ir/m/browse/Home-Furniture/%D9%85%D8%A8%D9%84%D9%85%D8%A7%D9%86-%D8%AE%D8%A7%D9%86%DA%AF%DB%8C" "Mozilla/5.0 (iPhone; CPU iPhone OS 10_3_2 like Mac OS X) AppleWebKit/603.2.4 (KHTML, like Gecko) Version/10.0 Mobile/14F89 Safari/602.1" "-"
5.211.97.39 - - [22/Jan/2019:04:10:10 +0330] "GET /image/28831/productType/240x180 HTTP/1.1" 200 22746 "https://www.zanbil.ir/m/browse/Home-Furniture/%D9%85%D8%A8%D9%84%D9%85%D8%A7%D9%86-%D8%AE%D8%A7%D9%86%DA%AF%DB%8C" "Mozilla/5.0 (iPhone; CPU iPhone OS 10_3_2 like Mac OS X) AppleWebKit/603.2.4 (KHTML, like Gecko) Version/10.0 Mobile/14F89 Safari/602.1" "-"
31.184.130.52 - - [22/Jan/2019:04:10:10 +0330] "GET /product/34403 HTTP/1.1" 404 33635 "-" "Mozilla/5.0 (Windows NT 6.1; WOW64) AppleWebKit/537.36 (KHTML, like Gecko) Chrome/43.0.2357.124 Safari/537.36" "-"
5.211.97.39 - - [22/Jan/2019:04:10:10 +0330] "GET /image/880/mainSlideMobile HTTP/1.1" 200 67463 "https://www.zanbil.ir/m/browse/Home-Furniture/%D9%85%D8%A8%D9%84%D9%85%D8%A7%D9%86-%D8%AE%D8%A7%D9%86%DA%AF%DB%8C" "Mozilla/5.0 (iPhone; CPU iPhone OS 10_3_2 like Mac OS X) AppleWebKit/603.2.4 (KHTML, like Gecko) Version/10.0 Mobile/14F89 Safari/602.1" "-"
130.185.74.243 - - [22/Jan/2019:04:10:10 +0330] "GET /filter/stexists,p19,b3 HTTP/1.1" 200 31133 "-" "Mozilla/5.0 (Windows NT 6.1; rv:42.0) Gecko/20100101 Firefox/42.0" "-"
66.249.66.91 - - [22/Jan/2019:04:10:11 +0330] "GET /filter/b481%2Cb874%2Cb226%2Cb570%2Cb598%2Cstexists%2Cb880%2Cb270%2Cb883%2Cb99%2Cb261%2Cb249%2Cb20%2Cb701%2Cb42%2Cb879%2Cb548%2Cb183%2Cb88%2Cb308%2Cb103%2Cb1%2Cb126%2Cb523%2Cb900%2Cb192%2Cb188%2Cb703%2Cb890%2Cb148%2Cb256%2Cb651%2Cb41%2Cb647%2Cb22%2Cb613%2Cb6%2Cb221%2Cb36%2Cb614%2Cb3%2Cb216%2Cb218%2Cb136%2Cb573%2Cb151%2Cb185%2Cb32%2Cb441%2Cb143%2Cb648%2Cb203%2Cb877%2Cb209%2Cb231%2Cb485%2Cb147%2Cb878?page=11 HTTP/1.1" 200 40237 "-" "Mozilla/5.0 (compatible; Googlebot/2.1; +http://www.google.com/bot.html)" "-"
66.249.66.194 - - [22/Jan/2019:04:10:12 +0330] "GET /filter/p22060%2Cv379%7C65%20%D8%B3%D8%A7%D9%86%D8%AA%DB%8C%D9%85%D8%AA%D8%B1%2Cv1%7C%D9%86%D9%88%DA%A9%20%D9%85%D8%AF%D8%A7%D8%AF%DB%8C?o=v1 HTTP/1.1" 302 0 "-" "Mozilla/5.0 (compatible; Googlebot/2.1; +http://www.google.com/bot.html)" "-"
130.185.74.243 - - [22/Jan/2019:04:10:12 +0330] "GET /filter/stexists,p19,b3?page=1 HTTP/1.1" 200 30702 "-" "Mozilla/5.0 (Windows NT 6.1; rv:42.0) Gecko/20100101 Firefox/42.0" "-"
31.184.130.52 - - [22/Jan/2019:04:10:12 +0330] "GET /product/34404 HTTP/1.1" 404 33635 "-" "Mozilla/5.0 (Windows NT 6.1; WOW64) AppleWebKit/537.36 (KHTML, like Gecko) Chrome/43.0.2357.124 Safari/537.36" "-"
66.249.66.194 - - [22/Jan/2019:04:10:13 +0330] "GET /filter/p22060%2Cv379%7C65%20%D8%B3%D8%A7%D9%86%D8%AA%DB%8C%D9%85%D8%AA%D8%B1%2Cv1%7C%D9%86%D9%88%DA%A9%20%D9%85%D8%AF%D8%A7%D8%AF%DB%8C HTTP/1.1" 200 29437 "-" "Mozilla/5.0 (compatible; Googlebot/2.1; +http://www.google.com/bot.html)" "-"
17.58.102.43 - - [22/Jan/2019:04:10:13 +0330] "GET /filter/b211%2Cb502%2Cb460%2Cb487%2Cb384%2Cb58%2Cb340%2Cb281%2Cb369%2Cb466%2Cb414%2Cb517%2Cb271 HTTP/1.1" 200 37808 "-" "Mozilla/5.0 (Macintosh; Intel Mac OS X 10_10_1) AppleWebKit/600.2.5 (KHTML, like Gecko) Version/8.0.2 Safari/600.2.5 (Applebot/0.1; +http://www.apple.com/go/applebot)" "-"
66.249.66.91 - - [22/Jan/2019:04:10:13 +0330] "GET /filter/b703%2Cb36%2Cb41%2Cb598%2Cb168%2Cb103%2Cb614%2Cb88%2Cb19%2Cb194%2Cb321%2Cb5%2Cb261%2Cb442%2Cb484%2Cb723%2Cb573%2Cb192%2Cb724%2Cb1%2Cb435%2Cb183%2Cb542%2Cb135%2Cb878%2Cb63%2Cb497%2Cb619%2Cb219%2Cb126%2Cb74%2Cb441%2Cb568%2Cb880%2Cb647%2Cb185%2Cb584%2Cb224%2Cb213%2Cb50%2Cb3%2Cb231%2Cb99%2Cb238%2Cb82%2Cb215%2Cb95%2Cb218%2Cb778?page=212 HTTP/1.1" 200 39008 "-" "Mozilla/5.0 (compatible; Googlebot/2.1; +http://www.google.com/bot.html)" "-"
130.185.74.243 - - [22/Jan/2019:04:10:14 +0330] "GET /filter/stexists,p8946,b3 HTTP/1.1" 200 31362 "-" "Mozilla/5.0 (Windows NT 6.1; rv:42.0) Gecko/20100101 Firefox/42.0" "-"
31.184.130.52 - - [22/Jan/2019:04:10:14 +0330] "GET /product/34405 HTTP/1.1" 404 32283 "-" "Mozilla/5.0 (Windows NT 6.1; WOW64) AppleWebKit/537.36 (KHTML, like Gecko) Chrome/43.0.2357.124 Safari/537.36" "-"
130.185.74.243 - - [22/Jan/2019:04:10:15 +0330] "GET /filter/stexists,p8946,b3?page=1 HTTP/1.1" 200 29584 "-" "Mozilla/5.0 (Windows NT 6.1; rv:42.0) Gecko/20100101 Firefox/42.0" "-"
31.184.130.52 - - [22/Jan/2019:04:10:16 +0330] "GET /product/34406 HTTP/1.1" 404 32283 "-" "Mozilla/5.0 (Windows NT 6.1; WOW64) AppleWebKit/537.36 (KHTML, like Gecko) Chrome/43.0.2357.124 Safari/537.36" "-"
130.185.74.243 - - [22/Jan/2019:04:10:16 +0330] "GET /filter/stexists,p68,b3 HTTP/1.1" 200 31806 "-" "Mozilla/5.0 (Windows NT 6.1; rv:42.0) Gecko/20100101 Firefox/42.0" "-"
54.36.148.202 - - [22/Jan/2019:04:10:18 +0330] "GET /filter/b50,b534,b601,p6001 HTTP/1.1" 200 32567 "-" "Mozilla/5.0 (compatible; AhrefsBot/6.1; +http://ahrefs.com/robot/)" "-"
66.249.66.194 - - [22/Jan/2019:04:10:18 +0330] "GET /filter/p19%2Cb3%2C1095%7C1000%2Cstexists HTTP/1.1" 200 30842 "-" "Mozilla/5.0 (compatible; Googlebot/2.1; +http://www.google.com/bot.html)" "-"
31.184.130.52 - - [22/Jan/2019:04:10:18 +0330] "GET /product/34407 HTTP/1.1" 404 32283 "-" "Mozilla/5.0 (Windows NT 6.1; WOW64) AppleWebKit/537.36 (KHTML, like Gecko) Chrome/43.0.2357.124 Safari/537.36" "-"
130.185.74.243 - - [22/Jan/2019:04:10:18 +0330] "GET /filter/stexists,p68,b3?page=1 HTTP/1.1" 200 29401 "-" "Mozilla/5.0 (Windows NT 6.1; rv:42.0) Gecko/20100101 Firefox/42.0" "-"
66.249.66.91 - - [22/Jan/2019:04:10:20 +0330] "GET /filter/b656%2Cb703%2Cb32%2Cb67%2Cb226%2Cb41%2Cb598%2Cb168%2Cb723%2Cb597%2Cb88%2Cb548%2Cb6%2Cb679%2Cb215%2Cb105%2Cb194%2Cb74%2Cb542%2Cb35%2Cb113%2Cb820%2Cb574%2Cb442%2Cb880%2Cb645%2Cb724%2Cb118%2Cb482%2Cb400%2Cb95%2Cb135%2Cb249%2Cb435%2Cb221%2Cb523%2Cb854%2Cb126%2Cstexists%2Cb216%2Cb217%2Cb152%2Cb99%2Cb192%2Cb213%2Cb136%2Cb218%2Cb648%2Cb454%2Cb258%2Cb151%2Cb22?page=9 HTTP/1.1" 200 40340 "-" "Mozilla/5.0 (compatible; Googlebot/2.1; +http://www.google.com/bot.html)" "-"
130.185.74.243 - - [22/Jan/2019:04:10:20 +0330] "GET /filter/stexists,p8889,b3 HTTP/1.1" 200 28633 "-" "Mozilla/5.0 (Windows NT 6.1; rv:42.0) Gecko/20100101 Firefox/42.0" "-"
31.184.130.52 - - [22/Jan/2019:04:10:21 +0330] "GET /product/34408 HTTP/1.1" 404 32294 "-" "Mozilla/5.0 (Windows NT 6.1; WOW64) AppleWebKit/537.36 (KHTML, like Gecko) Chrome/43.0.2357.124 Safari/537.36" "-"
54.36.149.10 - - [22/Jan/2019:04:10:21 +0330] "GET /filter/p5714%2Cv1%7C%D8%AE%D8%A7%DA%A9%D8%B3%D8%AA%D8%B1%DB%8C%20%D9%85%D8%AA%D8%A7%D9%84%DB%8C%DA%A9%2Cb249 HTTP/1.1" 200 30411 "-" "Mozilla/5.0 (compatible; AhrefsBot/6.1; +http://ahrefs.com/robot/)" "-"
86.55.121.253 - - [22/Jan/2019:04:10:21 +0330] "GET /image/33888?name=model-b2048u-1-.jpg&wh=200x200 HTTP/1.1" 200 3975 "-" "Dalvik/2.1.0 (Linux; U; Android 8.1.0; TA-1021 Build/OPR1.170623.026)" "-"
66.249.66.91 - - [22/Jan/2019:04:10:21 +0330] "GET /filter/b481%2Cb874%2Cb32%2Cb67%2Cb226%2Cb41%2Cb136%2Cb570%2Cb598%2Cb180%2Cb615%2Cb168%2Cb648%2Cb103%2Cb80%2Cb213%2Cb597%2Cb724%2Cb613%2Cb135%2Cb877%2Cb183%2Cb497%2Cb435%2Cb194%2Cb861%2Cb256%2Cb854%2Cb198%2Cb647%2Cb679%2Cb88%2Cb441%2Cb6%2Cb221%2Cb645%2Cb219%2Cb50%2Cb151%2Cb192%2Cstexists%2Cb203%2Cb202?page=13 HTTP/1.1" 200 39686 "-" "Mozilla/5.0 (compatible; Googlebot/2.1; +http://www.google.com/bot.html)" "-"
130.185.74.243 - - [22/Jan/2019:04:10:22 +0330] "GET /filter/stexists,p8889,b3?page=1 HTTP/1.1" 200 28661 "-" "Mozilla/5.0 (Windows NT 6.1; rv:42.0) Gecko/20100101 Firefox/42.0" "-"
207.46.13.136 - - [22/Jan/2019:04:10:22 +0330] "GET /filter/b3%2Cb710%2Cb741 HTTP/1.1" 200 36099 "-" "Mozilla/5.0 (compatible; bingbot/2.0; +http://www.bing.com/bingbot.htm)" "-"
17.58.102.43 - - [22/Jan/2019:04:10:22 +0330] "GET /filter/b571%2Cb288%2Cb514%2Cb19%2Cb519%2Cb508%2Cb278%2Cb145%2Cb428%2Cb540%2Cb501%2Cb318%2Cb2%2Cb484?page=1 HTTP/1.1" 200 37555 "-" "Mozilla/5.0 (Macintosh; Intel Mac OS X 10_10_1) AppleWebKit/600.2.5 (KHTML, like Gecko) Version/8.0.2 Safari/600.2.5 (Applebot/0.1; +http://www.apple.com/go/applebot)" "-"
130.185.74.243 - - [22/Jan/2019:04:10:23 +0330] "GET /filter/stexists,p29,b3 HTTP/1.1" 200 29355 "-" "Mozilla/5.0 (Windows NT 6.1; rv:42.0) Gecko/20100101 Firefox/42.0" "-"
31.184.130.52 - - [22/Jan/2019:04:10:23 +0330] "GET /product/34409 HTTP/1.1" 404 32364 "-" "Mozilla/5.0 (Windows NT 6.1; WOW64) AppleWebKit/537.36 (KHTML, like Gecko) Chrome/43.0.2357.124 Safari/537.36" "-"
54.36.149.53 - - [22/Jan/2019:04:10:23 +0330] "GET /filter/p2597%2Cv591%7C75%20%D8%B3%D8%A7%D9%86%D8%AA%DB%8C%20%D9%85%D8%AA%D8%B1%2Cstexists HTTP/1.1" 200 31150 "-" "Mozilla/5.0 (compatible; AhrefsBot/6.1; +http://ahrefs.com/robot/)" "-"
66.249.66.91 - - [22/Jan/2019:04:10:23 +0330] "GET /product/18813/38334/%D9%BE%D8%B1%D8%AF%D9%87-%D9%86%D9%85%D8%A7%DB%8C%D8%B4-%D8%AF%D8%B3%D8%AA%DB%8C-Scope-%D9%85%D8%AF%D9%84-1.5 HTTP/1.1" 200 39859 "-" "Mozilla/5.0 (compatible; Googlebot/2.1; +http://www.google.com/bot.html)" "-"
130.185.74.243 - - [22/Jan/2019:04:10:24 +0330] "GET /filter/stexists,p29,b3?page=1 HTTP/1.1" 200 29371 "-" "Mozilla/5.0 (Windows NT 6.1; rv:42.0) Gecko/20100101 Firefox/42.0" "-"
5.211.97.39 - - [22/Jan/2019:04:10:24 +0330] "GET /image/58017/productModel/200x200 HTTP/1.1" 200 4242 "https://www.zanbil.ir/m/browse/Bar-chair/%D8%B5%D9%86%D8%AF%D9%84%DB%8C-%D8%A8%D8%A7%D8%B1" "Mozilla/5.0 (iPhone; CPU iPhone OS 10_3_2 like Mac OS X) AppleWebKit/603.2.4 (KHTML, like Gecko) Version/10.0 Mobile/14F89 Safari/602.1" "-"
5.211.97.39 - - [22/Jan/2019:04:10:24 +0330] "GET /image/58021/productModel/200x200 HTTP/1.1" 200 4050 "https://www.zanbil.ir/m/browse/Bar-chair/%D8%B5%D9%86%D8%AF%D9%84%DB%8C-%D8%A8%D8%A7%D8%B1" "Mozilla/5.0 (iPhone; CPU iPhone OS 10_3_2 like Mac OS X) AppleWebKit/603.2.4 (KHTML, like Gecko) Version/10.0 Mobile/14F89 Safari/602.1" "-"
5.211.97.39 - - [22/Jan/2019:04:10:24 +0330] "GET /image/58003/productModel/200x200 HTTP/1.1" 200 3854 "https://www.zanbil.ir/m/browse/Bar-chair/%D8%B5%D9%86%D8%AF%D9%84%DB%8C-%D8%A8%D8%A7%D8%B1" "Mozilla/5.0 (iPhone; CPU iPhone OS 10_3_2 like Mac OS X) AppleWebKit/603.2.4 (KHTML, like Gecko) Version/10.0 Mobile/14F89 Safari/602.1" "-"
5.211.97.39 - - [22/Jan/2019:04:10:24 +0330] "GET /image/57995/productModel/200x200 HTTP/1.1" 200 4071 "https://www.zanbil.ir/m/browse/Bar-chair/%D8%B5%D9%86%D8%AF%D9%84%DB%8C-%D8%A8%D8%A7%D8%B1" "Mozilla/5.0 (iPhone; CPU iPhone OS 10_3_2 like Mac OS X) AppleWebKit/603.2.4 (KHTML, like Gecko) Version/10.0 Mobile/14F89 Safari/602.1" "-"
5.211.97.39 - - [22/Jan/2019:04:10:24 +0330] "GET /image/57997/productModel/200x200 HTTP/1.1" 200 3420 "https://www.zanbil.ir/m/browse/Bar-chair/%D8%B5%D9%86%D8%AF%D9%84%DB%8C-%D8%A8%D8%A7%D8%B1" "Mozilla/5.0 (iPhone; CPU iPhone OS 10_3_2 like Mac OS X) AppleWebKit/603.2.4 (KHTML, like Gecko) Version/10.0 Mobile/14F89 Safari/602.1" "-"
5.211.97.39 - - [22/Jan/2019:04:10:24 +0330] "GET /image/58037/productModel/200x200 HTTP/1.1" 200 3816 "https://www.zanbil.ir/m/browse/Bar-chair/%D8%B5%D9%86%D8%AF%D9%84%DB%8C-%D8%A8%D8%A7%D8%B1" "Mozilla/5.0 (iPhone; CPU iPhone OS 10_3_2 like Mac OS X) AppleWebKit/603.2.4 (KHTML, like Gecko) Version/10.0 Mobile/14F89 Safari/602.1" "-"
5.211.97.39 - - [22/Jan/2019:04:10:24 +0330] "GET /image/58023/productModel/200x200 HTTP/1.1" 200 4282 "https://www.zanbil.ir/m/browse/Bar-chair/%D8%B5%D9%86%D8%AF%D9%84%DB%8C-%D8%A8%D8%A7%D8%B1" "Mozilla/5.0 (iPhone; CPU iPhone OS 10_3_2 like Mac OS X) AppleWebKit/603.2.4 (KHTML, like Gecko) Version/10.0 Mobile/14F89 Safari/602.1" "-"
5.211.97.39 - - [22/Jan/2019:04:10:24 +0330] "GET /image/58029/productModel/200x200 HTTP/1.1" 200 3425 "https://www.zanbil.ir/m/browse/Bar-chair/%D8%B5%D9%86%D8%AF%D9%84%DB%8C-%D8%A8%D8%A7%D8%B1" "Mozilla/5.0 (iPhone; CPU iPhone OS 10_3_2 like Mac OS X) AppleWebKit/603.2.4 (KHTML, like Gecko) Version/10.0 Mobile/14F89 Safari/602.1" "-"
5.211.97.39 - - [22/Jan/2019:04:10:24 +0330] "GET /image/441/brand HTTP/1.1" 200 2349 "https://www.zanbil.ir/m/browse/Bar-chair/%D8%B5%D9%86%D8%AF%D9%84%DB%8C-%D8%A8%D8%A7%D8%B1" "Mozilla/5.0 (iPhone; CPU iPhone OS 10_3_2 like Mac OS X) AppleWebKit/603.2.4 (KHTML, like Gecko) Version/10.0 Mobile/14F89 Safari/602.1" "-"
5.211.97.39 - - [22/Jan/2019:04:10:24 +0330] "GET /image/603/brand HTTP/1.1" 200 3098 "https://www.zanbil.ir/m/browse/Bar-chair/%D8%B5%D9%86%D8%AF%D9%84%DB%8C-%D8%A8%D8%A7%D8%B1" "Mozilla/5.0 (iPhone; CPU iPhone OS 10_3_2 like Mac OS X) AppleWebKit/603.2.4 (KHTML, like Gecko) Version/10.0 Mobile/14F89 Safari/602.1" "-"
66.249.66.91 - - [22/Jan/2019:04:10:24 +0330] "GET /filter/b656%2Cb703%2Cb32%2Cb67%2Cb226%2Cb41%2Cb598%2Cb168%2Cb723%2Cb597%2Cb88%2Cb548%2Cb6%2Cb679%2Cb215%2Cb105%2Cb194%2Cb74%2Cb542%2Cb35%2Cb113%2Cb820%2Cb574%2Cb442%2Cb880%2Cb645%2Cb724%2Cb118%2Cb482%2Cb400%2Cb95%2Cb135%2Cb249%2Cb435%2Cb221%2Cb523%2Cb854%2Cb126%2Cstexists%2Cb216%2Cb217%2Cb152%2Cb99%2Cb192%2Cb213%2Cb136%2Cb218%2Cb648%2Cb454%2Cb258%2Cb151%2Cb22?page=7 HTTP/1.1" 200 40020 "-" "Mozilla/5.0 (compatible; Googlebot/2.1; +http://www.google.com/bot.html)" "-"
66.249.66.194 - - [22/Jan/2019:04:10:24 +0330] "GET /product/27367/55715/%D8%B3%D8%A7%D8%B9%D8%AA-%D9%88%D8%B1%D8%B2%D8%B4%DB%8C-%D8%AF%D9%88%D9%85%DB%8C%D8%AF%D8%A7%D9%86%DB%8C-soleus-%D9%85%D8%AF%D9%84-Contender-Running-Watch HTTP/1.1" 404 32393 "-" "Mozilla/5.0 (compatible; Googlebot/2.1; +http://www.google.com/bot.html)" "-"
207.46.13.136 - - [22/Jan/2019:04:10:25 +0330] "GET /filter/b126,b2,p3 HTTP/1.1" 200 34378 "-" "Mozilla/5.0 (compatible; bingbot/2.0; +http://www.bing.com/bingbot.htm)" "-"
31.184.130.52 - - [22/Jan/2019:04:10:25 +0330] "GET /product/34410 HTTP/1.1" 404 32293 "-" "Mozilla/5.0 (Windows NT 6.1; WOW64) AppleWebKit/537.36 (KHTML, like Gecko) Chrome/43.0.2357.124 Safari/537.36" "-"
5.211.97.39 - - [22/Jan/2019:04:10:25 +0330] "GET /image/58031/productModel/200x200 HTTP/1.1" 200 3237 "https://www.zanbil.ir/m/browse/Bar-chair/%D8%B5%D9%86%D8%AF%D9%84%DB%8C-%D8%A8%D8%A7%D8%B1" "Mozilla/5.0 (iPhone; CPU iPhone OS 10_3_2 like Mac OS X) AppleWebKit/603.2.4 (KHTML, like Gecko) Version/10.0 Mobile/14F89 Safari/602.1" "-"
5.211.97.39 - - [22/Jan/2019:04:10:25 +0330] "GET /image/58036/productModel/200x200 HTTP/1.1" 200 3035 "https://www.zanbil.ir/m/browse/Bar-chair/%D8%B5%D9%86%D8%AF%D9%84%DB%8C-%D8%A8%D8%A7%D8%B1" "Mozilla/5.0 (iPhone; CPU iPhone OS 10_3_2 like Mac OS X) AppleWebKit/603.2.4 (KHTML, like Gecko) Version/10.0 Mobile/14F89 Safari/602.1" "-"
5.211.97.39 - - [22/Jan/2019:04:10:26 +0330] "GET /image/58041/productModel/200x200 HTTP/1.1" 200 3163 "https://www.zanbil.ir/m/browse/Bar-chair/%D8%B5%D9%86%D8%AF%D9%84%DB%8C-%D8%A8%D8%A7%D8%B1" "Mozilla/5.0 (iPhone; CPU iPhone OS 10_3_2 like Mac OS X) AppleWebKit/603.2.4 (KHTML, like Gecko) Version/10.0 Mobile/14F89 Safari/602.1" "-"
5.211.97.39 - - [22/Jan/2019:04:10:26 +0330] "GET /image/58046/productModel/200x200 HTTP/1.1" 200 3554 "https://www.zanbil.ir/m/browse/Bar-chair/%D8%B5%D9%86%D8%AF%D9%84%DB%8C-%D8%A8%D8%A7%D8%B1" "Mozilla/5.0 (iPhone; CPU iPhone OS 10_3_2 like Mac OS X) AppleWebKit/603.2.4 (KHTML, like Gecko) Version/10.0 Mobile/14F89 Safari/602.1" "-"
130.185.74.243 - - [22/Jan/2019:04:10:26 +0330] "GET /filter/stexists,p28,b88 HTTP/1.1" 200 31603 "-" "Mozilla/5.0 (Windows NT 6.1; rv:42.0) Gecko/20100101 Firefox/42.0" "-"
66.249.66.194 - - [22/Jan/2019:04:10:27 +0330] "GET /filter/p28%2Cb74%2C1003%7C500%20%D8%AA%D8%A7%201000%2Cb185%2Cb36?o=b HTTP/1.1" 302 0 "-" "Mozilla/5.0 (compatible; Googlebot/2.1; +http://www.google.com/bot.html)" "-"
91.99.72.15 - - [22/Jan/2019:04:10:27 +0330] "GET /product/12872/21392/%D8%AF%D8%B3%D8%AA%D8%A8%D9%86%D8%AF-%D8%B2%D9%86%D8%A7%D9%86%D9%87-%D8%A7%D9%84%DB%8C%D9%88%D8%B1-%D9%88%D8%A8%D8%B1-%D9%85%D8%AF%D9%84-%D9%BE%D8%A7%DA%A9-%DA%A9%D8%B1%DB%8C%D8%B3%D8%AA%D8%A7%D9%84-2824 HTTP/1.1" 200 40696 "-" "Mozilla/5.0 (Windows NT 6.1; WOW64) AppleWebKit/535.7(KHTML, like Gecko) Chrome/16.0.912.36 Safari/535.7" "-"
66.249.66.91 - - [22/Jan/2019:04:10:27 +0330] "GET /image/29314?name=%D8%AF%DB%8C%D8%A8%D8%A7-5.jpg&wh=max HTTP/1.1" 200 52457 "-" "Googlebot-Image/1.0" "-"
31.184.130.52 - - [22/Jan/2019:04:10:27 +0330] "GET /product/34411 HTTP/1.1" 404 32461 "-" "Mozilla/5.0 (Windows NT 6.1; WOW64) AppleWebKit/537.36 (KHTML, like Gecko) Chrome/43.0.2357.124 Safari/537.36" "-"
66.249.66.91 - - [22/Jan/2019:04:10:28 +0330] "GET /image/64677/productModel/150x150 HTTP/1.1" 200 1735 "-" "Googlebot-Image/1.0" "-"
46.51.102.38 - - [22/Jan/2019:04:10:28 +0330] "GET /image/18293?name=457.jpg&wh=max HTTP/1.1" 200 22490 "https://www.zanbil.ir/m/product/18293/37044/%D8%B1%DB%8C%D8%B4-%D8%AA%D8%B1%D8%A7%D8%B4-%D9%86%D9%88%D8%B3%D8%A7%D9%86%DB%8C-%D9%BE%D8%B1%D9%86%D8%B3%D9%84%DB%8C-%D9%85%D8%AF%D9%84-PR456AT" "Mozilla/5.0 (Linux; Android 8.0.0; ALP-L29 Build/HUAWEIALP-L29) AppleWebKit/537.36 (KHTML, like Gecko) Chrome/64.0.3282.137 Mobile Safari/537.36" "-"
66.249.66.194 - - [22/Jan/2019:04:10:28 +0330] "GET /filter/p1%2Cb632%2Cb88%2Cb240%2Cb63 HTTP/1.1" 200 37055 "-" "Mozilla/5.0 (compatible; Googlebot/2.1; +http://www.google.com/bot.html)" "-"
130.185.74.243 - - [22/Jan/2019:04:10:28 +0330] "GET /filter/stexists,p28,b88?page=1 HTTP/1.1" 200 29889 "-" "Mozilla/5.0 (Windows NT 6.1; rv:42.0) Gecko/20100101 Firefox/42.0" "-"
54.36.149.13 - - [22/Jan/2019:04:10:28 +0330] "GET /filter/b36,b43,b489,p5935 HTTP/1.1" 200 30545 "-" "Mozilla/5.0 (compatible; AhrefsBot/6.1; +http://ahrefs.com/robot/)" "-"
54.36.148.243 - - [22/Jan/2019:04:10:28 +0330] "GET /filter/p5623%2Cv1%7C%D8%B3%D9%81%DB%8C%D8%AF%20%D9%85%D8%B4%DA%A9%DB%8C%2Cv1%7C%D9%86%D9%82%D8%B1%D9%87%20%D8%A7%DB%8C. HTTP/1.1" 200 32334 "-" "Mozilla/5.0 (compatible; AhrefsBot/6.1; +http://ahrefs.com/robot/)" "-"
46.51.102.38 - - [22/Jan/2019:04:10:28 +0330] "GET /image/18293?name=-pr455at.jpg&wh=max HTTP/1.1" 200 60831 "https://www.zanbil.ir/m/product/18293/37044/%D8%B1%DB%8C%D8%B4-%D8%AA%D8%B1%D8%A7%D8%B4-%D9%86%D9%88%D8%B3%D8%A7%D9%86%DB%8C-%D9%BE%D8%B1%D9%86%D8%B3%D9%84%DB%8C-%D9%85%D8%AF%D9%84-PR456AT" "Mozilla/5.0 (Linux; Android 8.0.0; ALP-L29 Build/HUAWEIALP-L29) AppleWebKit/537.36 (KHTML, like Gecko) Chrome/64.0.3282.137 Mobile Safari/537.36" "-"
91.99.72.15 - - [22/Jan/2019:04:10:29 +0330] "GET /product/2279/4157/%D8%A8%D8%AE%D8%A7%D8%B1%DB%8C-%D8%A8%D8%B1%D9%82%DB%8C-%DA%A9%D8%A7%D9%86%D9%88%DA%A9%D8%AA%D9%88%D8%B1-%D9%BE%D8%A7%D8%B1%D8%B3-%D8%AE%D8%B2%D8%B1-%D9%85%D8%AF%D9%84-CH2000TL HTTP/1.1" 200 41983 "-" "Mozilla/5.0 (Macintosh; Intel Mac OS X 10_7_3) AppleWebKit/534.55.3 (KHTML, like Gecko) Version/5.1.3 Safari/534.53.10" "-"
66.249.66.194 - - [22/Jan/2019:04:10:29 +0330] "GET /filter/p28%2Cb74%2C1003%7C500%20%D8%AA%D8%A7%201000%2Cb185%2Cb36 HTTP/1.1" 200 32439 "-" "Mozilla/5.0 (compatible; Googlebot/2.1; +http://www.google.com/bot.html)" "-"
31.184.130.52 - - [22/Jan/2019:04:10:29 +0330] "GET /product/34412 HTTP/1.1" 404 32363 "-" "Mozilla/5.0 (Windows NT 6.1; WOW64) AppleWebKit/537.36 (KHTML, like Gecko) Chrome/43.0.2357.124 Safari/537.36" "-"
130.185.74.243 - - [22/Jan/2019:04:10:30 +0330] "GET /filter/stexists,p8946,b88 HTTP/1.1" 200 31333 "-" "Mozilla/5.0 (Windows NT 6.1; rv:42.0) Gecko/20100101 Firefox/42.0" "-"
54.36.148.43 - - [22/Jan/2019:04:10:30 +0330] "GET /filter/p11673%2Cv1%7C%DA%A9%D8%B1%D9%85%20%D9%82%D9%87%D9%88%D9%87%20%D8%A7%DB%8C%2Cv1%7C%D8%B7%D8%B1%D8%AD%20%D8%AC%DB%8C%D9%86?o=v1 HTTP/1.1" 302 0 "-" "Mozilla/5.0 (compatible; AhrefsBot/6.1; +http://ahrefs.com/robot/)" "-"
46.51.102.38 - - [22/Jan/2019:04:10:30 +0330] "GET /image/18293?name=45...jpg&wh=max HTTP/1.1" 200 26551 "https://www.zanbil.ir/m/product/18293/37044/%D8%B1%DB%8C%D8%B4-%D8%AA%D8%B1%D8%A7%D8%B4-%D9%86%D9%88%D8%B3%D8%A7%D9%86%DB%8C-%D9%BE%D8%B1%D9%86%D8%B3%D9%84%DB%8C-%D9%85%D8%AF%D9%84-PR456AT" "Mozilla/5.0 (Linux; Android 8.0.0; ALP-L29 Build/HUAWEIALP-L29) AppleWebKit/537.36 (KHTML, like Gecko) Chrome/64.0.3282.137 Mobile Safari/537.36" "-"
66.249.66.91 - - [22/Jan/2019:04:10:31 +0330] "GET /filter/b656%2Cb703%2Cb32%2Cb67%2Cb226%2Cb41%2Cb598%2Cb168%2Cb723%2Cb597%2Cb88%2Cb548%2Cb6%2Cb679%2Cb215%2Cb105%2Cb194%2Cb74%2Cb542%2Cb35%2Cb113%2Cb820%2Cb574%2Cb442%2Cb880%2Cb645%2Cb724%2Cb118%2Cb482%2Cb400%2Cb95%2Cb135%2Cb249%2Cb435%2Cb221%2Cb523%2Cb854%2Cb126%2Cstexists%2Cb216%2Cb217%2Cb152%2Cb99%2Cb192%2Cb213%2Cb136%2Cb218%2Cb648%2Cb454%2Cb258%2Cb151%2Cb256?page=7 HTTP/1.1" 200 40234 "-" "Mozilla/5.0 (compatible; Googlebot/2.1; +http://www.google.com/bot.html)" "-"
17.58.102.43 - - [22/Jan/2019:04:10:31 +0330] "GET /filter/b211%2Cb408%2Cb228%2Cb296%2Cb311%2Cb238%2Cb271%2Cb402 HTTP/1.1" 200 36258 "-" "Mozilla/5.0 (Macintosh; Intel Mac OS X 10_10_1) AppleWebKit/600.2.5 (KHTML, like Gecko) Version/8.0.2 Safari/600.2.5 (Applebot/0.1; +http://www.apple.com/go/applebot)" "-"
31.184.130.52 - - [22/Jan/2019:04:10:31 +0330] "GET /product/34413 HTTP/1.1" 404 32363 "-" "Mozilla/5.0 (Windows NT 6.1; WOW64) AppleWebKit/537.36 (KHTML, like Gecko) Chrome/43.0.2357.124 Safari/537.36" "-"
66.249.66.194 - - [22/Jan/2019:04:10:32 +0330] "GET /filter/p4510%2Cv1%7C%D9%85%D8%B4%DA%A9%DB%8C%20%D8%A2%D8%A8%DB%8C%2Cstexists%2Cv1%7C%D8%B3%D9%81%DB%8C%D8%AF?o=v1 HTTP/1.1" 302 0 "-" "Mozilla/5.0 (compatible; Googlebot/2.1; +http://www.google.com/bot.html)" "-"
130.185.74.243 - - [22/Jan/2019:04:10:33 +0330] "GET /filter/stexists,p8946,b88?page=1 HTTP/1.1" 200 29747 "-" "Mozilla/5.0 (Windows NT 6.1; rv:42.0) Gecko/20100101 Firefox/42.0" "-"
66.249.66.194 - - [22/Jan/2019:04:10:33 +0330] "GET /filter/p4510%2Cv1%7C%D9%85%D8%B4%DA%A9%DB%8C%20%D8%A2%D8%A8%DB%8C%2Cstexists%2Cv1%7C%D8%B3%D9%81%DB%8C%D8%AF HTTP/1.1" 200 31167 "-" "Mozilla/5.0 (compatible; Googlebot/2.1; +http://www.google.com/bot.html)" "-"
66.249.66.91 - - [22/Jan/2019:04:10:33 +0330] "GET /filter/b481%2Cb874%2Cb32%2Cb67%2Cb226%2Cb41%2Cb136%2Cb570%2Cb598%2Cb180%2Cb615%2Cb168%2Cb648%2Cb103%2Cb80%2Cb213%2Cb597%2Cb724%2Cb613%2Cb135%2Cb877%2Cb183%2Cb497%2Cb435%2Cb194%2Cb861%2Cb256%2Cb854%2Cb198%2Cb647%2Cb679%2Cb88%2Cb441%2Cb6%2Cb221%2Cb645%2Cb219%2Cb50%2Cb151%2Cb192%2Cstexists%2Cb203%2Cb202%2Cp5506?page=13 HTTP/1.1" 200 32147 "-" "Mozilla/5.0 (compatible; Googlebot/2.1; +http://www.google.com/bot.html)" "-"
66.249.66.91 - - [22/Jan/2019:04:10:33 +0330] "GET /filter/b656%2Cb703%2Cb32%2Cb67%2Cb226%2Cb41%2Cb598%2Cb168%2Cb723%2Cb597%2Cb88%2Cb548%2Cb6%2Cb679%2Cb215%2Cb105%2Cb194%2Cb74%2Cb542%2Cb35%2Cb113%2Cb820%2Cb574%2Cb442%2Cb880%2Cb645%2Cb724%2Cb118%2Cb482%2Cb400%2Cb95%2Cb135%2Cb249%2Cb435%2Cb221%2Cb523%2Cb854%2Cb126%2Cstexists%2Cb216%2Cb217%2Cb152%2Cb99%2Cb192%2Cb213%2Cb136%2Cb218%2Cb648%2Cb454%2Cb258%2Cb151%2Cb256?page=9 HTTP/1.1" 200 40324 "-" "Mozilla/5.0 (compatible; Googlebot/2.1; +http://www.google.com/bot.html)" "-"
31.184.130.52 - - [22/Jan/2019:04:10:34 +0330] "GET /product/34414 HTTP/1.1" 404 32363 "-" "Mozilla/5.0 (Windows NT 6.1; WOW64) AppleWebKit/537.36 (KHTML, like Gecko) Chrome/43.0.2357.124 Safari/537.36" "-"
130.185.74.243 - - [22/Jan/2019:04:10:34 +0330] "GET /filter/stexists,p68,b88 HTTP/1.1" 200 30768 "-" "Mozilla/5.0 (Windows NT 6.1; rv:42.0) Gecko/20100101 Firefox/42.0" "-"
46.51.102.38 - - [22/Jan/2019:04:10:36 +0330] "GET /image/57709/productModel/150x150 HTTP/1.1" 200 2904 "https://www.zanbil.ir/m/product/18293/37044/%D8%B1%DB%8C%D8%B4-%D8%AA%D8%B1%D8%A7%D8%B4-%D9%86%D9%88%D8%B3%D8%A7%D9%86%DB%8C-%D9%BE%D8%B1%D9%86%D8%B3%D9%84%DB%8C-%D9%85%D8%AF%D9%84-PR456AT" "Mozilla/5.0 (Linux; Android 8.0.0; ALP-L29 Build/HUAWEIALP-L29) AppleWebKit/537.36 (KHTML, like Gecko) Chrome/64.0.3282.137 Mobile Safari/537.36" "-"
31.184.130.52 - - [22/Jan/2019:04:10:36 +0330] "GET /product/34415 HTTP/1.1" 404 32363 "-" "Mozilla/5.0 (Windows NT 6.1; WOW64) AppleWebKit/537.36 (KHTML, like Gecko) Chrome/43.0.2357.124 Safari/537.36" "-"
207.46.13.136 - - [22/Jan/2019:04:10:36 +0330] "GET /filter/b221,b616,b861 HTTP/1.1" 200 35854 "-" "Mozilla/5.0 (compatible; bingbot/2.0; +http://www.bing.com/bingbot.htm)" "-"
130.185.74.243 - - [22/Jan/2019:04:10:36 +0330] "GET /filter/stexists,p68,b88?page=1 HTTP/1.1" 200 29539 "-" "Mozilla/5.0 (Windows NT 6.1; rv:42.0) Gecko/20100101 Firefox/42.0" "-"
66.249.66.91 - - [22/Jan/2019:04:10:36 +0330] "GET /filter/b703%2Cb36%2Cb41%2Cb598%2Cb168%2Cb103%2Cb614%2Cb88%2Cb19%2Cb194%2Cb321%2Cb5%2Cb261%2Cb442%2Cb484%2Cb723%2Cb573%2Cb192%2Cb724%2Cb1%2Cb435%2Cb183%2Cb542%2Cb135%2Cb878%2Cb63%2Cb497%2Cb619%2Cb219%2Cb74%2Cb151%2Cb441%2Cb568%2Cb880%2Cb647%2Cb185%2Cb584%2Cb224%2Cb213%2Cb50%2Cb3%2Cb231%2Cb99%2Cb238%2Cb82%2Cb215%2Cb95%2Cb218%2Cp6213?page=21 HTTP/1.1" 200 37278 "-" "Mozilla/5.0 (compatible; Googlebot/2.1; +http://www.google.com/bot.html)" "-"
207.46.13.136 - - [22/Jan/2019:04:10:37 +0330] "GET /filter/b43,b613,b854,b95 HTTP/1.1" 200 36559 "-" "Mozilla/5.0 (compatible; bingbot/2.0; +http://www.bing.com/bingbot.htm)" "-"
54.36.148.154 - - [22/Jan/2019:04:10:37 +0330] "GET /filter/p12%2Cv1%7C%D9%85%D8%B4%DA%A9%DB%8C%2Cv1%7C%D9%86%D9%82%D8%B1%D9%87%20%D8%A7%DB%8C?o=v1 HTTP/1.1" 302 0 "-" "Mozilla/5.0 (compatible; AhrefsBot/6.1; +http://ahrefs.com/robot/)" "-"
31.184.130.52 - - [22/Jan/2019:04:10:38 +0330] "GET /product/34416 HTTP/1.1" 404 32461 "-" "Mozilla/5.0 (Windows NT 6.1; WOW64) AppleWebKit/537.36 (KHTML, like Gecko) Chrome/43.0.2357.124 Safari/537.36" "-"
130.185.74.243 - - [22/Jan/2019:04:10:38 +0330] "GET /filter/stexists,p29,b88 HTTP/1.1" 200 29481 "-" "Mozilla/5.0 (Windows NT 6.1; rv:42.0) Gecko/20100101 Firefox/42.0" "-"
66.249.66.194 - - [22/Jan/2019:04:10:39 +0330] "GET /filter/p44%2Cv1%7C%D9%85%D8%B3%DB%8C%2Cv1%7C%D8%B2%D8%B1%D8%B4%DA%A9%DB%8C.%2Cb22 HTTP/1.1" 200 31457 "-" "Mozilla/5.0 (compatible; Googlebot/2.1; +http://www.google.com/bot.html)" "-"
46.51.102.38 - - [22/Jan/2019:04:10:39 +0330] "GET /image/5714/productType/120x90 HTTP/1.1" 200 12465 "https://www.zanbil.ir/m/product/18293/37044/%D8%B1%DB%8C%D8%B4-%D8%AA%D8%B1%D8%A7%D8%B4-%D9%86%D9%88%D8%B3%D8%A7%D9%86%DB%8C-%D9%BE%D8%B1%D9%86%D8%B3%D9%84%DB%8C-%D9%85%D8%AF%D9%84-PR456AT" "Mozilla/5.0 (Linux; Android 8.0.0; ALP-L29 Build/HUAWEIALP-L29) AppleWebKit/537.36 (KHTML, like Gecko) Chrome/64.0.3282.137 Mobile Safari/537.36" "-"
46.51.102.38 - - [22/Jan/2019:04:10:39 +0330] "GET /image/5767/productType/120x90 HTTP/1.1" 200 16500 "https://www.zanbil.ir/m/product/18293/37044/%D8%B1%DB%8C%D8%B4-%D8%AA%D8%B1%D8%A7%D8%B4-%D9%86%D9%88%D8%B3%D8%A7%D9%86%DB%8C-%D9%BE%D8%B1%D9%86%D8%B3%D9%84%DB%8C-%D9%85%D8%AF%D9%84-PR456AT" "Mozilla/5.0 (Linux; Android 8.0.0; ALP-L29 Build/HUAWEIALP-L29) AppleWebKit/537.36 (KHTML, like Gecko) Chrome/64.0.3282.137 Mobile Safari/537.36" "-"
130.185.74.243 - - [22/Jan/2019:04:10:40 +0330] "GET /filter/stexists,p29,b88?page=1 HTTP/1.1" 200 29498 "-" "Mozilla/5.0 (Windows NT 6.1; rv:42.0) Gecko/20100101 Firefox/42.0" "-"
31.184.130.52 - - [22/Jan/2019:04:10:40 +0330] "GET /product/34417 HTTP/1.1" 404 32461 "-" "Mozilla/5.0 (Windows NT 6.1; WOW64) AppleWebKit/537.36 (KHTML, like Gecko) Chrome/43.0.2357.124 Safari/537.36" "-"
5.211.97.39 - - [22/Jan/2019:04:10:41 +0330] "GET /image/58131/productModel/200x200 HTTP/1.1" 200 3645 "https://www.zanbil.ir/m/filter/p28830?page=1" "Mozilla/5.0 (iPhone; CPU iPhone OS 10_3_2 like Mac OS X) AppleWebKit/603.2.4 (KHTML, like Gecko) Version/10.0 Mobile/14F89 Safari/602.1" "-"
46.51.102.38 - - [22/Jan/2019:04:10:41 +0330] "GET /image/5686/productType/120x90 HTTP/1.1" 200 11576 "https://www.zanbil.ir/m/product/18293/37044/%D8%B1%DB%8C%D8%B4-%D8%AA%D8%B1%D8%A7%D8%B4-%D9%86%D9%88%D8%B3%D8%A7%D9%86%DB%8C-%D9%BE%D8%B1%D9%86%D8%B3%D9%84%DB%8C-%D9%85%D8%AF%D9%84-PR456AT" "Mozilla/5.0 (Linux; Android 8.0.0; ALP-L29 Build/HUAWEIALP-L29) AppleWebKit/537.36 (KHTML, like Gecko) Chrome/64.0.3282.137 Mobile Safari/537.36" "-"
66.249.66.91 - - [22/Jan/2019:04:10:42 +0330] "GET /product/29827/59329/%D8%B3%D8%AA-4-%D9%86%D9%81%D8%B1%D9%87-%D9%85%D8%A8%D9%84%D9%85%D8%A7%D9%86-%D8%A7%D8%AF%D8%A7%D8%B1%DB%8C-%D9%86%DB%8C%D9%84%D9%BE%D8%B1-%D9%85%D8%AF%D9%84-FB920N HTTP/1.1" 200 41816 "-" "Mozilla/5.0 (compatible; Googlebot/2.1; +http://www.google.com/bot.html)" "-"
157.55.39.245 - - [22/Jan/2019:04:10:42 +0330] "GET /image/1006/article HTTP/1.1" 301 178 "-" "Mozilla/5.0 (compatible; bingbot/2.0; +http://www.bing.com/bingbot.htm)" "-"
66.249.66.194 - - [22/Jan/2019:04:10:42 +0330] "GET /filter/p6385%2Cv1%7C%20%D8%A2%D8%A8%DB%8C%2Cv1%7C%D9%85%D8%B4%DA%A9%DB%8C%20%D9%82%D8%B1%D9%85%D8%B2%2Cv1%7C%D9%84%DB%8C%D9%85%D9%88%DB%8C%DB%8C?o=v1 HTTP/1.1" 302 0 "-" "Mozilla/5.0 (compatible; Googlebot/2.1; +http://www.google.com/bot.html)" "-"
31.184.130.52 - - [22/Jan/2019:04:10:42 +0330] "GET /product/34418 HTTP/1.1" 404 32461 "-" "Mozilla/5.0 (Windows NT 6.1; WOW64) AppleWebKit/537.36 (KHTML, like Gecko) Chrome/43.0.2357.124 Safari/537.36" "-"
66.249.66.91 - - [22/Jan/2019:04:10:43 +0330] "GET /filter/b481%2Cb874%2Cb226%2Cb570%2Cb598%2Cstexists%2Cb880%2Cb270%2Cb883%2Cb99%2Cb261%2Cb249%2Cb20%2Cb701%2Cb42%2Cb548%2Cb183%2Cb88%2Cb308%2Cb103%2Cb1%2Cb126%2Cb523%2Cb900%2Cb192%2Cb188%2Cb703%2Cb890%2Cb148%2Cb256%2Cb651%2Cb41%2Cb647%2Cb613%2Cb6%2Cb221%2Cb36%2Cb614%2Cb3%2Cb216%2Cb218%2Cb136%2Cb573%2Cb151%2Cb185%2Cb32%2Cb441%2Cb143%2Cb648%2Cb203%2Cb209%2Cb231%2Cb485%2Cb147%2Cb484?page=9 HTTP/1.1" 200 40830 "-" "Mozilla/5.0 (compatible; Googlebot/2.1; +http://www.google.com/bot.html)" "-"
66.249.66.194 - - [22/Jan/2019:04:10:44 +0330] "GET /filter/p6385%2Cv1%7C%20%D8%A2%D8%A8%DB%8C%2Cv1%7C%D9%85%D8%B4%DA%A9%DB%8C%20%D9%82%D8%B1%D9%85%D8%B2%2Cv1%7C%D9%84%DB%8C%D9%85%D9%88%DB%8C%DB%8C HTTP/1.1" 200 32469 "-" "Mozilla/5.0 (compatible; Googlebot/2.1; +http://www.google.com/bot.html)" "-"
31.184.130.52 - - [22/Jan/2019:04:10:44 +0330] "GET /product/34419 HTTP/1.1" 404 32461 "-" "Mozilla/5.0 (Windows NT 6.1; WOW64) AppleWebKit/537.36 (KHTML, like Gecko) Chrome/43.0.2357.124 Safari/537.36" "-"
157.55.39.245 - - [22/Jan/2019:04:10:45 +0330] "GET /filter/b135,b147,b256,b99 HTTP/1.1" 200 36127 "-" "Mozilla/5.0 (compatible; bingbot/2.0; +http://www.bing.com/bingbot.htm)" "-"
130.185.74.243 - - [22/Jan/2019:04:10:46 +0330] "GET /filter/stexists,p28,b74 HTTP/1.1" 200 31482 "-" "Mozilla/5.0 (Windows NT 6.1; rv:42.0) Gecko/20100101 Firefox/42.0" "-"
157.55.39.245 - - [22/Jan/2019:04:10:46 +0330] "GET /product/17464/33848/%DB%8C%D8%AE%DA%86%D8%A7%D9%84-%D9%81%D8%B1%DB%8C%D8%B2%D8%B1-%D9%81%D8%B1%DB%8C%D8%B2%D8%B1-%D9%BE%D8%A7%DB%8C%DB%8C%D9%86-%D9%87%D8%A7%D8%B1%D8%AF%D8%B3%D8%AA%D9%88%D9%86-%D9%85%D8%AF%D9%84-CO2393-L HTTP/1.1" 200 40490 "-" "Mozilla/5.0 (compatible; bingbot/2.0; +http://www.bing.com/bingbot.htm)" "-"
31.184.130.52 - - [22/Jan/2019:04:10:47 +0330] "GET /product/34420 HTTP/1.1" 404 32462 "-" "Mozilla/5.0 (Windows NT 6.1; WOW64) AppleWebKit/537.36 (KHTML, like Gecko) Chrome/43.0.2357.124 Safari/537.36" "-"
130.185.74.243 - - [22/Jan/2019:04:10:47 +0330] "GET /filter/stexists,p28,b74?page=1 HTTP/1.1" 200 29965 "-" "Mozilla/5.0 (Windows NT 6.1; rv:42.0) Gecko/20100101 Firefox/42.0" "-"
66.249.66.194 - - [22/Jan/2019:04:10:47 +0330] "GET /filter/b5%2Cb8%2Cb762?o=b HTTP/1.1" 302 0 "-" "Mozilla/5.0 (compatible; Googlebot/2.1; +http://www.google.com/bot.html)" "-"
31.184.130.52 - - [22/Jan/2019:04:10:49 +0330] "GET /product/34421 HTTP/1.1" 404 32461 "-" "Mozilla/5.0 (Windows NT 6.1; WOW64) AppleWebKit/537.36 (KHTML, like Gecko) Chrome/43.0.2357.124 Safari/537.36" "-"
130.185.74.243 - - [22/Jan/2019:04:10:50 +0330] "GET /filter/stexists,p19,b74 HTTP/1.1" 200 29570 "-" "Mozilla/5.0 (Windows NT 6.1; rv:42.0) Gecko/20100101 Firefox/42.0" "-"
157.55.39.245 - - [22/Jan/2019:04:10:50 +0330] "GET /filter/b135,b68,b7 HTTP/1.1" 200 35734 "-" "Mozilla/5.0 (compatible; bingbot/2.0; +http://www.bing.com/bingbot.htm)" "-"
66.249.66.91 - - [22/Jan/2019:04:10:51 +0330] "GET /filter/b656%2Cb703%2Cb32%2Cb67%2Cb226%2Cb41%2Cb598%2Cb168%2Cb723%2Cb597%2Cb88%2Cb548%2Cb6%2Cb679%2Cb215%2Cb105%2Cb194%2Cb74%2Cb542%2Cb35%2Cb113%2Cb820%2Cb574%2Cb442%2Cb880%2Cb645%2Cb724%2Cb118%2Cb482%2Cb400%2Cb95%2Cb135%2Cb249%2Cb435%2Cb221%2Cb523%2Cb854%2Cb126%2Cstexists%2Cb216%2Cb217%2Cb152%2Cb99%2Cb192%2Cb213%2Cb136%2Cb218%2Cb648%2Cb454%2Cb258%2Cb151%2Cb22%2Cb203?page=9 HTTP/1.1" 200 40302 "-" "Mozilla/5.0 (compatible; Googlebot/2.1; +http://www.google.com/bot.html)" "-"
130.185.74.243 - - [22/Jan/2019:04:10:51 +0330] "GET /filter/stexists,p19,b74?page=1 HTTP/1.1" 200 29586 "-" "Mozilla/5.0 (Windows NT 6.1; rv:42.0) Gecko/20100101 Firefox/42.0" "-"
31.184.130.52 - - [22/Jan/2019:04:10:51 +0330] "GET /product/34422 HTTP/1.1" 404 32363 "-" "Mozilla/5.0 (Windows NT 6.1; WOW64) AppleWebKit/537.36 (KHTML, like Gecko) Chrome/43.0.2357.124 Safari/537.36" "-"
54.36.148.143 - - [22/Jan/2019:04:10:51 +0330] "GET /filter/p25%2Cv1%7C%D8%A7%D8%B3%D8%AA%DB%8C%D9%84%20%D8%B3%D9%81%DB%8C%D8%AF%2Cstexists HTTP/1.1" 200 32224 "-" "Mozilla/5.0 (compatible; AhrefsBot/6.1; +http://ahrefs.com/robot/)" "-"
66.249.66.194 - - [22/Jan/2019:04:10:51 +0330] "GET /filter/b5%2Cb8%2Cb762 HTTP/1.1" 200 36034 "-" "Mozilla/5.0 (compatible; Googlebot/2.1; +http://www.google.com/bot.html)" "-"
130.185.74.243 - - [22/Jan/2019:04:10:52 +0330] "GET /filter/stexists,p8946,b74 HTTP/1.1" 200 29652 "-" "Mozilla/5.0 (Windows NT 6.1; rv:42.0) Gecko/20100101 Firefox/42.0" "-"
54.36.148.151 - - [22/Jan/2019:04:10:53 +0330] "GET /filter/p56%2Cv1%7C%D8%B3%DB%8C%D9%84%D9%88%D8%B1.%2Cv1%7C%20%20%D9%85%D8%B4%DA%A9%DB%8C HTTP/1.1" 200 32534 "-" "Mozilla/5.0 (compatible; AhrefsBot/6.1; +http://ahrefs.com/robot/)" "-"
130.185.74.243 - - [22/Jan/2019:04:10:53 +0330] "GET /filter/stexists,p8946,b74?page=1 HTTP/1.1" 200 29724 "-" "Mozilla/5.0 (Windows NT 6.1; rv:42.0) Gecko/20100101 Firefox/42.0" "-"
31.184.130.52 - - [22/Jan/2019:04:10:53 +0330] "GET /product/34423 HTTP/1.1" 404 32428 "-" "Mozilla/5.0 (Windows NT 6.1; WOW64) AppleWebKit/537.36 (KHTML, like Gecko) Chrome/43.0.2357.124 Safari/537.36" "-"
130.185.74.243 - - [22/Jan/2019:04:10:54 +0330] "GET /filter/stexists,p68,b74 HTTP/1.1" 200 29504 "-" "Mozilla/5.0 (Windows NT 6.1; rv:42.0) Gecko/20100101 Firefox/42.0" "-"
130.185.74.243 - - [22/Jan/2019:04:10:55 +0330] "GET /filter/stexists,p68,b74?page=1 HTTP/1.1" 200 29522 "-" "Mozilla/5.0 (Windows NT 6.1; rv:42.0) Gecko/20100101 Firefox/42.0" "-"
66.249.66.91 - - [22/Jan/2019:04:10:55 +0330] "GET /filter/b656%2Cb703%2Cb32%2Cb67%2Cb226%2Cb41%2Cb598%2Cb168%2Cb723%2Cb597%2Cb88%2Cb548%2Cb6%2Cb679%2Cb215%2Cb194%2Cb74%2Cb542%2Cb35%2Cb113%2Cb820%2Cb574%2Cb442%2Cb880%2Cb645%2Cb724%2Cb118%2Cb482%2Cb400%2Cb95%2Cb135%2Cb249%2Cb435%2Cb523%2Cb854%2Cb126%2Cstexists%2Cb216%2Cb217%2Cb152%2Cb99%2Cb188%2Cb209%2Cb192%2Cb213%2Cb136%2Cb218%2Cb4%2Cb546%2Cb603?page=7 HTTP/1.1" 200 40299 "-" "Mozilla/5.0 (compatible; Googlebot/2.1; +http://www.google.com/bot.html)" "-"
31.184.130.52 - - [22/Jan/2019:04:10:55 +0330] "GET /product/34424 HTTP/1.1" 404 32428 "-" "Mozilla/5.0 (Windows NT 6.1; WOW64) AppleWebKit/537.36 (KHTML, like Gecko) Chrome/43.0.2357.124 Safari/537.36" "-"
204.18.150.161 - - [22/Jan/2019:04:10:56 +0330] "GET /image/33888?name=model-b2048u-1-.jpg&wh=200x200 HTTP/1.1" 200 3975 "-" "Dalvik/2.1.0 (Linux; U; Android 6.0.1; SM-J500H Build/MMB29M)" "-"
66.249.66.91 - - [22/Jan/2019:04:10:56 +0330] "GET /image/26612?name=123.jpg&wh=200x200 HTTP/1.1" 200 5846 "-" "Googlebot-Image/1.0" "-"
66.249.66.91 - - [22/Jan/2019:04:10:56 +0330] "GET /filter/b703%2Cb36%2Cb41%2Cb598%2Cb168%2Cb103%2Cb614%2Cb88%2Cb19%2Cb194%2Cb321%2Cb5%2Cb261%2Cb442%2Cb484%2Cb723%2Cb573%2Cb192%2Cb724%2Cb1%2Cb435%2Cb183%2Cb542%2Cb135%2Cb878%2Cb63%2Cb497%2Cb619%2Cb219%2Cb74%2Cb151%2Cb441%2Cb568%2Cb880%2Cb647%2Cb185%2Cb584%2Cb224%2Cb213%2Cb50%2Cb3%2Cb231%2Cb99%2Cb238%2Cb82%2Cb215%2Cb95%2Cb218%2Cb249?page=216 HTTP/1.1" 200 38210 "-" "Mozilla/5.0 (compatible; Googlebot/2.1; +http://www.google.com/bot.html)" "-"
130.185.74.243 - - [22/Jan/2019:04:10:56 +0330] "GET /filter/stexists,p29,b74 HTTP/1.1" 200 30874 "-" "Mozilla/5.0 (Windows NT 6.1; rv:42.0) Gecko/20100101 Firefox/42.0" "-"
130.185.74.243 - - [22/Jan/2019:04:10:57 +0330] "GET /filter/stexists,p29,b74?page=1 HTTP/1.1" 200 29473 "-" "Mozilla/5.0 (Windows NT 6.1; rv:42.0) Gecko/20100101 Firefox/42.0" "-"
31.184.130.52 - - [22/Jan/2019:04:10:57 +0330] "GET /product/34425 HTTP/1.1" 404 32428 "-" "Mozilla/5.0 (Windows NT 6.1; WOW64) AppleWebKit/537.36 (KHTML, like Gecko) Chrome/43.0.2357.124 Safari/537.36" "-"
54.36.148.21 - - [22/Jan/2019:04:10:58 +0330] "GET /filter/p12348,v1|%DA%A9%D8%B1%D9%85%20%D9%82%D9%87%D9%88%D9%87%20%D8%A7%DB%8C,v1|%DA%A9%D8%B1%D9%85%20%D9%86%D8%A7%D8%B1%D9%86%D8%AC%DB%8C HTTP/1.1" 200 31149 "-" "Mozilla/5.0 (compatible; AhrefsBot/6.1; +http://ahrefs.com/robot/)" "-"
5.112.202.108 - - [22/Jan/2019:04:10:58 +0330] "GET /image/32757?name=eb-x41-4.jpg&wh=200x200 HTTP/1.1" 200 3763 "-" "Dalvik/1.6.0 (Linux; U; Android 4.3; GT-I9300I Build/JLS36C)" "-"
130.185.74.243 - - [22/Jan/2019:04:10:59 +0330] "GET /filter/stexists,p28,b215 HTTP/1.1" 200 30019 "-" "Mozilla/5.0 (Windows NT 6.1; rv:42.0) Gecko/20100101 Firefox/42.0" "-"
31.184.130.52 - - [22/Jan/2019:04:11:00 +0330] "GET /product/34426 HTTP/1.1" 404 32461 "-" "Mozilla/5.0 (Windows NT 6.1; WOW64) AppleWebKit/537.36 (KHTML, like Gecko) Chrome/43.0.2357.124 Safari/537.36" "-"
130.185.74.243 - - [22/Jan/2019:04:11:00 +0330] "GET /filter/stexists,p28,b215?page=1 HTTP/1.1" 200 30036 "-" "Mozilla/5.0 (Windows NT 6.1; rv:42.0) Gecko/20100101 Firefox/42.0" "-"
66.249.66.91 - - [22/Jan/2019:04:11:00 +0330] "GET /image/63173/productModel/100x100 HTTP/1.1" 200 1752 "-" "Googlebot-Image/1.0" "-"
130.185.74.243 - - [22/Jan/2019:04:11:01 +0330] "GET /filter/stexists,p8946,b215 HTTP/1.1" 200 31600 "-" "Mozilla/5.0 (Windows NT 6.1; rv:42.0) Gecko/20100101 Firefox/42.0" "-"
66.249.66.194 - - [22/Jan/2019:04:11:01 +0330] "GET /filter/p11675%2Cb433%2Cb616%2Cb845?o=b HTTP/1.1" 302 0 "-" "Mozilla/5.0 (compatible; Googlebot/2.1; +http://www.google.com/bot.html)" "-"
31.184.130.52 - - [22/Jan/2019:04:11:02 +0330] "GET /product/34427 HTTP/1.1" 404 32428 "-" "Mozilla/5.0 (Windows NT 6.1; WOW64) AppleWebKit/537.36 (KHTML, like Gecko) Chrome/43.0.2357.124 Safari/537.36" "-"
207.46.13.136 - - [22/Jan/2019:04:11:02 +0330] "GET /product/29384/%D8%AC%D8%A7%D8%B1%D9%88%D8%A8%D8%B1%D9%82%DB%8C-%D8%A8%D8%A7-%D9%BE%D8%A7%DA%A9%D8%AA-%D9%81%DB%8C%D9%84%DB%8C%D9%BE%D8%B3-%D9%85%D8%AF%D9%84-PHILIPS-Vacuum-Cleaner-FC8588 HTTP/1.1" 200 41404 "-" "Mozilla/5.0 (compatible; bingbot/2.0; +http://www.bing.com/bingbot.htm)" "-"
66.249.66.91 - - [22/Jan/2019:04:11:02 +0330] "GET /filter/b656%2Cb703%2Cb32%2Cb67%2Cb226%2Cb41%2Cb598%2Cb168%2Cb723%2Cb597%2Cb88%2Cb548%2Cb6%2Cb679%2Cb215%2Cb105%2Cb194%2Cb74%2Cb542%2Cb35%2Cb113%2Cb820%2Cb574%2Cb442%2Cb880%2Cb645%2Cb724%2Cb118%2Cb482%2Cb400%2Cb95%2Cb135%2Cb249%2Cb435%2Cb221%2Cb523%2Cb854%2Cb126%2Cstexists%2Cb216%2Cb217%2Cb152%2Cb99%2Cb192%2Cb213%2Cb136%2Cb218%2Cb648%2Cb454%2Cb258%2Cb151%2Cb22%2Cb36?page=7 HTTP/1.1" 200 40516 "-" "Mozilla/5.0 (compatible; Googlebot/2.1; +http://www.google.com/bot.html)" "-"
66.249.66.91 - - [22/Jan/2019:04:11:04 +0330] "GET /filter/b481%2Cb874%2Cb226%2Cb570%2Cb598%2Cstexists%2Cb880%2Cb270%2Cb883%2Cb99%2Cb261%2Cb249%2Cb20%2Cb701%2Cb42%2Cb879%2Cb548%2Cb183%2Cb88%2Cb308%2Cb103%2Cb1%2Cb126%2Cb523%2Cb900%2Cb192%2Cb188%2Cb703%2Cb890%2Cb148%2Cb256%2Cb651%2Cb41%2Cb647%2Cb22%2Cb613%2Cb6%2Cb221%2Cb36%2Cb614%2Cb3%2Cb216%2Cb218%2Cb136%2Cb573%2Cb151%2Cb185%2Cb32%2Cb441%2Cb143%2Cb648%2Cb203%2Cb877%2Cb209%2Cb231%2Cb485%2Cb147%2Cb484%2Cb878%2Cb186?page=8 HTTP/1.1" 200 40491 "-" "Mozilla/5.0 (compatible; Googlebot/2.1; +http://www.google.com/bot.html)" "-"
66.249.66.91 - - [22/Jan/2019:04:11:04 +0330] "GET /filter/b703%2Cb36%2Cb41%2Cb598%2Cb168%2Cb103%2Cb614%2Cb88%2Cb19%2Cb194%2Cb321%2Cb5%2Cb261%2Cb442%2Cb484%2Cb723%2Cb573%2Cb192%2Cb724%2Cb1%2Cb435%2Cb183%2Cb542%2Cb135%2Cb878%2Cb63%2Cb497%2Cb619%2Cb219%2Cb74%2Cb151%2Cb441%2Cb568%2Cb880%2Cb647%2Cb185%2Cb584%2Cb224%2Cb213%2Cb50%2Cb3%2Cb231%2Cb99%2Cb238%2Cb82%2Cb215%2Cb95%2Cb218%2Cp6213?page=23 HTTP/1.1" 200 37314 "-" "Mozilla/5.0 (compatible; Googlebot/2.1; +http://www.google.com/bot.html)" "-"
31.184.130.52 - - [22/Jan/2019:04:11:04 +0330] "GET /product/34428 HTTP/1.1" 404 32428 "-" "Mozilla/5.0 (Windows NT 6.1; WOW64) AppleWebKit/537.36 (KHTML, like Gecko) Chrome/43.0.2357.124 Safari/537.36" "-"
66.249.66.91 - - [22/Jan/2019:04:11:04 +0330] "GET /image/20976?name=ashob.jpg&wh=200x200 HTTP/1.1" 200 3067 "-" "Googlebot-Image/1.0" "-"
130.185.74.243 - - [22/Jan/2019:04:11:06 +0330] "GET /filter/stexists,p8946,b215?page=1 HTTP/1.1" 200 29751 "-" "Mozilla/5.0 (Windows NT 6.1; rv:42.0) Gecko/20100101 Firefox/42.0" "-"
