66.249.66.91 - - [22/Jan/2019:04:19:20 +0330] "GET /filter/b656%2Cb703%2Cb32%2Cb67%2Cb226%2Cb41%2Cb598%2Cb168%2Cb723%2Cb597%2Cb88%2Cb548%2Cb6%2Cb679%2Cb215%2Cb105%2Cb194%2Cb74%2Cb542%2Cb35%2Cb113%2Cb820%2Cb574%2Cb442%2Cb880%2Cb645%2Cb724%2Cb118%2Cb482%2Cb400%2Cb135%2Cb249%2Cb435%2Cb221%2Cb523%2Cb854%2Cb126%2Cstexists%2Cb216%2Cb217%2Cb152%2Cb99%2Cb192%2Cb213%2Cb136%2Cb218%2Cb648%2Cb454%2Cb258%2Cb151%2Cb186%2Cb219?page=3 HTTP/1.1" 200 40611 "-" "Mozilla/5.0 (compatible; Googlebot/2.1; +http://www.google.com/bot.html)" "-"66.249.66.91 - - [22/Jan/2019:04:19:20 +0330] "GET /filter/b656%2Cb703%2Cb32%2Cb67%2Cb226%2Cb41%2Cb598%2Cb168%2Cb723%2Cb597%2Cb88%2Cb548%2Cb6%2Cb679%2Cb215%2Cb105%2Cb194%2Cb74%2Cb542%2Cb35%2Cb113%2Cb820%2Cb574%2Cb442%2Cb880%2Cb645%2Cb724%2Cb118%2Cb482%2Cb400%2Cb135%2Cb249%2Cb435%2Cb221%2Cb523%2Cb854%2Cb126%2Cstexists%2Cb216%2Cb217%2Cb152%2Cb99%2Cb192%2Cb213%2Cb136%2Cb218%2Cb648%2Cb454%2Cb258%2Cb151%2Cb186%2Cb219?page=3 HTTP/1.1" 200 40611 "-" "Mozilla/5.0 (compatible; Googlebot/2.1; +http://www.google.com/bot.html)" "-"
91.99.72.15 - - [22/Jan/2019:04:19:20 +0330] "GET /product/31273/61204/%D9%BE%D9%86%DA%A9%D9%87-%D9%BE%D8%A7%DB%8C%D9%87-%DA%A9%D9%88%D8%AA%D8%A7%D9%87-%D8%AA%D8%A7%DB%8C%D9%81%D9%88%D9%86-%D9%85%D8%AF%D9%84-45ST-RE HTTP/1.1" 200 40690 "-" "Mozilla/5.0 (Windows NT 6.1; WOW64) AppleWebKit/535.7(KHTML, like Gecko) Chrome/16.0.912.36 Safari/535.7" "-"
37.98.49.55 - - [22/Jan/2019:04:19:20 +0330] "GET /image/310/brand HTTP/1.1" 200 2445 "https://www.zanbil.ir/m/browse/perfume/%D8%B9%D8%B7%D8%B1-%D9%88-%D8%A7%D8%AF%DA%A9%D9%84%D9%86" "Mozilla/5.0 (iPhone; CPU iPhone OS 12_1_2 like Mac OS X) AppleWebKit/605.1.15 (KHTML, like Gecko) Version/12.0 Mobile/15E148 Safari/604.1" "-"
66.249.66.91 - - [22/Jan/2019:04:19:20 +0330] "GET /image/30154?name=mdf62-2.jpg&wh=max HTTP/1.1" 200 38214 "-" "Googlebot-Image/1.0" "-"
66.249.66.91 - - [22/Jan/2019:04:19:22 +0330] "GET /filter/b36%2Cb41%2Cb598%2Cb168%2Cb103%2Cb614%2Cb88%2Cb19%2Cb194%2Cb35%2Cb321%2Cb5%2Cb261%2Cb442%2Cb484%2Cb723%2Cb573%2Cb192%2Cb724%2Cb435%2Cb183%2Cb542%2Cb63%2Cb497%2Cb619%2Cb613%2Cb126%2Cb74%2Cb441%2Cb568%2Cb880%2Cb647%2Cb185%2Cb584%2Cb224%2Cb213%2Cb3%2Cb570%2Cb198%2Cb238%2Cb485%2Cb574%2Cb186%2Cb548%2Cstexists%2Cb215%2Cb904%2Cb615%2Cb603%2Cb203%2Cb43%2Cb152%2Cb95%2Cb147%2Cb143%2Cb656%2Cb2%2Cb80%2Cb22%2Cb883%2Cb523%2Cb903%2Cb258%2Cb795?page=7 HTTP/1.1" 200 41068 "-" "Mozilla/5.0 (compatible; Googlebot/2.1; +http://www.google.com/bot.html)" "-"
207.46.13.136 - - [22/Jan/2019:04:19:23 +0330] "GET /filter/b148%2Cb1%2Cb80%2Cb19%2Cb568%2Cb679 HTTP/1.1" 200 37868 "-" "Mozilla/5.0 (compatible; bingbot/2.0; +http://www.bing.com/bingbot.htm)" "-"
37.98.49.55 - - [22/Jan/2019:04:19:24 +0330] "GET /image/60462/productModel/200x200 HTTP/1.1" 200 5198 "https://www.zanbil.ir/m/filter/p6446%2Cb226" "Mozilla/5.0 (iPhone; CPU iPhone OS 12_1_2 like Mac OS X) AppleWebKit/605.1.15 (KHTML, like Gecko) Version/12.0 Mobile/15E148 Safari/604.1" "-"
37.98.49.55 - - [22/Jan/2019:04:19:24 +0330] "GET /image/60472/productModel/200x200 HTTP/1.1" 200 4867 "https://www.zanbil.ir/m/filter/p6446%2Cb226" "Mozilla/5.0 (iPhone; CPU iPhone OS 12_1_2 like Mac OS X) AppleWebKit/605.1.15 (KHTML, like Gecko) Version/12.0 Mobile/15E148 Safari/604.1" "-"
37.98.49.55 - - [22/Jan/2019:04:19:24 +0330] "GET /image/60395/productModel/200x200 HTTP/1.1" 200 5918 "https://www.zanbil.ir/m/filter/p6446%2Cb226" "Mozilla/5.0 (iPhone; CPU iPhone OS 12_1_2 like Mac OS X) AppleWebKit/605.1.15 (KHTML, like Gecko) Version/12.0 Mobile/15E148 Safari/604.1" "-"
37.98.49.55 - - [22/Jan/2019:04:19:24 +0330] "GET /image/60476/productModel/200x200 HTTP/1.1" 200 4636 "https://www.zanbil.ir/m/filter/p6446%2Cb226" "Mozilla/5.0 (iPhone; CPU iPhone OS 12_1_2 like Mac OS X) AppleWebKit/605.1.15 (KHTML, like Gecko) Version/12.0 Mobile/15E148 Safari/604.1" "-"
37.98.49.55 - - [22/Jan/2019:04:19:24 +0330] "GET /image/60474/productModel/200x200 HTTP/1.1" 200 7876 "https://www.zanbil.ir/m/filter/p6446%2Cb226" "Mozilla/5.0 (iPhone; CPU iPhone OS 12_1_2 like Mac OS X) AppleWebKit/605.1.15 (KHTML, like Gecko) Version/12.0 Mobile/15E148 Safari/604.1" "-"
37.98.49.55 - - [22/Jan/2019:04:19:24 +0330] "GET /image/60399/productModel/200x200 HTTP/1.1" 200 4692 "https://www.zanbil.ir/m/filter/p6446%2Cb226" "Mozilla/5.0 (iPhone; CPU iPhone OS 12_1_2 like Mac OS X) AppleWebKit/605.1.15 (KHTML, like Gecko) Version/12.0 Mobile/15E148 Safari/604.1" "-"
83.121.152.4 - - [22/Jan/2019:04:19:24 +0330] "GET /image/11927?name=11927-1-fw.jpg&wh=max HTTP/1.1" 200 26538 "https://www.zanbil.ir/m/product/11927/18908/%D8%B5%D9%86%D8%AF%D9%84%DB%8C-%D9%85%D8%AF%DB%8C%D8%B1%DB%8C%D8%AA%DB%8C-%D9%86%DB%8C%D9%84%D9%BE%D8%B1-%D9%85%D8%AF%D9%84-SM814" "Mozilla/5.0 (Linux; Android 4.4.4; fa-ir; SAMSUNG GT-I9300I Build/KTU84P) AppleWebKit/537.36 (KHTML, like Gecko) Version/1.5 Chrome/28.0.1500.94 Mobile Safari/537.36" "-"
83.121.152.4 - - [22/Jan/2019:04:19:24 +0330] "GET /image/11927?name=sm814.jpg&wh=max HTTP/1.1" 200 11145 "https://www.zanbil.ir/m/product/11927/18908/%D8%B5%D9%86%D8%AF%D9%84%DB%8C-%D9%85%D8%AF%DB%8C%D8%B1%DB%8C%D8%AA%DB%8C-%D9%86%DB%8C%D9%84%D9%BE%D8%B1-%D9%85%D8%AF%D9%84-SM814" "Mozilla/5.0 (Linux; Android 4.4.4; fa-ir; SAMSUNG GT-I9300I Build/KTU84P) AppleWebKit/537.36 (KHTML, like Gecko) Version/1.5 Chrome/28.0.1500.94 Mobile Safari/537.36" "-"
207.46.13.136 - - [22/Jan/2019:04:19:25 +0330] "GET /filter/b1%2Cb132%2Cb171%2Cb36%2Cstnot-exists%2Cb50 HTTP/1.1" 200 37002 "-" "Mozilla/5.0 (compatible; bingbot/2.0; +http://www.bing.com/bingbot.htm)" "-"
37.98.49.55 - - [22/Jan/2019:04:19:26 +0330] "GET /image/60454/productModel/200x200 HTTP/1.1" 200 3310 "https://www.zanbil.ir/m/filter/p6446%2Cb226" "Mozilla/5.0 (iPhone; CPU iPhone OS 12_1_2 like Mac OS X) AppleWebKit/605.1.15 (KHTML, like Gecko) Version/12.0 Mobile/15E148 Safari/604.1" "-"
37.98.49.55 - - [22/Jan/2019:04:19:26 +0330] "GET /image/60467/productModel/200x200 HTTP/1.1" 200 5029 "https://www.zanbil.ir/m/filter/p6446%2Cb226" "Mozilla/5.0 (iPhone; CPU iPhone OS 12_1_2 like Mac OS X) AppleWebKit/605.1.15 (KHTML, like Gecko) Version/12.0 Mobile/15E148 Safari/604.1" "-"
66.249.66.194 - - [22/Jan/2019:04:19:26 +0330] "GET /product/25842/53124/%D8%B3%D8%A7%D8%B2%D8%AF%D9%87%D9%86%DB%8C-%D8%AF%DB%8C%D8%A7%D8%AA%D9%88%D9%86%DB%8C%DA%A9-HOHNER-%D9%85%D8%AF%D9%84-Marine-Band-Deluxe HTTP/1.1" 302 0 "-" "Mozilla/5.0 (Linux; Android 6.0.1; Nexus 5X Build/MMB29P) AppleWebKit/537.36 (KHTML, like Gecko) Chrome/41.0.2272.96 Mobile Safari/537.36 (compatible; Googlebot/2.1; +http://www.google.com/bot.html)" "-"
5.119.150.208 - - [22/Jan/2019:04:19:26 +0330] "GET /image/33952?name=note9m.jpg&wh=200x200 HTTP/1.1" 200 5969 "https://torob.com/p/765d352c-03a3-438d-87ae-62154f5fd73e/%DA%AF%D9%88%D8%B4%DB%8C-%D9%85%D9%88%D8%A8%D8%A7%DB%8C%D9%84-%D8%B3%D8%A7%D9%85%D8%B3%D9%88%D9%86%DA%AF-%DA%AF%D9%84%DA%A9%D8%B3%DB%8C-%D9%86%D9%88%D8%AA-9-galaxy-note-9-n960-2sim/" "Mozilla/5.0 (Linux; Android 5.1.1; SAMSUNG SM-J200H Build/LMY48B) AppleWebKit/537.36 (KHTML, like Gecko) SamsungBrowser/8.2 Chrome/63.0.3239.111 Mobile Safari/537.36" "-"
66.249.66.91 - - [22/Jan/2019:04:19:27 +0330] "GET /image/30154?name=spin_prod_1217482212_5567_pic1.jpg&wh=max HTTP/1.1" 200 139541 "-" "Googlebot-Image/1.0" "-"
37.98.49.55 - - [22/Jan/2019:04:19:27 +0330] "GET /image/60477/productModel/200x200 HTTP/1.1" 200 4821 "https://www.zanbil.ir/m/filter/p6446%2Cb226" "Mozilla/5.0 (iPhone; CPU iPhone OS 12_1_2 like Mac OS X) AppleWebKit/605.1.15 (KHTML, like Gecko) Version/12.0 Mobile/15E148 Safari/604.1" "-"
37.98.49.55 - - [22/Jan/2019:04:19:27 +0330] "GET /image/60452/productModel/200x200 HTTP/1.1" 200 4264 "https://www.zanbil.ir/m/filter/p6446%2Cb226" "Mozilla/5.0 (iPhone; CPU iPhone OS 12_1_2 like Mac OS X) AppleWebKit/605.1.15 (KHTML, like Gecko) Version/12.0 Mobile/15E148 Safari/604.1" "-"
37.98.49.55 - - [22/Jan/2019:04:19:27 +0330] "GET /image/60413/productModel/200x200 HTTP/1.1" 200 5732 "https://www.zanbil.ir/m/filter/p6446%2Cb226" "Mozilla/5.0 (iPhone; CPU iPhone OS 12_1_2 like Mac OS X) AppleWebKit/605.1.15 (KHTML, like Gecko) Version/12.0 Mobile/15E148 Safari/604.1" "-"
37.98.49.55 - - [22/Jan/2019:04:19:27 +0330] "GET /image/60438/productModel/200x200 HTTP/1.1" 200 4620 "https://www.zanbil.ir/m/filter/p6446%2Cb226" "Mozilla/5.0 (iPhone; CPU iPhone OS 12_1_2 like Mac OS X) AppleWebKit/605.1.15 (KHTML, like Gecko) Version/12.0 Mobile/15E148 Safari/604.1" "-"
83.121.152.4 - - [22/Jan/2019:04:19:28 +0330] "GET /image/18818/productModel/150x150 HTTP/1.1" 200 3219 "https://www.zanbil.ir/m/product/11927/18908/%D8%B5%D9%86%D8%AF%D9%84%DB%8C-%D9%85%D8%AF%DB%8C%D8%B1%DB%8C%D8%AA%DB%8C-%D9%86%DB%8C%D9%84%D9%BE%D8%B1-%D9%85%D8%AF%D9%84-SM814" "Mozilla/5.0 (Linux; Android 4.4.4; fa-ir; SAMSUNG GT-I9300I Build/KTU84P) AppleWebKit/537.36 (KHTML, like Gecko) Version/1.5 Chrome/28.0.1500.94 Mobile Safari/537.36" "-"
83.121.152.4 - - [22/Jan/2019:04:19:28 +0330] "GET /image/18817/productModel/150x150 HTTP/1.1" 200 3219 "https://www.zanbil.ir/m/product/11927/18908/%D8%B5%D9%86%D8%AF%D9%84%DB%8C-%D9%85%D8%AF%DB%8C%D8%B1%DB%8C%D8%AA%DB%8C-%D9%86%DB%8C%D9%84%D9%BE%D8%B1-%D9%85%D8%AF%D9%84-SM814" "Mozilla/5.0 (Linux; Android 4.4.4; fa-ir; SAMSUNG GT-I9300I Build/KTU84P) AppleWebKit/537.36 (KHTML, like Gecko) Version/1.5 Chrome/28.0.1500.94 Mobile Safari/537.36" "-"
83.121.152.4 - - [22/Jan/2019:04:19:28 +0330] "GET /image/57754/productModel/150x150 HTTP/1.1" 200 3219 "https://www.zanbil.ir/m/product/11927/18908/%D8%B5%D9%86%D8%AF%D9%84%DB%8C-%D9%85%D8%AF%DB%8C%D8%B1%DB%8C%D8%AA%DB%8C-%D9%86%DB%8C%D9%84%D9%BE%D8%B1-%D9%85%D8%AF%D9%84-SM814" "Mozilla/5.0 (Linux; Android 4.4.4; fa-ir; SAMSUNG GT-I9300I Build/KTU84P) AppleWebKit/537.36 (KHTML, like Gecko) Version/1.5 Chrome/28.0.1500.94 Mobile Safari/537.36" "-"
83.121.152.4 - - [22/Jan/2019:04:19:28 +0330] "GET /image/18819/productModel/150x150 HTTP/1.1" 200 3219 "https://www.zanbil.ir/m/product/11927/18908/%D8%B5%D9%86%D8%AF%D9%84%DB%8C-%D9%85%D8%AF%DB%8C%D8%B1%DB%8C%D8%AA%DB%8C-%D9%86%DB%8C%D9%84%D9%BE%D8%B1-%D9%85%D8%AF%D9%84-SM814" "Mozilla/5.0 (Linux; Android 4.4.4; fa-ir; SAMSUNG GT-I9300I Build/KTU84P) AppleWebKit/537.36 (KHTML, like Gecko) Version/1.5 Chrome/28.0.1500.94 Mobile Safari/537.36" "-"
83.121.152.4 - - [22/Jan/2019:04:19:28 +0330] "GET /image/18870/productModel/150x150 HTTP/1.1" 200 3207 "https://www.zanbil.ir/m/product/11927/18908/%D8%B5%D9%86%D8%AF%D9%84%DB%8C-%D9%85%D8%AF%DB%8C%D8%B1%DB%8C%D8%AA%DB%8C-%D9%86%DB%8C%D9%84%D9%BE%D8%B1-%D9%85%D8%AF%D9%84-SM814" "Mozilla/5.0 (Linux; Android 4.4.4; fa-ir; SAMSUNG GT-I9300I Build/KTU84P) AppleWebKit/537.36 (KHTML, like Gecko) Version/1.5 Chrome/28.0.1500.94 Mobile Safari/537.36" "-"
83.121.152.4 - - [22/Jan/2019:04:19:28 +0330] "GET /image/18871/productModel/150x150 HTTP/1.1" 200 3207 "https://www.zanbil.ir/m/product/11927/18908/%D8%B5%D9%86%D8%AF%D9%84%DB%8C-%D9%85%D8%AF%DB%8C%D8%B1%DB%8C%D8%AA%DB%8C-%D9%86%DB%8C%D9%84%D9%BE%D8%B1-%D9%85%D8%AF%D9%84-SM814" "Mozilla/5.0 (Linux; Android 4.4.4; fa-ir; SAMSUNG GT-I9300I Build/KTU84P) AppleWebKit/537.36 (KHTML, like Gecko) Version/1.5 Chrome/28.0.1500.94 Mobile Safari/537.36" "-"
83.121.152.4 - - [22/Jan/2019:04:19:28 +0330] "GET /image/18872/productModel/150x150 HTTP/1.1" 200 3207 "https://www.zanbil.ir/m/product/11927/18908/%D8%B5%D9%86%D8%AF%D9%84%DB%8C-%D9%85%D8%AF%DB%8C%D8%B1%DB%8C%D8%AA%DB%8C-%D9%86%DB%8C%D9%84%D9%BE%D8%B1-%D9%85%D8%AF%D9%84-SM814" "Mozilla/5.0 (Linux; Android 4.4.4; fa-ir; SAMSUNG GT-I9300I Build/KTU84P) AppleWebKit/537.36 (KHTML, like Gecko) Version/1.5 Chrome/28.0.1500.94 Mobile Safari/537.36" "-"
83.121.152.4 - - [22/Jan/2019:04:19:28 +0330] "GET /image/57752/productModel/150x150 HTTP/1.1" 200 3207 "https://www.zanbil.ir/m/product/11927/18908/%D8%B5%D9%86%D8%AF%D9%84%DB%8C-%D9%85%D8%AF%DB%8C%D8%B1%DB%8C%D8%AA%DB%8C-%D9%86%DB%8C%D9%84%D9%BE%D8%B1-%D9%85%D8%AF%D9%84-SM814" "Mozilla/5.0 (Linux; Android 4.4.4; fa-ir; SAMSUNG GT-I9300I Build/KTU84P) AppleWebKit/537.36 (KHTML, like Gecko) Version/1.5 Chrome/28.0.1500.94 Mobile Safari/537.36" "-"
66.249.66.91 - - [22/Jan/2019:04:19:28 +0330] "GET /filter/b481%2Cb874%2Cb226%2Cb570%2Cb598%2Cstexists%2Cb270%2Cb883%2Cb99%2Cb261%2Cb249%2Cb20%2Cb701%2Cb42%2Cb879%2Cb548%2Cb183%2Cb88%2Cb308%2Cb103%2Cb1%2Cb126%2Cb523%2Cb900%2Cb192%2Cb188%2Cb703%2Cb890%2Cb148%2Cb256%2Cb651%2Cb41%2Cb647%2Cb22%2Cb613%2Cb6%2Cb221%2Cb36%2Cb614%2Cb3%2Cb216%2Cb218%2Cb136%2Cb573%2Cb151%2Cb185%2Cb32%2Cb441%2Cb143%2Cb648%2Cb203%2Cb877%2Cb209%2Cb231%2Cb485%2Cb147%2Cb484%2Cb878%2Cb186?page=6 HTTP/1.1" 200 40640 "-" "Mozilla/5.0 (compatible; Googlebot/2.1; +http://www.google.com/bot.html)" "-"
83.121.152.4 - - [22/Jan/2019:04:19:28 +0330] "GET /image/18882/productModel/150x150 HTTP/1.1" 200 3011 "https://www.zanbil.ir/m/product/11927/18908/%D8%B5%D9%86%D8%AF%D9%84%DB%8C-%D9%85%D8%AF%DB%8C%D8%B1%DB%8C%D8%AA%DB%8C-%D9%86%DB%8C%D9%84%D9%BE%D8%B1-%D9%85%D8%AF%D9%84-SM814" "Mozilla/5.0 (Linux; Android 4.4.4; fa-ir; SAMSUNG GT-I9300I Build/KTU84P) AppleWebKit/537.36 (KHTML, like Gecko) Version/1.5 Chrome/28.0.1500.94 Mobile Safari/537.36" "-"
83.121.152.4 - - [22/Jan/2019:04:19:28 +0330] "GET /image/18880/productModel/150x150 HTTP/1.1" 200 3011 "https://www.zanbil.ir/m/product/11927/18908/%D8%B5%D9%86%D8%AF%D9%84%DB%8C-%D9%85%D8%AF%DB%8C%D8%B1%DB%8C%D8%AA%DB%8C-%D9%86%DB%8C%D9%84%D9%BE%D8%B1-%D9%85%D8%AF%D9%84-SM814" "Mozilla/5.0 (Linux; Android 4.4.4; fa-ir; SAMSUNG GT-I9300I Build/KTU84P) AppleWebKit/537.36 (KHTML, like Gecko) Version/1.5 Chrome/28.0.1500.94 Mobile Safari/537.36" "-"
83.121.152.4 - - [22/Jan/2019:04:19:28 +0330] "GET /image/18879/productModel/150x150 HTTP/1.1" 200 3011 "https://www.zanbil.ir/m/product/11927/18908/%D8%B5%D9%86%D8%AF%D9%84%DB%8C-%D9%85%D8%AF%DB%8C%D8%B1%DB%8C%D8%AA%DB%8C-%D9%86%DB%8C%D9%84%D9%BE%D8%B1-%D9%85%D8%AF%D9%84-SM814" "Mozilla/5.0 (Linux; Android 4.4.4; fa-ir; SAMSUNG GT-I9300I Build/KTU84P) AppleWebKit/537.36 (KHTML, like Gecko) Version/1.5 Chrome/28.0.1500.94 Mobile Safari/537.36" "-"
113.203.127.125 - - [22/Jan/2019:04:19:29 +0330] "GET /image/31743?name=sxb535ns-22.jpg&wh=200x200 HTTP/1.1" 200 3965 "https://torob.com/p/0bc876ac-b9f2-4cba-8633-fb669e5f9a3f/%DB%8C%D8%AE%DA%86%D8%A7%D9%84-%D8%B3%D8%A7%DB%8C%D8%AF-%D8%A8%D8%A7%DB%8C-%D8%B3%D8%A7%DB%8C%D8%AF-%D8%A7%D9%84-%D8%AC%DB%8C-%D9%85%D8%AF%D9%84-gsx961nsaz/" "Mozilla/5.0 (Windows NT 6.1; rv:64.0) Gecko/20100101 Firefox/64.0" "-"
113.203.127.125 - - [22/Jan/2019:04:19:29 +0330] "GET /image/31790?name=sxp450_11.jpg&wh=200x200 HTTP/1.1" 200 3819 "https://torob.com/p/0bc876ac-b9f2-4cba-8633-fb669e5f9a3f/%DB%8C%D8%AE%DA%86%D8%A7%D9%84-%D8%B3%D8%A7%DB%8C%D8%AF-%D8%A8%D8%A7%DB%8C-%D8%B3%D8%A7%DB%8C%D8%AF-%D8%A7%D9%84-%D8%AC%DB%8C-%D9%85%D8%AF%D9%84-gsx961nsaz/" "Mozilla/5.0 (Windows NT 6.1; rv:64.0) Gecko/20100101 Firefox/64.0" "-"
113.203.127.125 - - [22/Jan/2019:04:19:29 +0330] "GET /image/30960?name=md734-3.jpg&wh=200x200 HTTP/1.1" 200 3648 "https://torob.com/p/0bc876ac-b9f2-4cba-8633-fb669e5f9a3f/%DB%8C%D8%AE%DA%86%D8%A7%D9%84-%D8%B3%D8%A7%DB%8C%D8%AF-%D8%A8%D8%A7%DB%8C-%D8%B3%D8%A7%DB%8C%D8%AF-%D8%A7%D9%84-%D8%AC%DB%8C-%D9%85%D8%AF%D9%84-gsx961nsaz/" "Mozilla/5.0 (Windows NT 6.1; rv:64.0) Gecko/20100101 Firefox/64.0" "-"
113.203.127.125 - - [22/Jan/2019:04:19:29 +0330] "GET /image/27142?name=mdn76.jpg&wh=200x200 HTTP/1.1" 200 3294 "https://torob.com/p/0bc876ac-b9f2-4cba-8633-fb669e5f9a3f/%DB%8C%D8%AE%DA%86%D8%A7%D9%84-%D8%B3%D8%A7%DB%8C%D8%AF-%D8%A8%D8%A7%DB%8C-%D8%B3%D8%A7%DB%8C%D8%AF-%D8%A7%D9%84-%D8%AC%DB%8C-%D9%85%D8%AF%D9%84-gsx961nsaz/" "Mozilla/5.0 (Windows NT 6.1; rv:64.0) Gecko/20100101 Firefox/64.0" "-"
113.203.127.125 - - [22/Jan/2019:04:19:30 +0330] "GET /image/31614?name=230.jpg&wh=200x200 HTTP/1.1" 200 2915 "https://torob.com/p/0bc876ac-b9f2-4cba-8633-fb669e5f9a3f/%DB%8C%D8%AE%DA%86%D8%A7%D9%84-%D8%B3%D8%A7%DB%8C%D8%AF-%D8%A8%D8%A7%DB%8C-%D8%B3%D8%A7%DB%8C%D8%AF-%D8%A7%D9%84-%D8%AC%DB%8C-%D9%85%D8%AF%D9%84-gsx961nsaz/" "Mozilla/5.0 (Windows NT 6.1; rv:64.0) Gecko/20100101 Firefox/64.0" "-"
113.203.127.125 - - [22/Jan/2019:04:19:30 +0330] "GET /image/32087?name=sxp430-11.jpg&wh=200x200 HTTP/1.1" 200 3775 "https://torob.com/p/0bc876ac-b9f2-4cba-8633-fb669e5f9a3f/%DB%8C%D8%AE%DA%86%D8%A7%D9%84-%D8%B3%D8%A7%DB%8C%D8%AF-%D8%A8%D8%A7%DB%8C-%D8%B3%D8%A7%DB%8C%D8%AF-%D8%A7%D9%84-%D8%AC%DB%8C-%D9%85%D8%AF%D9%84-gsx961nsaz/" "Mozilla/5.0 (Windows NT 6.1; rv:64.0) Gecko/20100101 Firefox/64.0" "-"
113.203.127.125 - - [22/Jan/2019:04:19:30 +0330] "GET /image/31536?name=531.jpg&wh=200x200 HTTP/1.1" 200 3376 "https://torob.com/p/0bc876ac-b9f2-4cba-8633-fb669e5f9a3f/%DB%8C%D8%AE%DA%86%D8%A7%D9%84-%D8%B3%D8%A7%DB%8C%D8%AF-%D8%A8%D8%A7%DB%8C-%D8%B3%D8%A7%DB%8C%D8%AF-%D8%A7%D9%84-%D8%AC%DB%8C-%D9%85%D8%AF%D9%84-gsx961nsaz/" "Mozilla/5.0 (Windows NT 6.1; rv:64.0) Gecko/20100101 Firefox/64.0" "-"
113.203.127.125 - - [22/Jan/2019:04:19:30 +0330] "GET /image/30154?name=spin_prod_1217482212_5567_pic1.jpg&wh=200x200 HTTP/1.1" 200 3369 "https://torob.com/p/0bc876ac-b9f2-4cba-8633-fb669e5f9a3f/%DB%8C%D8%AE%DA%86%D8%A7%D9%84-%D8%B3%D8%A7%DB%8C%D8%AF-%D8%A8%D8%A7%DB%8C-%D8%B3%D8%A7%DB%8C%D8%AF-%D8%A7%D9%84-%D8%AC%DB%8C-%D9%85%D8%AF%D9%84-gsx961nsaz/" "Mozilla/5.0 (Windows NT 6.1; rv:64.0) Gecko/20100101 Firefox/64.0" "-"
113.203.127.125 - - [22/Jan/2019:04:19:30 +0330] "GET /image/32135?name=530s.jpg&wh=200x200 HTTP/1.1" 200 3593 "https://torob.com/p/0bc876ac-b9f2-4cba-8633-fb669e5f9a3f/%DB%8C%D8%AE%DA%86%D8%A7%D9%84-%D8%B3%D8%A7%DB%8C%D8%AF-%D8%A8%D8%A7%DB%8C-%D8%B3%D8%A7%DB%8C%D8%AF-%D8%A7%D9%84-%D8%AC%DB%8C-%D9%85%D8%AF%D9%84-gsx961nsaz/" "Mozilla/5.0 (Windows NT 6.1; rv:64.0) Gecko/20100101 Firefox/64.0" "-"
66.249.66.91 - - [22/Jan/2019:04:19:30 +0330] "GET /filter/b481%2Cb226%2Cb570%2Cb598%2Cstexists%2Cb880%2Cb270%2Cb883%2Cb99%2Cb261%2Cb249%2Cb20%2Cb701%2Cb42%2Cb879%2Cb548%2Cb183%2Cb88%2Cb308%2Cb103%2Cb1%2Cb126%2Cb523%2Cb192%2Cb188%2Cb890%2Cb148%2Cb256%2Cb454%2Cb651%2Cb41%2Cb647%2Cb22%2Cb613%2Cb6%2Cb221%2Cb36%2Cb614%2Cb3%2Cb216%2Cb218%2Cb136%2Cb573%2Cb151%2Cb185%2Cb32%2Cb441%2Cb143%2Cb648%2Cb203%2Cb877%2Cb209%2Cb231%2Cb485%2Cb147?page=10 HTTP/1.1" 200 41238 "-" "Mozilla/5.0 (compatible; Googlebot/2.1; +http://www.google.com/bot.html)" "-"
83.121.152.4 - - [22/Jan/2019:04:19:31 +0330] "GET /image/18883/productModel/150x150 HTTP/1.1" 200 3011 "https://www.zanbil.ir/m/product/11927/18908/%D8%B5%D9%86%D8%AF%D9%84%DB%8C-%D9%85%D8%AF%DB%8C%D8%B1%DB%8C%D8%AA%DB%8C-%D9%86%DB%8C%D9%84%D9%BE%D8%B1-%D9%85%D8%AF%D9%84-SM814" "Mozilla/5.0 (Linux; Android 4.4.4; fa-ir; SAMSUNG GT-I9300I Build/KTU84P) AppleWebKit/537.36 (KHTML, like Gecko) Version/1.5 Chrome/28.0.1500.94 Mobile Safari/537.36" "-"
83.121.152.4 - - [22/Jan/2019:04:19:31 +0330] "GET /image/18887/productModel/150x150 HTTP/1.1" 200 3326 "https://www.zanbil.ir/m/product/11927/18908/%D8%B5%D9%86%D8%AF%D9%84%DB%8C-%D9%85%D8%AF%DB%8C%D8%B1%DB%8C%D8%AA%DB%8C-%D9%86%DB%8C%D9%84%D9%BE%D8%B1-%D9%85%D8%AF%D9%84-SM814" "Mozilla/5.0 (Linux; Android 4.4.4; fa-ir; SAMSUNG GT-I9300I Build/KTU84P) AppleWebKit/537.36 (KHTML, like Gecko) Version/1.5 Chrome/28.0.1500.94 Mobile Safari/537.36" "-"
83.121.152.4 - - [22/Jan/2019:04:19:31 +0330] "GET /image/18889/productModel/150x150 HTTP/1.1" 200 3326 "https://www.zanbil.ir/m/product/11927/18908/%D8%B5%D9%86%D8%AF%D9%84%DB%8C-%D9%85%D8%AF%DB%8C%D8%B1%DB%8C%D8%AA%DB%8C-%D9%86%DB%8C%D9%84%D9%BE%D8%B1-%D9%85%D8%AF%D9%84-SM814" "Mozilla/5.0 (Linux; Android 4.4.4; fa-ir; SAMSUNG GT-I9300I Build/KTU84P) AppleWebKit/537.36 (KHTML, like Gecko) Version/1.5 Chrome/28.0.1500.94 Mobile Safari/537.36" "-"
113.203.127.125 - - [22/Jan/2019:04:19:31 +0330] "GET /image/31931?name=rs25-222.jpg&wh=200x200 HTTP/1.1" 200 3705 "https://torob.com/p/009ad29d-2bd9-4efd-b461-e0022c78d272/%DB%8C%D8%AE%DA%86%D8%A7%D9%84-%D9%88-%D9%81%D8%B1%DB%8C%D8%B2%D8%B1-%D8%A8%D9%88%D8%B4-%D9%85%D8%AF%D9%84-kag-90ai20-n/" "Mozilla/5.0 (Windows NT 6.1; rv:64.0) Gecko/20100101 Firefox/64.0" "-"
83.121.152.4 - - [22/Jan/2019:04:19:31 +0330] "GET /image/18888/productModel/150x150 HTTP/1.1" 200 3326 "https://www.zanbil.ir/m/product/11927/18908/%D8%B5%D9%86%D8%AF%D9%84%DB%8C-%D9%85%D8%AF%DB%8C%D8%B1%DB%8C%D8%AA%DB%8C-%D9%86%DB%8C%D9%84%D9%BE%D8%B1-%D9%85%D8%AF%D9%84-SM814" "Mozilla/5.0 (Linux; Android 4.4.4; fa-ir; SAMSUNG GT-I9300I Build/KTU84P) AppleWebKit/537.36 (KHTML, like Gecko) Version/1.5 Chrome/28.0.1500.94 Mobile Safari/537.36" "-"
83.121.152.4 - - [22/Jan/2019:04:19:31 +0330] "GET /image/57758/productModel/150x150 HTTP/1.1" 200 3326 "https://www.zanbil.ir/m/product/11927/18908/%D8%B5%D9%86%D8%AF%D9%84%DB%8C-%D9%85%D8%AF%DB%8C%D8%B1%DB%8C%D8%AA%DB%8C-%D9%86%DB%8C%D9%84%D9%BE%D8%B1-%D9%85%D8%AF%D9%84-SM814" "Mozilla/5.0 (Linux; Android 4.4.4; fa-ir; SAMSUNG GT-I9300I Build/KTU84P) AppleWebKit/537.36 (KHTML, like Gecko) Version/1.5 Chrome/28.0.1500.94 Mobile Safari/537.36" "-"
113.203.127.125 - - [22/Jan/2019:04:19:31 +0330] "GET /image/33719?name=des-2700gw-11.jpg&wh=200x200 HTTP/1.1" 200 3274 "https://torob.com/p/009ad29d-2bd9-4efd-b461-e0022c78d272/%DB%8C%D8%AE%DA%86%D8%A7%D9%84-%D9%88-%D9%81%D8%B1%DB%8C%D8%B2%D8%B1-%D8%A8%D9%88%D8%B4-%D9%85%D8%AF%D9%84-kag-90ai20-n/" "Mozilla/5.0 (Windows NT 6.1; rv:64.0) Gecko/20100101 Firefox/64.0" "-"
207.46.13.136 - - [22/Jan/2019:04:19:31 +0330] "GET /filter/b1,b103,b105,b109,b111,b113,b135,b144,b151,b176,b186,b221,b249,b261,b291,b481,b52,b598,b615,b703,b77,b83 HTTP/1.1" 200 39128 "-" "Mozilla/5.0 (compatible; bingbot/2.0; +http://www.bing.com/bingbot.htm)" "-"
83.121.152.4 - - [22/Jan/2019:04:19:31 +0330] "GET /image/23928/productModel/150x150 HTTP/1.1" 200 3358 "https://www.zanbil.ir/m/product/11927/18908/%D8%B5%D9%86%D8%AF%D9%84%DB%8C-%D9%85%D8%AF%DB%8C%D8%B1%DB%8C%D8%AA%DB%8C-%D9%86%DB%8C%D9%84%D9%BE%D8%B1-%D9%85%D8%AF%D9%84-SM814" "Mozilla/5.0 (Linux; Android 4.4.4; fa-ir; SAMSUNG GT-I9300I Build/KTU84P) AppleWebKit/537.36 (KHTML, like Gecko) Version/1.5 Chrome/28.0.1500.94 Mobile Safari/537.36" "-"
83.121.152.4 - - [22/Jan/2019:04:19:31 +0330] "GET /image/23927/productModel/150x150 HTTP/1.1" 200 3358 "https://www.zanbil.ir/m/product/11927/18908/%D8%B5%D9%86%D8%AF%D9%84%DB%8C-%D9%85%D8%AF%DB%8C%D8%B1%DB%8C%D8%AA%DB%8C-%D9%86%DB%8C%D9%84%D9%BE%D8%B1-%D9%85%D8%AF%D9%84-SM814" "Mozilla/5.0 (Linux; Android 4.4.4; fa-ir; SAMSUNG GT-I9300I Build/KTU84P) AppleWebKit/537.36 (KHTML, like Gecko) Version/1.5 Chrome/28.0.1500.94 Mobile Safari/537.36" "-"
83.121.152.4 - - [22/Jan/2019:04:19:31 +0330] "GET /image/23929/productModel/150x150 HTTP/1.1" 200 3358 "https://www.zanbil.ir/m/product/11927/18908/%D8%B5%D9%86%D8%AF%D9%84%DB%8C-%D9%85%D8%AF%DB%8C%D8%B1%DB%8C%D8%AA%DB%8C-%D9%86%DB%8C%D9%84%D9%BE%D8%B1-%D9%85%D8%AF%D9%84-SM814" "Mozilla/5.0 (Linux; Android 4.4.4; fa-ir; SAMSUNG GT-I9300I Build/KTU84P) AppleWebKit/537.36 (KHTML, like Gecko) Version/1.5 Chrome/28.0.1500.94 Mobile Safari/537.36" "-"
83.121.152.4 - - [22/Jan/2019:04:19:31 +0330] "GET /image/23930/productModel/150x150 HTTP/1.1" 200 3358 "https://www.zanbil.ir/m/product/11927/18908/%D8%B5%D9%86%D8%AF%D9%84%DB%8C-%D9%85%D8%AF%DB%8C%D8%B1%DB%8C%D8%AA%DB%8C-%D9%86%DB%8C%D9%84%D9%BE%D8%B1-%D9%85%D8%AF%D9%84-SM814" "Mozilla/5.0 (Linux; Android 4.4.4; fa-ir; SAMSUNG GT-I9300I Build/KTU84P) AppleWebKit/537.36 (KHTML, like Gecko) Version/1.5 Chrome/28.0.1500.94 Mobile Safari/537.36" "-"
113.203.127.125 - - [22/Jan/2019:04:19:31 +0330] "GET /image/27703?name=mcsa00762436_e6358_kag90ai20g_407366_def.jpg&wh=200x200 HTTP/1.1" 200 94646 "https://torob.com/p/009ad29d-2bd9-4efd-b461-e0022c78d272/%DB%8C%D8%AE%DA%86%D8%A7%D9%84-%D9%88-%D9%81%D8%B1%DB%8C%D8%B2%D8%B1-%D8%A8%D9%88%D8%B4-%D9%85%D8%AF%D9%84-kag-90ai20-n/" "Mozilla/5.0 (Windows NT 6.1; rv:64.0) Gecko/20100101 Firefox/64.0" "-"
207.46.13.136 - - [22/Jan/2019:04:19:31 +0330] "GET /filter/b1%2Cb36%2Cb201%2Cb550%2Cp1%2Cb153 HTTP/1.1" 200 37986 "-" "Mozilla/5.0 (compatible; bingbot/2.0; +http://www.bing.com/bingbot.htm)" "-"
66.249.66.91 - - [22/Jan/2019:04:19:33 +0330] "GET /filter/b656%2Cb703%2Cb32%2Cb67%2Cb226%2Cb41%2Cb598%2Cb168%2Cb723%2Cb597%2Cb88%2Cb548%2Cb6%2Cb679%2Cb215%2Cb105%2Cb194%2Cb74%2Cb542%2Cb35%2Cb113%2Cb820%2Cb574%2Cb442%2Cb880%2Cb645%2Cb724%2Cb118%2Cb482%2Cb400%2Cb95%2Cb135%2Cb249%2Cb435%2Cb221%2Cb523%2Cb854%2Cb126%2Cstexists%2Cb216%2Cb217%2Cb152%2Cb99%2Cb192%2Cb213%2Cb136%2Cb218%2Cb648%2Cb454%2Cb258%2Cb151%2Cb22%2Cb203?page=12 HTTP/1.1" 200 40678 "-" "Mozilla/5.0 (compatible; Googlebot/2.1; +http://www.google.com/bot.html)" "-"
54.36.148.243 - - [22/Jan/2019:04:19:34 +0330] "GET /filter/p12346%2Cv1%7C%D8%A2%D8%A8%DB%8C%20%D8%B1%D9%88%D8%B4%D9%86%2Cv1%7C%D9%82%D9%87%D9%88%D9%87%20%D8%A7%DB%8C.?o=v1 HTTP/1.1" 302 0 "-" "Mozilla/5.0 (compatible; AhrefsBot/6.1; +http://ahrefs.com/robot/)" "-"
83.121.152.4 - - [22/Jan/2019:04:19:34 +0330] "GET /image/11900/productType/120x90 HTTP/1.1" 200 11996 "https://www.zanbil.ir/m/product/11927/18908/%D8%B5%D9%86%D8%AF%D9%84%DB%8C-%D9%85%D8%AF%DB%8C%D8%B1%DB%8C%D8%AA%DB%8C-%D9%86%DB%8C%D9%84%D9%BE%D8%B1-%D9%85%D8%AF%D9%84-SM814" "Mozilla/5.0 (Linux; Android 4.4.4; fa-ir; SAMSUNG GT-I9300I Build/KTU84P) AppleWebKit/537.36 (KHTML, like Gecko) Version/1.5 Chrome/28.0.1500.94 Mobile Safari/537.36" "-"
83.121.152.4 - - [22/Jan/2019:04:19:34 +0330] "GET /image/28957/productType/120x90 HTTP/1.1" 200 13174 "https://www.zanbil.ir/m/product/11927/18908/%D8%B5%D9%86%D8%AF%D9%84%DB%8C-%D9%85%D8%AF%DB%8C%D8%B1%DB%8C%D8%AA%DB%8C-%D9%86%DB%8C%D9%84%D9%BE%D8%B1-%D9%85%D8%AF%D9%84-SM814" "Mozilla/5.0 (Linux; Android 4.4.4; fa-ir; SAMSUNG GT-I9300I Build/KTU84P) AppleWebKit/537.36 (KHTML, like Gecko) Version/1.5 Chrome/28.0.1500.94 Mobile Safari/537.36" "-"
83.121.152.4 - - [22/Jan/2019:04:19:35 +0330] "GET /image/28831/productType/120x90 HTTP/1.1" 200 22746 "https://www.zanbil.ir/m/product/11927/18908/%D8%B5%D9%86%D8%AF%D9%84%DB%8C-%D9%85%D8%AF%DB%8C%D8%B1%DB%8C%D8%AA%DB%8C-%D9%86%DB%8C%D9%84%D9%BE%D8%B1-%D9%85%D8%AF%D9%84-SM814" "Mozilla/5.0 (Linux; Android 4.4.4; fa-ir; SAMSUNG GT-I9300I Build/KTU84P) AppleWebKit/537.36 (KHTML, like Gecko) Version/1.5 Chrome/28.0.1500.94 Mobile Safari/537.36" "-"
83.121.152.4 - - [22/Jan/2019:04:19:36 +0330] "GET /image/28976/productType/120x90 HTTP/1.1" 200 13182 "https://www.zanbil.ir/m/product/11927/18908/%D8%B5%D9%86%D8%AF%D9%84%DB%8C-%D9%85%D8%AF%DB%8C%D8%B1%DB%8C%D8%AA%DB%8C-%D9%86%DB%8C%D9%84%D9%BE%D8%B1-%D9%85%D8%AF%D9%84-SM814" "Mozilla/5.0 (Linux; Android 4.4.4; fa-ir; SAMSUNG GT-I9300I Build/KTU84P) AppleWebKit/537.36 (KHTML, like Gecko) Version/1.5 Chrome/28.0.1500.94 Mobile Safari/537.36" "-"
54.36.149.18 - - [22/Jan/2019:04:19:36 +0330] "GET /filter/b143,b33,p48 HTTP/1.1" 200 32187 "-" "Mozilla/5.0 (compatible; AhrefsBot/6.1; +http://ahrefs.com/robot/)" "-"
66.249.66.194 - - [22/Jan/2019:04:19:36 +0330] "GET /product/28143/%DB%8C%D8%AE%DA%86%D8%A7%D9%84-%D9%81%D8%B1%DB%8C%D8%B2%D8%B1-%D9%81%D8%B1%DB%8C%D8%B2%D8%B1-%D9%BE%D8%A7%DB%8C%DB%8C%D9%86-%D8%A8%D9%84%D9%88%D9%85%D8%A8%D8%B1%DA%AF-%D9%85%D8%AF%D9%84-Blomberg-Bottom-Freezer-KND3950 HTTP/1.1" 200 41775 "-" "Mozilla/5.0 (compatible; Googlebot/2.1; +http://www.google.com/bot.html)" "-"
204.18.139.145 - - [22/Jan/2019:04:19:37 +0330] "GET /image/33888?name=model-b2048u-1-.jpg&wh=200x200 HTTP/1.1" 200 3975 "-" "Dalvik/2.1.0 (Linux; U; Android 7.1.1; SM-J250F Build/NMF26X)" "-"
185.144.64.124 - - [22/Jan/2019:04:19:38 +0330] "GET /image/18553/productType/240x180 HTTP/1.1" 200 16988 "https://www.zanbil.ir/m/browse/jewelry/%D8%B2%DB%8C%D9%88%D8%B1%D8%A7%D9%84%D8%A7%D8%AA" "Mozilla/5.0 (Linux; U; Android 4.0.4; en-us; GT-P3100 Build/IMM76D) AppleWebKit/534.30 (KHTML, like Gecko) Version/4.0 Safari/534.30" "-"
185.144.64.124 - - [22/Jan/2019:04:19:38 +0330] "GET /image/18551/productType/240x180 HTTP/1.1" 200 17167 "https://www.zanbil.ir/m/browse/jewelry/%D8%B2%DB%8C%D9%88%D8%B1%D8%A7%D9%84%D8%A7%D8%AA" "Mozilla/5.0 (Linux; U; Android 4.0.4; en-us; GT-P3100 Build/IMM76D) AppleWebKit/534.30 (KHTML, like Gecko) Version/4.0 Safari/534.30" "-"
207.46.13.136 - - [22/Jan/2019:04:19:38 +0330] "GET /filter/b1,b103,b105,b109,b111,b113,b118,b135,b144,b148,b176,b186,b221,b261,b291,b482,b484,b52,b542,b77,b80,b83 HTTP/1.1" 200 39145 "-" "Mozilla/5.0 (compatible; bingbot/2.0; +http://www.bing.com/bingbot.htm)" "-"
66.249.66.91 - - [22/Jan/2019:04:19:39 +0330] "GET /filter/b703%2Cb36%2Cb41%2Cb598%2Cb168%2Cb103%2Cb614%2Cb88%2Cb19%2Cb194%2Cb321%2Cb5%2Cb261%2Cb484%2Cb723%2Cb573%2Cb192%2Cb724%2Cb1%2Cb435%2Cb183%2Cb542%2Cb135%2Cb878%2Cb63%2Cb497%2Cb619%2Cb219%2Cb126%2Cb74%2Cb151%2Cb441%2Cb568%2Cb880%2Cb647%2Cb185%2Cb224%2Cb213%2Cb50%2Cb3%2Cb231%2Cb99%2Cb238%2Cb82%2Cb215%2Cb95%2Cb218?page=20 HTTP/1.1" 200 41137 "-" "Mozilla/5.0 (compatible; Googlebot/2.1; +http://www.google.com/bot.html)" "-"
207.46.13.136 - - [22/Jan/2019:04:19:39 +0330] "GET /filter/b105,b249,b299,b614 HTTP/1.1" 200 36515 "-" "Mozilla/5.0 (compatible; bingbot/2.0; +http://www.bing.com/bingbot.htm)" "-"
66.249.66.91 - - [22/Jan/2019:04:19:40 +0330] "GET /filter/b656%2Cb703%2Cb32%2Cb67%2Cb226%2Cb41%2Cb598%2Cb168%2Cb723%2Cb597%2Cb88%2Cb548%2Cb6%2Cb679%2Cb215%2Cb105%2Cb194%2Cb74%2Cb542%2Cb35%2Cb113%2Cb820%2Cb574%2Cb442%2Cb880%2Cb645%2Cb724%2Cb118%2Cb482%2Cb400%2Cb95%2Cb135%2Cb249%2Cb435%2Cb221%2Cb523%2Cb854%2Cb126%2Cstexists%2Cb216%2Cb217%2Cb152%2Cb99%2Cb192%2Cb213%2Cb136%2Cb218%2Cb648%2Cb454%2Cb258%2Cb151%2Cb186%2Cb219%2Cb3%2Cb270?page=9 HTTP/1.1" 200 40453 "-" "Mozilla/5.0 (compatible; Googlebot/2.1; +http://www.google.com/bot.html)" "-"
37.98.49.55 - - [22/Jan/2019:04:19:41 +0330] "GET /image/230/brand HTTP/1.1" 200 2079 "https://www.zanbil.ir/m/filter/p6446%2Cb226" "Mozilla/5.0 (iPhone; CPU iPhone OS 12_1_2 like Mac OS X) AppleWebKit/605.1.15 (KHTML, like Gecko) Version/12.0 Mobile/15E148 Safari/604.1" "-"
37.98.49.55 - - [22/Jan/2019:04:19:41 +0330] "GET /image/276/brand HTTP/1.1" 200 2116 "https://www.zanbil.ir/m/filter/p6446%2Cb226" "Mozilla/5.0 (iPhone; CPU iPhone OS 12_1_2 like Mac OS X) AppleWebKit/605.1.15 (KHTML, like Gecko) Version/12.0 Mobile/15E148 Safari/604.1" "-"
66.249.66.194 - - [22/Jan/2019:04:19:41 +0330] "GET /product/17158?model=32973 HTTP/1.1" 404 32459 "-" "Mozilla/5.0 (compatible; Googlebot/2.1; +http://www.google.com/bot.html)" "-"
185.144.64.124 - - [22/Jan/2019:04:19:42 +0330] "GET /image/627/mainSlideMobile HTTP/1.1" 200 82167 "https://www.zanbil.ir/m/browse/jewelry/%D8%B2%DB%8C%D9%88%D8%B1%D8%A7%D9%84%D8%A7%D8%AA" "Mozilla/5.0 (Linux; U; Android 4.0.4; en-us; GT-P3100 Build/IMM76D) AppleWebKit/534.30 (KHTML, like Gecko) Version/4.0 Safari/534.30" "-"
37.98.49.55 - - [22/Jan/2019:04:19:42 +0330] "GET /image/290/brand HTTP/1.1" 200 2002 "https://www.zanbil.ir/m/filter/p6446%2Cb226" "Mozilla/5.0 (iPhone; CPU iPhone OS 12_1_2 like Mac OS X) AppleWebKit/605.1.15 (KHTML, like Gecko) Version/12.0 Mobile/15E148 Safari/604.1" "-"
37.98.49.55 - - [22/Jan/2019:04:19:42 +0330] "GET /image/282/brand HTTP/1.1" 200 2006 "https://www.zanbil.ir/m/filter/p6446%2Cb226" "Mozilla/5.0 (iPhone; CPU iPhone OS 12_1_2 like Mac OS X) AppleWebKit/605.1.15 (KHTML, like Gecko) Version/12.0 Mobile/15E148 Safari/604.1" "-"
37.98.49.55 - - [22/Jan/2019:04:19:42 +0330] "GET /image/369/brand HTTP/1.1" 200 2136 "https://www.zanbil.ir/m/filter/p6446%2Cb226" "Mozilla/5.0 (iPhone; CPU iPhone OS 12_1_2 like Mac OS X) AppleWebKit/605.1.15 (KHTML, like Gecko) Version/12.0 Mobile/15E148 Safari/604.1" "-"
37.98.49.55 - - [22/Jan/2019:04:19:43 +0330] "GET /image/269/brand HTTP/1.1" 200 2046 "https://www.zanbil.ir/m/filter/p6446%2Cb226" "Mozilla/5.0 (iPhone; CPU iPhone OS 12_1_2 like Mac OS X) AppleWebKit/605.1.15 (KHTML, like Gecko) Version/12.0 Mobile/15E148 Safari/604.1" "-"
37.98.49.55 - - [22/Jan/2019:04:19:43 +0330] "GET /image/525/brand HTTP/1.1" 200 2138 "https://www.zanbil.ir/m/filter/p6446%2Cb226" "Mozilla/5.0 (iPhone; CPU iPhone OS 12_1_2 like Mac OS X) AppleWebKit/605.1.15 (KHTML, like Gecko) Version/12.0 Mobile/15E148 Safari/604.1" "-"
66.249.66.194 - - [22/Jan/2019:04:19:44 +0330] "GET /product/29140/58380/%D8%AC%D8%A7%D8%B1%D9%88%D8%A8%D8%B1%D9%82%DB%8C-%D8%A8%D8%A7-%D9%BE%D8%A7%DA%A9%D8%AA-%D8%B1%D9%88%D9%88%D9%86%D8%AA%D8%A7-%D9%85%D8%AF%D9%84-RO1767 HTTP/1.1" 302 0 "-" "Mozilla/5.0 (Linux; Android 6.0.1; Nexus 5X Build/MMB29P) AppleWebKit/537.36 (KHTML, like Gecko) Chrome/41.0.2272.96 Mobile Safari/537.36 (compatible; Googlebot/2.1; +http://www.google.com/bot.html)" "-"
37.98.49.55 - - [22/Jan/2019:04:19:45 +0330] "GET /image/278/brand HTTP/1.1" 200 2439 "https://www.zanbil.ir/m/filter/p6446%2Cb226" "Mozilla/5.0 (iPhone; CPU iPhone OS 12_1_2 like Mac OS X) AppleWebKit/605.1.15 (KHTML, like Gecko) Version/12.0 Mobile/15E148 Safari/604.1" "-"
157.55.39.175 - - [22/Jan/2019:04:19:45 +0330] "GET /image/51482/productModel/100x100 HTTP/1.1" 200 2257 "-" "Mozilla/5.0 (compatible; bingbot/2.0; +http://www.bing.com/bingbot.htm)" "-"
37.98.49.55 - - [22/Jan/2019:04:19:45 +0330] "GET /image/220/brand HTTP/1.1" 200 2283 "https://www.zanbil.ir/m/filter/p6446%2Cb226" "Mozilla/5.0 (iPhone; CPU iPhone OS 12_1_2 like Mac OS X) AppleWebKit/605.1.15 (KHTML, like Gecko) Version/12.0 Mobile/15E148 Safari/604.1" "-"
66.249.66.91 - - [22/Jan/2019:04:19:45 +0330] "GET /filter/b656%2Cb703%2Cb67%2Cb226%2Cb41%2Cb598%2Cb168%2Cb723%2Cb597%2Cb88%2Cb548%2Cb6%2Cb679%2Cb215%2Cb105%2Cb194%2Cb74%2Cb542%2Cb35%2Cb113%2Cb820%2Cb574%2Cb442%2Cb880%2Cb645%2Cb724%2Cb118%2Cb482%2Cb400%2Cb95%2Cb135%2Cb249%2Cb435%2Cb221%2Cb523%2Cb854%2Cb126%2Cstexists%2Cb216%2Cb217%2Cb152%2Cb99%2Cb188%2Cb209%2Cb192%2Cb213%2Cb136%2Cb218%2Cb4%2Cb648%2Cb258%2Cb270%2Cb180%2Cb256?page=43 HTTP/1.1" 200 40617 "-" "Mozilla/5.0 (compatible; Googlebot/2.1; +http://www.google.com/bot.html)" "-"
157.55.39.175 - - [22/Jan/2019:04:19:46 +0330] "GET /image/12349/productType/240x180 HTTP/1.1" 200 41089 "-" "Mozilla/5.0 (compatible; bingbot/2.0; +http://www.bing.com/bingbot.htm)" "-"
37.98.49.55 - - [22/Jan/2019:04:19:46 +0330] "GET /image/305/brand HTTP/1.1" 200 1902 "https://www.zanbil.ir/m/filter/p6446%2Cb226" "Mozilla/5.0 (iPhone; CPU iPhone OS 12_1_2 like Mac OS X) AppleWebKit/605.1.15 (KHTML, like Gecko) Version/12.0 Mobile/15E148 Safari/604.1" "-"
37.98.49.55 - - [22/Jan/2019:04:19:47 +0330] "GET /image/228/brand HTTP/1.1" 200 2450 "https://www.zanbil.ir/m/filter/p6446%2Cb226" "Mozilla/5.0 (iPhone; CPU iPhone OS 12_1_2 like Mac OS X) AppleWebKit/605.1.15 (KHTML, like Gecko) Version/12.0 Mobile/15E148 Safari/604.1" "-"
66.249.66.91 - - [22/Jan/2019:04:19:47 +0330] "GET /filter/b656%2Cb703%2Cb32%2Cb67%2Cb226%2Cb41%2Cb598%2Cb168%2Cb723%2Cb597%2Cb88%2Cb548%2Cb6%2Cb679%2Cb215%2Cb105%2Cb194%2Cb74%2Cb542%2Cb35%2Cb113%2Cb820%2Cb574%2Cb442%2Cb880%2Cb645%2Cb724%2Cb118%2Cb482%2Cb400%2Cb95%2Cb135%2Cb249%2Cb221%2Cb523%2Cb854%2Cb126%2Cstexists%2Cb216%2Cb217%2Cb152%2Cb99%2Cb188%2Cb209%2Cb192%2Cb213%2Cb136%2Cb218%2Cb4%2Cb648%2Cb454%2Cb147%2Cb258%2Cb883?page=2 HTTP/1.1" 200 41234 "-" "Mozilla/5.0 (compatible; Googlebot/2.1; +http://www.google.com/bot.html)" "-"
207.46.13.136 - - [22/Jan/2019:04:19:47 +0330] "GET /filter/b186%2Cb219%2Cb202?page=3 HTTP/1.1" 200 36499 "-" "Mozilla/5.0 (compatible; bingbot/2.0; +http://www.bing.com/bingbot.htm)" "-"
31.184.130.52 - - [22/Jan/2019:04:19:47 +0330] "GET /product/34392 HTTP/1.1" 200 40638 "-" "Mozilla/5.0 (Windows NT 6.1; WOW64) AppleWebKit/537.36 (KHTML, like Gecko) Chrome/43.0.2357.124 Safari/537.36" "-"
54.36.148.109 - - [22/Jan/2019:04:19:47 +0330] "GET /product/31569/88708 HTTP/1.1" 200 42851 "-" "Mozilla/5.0 (compatible; AhrefsBot/6.1; +http://ahrefs.com/robot/)" "-"
157.55.39.175 - - [22/Jan/2019:04:19:47 +0330] "GET /image/52773/productModel/100x100 HTTP/1.1" 200 2966 "-" "Mozilla/5.0 (compatible; bingbot/2.0; +http://www.bing.com/bingbot.htm)" "-"
66.249.66.91 - - [22/Jan/2019:04:19:47 +0330] "GET /filter/b656%2Cb703%2Cb32%2Cb67%2Cb226%2Cb41%2Cb598%2Cb168%2Cb723%2Cb597%2Cb88%2Cb548%2Cb6%2Cb679%2Cb215%2Cb105%2Cb194%2Cb74%2Cb542%2Cb35%2Cb113%2Cb820%2Cb574%2Cb442%2Cb880%2Cb645%2Cb724%2Cb118%2Cb482%2Cb400%2Cb95%2Cb135%2Cb249%2Cb435%2Cb221%2Cb523%2Cb854%2Cb126%2Cstexists%2Cb216%2Cb217%2Cb152%2Cb99%2Cb192%2Cb213%2Cb136%2Cb218%2Cb648%2Cb454%2Cb258%2Cb151%2Cb485?page=4 HTTP/1.1" 200 40349 "-" "Mozilla/5.0 (compatible; Googlebot/2.1; +http://www.google.com/bot.html)" "-"
37.98.49.55 - - [22/Jan/2019:04:19:47 +0330] "GET /image/200/brand HTTP/1.1" 200 2693 "https://www.zanbil.ir/m/filter/p6446%2Cb226" "Mozilla/5.0 (iPhone; CPU iPhone OS 12_1_2 like Mac OS X) AppleWebKit/605.1.15 (KHTML, like Gecko) Version/12.0 Mobile/15E148 Safari/604.1" "-"
207.46.13.136 - - [22/Jan/2019:04:19:47 +0330] "GET /filter/b153,b43,b67,b97,p1 HTTP/1.1" 200 38466 "-" "Mozilla/5.0 (compatible; bingbot/2.0; +http://www.bing.com/bingbot.htm)" "-"
157.55.39.175 - - [22/Jan/2019:04:19:47 +0330] "GET /image/52773/productModel/150x150 HTTP/1.1" 200 4944 "-" "Mozilla/5.0 (compatible; bingbot/2.0; +http://www.bing.com/bingbot.htm)" "-"
91.99.72.15 - - [22/Jan/2019:04:19:48 +0330] "GET /product/28076/56750/%D9%87%D9%88%D8%AF-%D8%B4%D9%88%D9%85%DB%8C%D9%86%D9%87-%D8%A7%DB%8C-%D8%A7%D8%AE%D9%88%D8%A7%D9%86-%D9%85%D8%AF%D9%84-H-10 HTTP/1.1" 200 42546 "-" "Mozilla/5.0 (X11; Linux x86_64) AppleWebKit/537.36 (KHTML, like Gecko) Chrome/53.0.2785.92 Safari/537.36" "-"
17.58.102.43 - - [22/Jan/2019:04:19:48 +0330] "GET /filter/b188%2Cb67%2Cb542%2Cb204%2Cb277%2Cb175%2Cb553%2Cb439%2Cb434%2Cb291%2Cb494%2Cb45%2Cb195%2Cststop-production%2Cb231%2Cb8%2Cb615%2Cb180 HTTP/1.1" 200 33701 "-" "Mozilla/5.0 (Macintosh; Intel Mac OS X 10_10_1) AppleWebKit/600.2.5 (KHTML, like Gecko) Version/8.0.2 Safari/600.2.5 (Applebot/0.1; +http://www.apple.com/go/applebot)" "-"
54.36.148.97 - - [22/Jan/2019:04:19:48 +0330] "GET /filter/1818%7C%D8%AF%D8%A7%D8%B1%D8%A7%DB%8C%2010%20%D8%AF%D9%85%D8%A7%DB%8C%20%D9%82%D8%A7%D8%A8%D9%84%20%D8%AA%D9%86%D8%B8%DB%8C%D9%85%20%D8%A7%D8%B2%20140%20%D8%AA%D8%A7%20230%20%D8%AF%D8%B1%D8%AC%D9%87%E2%80%8C%DB%8C%20%D8%B3%D8%A7%D9%86%D8%AA%DB%8C%E2%80%8C%DA%AF%D8%B1%D8%A7%D8%AF%20%2Cp5623%2Cv1%7C%D8%A2%D8%A8%DB%8C.?o=v1 HTTP/1.1" 302 0 "-" "Mozilla/5.0 (compatible; AhrefsBot/6.1; +http://ahrefs.com/robot/)" "-"
157.55.39.175 - - [22/Jan/2019:04:19:48 +0330] "GET /image/60792/productModel/150x150 HTTP/1.1" 200 2920 "-" "Mozilla/5.0 (compatible; bingbot/2.0; +http://www.bing.com/bingbot.htm)" "-"
157.55.39.175 - - [22/Jan/2019:04:19:48 +0330] "GET /image/27518/productModel/100x100 HTTP/1.1" 200 2426 "-" "Mozilla/5.0 (compatible; bingbot/2.0; +http://www.bing.com/bingbot.htm)" "-"
37.98.49.55 - - [22/Jan/2019:04:19:48 +0330] "GET /image/211/brand HTTP/1.1" 200 2086 "https://www.zanbil.ir/m/filter/p6446%2Cb226" "Mozilla/5.0 (iPhone; CPU iPhone OS 12_1_2 like Mac OS X) AppleWebKit/605.1.15 (KHTML, like Gecko) Version/12.0 Mobile/15E148 Safari/604.1" "-"
91.99.72.15 - - [22/Jan/2019:04:19:49 +0330] "GET /product/31260/61191/%D9%BE%D9%86%DA%A9%D9%87-%D8%AF%DB%8C%D9%88%D8%A7%D8%B1%DB%8C-%D8%AA%D8%A7%DB%8C%D9%81%D9%88%D9%86-%D9%85%D8%AF%D9%84-F65WT HTTP/1.1" 200 41422 "-" "Mozilla/5.0 (Windows NT 6.1; WOW64) AppleWebKit/535.7(KHTML, like Gecko) Chrome/16.0.912.36 Safari/535.7" "-"
37.98.49.55 - - [22/Jan/2019:04:19:49 +0330] "GET /image/203/brand HTTP/1.1" 200 2392 "https://www.zanbil.ir/m/filter/p6446%2Cb226" "Mozilla/5.0 (iPhone; CPU iPhone OS 12_1_2 like Mac OS X) AppleWebKit/605.1.15 (KHTML, like Gecko) Version/12.0 Mobile/15E148 Safari/604.1" "-"
37.98.49.55 - - [22/Jan/2019:04:19:50 +0330] "GET /image/377/brand HTTP/1.1" 200 1944 "https://www.zanbil.ir/m/filter/p6446%2Cb226" "Mozilla/5.0 (iPhone; CPU iPhone OS 12_1_2 like Mac OS X) AppleWebKit/605.1.15 (KHTML, like Gecko) Version/12.0 Mobile/15E148 Safari/604.1" "-"
91.99.72.15 - - [22/Jan/2019:04:19:50 +0330] "GET /product/28555/57411/%D8%A7%D8%AC%D8%A7%D9%82-%DA%AF%D8%A7%D8%B2-%D8%B5%D9%81%D8%AD%D9%87-%D8%A7%DB%8C-%D8%AF%D8%A7%D8%AA%DB%8C%D8%B3-%D9%85%D8%AF%D9%84-DG-516 HTTP/1.1" 200 42938 "-" "Mozilla/5.0 (Windows NT 6.2; Win64; x64; rv:16.0)Gecko/16.0 Firefox/16.0" "-"
17.58.102.43 - - [22/Jan/2019:04:19:50 +0330] "GET /filter/b571%2Cb288%2Cb70%2Cb365%2Cb471%2Cb408%2Cb530%2Cb305%2Cb466%2Cb36%2Cb490%2Cb580%2Cb264%2Cb521%2Cb572%2Cb126%2Cb103%2Cb242?page=1 HTTP/1.1" 200 38761 "-" "Mozilla/5.0 (Macintosh; Intel Mac OS X 10_10_1) AppleWebKit/600.2.5 (KHTML, like Gecko) Version/8.0.2 Safari/600.2.5 (Applebot/0.1; +http://www.apple.com/go/applebot)" "-"
37.98.49.55 - - [22/Jan/2019:04:19:50 +0330] "GET /image/201/brand HTTP/1.1" 200 2094 "https://www.zanbil.ir/m/filter/p6446%2Cb226" "Mozilla/5.0 (iPhone; CPU iPhone OS 12_1_2 like Mac OS X) AppleWebKit/605.1.15 (KHTML, like Gecko) Version/12.0 Mobile/15E148 Safari/604.1" "-"
66.249.66.91 - - [22/Jan/2019:04:19:51 +0330] "GET /image/206/brand HTTP/1.1" 200 2114 "-" "Googlebot-Image/1.0" "-"
204.18.139.145 - - [22/Jan/2019:04:19:51 +0330] "GET /image/11947?name=11947-1-fw.jpg&wh=200x200 HTTP/1.1" 200 4167 "-" "Dalvik/2.1.0 (Linux; U; Android 7.1.1; SM-J250F Build/NMF26X)" "-"
37.98.49.55 - - [22/Jan/2019:04:19:51 +0330] "GET /image/235/brand HTTP/1.1" 200 2068 "https://www.zanbil.ir/m/filter/p6446%2Cb226" "Mozilla/5.0 (iPhone; CPU iPhone OS 12_1_2 like Mac OS X) AppleWebKit/605.1.15 (KHTML, like Gecko) Version/12.0 Mobile/15E148 Safari/604.1" "-"
91.99.72.15 - - [22/Jan/2019:04:19:51 +0330] "GET /product/31756/61918/%D8%A7%D8%AC%D8%A7%D9%82-%DA%AF%D8%A7%D8%B2-%D8%B5%D9%81%D8%AD%D9%87-%D8%A7%DB%8C-%D8%B3%D8%A7%D9%85%D8%B3%D9%88%D9%86%DA%AF-%D9%85%D8%AF%D9%84-GN40 HTTP/1.1" 200 42814 "-" "Mozilla/5.0 (X11; Linux x86_64) AppleWebKit/537.36 (KHTML, like Gecko) Chrome/53.0.2785.92 Safari/537.36" "-"
207.46.13.136 - - [22/Jan/2019:04:19:52 +0330] "GET /filter/b189,b43,b581 HTTP/1.1" 200 37118 "-" "Mozilla/5.0 (compatible; bingbot/2.0; +http://www.bing.com/bingbot.htm)" "-"
37.98.49.55 - - [22/Jan/2019:04:19:52 +0330] "GET /image/265/brand HTTP/1.1" 200 2097 "https://www.zanbil.ir/m/filter/p6446%2Cb226" "Mozilla/5.0 (iPhone; CPU iPhone OS 12_1_2 like Mac OS X) AppleWebKit/605.1.15 (KHTML, like Gecko) Version/12.0 Mobile/15E148 Safari/604.1" "-"
31.184.130.52 - - [22/Jan/2019:04:19:52 +0330] "GET /product/34394 HTTP/1.1" 200 40770 "-" "Mozilla/5.0 (Windows NT 6.1; WOW64) AppleWebKit/537.36 (KHTML, like Gecko) Chrome/43.0.2357.124 Safari/537.36" "-"
37.98.49.55 - - [22/Jan/2019:04:19:52 +0330] "GET /image/299/brand HTTP/1.1" 200 1908 "https://www.zanbil.ir/m/filter/p6446%2Cb226" "Mozilla/5.0 (iPhone; CPU iPhone OS 12_1_2 like Mac OS X) AppleWebKit/605.1.15 (KHTML, like Gecko) Version/12.0 Mobile/15E148 Safari/604.1" "-"
37.98.49.55 - - [22/Jan/2019:04:19:53 +0330] "GET /image/270/brand HTTP/1.1" 200 2754 "https://www.zanbil.ir/m/filter/p6446%2Cb226" "Mozilla/5.0 (iPhone; CPU iPhone OS 12_1_2 like Mac OS X) AppleWebKit/605.1.15 (KHTML, like Gecko) Version/12.0 Mobile/15E148 Safari/604.1" "-"
37.98.49.55 - - [22/Jan/2019:04:19:54 +0330] "GET /image/383/brand HTTP/1.1" 200 2212 "https://www.zanbil.ir/m/filter/p6446%2Cb226" "Mozilla/5.0 (iPhone; CPU iPhone OS 12_1_2 like Mac OS X) AppleWebKit/605.1.15 (KHTML, like Gecko) Version/12.0 Mobile/15E148 Safari/604.1" "-"
37.98.49.55 - - [22/Jan/2019:04:19:54 +0330] "GET /image/374/brand HTTP/1.1" 200 1953 "https://www.zanbil.ir/m/filter/p6446%2Cb226" "Mozilla/5.0 (iPhone; CPU iPhone OS 12_1_2 like Mac OS X) AppleWebKit/605.1.15 (KHTML, like Gecko) Version/12.0 Mobile/15E148 Safari/604.1" "-"
66.249.66.91 - - [22/Jan/2019:04:19:55 +0330] "GET /filter/b481%2Cb874%2Cb226%2Cb570%2Cb598%2Cstexists%2Cb880%2Cb270%2Cb903%2Cb883%2Cb99%2Cb261%2Cb249%2Cb701%2Cb42%2Cb879%2Cb198%2Cb548%2Cb183%2Cb88%2Cb308%2Cb103%2Cb126%2Cb523%2Cb900%2Cb192%2Cb188%2Cb703%2Cb890%2Cb148%2Cb236%2Cb256%2Cb454%2Cb651%2Cb41%2Cb202%2Cb647%2Cb4%2Cb613%2Cb6%2Cb221%2Cb36%2Cb614%2Cb3%2Cb216%2Cb43%2Cb136%2Cb573%2Cb185%2Cb32%2Cb441%2Cb484%2Cb143%2Cb63%2Cb20?page=77 HTTP/1.1" 200 41403 "-" "Mozilla/5.0 (compatible; Googlebot/2.1; +http://www.google.com/bot.html)" "-"
157.55.39.175 - - [22/Jan/2019:04:19:55 +0330] "GET /image/44968/productModel/150x150 HTTP/1.1" 200 3443 "-" "Mozilla/5.0 (compatible; bingbot/2.0; +http://www.bing.com/bingbot.htm)" "-"
66.249.66.91 - - [22/Jan/2019:04:19:55 +0330] "GET /filter/b703%2Cb36%2Cb41%2Cb598%2Cb168%2Cb103%2Cb614%2Cb88%2Cb19%2Cb194%2Cb321%2Cb5%2Cb261%2Cb442%2Cb484%2Cb723%2Cb573%2Cb192%2Cb724%2Cb1%2Cb435%2Cb183%2Cb542%2Cb135%2Cb878%2Cb63%2Cb497%2Cb619%2Cb219%2Cb126%2Cb74%2Cb151%2Cb441%2Cb568%2Cb880%2Cb647%2Cb185%2Cb224%2Cb213%2Cb50%2Cb3%2Cb231%2Cb99%2Cb238%2Cb82%2Cb215%2Cb95%2Cb218%2Cb118?page=21 HTTP/1.1" 200 41290 "-" "Mozilla/5.0 (compatible; Googlebot/2.1; +http://www.google.com/bot.html)" "-"
157.55.39.175 - - [22/Jan/2019:04:19:55 +0330] "GET /image/59192/productModel/150x150 HTTP/1.1" 200 3434 "-" "Mozilla/5.0 (compatible; bingbot/2.0; +http://www.bing.com/bingbot.htm)" "-"
37.98.49.55 - - [22/Jan/2019:04:19:56 +0330] "GET /image/284/brand HTTP/1.1" 200 2272 "https://www.zanbil.ir/m/filter/p6446%2Cb226" "Mozilla/5.0 (iPhone; CPU iPhone OS 12_1_2 like Mac OS X) AppleWebKit/605.1.15 (KHTML, like Gecko) Version/12.0 Mobile/15E148 Safari/604.1" "-"
37.98.49.55 - - [22/Jan/2019:04:19:56 +0330] "GET /image/206/brand HTTP/1.1" 200 2114 "https://www.zanbil.ir/m/filter/p6446%2Cb226" "Mozilla/5.0 (iPhone; CPU iPhone OS 12_1_2 like Mac OS X) AppleWebKit/605.1.15 (KHTML, like Gecko) Version/12.0 Mobile/15E148 Safari/604.1" "-"
66.249.66.91 - - [22/Jan/2019:04:19:56 +0330] "GET /filter/b481%2Cb874%2Cb226%2Cb570%2Cb598%2Cstexists%2Cb880%2Cb270%2Cb883%2Cb99%2Cb261%2Cb249%2Cb20%2Cb701%2Cb42%2Cb548%2Cb183%2Cb88%2Cb308%2Cb103%2Cb1%2Cb126%2Cb523%2Cb900%2Cb192%2Cb188%2Cb703%2Cb890%2Cb148%2Cb256%2Cb651%2Cb41%2Cb647%2Cb613%2Cb6%2Cb221%2Cb36%2Cb614%2Cb3%2Cb216%2Cb218%2Cb136%2Cb573%2Cb151%2Cb185%2Cb32%2Cb441%2Cb143%2Cb648%2Cb203%2Cb209%2Cb231%2Cb485%2Cb147%2Cb484%2Cp1?page=9 HTTP/1.1" 200 41703 "-" "Mozilla/5.0 (compatible; Googlebot/2.1; +http://www.google.com/bot.html)" "-"
37.98.49.55 - - [22/Jan/2019:04:19:57 +0330] "GET /image/420/brand HTTP/1.1" 200 2074 "https://www.zanbil.ir/m/filter/p6446%2Cb226" "Mozilla/5.0 (iPhone; CPU iPhone OS 12_1_2 like Mac OS X) AppleWebKit/605.1.15 (KHTML, like Gecko) Version/12.0 Mobile/15E148 Safari/604.1" "-"
37.98.49.55 - - [22/Jan/2019:04:19:57 +0330] "GET /image/315/brand HTTP/1.1" 200 1921 "https://www.zanbil.ir/m/filter/p6446%2Cb226" "Mozilla/5.0 (iPhone; CPU iPhone OS 12_1_2 like Mac OS X) AppleWebKit/605.1.15 (KHTML, like Gecko) Version/12.0 Mobile/15E148 Safari/604.1" "-"
37.98.49.55 - - [22/Jan/2019:04:19:57 +0330] "GET /image/208/brand HTTP/1.1" 200 2283 "https://www.zanbil.ir/m/filter/p6446%2Cb226" "Mozilla/5.0 (iPhone; CPU iPhone OS 12_1_2 like Mac OS X) AppleWebKit/605.1.15 (KHTML, like Gecko) Version/12.0 Mobile/15E148 Safari/604.1" "-"
37.98.49.55 - - [22/Jan/2019:04:20:00 +0330] "GET /image/332/brand HTTP/1.1" 200 2087 "https://www.zanbil.ir/m/filter/p6446%2Cb226" "Mozilla/5.0 (iPhone; CPU iPhone OS 12_1_2 like Mac OS X) AppleWebKit/605.1.15 (KHTML, like Gecko) Version/12.0 Mobile/15E148 Safari/604.1" "-"
54.36.148.106 - - [22/Jan/2019:04:20:01 +0330] "GET /filter/b584%2Cp5936%2Cv1%7C%D8%B3%D9%81%DB%8C%D8%AF.?o=v1 HTTP/1.1" 302 0 "-" "Mozilla/5.0 (compatible; AhrefsBot/6.1; +http://ahrefs.com/robot/)" "-"
37.98.49.55 - - [22/Jan/2019:04:20:01 +0330] "GET /image/359/brand HTTP/1.1" 200 1989 "https://www.zanbil.ir/m/filter/p6446%2Cb226" "Mozilla/5.0 (iPhone; CPU iPhone OS 12_1_2 like Mac OS X) AppleWebKit/605.1.15 (KHTML, like Gecko) Version/12.0 Mobile/15E148 Safari/604.1" "-"
54.36.149.59 - - [22/Jan/2019:04:20:01 +0330] "GET /filter/p10280,v1|%D8%B3%D9%81%DB%8C%D8%AF%20%D8%A2%D8%A8%DB%8C,v1|%D9%85%D8%B4%DA%A9%DB%8C%20%D9%86%D9%82%D8%B1%D9%87%20%D8%A7%DB%8C HTTP/1.1" 200 32282 "-" "Mozilla/5.0 (compatible; AhrefsBot/6.1; +http://ahrefs.com/robot/)" "-"
66.249.66.91 - - [22/Jan/2019:04:20:01 +0330] "GET /filter/b656%2Cb703%2Cb32%2Cb67%2Cb226%2Cb41%2Cb598%2Cb168%2Cb723%2Cb597%2Cb88%2Cb548%2Cb6%2Cb679%2Cb215%2Cb105%2Cb194%2Cb74%2Cb542%2Cb35%2Cb113%2Cb820%2Cb574%2Cb442%2Cb880%2Cb645%2Cb724%2Cb118%2Cb482%2Cb400%2Cb95%2Cb135%2Cb249%2Cb435%2Cb221%2Cb523%2Cb854%2Cb126%2Cstexists%2Cb216%2Cb217%2Cb152%2Cb99%2Cb192%2Cb213%2Cb136%2Cb218%2Cb648%2Cb454%2Cb258%2Cb151%2Cb22%2Cb203?page=7 HTTP/1.1" 200 41498 "-" "Mozilla/5.0 (compatible; Googlebot/2.1; +http://www.google.com/bot.html)" "-"
37.98.49.55 - - [22/Jan/2019:04:20:01 +0330] "GET /image/308/brand HTTP/1.1" 200 2050 "https://www.zanbil.ir/m/filter/p6446%2Cb226" "Mozilla/5.0 (iPhone; CPU iPhone OS 12_1_2 like Mac OS X) AppleWebKit/605.1.15 (KHTML, like Gecko) Version/12.0 Mobile/15E148 Safari/604.1" "-"
37.98.49.55 - - [22/Jan/2019:04:20:01 +0330] "GET /image/395/brand HTTP/1.1" 200 2093 "https://www.zanbil.ir/m/filter/p6446%2Cb226" "Mozilla/5.0 (iPhone; CPU iPhone OS 12_1_2 like Mac OS X) AppleWebKit/605.1.15 (KHTML, like Gecko) Version/12.0 Mobile/15E148 Safari/604.1" "-"
5.202.219.137 - - [22/Jan/2019:04:20:02 +0330] "GET /image/32019?name=mate10-22.jpg&wh=max HTTP/1.1" 200 43225 "https://www.zanbil.ir/m/product/32019/65144/%DA%AF%D9%88%D8%B4%DB%8C-%D9%85%D9%88%D8%A8%D8%A7%DB%8C%D9%84-%D9%87%D9%88%D8%A7%D9%88%DB%8C-%D9%85%D8%AF%D9%84-Mate-10-Dual-64GB-%28ALP-L29%29" "Mozilla/5.0 (Linux; Android 6.0.1; SM-T705) AppleWebKit/537.36 (KHTML, like Gecko) Chrome/71.0.3578.99 Safari/537.36" "-"
37.98.49.55 - - [22/Jan/2019:04:20:02 +0330] "GET /image/292/brand HTTP/1.1" 200 2119 "https://www.zanbil.ir/m/filter/p6446%2Cb226" "Mozilla/5.0 (iPhone; CPU iPhone OS 12_1_2 like Mac OS X) AppleWebKit/605.1.15 (KHTML, like Gecko) Version/12.0 Mobile/15E148 Safari/604.1" "-"
37.98.49.55 - - [22/Jan/2019:04:20:02 +0330] "GET /image/307/brand HTTP/1.1" 200 2030 "https://www.zanbil.ir/m/filter/p6446%2Cb226" "Mozilla/5.0 (iPhone; CPU iPhone OS 12_1_2 like Mac OS X) AppleWebKit/605.1.15 (KHTML, like Gecko) Version/12.0 Mobile/15E148 Safari/604.1" "-"
66.249.66.91 - - [22/Jan/2019:04:20:03 +0330] "GET /filter/b703%2Cb36%2Cb41%2Cb598%2Cb168%2Cb103%2Cb614%2Cb88%2Cb19%2Cb35%2Cb321%2Cb261%2Cb484%2Cb723%2Cb192%2Cb724%2Cb1%2Cb435%2Cb183%2Cb542%2Cb878%2Cb63%2Cb497%2Cb619%2Cb613%2Cb219%2Cb126%2Cb74%2Cb441%2Cb568%2Cb880%2Cb647%2Cb185%2Cb224%2Cb213%2Cb3%2Cb99%2Cb238%2Cb95%2Cb6%2Cb43%2Cb80%2Cb778%2Cstexists?page=189 HTTP/1.1" 200 31898 "-" "Mozilla/5.0 (compatible; Googlebot/2.1; +http://www.google.com/bot.html)" "-"
