66.249.66.194 - - [22/Jan/2019:04:24:57 +0330] "GET /filter/p5666%2Crt5000000%2Cstexists%2C4593%7C%D8%A2%D8%AF%D8%A7%D9%BE%D8%AA%D9%88%D8%B1%20%D8%A8%D8%B1%D9%82%20%D9%88%20%D8%A7%D8%B3%D8%AA%D9%86%D8%AF%20%D8%B4%D8%A7%D8%B1%DA%98 HTTP/1.1" 200 33095 "-" "Mozilla/5.0 (compatible; Googlebot/2.1; +http://www.google.com/bot.html)" "-"
66.249.66.91 - - [22/Jan/2019:04:24:58 +0330] "GET /filter/b656%2Cb703%2Cb67%2Cb226%2Cb41%2Cb598%2Cb168%2Cb723%2Cb597%2Cb88%2Cb548%2Cb6%2Cb679%2Cb215%2Cb105%2Cb194%2Cb74%2Cb542%2Cb35%2Cb113%2Cb820%2Cb574%2Cb442%2Cb880%2Cb645%2Cb724%2Cb118%2Cb482%2Cb400%2Cb95%2Cb135%2Cb249%2Cb435%2Cb221%2Cb523%2Cb854%2Cb126%2Cstexists%2Cb216%2Cb217%2Cb152%2Cb99%2Cb188%2Cb209%2Cb192%2Cb213%2Cb136%2Cb218%2Cb4%2Cb648%2Cb258%2Cb270%2Cb180%2Cb256%2Cp11893?page=3 HTTP/1.1" 200 36162 "-" "Mozilla/5.0 (compatible; Googlebot/2.1; +http://www.google.com/bot.html)" "-"
157.55.39.245 - - [22/Jan/2019:04:24:58 +0330] "GET /product/31774/%D8%AA%D8%B1%D8%A7%D8%B2%D9%88-%D8%AF%DB%8C%D8%AC%DB%8C%D8%AA%D8%A7%D9%84-%D8%A8%DB%8C%D9%88%D8%B1%D8%B1-%D9%85%D8%AF%D9%84-KS28 HTTP/1.1" 200 40782 "-" "Mozilla/5.0 (compatible; bingbot/2.0; +http://www.bing.com/bingbot.htm)" "-"
54.36.149.33 - - [22/Jan/2019:04:25:00 +0330] "GET /filter/b874%2Cp19%2Cb879 HTTP/1.1" 200 31962 "-" "Mozilla/5.0 (compatible; AhrefsBot/6.1; +http://ahrefs.com/robot/)" "-"
91.99.72.15 - - [22/Jan/2019:04:25:00 +0330] "GET /product/4053 HTTP/1.1" 200 41714 "-" "Mozilla/5.0 (Windows NT 6.2; Win64; x64; rv:16.0)Gecko/16.0 Firefox/16.0" "-"
66.249.66.194 - - [22/Jan/2019:04:25:02 +0330] "GET /filter/b58%2Cp48%2Cb63 HTTP/1.1" 200 33446 "-" "Mozilla/5.0 (compatible; Googlebot/2.1; +http://www.google.com/bot.html)" "-"
91.99.72.15 - - [22/Jan/2019:04:25:02 +0330] "GET /product/30420/60111/%D8%B9%D8%B7%D8%B1-%D9%88-%D8%A7%D8%AF%DA%A9%D9%84%D9%86-%D8%B2%D9%86%D8%A7%D9%86%D9%87-Loewe-%D9%85%D8%AF%D9%84-Aura-Loewe-Magnetica HTTP/1.1" 200 43088 "-" "Mozilla/5.0 (X11; Linux x86_64) AppleWebKit/537.36 (KHTML, like Gecko) Chrome/53.0.2785.92 Safari/537.36" "-"
207.46.13.136 - - [22/Jan/2019:04:25:03 +0330] "GET /filter/b1%2Cb131%2Cb134%2Cb20 HTTP/1.1" 200 36695 "-" "Mozilla/5.0 (compatible; bingbot/2.0; +http://www.bing.com/bingbot.htm)" "-"
91.99.72.15 - - [22/Jan/2019:04:25:04 +0330] "GET /product/31398?model=61354&utm_medium=PPC&utm_source=Torob HTTP/1.1" 200 42853 "-" "Mozilla/5.0 (Windows NT 6.2; Win64; x64; rv:16.0)Gecko/16.0 Firefox/16.0" "-"
66.249.66.91 - - [22/Jan/2019:04:25:05 +0330] "GET /filter/b656%2Cb703%2Cb32%2Cb67%2Cb226%2Cb41%2Cb598%2Cb168%2Cb723%2Cb597%2Cb88%2Cb548%2Cb6%2Cb679%2Cb215%2Cb105%2Cb194%2Cb74%2Cb542%2Cb35%2Cb113%2Cb820%2Cb574%2Cb442%2Cb880%2Cb645%2Cb724%2Cb118%2Cb482%2Cb400%2Cb95%2Cb135%2Cb249%2Cb435%2Cb221%2Cb523%2Cb854%2Cb126%2Cstexists%2Cb216%2Cb217%2Cb152%2Cb99%2Cb188%2Cb209%2Cb192%2Cb213%2Cb136%2Cb218%2Cb4%2Cb546%2Cb603%2Cb147%2Cb615?page=2 HTTP/1.1" 200 40268 "-" "Mozilla/5.0 (compatible; Googlebot/2.1; +http://www.google.com/bot.html)" "-"
174.116.70.251 - - [22/Jan/2019:04:25:05 +0330] "GET /image/27502?name=1.9+edit.jpg&wh=200x200 HTTP/1.1" 200 7275 "https://torob.com/search/?query=%D9%84%D8%A7%DA%A9%20nevada&page=5" "Mozilla/5.0 (Linux; Android 7.0; SAMSUNG SM-A510F Build/NRD90M) AppleWebKit/537.36 (KHTML, like Gecko) SamsungBrowser/7.2 Chrome/59.0.3071.125 Mobile Safari/537.36" "-"
66.249.66.194 - - [22/Jan/2019:04:25:06 +0330] "GET /product/34369/65340/117901 HTTP/1.1" 404 32445 "-" "Mozilla/5.0 (compatible; Googlebot/2.1; +http://www.google.com/bot.html)" "-"
66.249.66.194 - - [22/Jan/2019:04:25:06 +0330] "GET /product/34174/65149/49x7077f-3.jpg HTTP/1.1" 200 42598 "-" "Googlebot-Image/1.0" "-"
66.249.66.91 - - [22/Jan/2019:04:25:06 +0330] "GET /filter/b656%2Cb703%2Cb32%2Cb67%2Cb226%2Cb41%2Cb598%2Cb168%2Cb723%2Cb597%2Cb88%2Cb548%2Cb6%2Cb679%2Cb215%2Cb105%2Cb194%2Cb74%2Cb542%2Cb35%2Cb113%2Cb820%2Cb574%2Cb442%2Cb880%2Cb645%2Cb724%2Cb118%2Cb482%2Cb400%2Cb95%2Cb135%2Cb249%2Cb435%2Cb221%2Cb523%2Cb854%2Cb126%2Cstexists%2Cb216%2Cb217%2Cb152%2Cb99%2Cb192%2Cb213%2Cb218%2Cb648%2Cb454%2Cb258%2Cb151%2Cb22%2Cb36%2Cb202?page=1 HTTP/1.1" 200 41164 "-" "Mozilla/5.0 (compatible; Googlebot/2.1; +http://www.google.com/bot.html)" "-"
66.249.66.91 - - [22/Jan/2019:04:25:08 +0330] "GET /filter/b703%2Cb36%2Cb41%2Cb598%2Cb168%2Cb103%2Cb614%2Cb88%2Cb19%2Cb194%2Cb321%2Cb5%2Cb261%2Cb442%2Cb484%2Cb573%2Cb192%2Cb724%2Cb1%2Cb435%2Cb183%2Cb135%2Cb878%2Cb63%2Cb497%2Cb619%2Cb219%2Cb126%2Cb74%2Cb151%2Cb441%2Cb568%2Cb880%2Cb647%2Cb185%2Cb224%2Cb213%2Cb50%2Cb3%2Cb231%2Cb99%2Cb238%2Cb82%2Cb215%2Cb95%2Cb218%2Cb118%2Cb543%2Cb603%2Cb42?page=209 HTTP/1.1" 200 39845 "-" "Mozilla/5.0 (compatible; Googlebot/2.1; +http://www.google.com/bot.html)" "-"
157.55.39.245 - - [22/Jan/2019:04:25:09 +0330] "GET /product/4495 HTTP/1.1" 200 42459 "-" "Mozilla/5.0 (compatible; bingbot/2.0; +http://www.bing.com/bingbot.htm)" "-"
5.123.88.42 - - [22/Jan/2019:04:25:10 +0330] "GET /image/16392?name=e.jpg&wh=200x200 HTTP/1.1" 200 5203 "-" "Dalvik/2.1.0 (Linux; U; Android 8.0.0; SM-A520F Build/R16NW)" "-"
5.123.88.42 - - [22/Jan/2019:04:25:10 +0330] "GET /image/16401?name=snowa-ss80.jpg&wh=200x200 HTTP/1.1" 200 4569 "-" "Dalvik/2.1.0 (Linux; U; Android 8.0.0; SM-A520F Build/R16NW)" "-"
17.58.102.43 - - [22/Jan/2019:04:25:10 +0330] "GET /filter/b571%2Cb288%2Cb70%2Cb365%2Cb454%2Cb481%2Cb332%2Cb274%2Cb548%2Cb598%2Cb456%2Cb148 HTTP/1.1" 200 38107 "-" "Mozilla/5.0 (Macintosh; Intel Mac OS X 10_10_1) AppleWebKit/600.2.5 (KHTML, like Gecko) Version/8.0.2 Safari/600.2.5 (Applebot/0.1; +http://www.apple.com/go/applebot)" "-"
40.77.167.170 - - [22/Jan/2019:04:25:12 +0330] "GET /filter/b1%2Cb225%2Cb3 HTTP/1.1" 200 36505 "-" "Mozilla/5.0 (compatible; bingbot/2.0; +http://www.bing.com/bingbot.htm)" "-"
66.249.66.194 - - [22/Jan/2019:04:25:12 +0330] "GET /filter/p10%2Cv1%7C%D8%B3%D9%81%DB%8C%D8%AF%2Ct113%2C585%7C2000%20%D8%AA%D8%A7%202500?productType=tea-maker&o=585 HTTP/1.1" 302 0 "-" "Mozilla/5.0 (compatible; Googlebot/2.1; +http://www.google.com/bot.html)" "-"
66.249.66.91 - - [22/Jan/2019:04:25:13 +0330] "GET /filter/b481%2Cb226%2Cb570%2Cb80%2Cb270%2Cb903%2Cb883%2Cb152%2Cb249%2Cb20%2Cb701%2Cb723%2Cb42%2Cb198%2Cb35%2Cb183%2Cb219%2Cb308%2Cb523%2Cb900%2Cb188%2Cb703%2Cb890%2Cb236%2Cb74%2Cb400%2Cb209%2Cb19%2Cb454%2Cb651%2Cb202%2Cb4%2Cb22%2Cb238%2Cb6%2Cb596%2Cb143%2Cb877%2Cb485%2Cb221%2Cb194%2Cb136%2Cb647%2Cb497%2Cb546%2Cb105%2Cb185%2Cb568%2Cb151%2Cb88%2Cb43%2Cb597%2Cb103%2Cb613%2Cb880%2Cb212%2Cb861%2Cb148%2Cb135%2Cb186%2Cb778%2Cb113%2Cb99%2Cb584%2Cb724%2Cb224%2Cb63%2Cb36?page=183 HTTP/1.1" 200 40903 "-" "Mozilla/5.0 (compatible; Googlebot/2.1; +http://www.google.com/bot.html)" "-"
157.55.39.245 - - [22/Jan/2019:04:25:13 +0330] "GET /product/32123/%D8%B3%D8%B4%D9%88%D8%A7%D8%B1-%D8%A8%D8%B1%D8%B3-%D8%AF%D8%A7%D8%B1-%D8%B1%D9%85%DB%8C%D9%86%DA%AF%D8%AA%D9%88%D9%86-%D9%85%D8%AF%D9%84-Remington-Rotating-Air-Brush-AS7050 HTTP/1.1" 200 39977 "-" "Mozilla/5.0 (compatible; bingbot/2.0; +http://www.bing.com/bingbot.htm)" "-"
66.249.66.91 - - [22/Jan/2019:04:25:14 +0330] "GET /filter/b703%2Cb36%2Cb41%2Cb598%2Cb168%2Cb103%2Cb614%2Cb88%2Cb19%2Cb194%2Cb321%2Cb5%2Cb261%2Cb442%2Cb484%2Cb723%2Cb573%2Cb192%2Cb724%2Cb1%2Cb435%2Cb183%2Cb542%2Cb135%2Cb878%2Cb63%2Cb497%2Cb619%2Cb219%2Cb126%2Cb74%2Cb151%2Cb441%2Cb568%2Cb880%2Cb647%2Cb185%2Cb224%2Cb213%2Cb50%2Cb3%2Cb231%2Cb99%2Cb238%2Cb82%2Cb215%2Cb95%2Cb218%2Cb6%2Cb778%2Cb2?page=24 HTTP/1.1" 200 40911 "-" "Mozilla/5.0 (compatible; Googlebot/2.1; +http://www.google.com/bot.html)" "-"
95.64.55.171 - - [22/Jan/2019:04:25:15 +0330] "GET /image/33968?name=6p-m1.jpg&wh=200x200 HTTP/1.1" 200 5852 "-" "Dalvik/2.1.0 (Linux; U; Android 8.0.0; SM-J600G Build/R16NW)" "-"
66.249.66.194 - - [22/Jan/2019:04:25:15 +0330] "GET /filter/p10%2Cv1%7C%D8%B3%D9%81%DB%8C%D8%AF%2Ct113%2C585%7C2000%20%D8%AA%D8%A7%202500?productType=tea-maker HTTP/1.1" 200 32319 "-" "Mozilla/5.0 (compatible; Googlebot/2.1; +http://www.google.com/bot.html)" "-"
157.55.39.245 - - [22/Jan/2019:04:25:15 +0330] "GET /filter/b130,b41,b67,p1 HTTP/1.1" 200 38641 "-" "Mozilla/5.0 (compatible; bingbot/2.0; +http://www.bing.com/bingbot.htm)" "-"
13.66.139.0 - - [22/Jan/2019:04:25:16 +0330] "GET /filter/b2,b484,b5 HTTP/1.1" 200 37628 "-" "Mozilla/5.0 (compatible; bingbot/2.0; +http://www.bing.com/bingbot.htm)" "-"
92.114.78.201 - - [22/Jan/2019:04:25:17 +0330] "GET /image/32184?name=wpu-9900f-113.jpg&wh=200x200 HTTP/1.1" 200 2282 "-" "Dalvik/2.1.0 (Linux; U; Android 8.0.0; SM-G570F Build/R16NW)" "-"
91.99.72.15 - - [22/Jan/2019:04:25:17 +0330] "GET /product/1429?model=2401 HTTP/1.1" 200 40969 "-" "Mozilla/5.0 (Macintosh; Intel Mac OS X 10_7_3) AppleWebKit/534.55.3 (KHTML, like Gecko) Version/5.1.3 Safari/534.53.10" "-"
66.249.66.91 - - [22/Jan/2019:04:25:18 +0330] "GET /filter/b703%2Cb36%2Cb41%2Cb598%2Cb168%2Cb103%2Cb614%2Cb88%2Cb19%2Cb194%2Cb321%2Cb5%2Cb261%2Cb442%2Cb484%2Cb723%2Cb573%2Cb192%2Cb724%2Cb1%2Cb435%2Cb183%2Cb542%2Cb135%2Cb878%2Cb63%2Cb497%2Cb619%2Cb219%2Cb126%2Cb74%2Cb151%2Cb441%2Cb568%2Cb880%2Cb647%2Cb185%2Cb224%2Cb213%2Cb50%2Cb3%2Cb231%2Cb99%2Cb238%2Cb82%2Cb215%2Cb95%2Cb218%2Cb6%2Cb778%2Cb2?page=21 HTTP/1.1" 200 40027 "-" "Mozilla/5.0 (compatible; Googlebot/2.1; +http://www.google.com/bot.html)" "-"
157.55.39.245 - - [22/Jan/2019:04:25:19 +0330] "GET /product/5913/6502/%D8%A7%D9%BE%DB%8C%D9%84%D8%A7%D8%AA%D9%88%D8%B1-%D9%81%DB%8C%D9%84%DB%8C%D9%BE%D8%B3-%D9%85%D8%AF%D9%84-HP6420-00 HTTP/1.1" 200 41272 "-" "Mozilla/5.0 (compatible; bingbot/2.0; +http://www.bing.com/bingbot.htm)" "-"
91.99.72.15 - - [22/Jan/2019:04:25:19 +0330] "GET /product/27411/55781/%DA%A9%D9%88%D9%84%D8%B1-%DA%AF%D8%A7%D8%B2%DB%8C-%D8%A7%D8%B3%D9%BE%D9%84%DB%8C%D8%AA-%D9%85%DB%8C%D8%AF%DB%8C%D8%A7-%D9%85%D8%AF%D9%84-30H11i HTTP/1.1" 200 44538 "-" "Mozilla/5.0 (Macintosh; Intel Mac OS X 10_7_3) AppleWebKit/534.55.3 (KHTML, like Gecko) Version/5.1.3 Safari/534.53.10" "-"
91.99.72.15 - - [22/Jan/2019:04:25:19 +0330] "GET /product/27781/56371/%DA%AF%D9%88%D8%B4%DB%8C-%D8%AA%D9%84%D9%81%D9%86-%D8%A8%DB%8C-%D8%B3%DB%8C%D9%85-%D9%BE%D8%A7%D9%86%D8%A7%D8%B3%D9%88%D9%86%DB%8C%DA%A9-%D9%85%D8%AF%D9%84-KX-TG3811BX HTTP/1.1" 200 40918 "-" "Mozilla/5.0 (X11; Linux x86_64) AppleWebKit/537.36 (KHTML, like Gecko) Chrome/53.0.2785.92 Safari/537.36" "-"
91.99.72.15 - - [22/Jan/2019:04:25:20 +0330] "GET /product/32904/63392/%D9%88%DB%8C%D9%84%DA%86%D8%B1-%D8%AD%D9%85%D8%A7%D9%85%DB%8C-%DA%A9%D8%A7%DB%8C%D8%A7%D9%86%DA%AF-%D9%85%D8%AF%D9%84-608 HTTP/1.1" 404 32508 "-" "Mozilla/5.0 (Windows NT 6.1; WOW64) AppleWebKit/535.7(KHTML, like Gecko) Chrome/16.0.912.36 Safari/535.7" "-"
66.249.66.91 - - [22/Jan/2019:04:25:20 +0330] "GET /filter/b656%2Cb703%2Cb32%2Cb67%2Cb226%2Cb41%2Cb598%2Cb168%2Cb723%2Cb597%2Cb88%2Cb548%2Cb6%2Cb679%2Cb215%2Cb105%2Cb194%2Cb74%2Cb542%2Cb35%2Cb113%2Cb820%2Cb574%2Cb442%2Cb880%2Cb645%2Cb724%2Cb118%2Cb482%2Cb400%2Cb95%2Cb135%2Cb249%2Cb435%2Cb221%2Cb523%2Cb854%2Cb126%2Cstexists%2Cb216%2Cb217%2Cb152%2Cb99%2Cb192%2Cb213%2Cb218%2Cb648%2Cb454%2Cb258%2Cb151%2Cb22%2Cb36%2Cb874?page=2 HTTP/1.1" 200 40586 "-" "Mozilla/5.0 (compatible; Googlebot/2.1; +http://www.google.com/bot.html)" "-"
5.124.197.62 - - [22/Jan/2019:04:25:22 +0330] "GET /image/31026?name=huawei-y5ii-1.jpg&wh=max HTTP/1.1" 200 66282 "https://www.zanbil.ir/m/product/31026/%DA%AF%D9%88%D8%B4%DB%8C-%D9%85%D9%88%D8%A8%D8%A7%DB%8C%D9%84-%D9%87%D9%88%D8%A7%D9%88%DB%8C-%D9%85%D8%AF%D9%84-Y5II-Dual-8GB-%28CUN-U29%29" "Mozilla/5.0 (Linux; Android 5.1; HUAWEI CUN-U29) AppleWebKit/537.36 (KHTML, like Gecko) Chrome/71.0.3578.98 Mobile Safari/537.36" "-"
54.36.148.104 - - [22/Jan/2019:04:25:23 +0330] "GET /filter/5277|12113,5277|96000,p41 HTTP/1.1" 200 29754 "-" "Mozilla/5.0 (compatible; AhrefsBot/6.1; +http://ahrefs.com/robot/)" "-"
54.36.148.191 - - [22/Jan/2019:04:25:24 +0330] "GET /filter/c510|%D8%B4%D8%AF%D8%AA%20%D8%AA%D9%85%D8%B1%DB%8C%D9%86%D8%A7%D8%AA,p6385,v1|%D9%82%D8%B1%D9%85%D8%B2%20%D9%86%D8%A7%D8%B1%D9%86%D8%AC%DB%8C HTTP/1.1" 200 31631 "-" "Mozilla/5.0 (compatible; AhrefsBot/6.1; +http://ahrefs.com/robot/)" "-"
207.46.13.136 - - [22/Jan/2019:04:25:24 +0330] "GET /image/4495/product/50x50 HTTP/1.1" 200 1107 "-" "Mozilla/5.0 (compatible; bingbot/2.0; +http://www.bing.com/bingbot.htm)" "-"
66.249.66.91 - - [22/Jan/2019:04:25:25 +0330] "GET /filter/b481%2Cb226%2Cb570%2Cb80%2Cb270%2Cb903%2Cb883%2Cb152%2Cb249%2Cb20%2Cb701%2Cb723%2Cb42%2Cb198%2Cb35%2Cb183%2Cb219%2Cb308%2Cb523%2Cb900%2Cb188%2Cb703%2Cb890%2Cb236%2Cb74%2Cb400%2Cb209%2Cb19%2Cb454%2Cb651%2Cb202%2Cb4%2Cb22%2Cb238%2Cb6%2Cb596%2Cb143%2Cb485%2Cb221%2Cb194%2Cb136%2Cb647%2Cb497%2Cb546%2Cb105%2Cb185%2Cb568%2Cb151%2Cb88%2Cb43%2Cb597%2Cb103%2Cb613%2Cb880%2Cb212%2Cb861%2Cb148%2Cb135%2Cb186%2Cb778%2Cb113%2Cb99%2Cb584%2Cb724%2Cb224%2Cb63?page=175 HTTP/1.1" 200 41084 "-" "Mozilla/5.0 (compatible; Googlebot/2.1; +http://www.google.com/bot.html)" "-"
23.101.169.3 - - [22/Jan/2019:04:25:25 +0330] "GET /filter/b215 HTTP/1.1" 200 36606 "-" "Mozilla/5.0 (compatible; MSIE 9.0; Windows NT 6.1; Trident/5.0;  Trident/5.0)" "-"
66.249.66.194 - - [22/Jan/2019:04:25:26 +0330] "GET /product/14939/27228/%D8%B5%D9%86%D8%AF%D9%84%DB%8C-%DA%A9%D9%86%D9%81%D8%B1%D8%A7%D9%86%D8%B3%DB%8C-%D8%A7%D9%86%D8%AA%D8%B8%D8%A7%D8%B1-%D9%84%DB%8C%D9%88-%D9%85%D8%AF%D9%84-T73i HTTP/1.1" 302 0 "-" "Mozilla/5.0 (Linux; Android 6.0.1; Nexus 5X Build/MMB29P) AppleWebKit/537.36 (KHTML, like Gecko) Chrome/41.0.2272.96 Mobile Safari/537.36 (compatible; Googlebot/2.1; +http://www.google.com/bot.html)" "-"
66.249.66.91 - - [22/Jan/2019:04:25:26 +0330] "GET /filter/b481%2Cb226%2Cb570%2Cb80%2Cb270%2Cb903%2Cb883%2Cb152%2Cb249%2Cb20%2Cb701%2Cb723%2Cb42%2Cb198%2Cb35%2Cb183%2Cb219%2Cb308%2Cb523%2Cb900%2Cb188%2Cb703%2Cb890%2Cb236%2Cb74%2Cb400%2Cb209%2Cb19%2Cb454%2Cb651%2Cb202%2Cb4%2Cb22%2Cb238%2Cb6%2Cb596%2Cb143%2Cb877%2Cb485%2Cb221%2Cb194%2Cb136%2Cb647%2Cb497%2Cb546%2Cb105%2Cb185%2Cb568%2Cb151%2Cb88%2Cb43%2Cb597%2Cb103%2Cb613%2Cb880%2Cb212%2Cb861%2Cb148%2Cb135%2Cb186%2Cb778%2Cb113%2Cb99%2Cb584%2Cb724%2Cb224%2Cb63%2Cb36?page=175 HTTP/1.1" 200 41743 "-" "Mozilla/5.0 (compatible; Googlebot/2.1; +http://www.google.com/bot.html)" "-"
207.46.13.136 - - [22/Jan/2019:04:25:26 +0330] "GET /product/11969?model=19111 HTTP/1.1" 200 41190 "-" "Mozilla/5.0 (compatible; bingbot/2.0; +http://www.bing.com/bingbot.htm)" "-"
23.101.169.3 - - [22/Jan/2019:04:25:27 +0330] "GET /image/%7B%7BbasketItem.id%7D%7D?type=productModel&wh=50x50 HTTP/1.1" 200 5 "https://www.zanbil.ir/filter/b215" "Mozilla/5.0 (compatible; MSIE 9.0; Windows NT 6.1; Trident/5.0;  Trident/5.0)" "-"
207.46.13.136 - - [22/Jan/2019:04:25:27 +0330] "GET /product/24513?model=51353 HTTP/1.1" 200 40829 "-" "Mozilla/5.0 (compatible; bingbot/2.0; +http://www.bing.com/bingbot.htm)" "-"
207.46.13.136 - - [22/Jan/2019:04:25:27 +0330] "GET /image/4495?name=fp7367.jpg&wh=300x300 HTTP/1.1" 200 8455 "-" "Mozilla/5.0 (compatible; bingbot/2.0; +http://www.bing.com/bingbot.htm)" "-"
66.249.66.91 - - [22/Jan/2019:04:25:28 +0330] "GET /image/34219?name=r728antikekaj-1.jpg&wh=200x200 HTTP/1.1" 200 4012 "-" "Googlebot-Image/1.0" "-"
176.65.177.140 - - [22/Jan/2019:04:25:28 +0330] "GET /image/30260?name=-touch-45.jpg&wh=200x200 HTTP/1.1" 200 3582 "http://torob.com/search?category_id=361&query=touch%20%D8%A7%D8%AF%DA%A9%D9%84%D9%86&page=1" "Mozilla/5.0 (Windows NT 6.1) AppleWebKit/537.36 (KHTML, like Gecko) Chrome/71.0.3578.98 Safari/537.36" "-"
207.46.13.136 - - [22/Jan/2019:04:25:29 +0330] "GET /product/25811?model=53064 HTTP/1.1" 200 40056 "-" "Mozilla/5.0 (compatible; bingbot/2.0; +http://www.bing.com/bingbot.htm)" "-"
40.77.167.170 - - [22/Jan/2019:04:25:30 +0330] "GET /filter/b136,b74,p7 HTTP/1.1" 200 33453 "-" "Mozilla/5.0 (compatible; bingbot/2.0; +http://www.bing.com/bingbot.htm)" "-"
40.77.167.170 - - [22/Jan/2019:04:25:31 +0330] "GET /filter/b111,b140,b2,b43 HTTP/1.1" 200 36808 "-" "Mozilla/5.0 (compatible; bingbot/2.0; +http://www.bing.com/bingbot.htm)" "-"
54.36.149.37 - - [22/Jan/2019:04:25:31 +0330] "GET /filter/b1,b67,p65,v582|70%20%D8%A7%DB%8C%D9%86%DA%86 HTTP/1.1" 200 31536 "-" "Mozilla/5.0 (compatible; AhrefsBot/6.1; +http://ahrefs.com/robot/)" "-"
23.101.169.3 - - [22/Jan/2019:04:25:31 +0330] "GET /image/1215/mainSlide HTTP/1.1" 200 90970 "https://www.zanbil.ir/filter/b215" "Mozilla/5.0 (compatible; MSIE 9.0; Windows NT 6.1; Trident/5.0;  Trident/5.0)" "-"
23.101.169.3 - - [22/Jan/2019:04:25:31 +0330] "GET /image/1218/mainSlide HTTP/1.1" 200 91935 "https://www.zanbil.ir/filter/b215" "Mozilla/5.0 (compatible; MSIE 9.0; Windows NT 6.1; Trident/5.0;  Trident/5.0)" "-"
17.58.102.43 - - [22/Jan/2019:04:25:32 +0330] "GET /filter/b571,b288,b70,b35,b586,b599,b228,b118,b213,b406,b268,b454,b412,b92,b105,b8,b523 HTTP/1.1" 200 38736 "-" "Mozilla/5.0 (Macintosh; Intel Mac OS X 10_10_1) AppleWebKit/600.2.5 (KHTML, like Gecko) Version/8.0.2 Safari/600.2.5 (Applebot/0.1; +http://www.apple.com/go/applebot)" "-"
23.101.169.3 - - [22/Jan/2019:04:25:32 +0330] "GET /image/1/brand HTTP/1.1" 200 3924 "https://www.zanbil.ir/filter/b215" "Mozilla/5.0 (compatible; MSIE 9.0; Windows NT 6.1; Trident/5.0;  Trident/5.0)" "-"
23.101.169.3 - - [22/Jan/2019:04:25:32 +0330] "GET /image/2/brand HTTP/1.1" 200 4842 "https://www.zanbil.ir/filter/b215" "Mozilla/5.0 (compatible; MSIE 9.0; Windows NT 6.1; Trident/5.0;  Trident/5.0)" "-"
23.101.169.3 - - [22/Jan/2019:04:25:32 +0330] "GET /image/8727/specialSale HTTP/1.1" 200 36325 "https://www.zanbil.ir/filter/b215" "Mozilla/5.0 (compatible; MSIE 9.0; Windows NT 6.1; Trident/5.0;  Trident/5.0)" "-"
66.249.66.194 - - [22/Jan/2019:04:25:32 +0330] "GET /filter/p29%2Cstexists%2C1052%7C400%20%D9%88%D8%A7%D8%AA?o=1052 HTTP/1.1" 302 0 "-" "Mozilla/5.0 (compatible; Googlebot/2.1; +http://www.google.com/bot.html)" "-"
54.36.148.66 - - [22/Jan/2019:04:25:32 +0330] "GET /filter/p29%2Cv1%7C%D9%86%D9%82%D8%B1%D9%87%20%D8%A7%DB%8C.%2Cv1%7C%D8%B3%D8%A8%D8%B2%20%D8%B1%D9%88%D8%B4%D9%86 HTTP/1.1" 200 32845 "-" "Mozilla/5.0 (compatible; AhrefsBot/6.1; +http://ahrefs.com/robot/)" "-"
66.249.66.91 - - [22/Jan/2019:04:25:32 +0330] "GET /filter/b656%2Cb703%2Cb32%2Cb67%2Cb226%2Cb41%2Cb598%2Cb168%2Cb597%2Cb88%2Cb548%2Cb6%2Cb679%2Cb215%2Cb105%2Cb194%2Cb74%2Cb542%2Cb35%2Cb113%2Cb820%2Cb574%2Cb442%2Cb880%2Cb645%2Cb724%2Cb118%2Cb482%2Cb400%2Cb95%2Cb135%2Cb249%2Cb221%2Cb523%2Cb854%2Cb126%2Cstexists%2Cb216%2Cb217%2Cb99%2Cb188%2Cb209%2Cb192%2Cb213%2Cb136%2Cb218%2Cb4%2Cb648%2Cb454%2Cb147%2Cb258%2Cb883?page=4 HTTP/1.1" 200 40389 "-" "Mozilla/5.0 (compatible; Googlebot/2.1; +http://www.google.com/bot.html)" "-"
23.101.169.3 - - [22/Jan/2019:04:25:32 +0330] "GET /image/1210/mainSlide HTTP/1.1" 200 111160 "https://www.zanbil.ir/filter/b215" "Mozilla/5.0 (compatible; MSIE 9.0; Windows NT 6.1; Trident/5.0;  Trident/5.0)" "-"
40.77.167.170 - - [22/Jan/2019:04:25:33 +0330] "GET /filter/b126,b131,b3 HTTP/1.1" 200 36307 "-" "Mozilla/5.0 (compatible; bingbot/2.0; +http://www.bing.com/bingbot.htm)" "-"
40.77.167.170 - - [22/Jan/2019:04:25:33 +0330] "GET /filter/b192,b63,b854,b878 HTTP/1.1" 200 36363 "-" "Mozilla/5.0 (compatible; bingbot/2.0; +http://www.bing.com/bingbot.htm)" "-"
23.101.169.3 - - [22/Jan/2019:04:25:33 +0330] "GET /image/441/brand HTTP/1.1" 200 2349 "https://www.zanbil.ir/filter/b215" "Mozilla/5.0 (compatible; MSIE 9.0; Windows NT 6.1; Trident/5.0;  Trident/5.0)" "-"
23.101.169.3 - - [22/Jan/2019:04:25:33 +0330] "GET /image/484/brand HTTP/1.1" 200 2649 "https://www.zanbil.ir/filter/b215" "Mozilla/5.0 (compatible; MSIE 9.0; Windows NT 6.1; Trident/5.0;  Trident/5.0)" "-"
23.101.169.3 - - [22/Jan/2019:04:25:33 +0330] "GET /image/8739/specialSale HTTP/1.1" 200 36441 "https://www.zanbil.ir/filter/b215" "Mozilla/5.0 (compatible; MSIE 9.0; Windows NT 6.1; Trident/5.0;  Trident/5.0)" "-"
23.101.169.3 - - [22/Jan/2019:04:25:33 +0330] "GET /image/5506/productType/240x180 HTTP/1.1" 200 16837 "https://www.zanbil.ir/filter/b215" "Mozilla/5.0 (compatible; MSIE 9.0; Windows NT 6.1; Trident/5.0;  Trident/5.0)" "-"
23.101.169.3 - - [22/Jan/2019:04:25:33 +0330] "GET /image/3/brand HTTP/1.1" 200 2885 "https://www.zanbil.ir/filter/b215" "Mozilla/5.0 (compatible; MSIE 9.0; Windows NT 6.1; Trident/5.0;  Trident/5.0)" "-"
23.101.169.3 - - [22/Jan/2019:04:25:33 +0330] "GET /image/43/brand HTTP/1.1" 200 2376 "https://www.zanbil.ir/filter/b215" "Mozilla/5.0 (compatible; MSIE 9.0; Windows NT 6.1; Trident/5.0;  Trident/5.0)" "-"
23.101.169.3 - - [22/Jan/2019:04:25:34 +0330] "GET /image/548/brand HTTP/1.1" 200 1848 "https://www.zanbil.ir/filter/b215" "Mozilla/5.0 (compatible; MSIE 9.0; Windows NT 6.1; Trident/5.0;  Trident/5.0)" "-"
23.101.169.3 - - [22/Jan/2019:04:25:34 +0330] "GET /image/543/brand HTTP/1.1" 200 2783 "https://www.zanbil.ir/filter/b215" "Mozilla/5.0 (compatible; MSIE 9.0; Windows NT 6.1; Trident/5.0;  Trident/5.0)" "-"
23.101.169.3 - - [22/Jan/2019:04:25:34 +0330] "GET /image/62097/productModel/150x150 HTTP/1.1" 200 3951 "https://www.zanbil.ir/filter/b215" "Mozilla/5.0 (compatible; MSIE 9.0; Windows NT 6.1; Trident/5.0;  Trident/5.0)" "-"
66.249.66.91 - - [22/Jan/2019:04:25:34 +0330] "GET /filter/b703%2Cb36%2Cb41%2Cb598%2Cb103%2Cb614%2Cb88%2Cb19%2Cb194%2Cb321%2Cb5%2Cb261%2Cb484%2Cb723%2Cb573%2Cb192%2Cb724%2Cb1%2Cb435%2Cb183%2Cb542%2Cb135%2Cb63%2Cb497%2Cb619%2Cb219%2Cb126%2Cb74%2Cb151%2Cb441%2Cb568%2Cb880%2Cb647%2Cb185%2Cb224%2Cb213%2Cb50%2Cb3%2Cb231%2Cb99%2Cb238%2Cb82%2Cb215%2Cb95%2Cb218%2Cb482?page=12 HTTP/1.1" 200 39829 "-" "Mozilla/5.0 (compatible; Googlebot/2.1; +http://www.google.com/bot.html)" "-"
23.101.169.3 - - [22/Jan/2019:04:25:34 +0330] "GET /image/5/brand HTTP/1.1" 200 2171 "https://www.zanbil.ir/filter/b215" "Mozilla/5.0 (compatible; MSIE 9.0; Windows NT 6.1; Trident/5.0;  Trident/5.0)" "-"
23.101.169.3 - - [22/Jan/2019:04:25:34 +0330] "GET /image/53890/productModel/150x150 HTTP/1.1" 200 4013 "https://www.zanbil.ir/filter/b215" "Mozilla/5.0 (compatible; MSIE 9.0; Windows NT 6.1; Trident/5.0;  Trident/5.0)" "-"
23.101.169.3 - - [22/Jan/2019:04:25:34 +0330] "GET /image/523/brand HTTP/1.1" 200 2279 "https://www.zanbil.ir/filter/b215" "Mozilla/5.0 (compatible; MSIE 9.0; Windows NT 6.1; Trident/5.0;  Trident/5.0)" "-"
207.46.13.136 - - [22/Jan/2019:04:25:34 +0330] "GET /filter/b1,b145,b148,p1 HTTP/1.1" 200 37132 "-" "Mozilla/5.0 (compatible; bingbot/2.0; +http://www.bing.com/bingbot.htm)" "-"
66.249.66.194 - - [22/Jan/2019:04:25:34 +0330] "GET /filter/p29%2Cstexists%2C1052%7C400%20%D9%88%D8%A7%D8%AA HTTP/1.1" 200 31813 "-" "Mozilla/5.0 (compatible; Googlebot/2.1; +http://www.google.com/bot.html)" "-"
23.101.169.3 - - [22/Jan/2019:04:25:34 +0330] "GET /image/61843/productModel/150x150 HTTP/1.1" 200 5049 "https://www.zanbil.ir/filter/b215" "Mozilla/5.0 (compatible; MSIE 9.0; Windows NT 6.1; Trident/5.0;  Trident/5.0)" "-"
23.101.169.3 - - [22/Jan/2019:04:25:34 +0330] "GET /image/61842/productModel/150x150 HTTP/1.1" 200 4238 "https://www.zanbil.ir/filter/b215" "Mozilla/5.0 (compatible; MSIE 9.0; Windows NT 6.1; Trident/5.0;  Trident/5.0)" "-"
23.101.169.3 - - [22/Jan/2019:04:25:34 +0330] "GET /image/148/brand HTTP/1.1" 200 2490 "https://www.zanbil.ir/filter/b215" "Mozilla/5.0 (compatible; MSIE 9.0; Windows NT 6.1; Trident/5.0;  Trident/5.0)" "-"
23.101.169.3 - - [22/Jan/2019:04:25:34 +0330] "GET /image/36/brand HTTP/1.1" 200 2946 "https://www.zanbil.ir/filter/b215" "Mozilla/5.0 (compatible; MSIE 9.0; Windows NT 6.1; Trident/5.0;  Trident/5.0)" "-"
23.101.169.3 - - [22/Jan/2019:04:25:34 +0330] "GET /image/58314/productModel/150x150 HTTP/1.1" 200 2393 "https://www.zanbil.ir/filter/b215" "Mozilla/5.0 (compatible; MSIE 9.0; Windows NT 6.1; Trident/5.0;  Trident/5.0)" "-"
207.46.13.136 - - [22/Jan/2019:04:25:35 +0330] "GET /filter/b1,b120,b172,b173,b36,b878,p1 HTTP/1.1" 200 38734 "-" "Mozilla/5.0 (compatible; bingbot/2.0; +http://www.bing.com/bingbot.htm)" "-"
23.101.169.3 - - [22/Jan/2019:04:25:35 +0330] "GET /image/213/brand HTTP/1.1" 200 2328 "https://www.zanbil.ir/filter/b215" "Mozilla/5.0 (compatible; MSIE 9.0; Windows NT 6.1; Trident/5.0;  Trident/5.0)" "-"
23.101.169.3 - - [22/Jan/2019:04:25:35 +0330] "GET /image/50/brand HTTP/1.1" 200 2905 "https://www.zanbil.ir/filter/b215" "Mozilla/5.0 (compatible; MSIE 9.0; Windows NT 6.1; Trident/5.0;  Trident/5.0)" "-"
23.101.169.3 - - [22/Jan/2019:04:25:35 +0330] "GET /image/63985/productModel/150x150 HTTP/1.1" 200 2925 "https://www.zanbil.ir/filter/b215" "Mozilla/5.0 (compatible; MSIE 9.0; Windows NT 6.1; Trident/5.0;  Trident/5.0)" "-"
23.101.169.3 - - [22/Jan/2019:04:25:35 +0330] "GET /image/61840/productModel/150x150 HTTP/1.1" 200 2971 "https://www.zanbil.ir/filter/b215" "Mozilla/5.0 (compatible; MSIE 9.0; Windows NT 6.1; Trident/5.0;  Trident/5.0)" "-"
91.99.72.15 - - [22/Jan/2019:04:25:35 +0330] "GET /product/16903?model=32423 HTTP/1.1" 200 40149 "-" "Mozilla/5.0 (Windows NT 6.1; WOW64) AppleWebKit/535.7(KHTML, like Gecko) Chrome/16.0.912.36 Safari/535.7" "-"
40.77.167.170 - - [22/Jan/2019:04:25:35 +0330] "GET /filter/b1,b19,b36,b425,b43,p5506 HTTP/1.1" 200 36181 "-" "Mozilla/5.0 (compatible; bingbot/2.0; +http://www.bing.com/bingbot.htm)" "-"
23.101.169.3 - - [22/Jan/2019:04:25:35 +0330] "GET /image/105/brand HTTP/1.1" 200 2653 "https://www.zanbil.ir/filter/b215" "Mozilla/5.0 (compatible; MSIE 9.0; Windows NT 6.1; Trident/5.0;  Trident/5.0)" "-"
23.101.169.3 - - [22/Jan/2019:04:25:35 +0330] "GET /image/58877/productModel/150x150 HTTP/1.1" 200 3143 "https://www.zanbil.ir/filter/b215" "Mozilla/5.0 (compatible; MSIE 9.0; Windows NT 6.1; Trident/5.0;  Trident/5.0)" "-"
23.101.169.3 - - [22/Jan/2019:04:25:35 +0330] "GET /image/573/brand HTTP/1.1" 200 2576 "https://www.zanbil.ir/filter/b215" "Mozilla/5.0 (compatible; MSIE 9.0; Windows NT 6.1; Trident/5.0;  Trident/5.0)" "-"
23.101.169.3 - - [22/Jan/2019:04:25:35 +0330] "GET /image/60723/productModel/150x150 HTTP/1.1" 200 3068 "https://www.zanbil.ir/filter/b215" "Mozilla/5.0 (compatible; MSIE 9.0; Windows NT 6.1; Trident/5.0;  Trident/5.0)" "-"
66.249.66.194 - - [22/Jan/2019:04:25:35 +0330] "GET /product/29275/sxs33-3.jpg HTTP/1.1" 200 42229 "-" "Googlebot-Image/1.0" "-"
5.114.224.196 - - [22/Jan/2019:04:25:35 +0330] "GET /image/33968?name=6p-m1.jpg&wh=200x200 HTTP/1.1" 200 5852 "-" "Dalvik/2.1.0 (Linux; U; Android 8.0.0; SM-A600G Build/R16NW)" "-"
23.101.169.3 - - [22/Jan/2019:04:25:36 +0330] "GET /image/135/brand HTTP/1.1" 200 2631 "https://www.zanbil.ir/filter/b215" "Mozilla/5.0 (compatible; MSIE 9.0; Windows NT 6.1; Trident/5.0;  Trident/5.0)" "-"
23.101.169.3 - - [22/Jan/2019:04:25:36 +0330] "GET /image/546/brand HTTP/1.1" 200 2088 "https://www.zanbil.ir/filter/b215" "Mozilla/5.0 (compatible; MSIE 9.0; Windows NT 6.1; Trident/5.0;  Trident/5.0)" "-"
23.101.169.3 - - [22/Jan/2019:04:25:36 +0330] "GET /image/59729/productModel/150x150 HTTP/1.1" 200 2766 "https://www.zanbil.ir/filter/b215" "Mozilla/5.0 (compatible; MSIE 9.0; Windows NT 6.1; Trident/5.0;  Trident/5.0)" "-"
23.101.169.3 - - [22/Jan/2019:04:25:36 +0330] "GET /image/61771/productModel/150x150 HTTP/1.1" 200 3011 "https://www.zanbil.ir/filter/b215" "Mozilla/5.0 (compatible; MSIE 9.0; Windows NT 6.1; Trident/5.0;  Trident/5.0)" "-"
23.101.169.3 - - [22/Jan/2019:04:25:36 +0330] "GET /image/249/brand HTTP/1.1" 200 2421 "https://www.zanbil.ir/filter/b215" "Mozilla/5.0 (compatible; MSIE 9.0; Windows NT 6.1; Trident/5.0;  Trident/5.0)" "-"
23.101.169.3 - - [22/Jan/2019:04:25:36 +0330] "GET /image/8/brand HTTP/1.1" 200 2427 "https://www.zanbil.ir/filter/b215" "Mozilla/5.0 (compatible; MSIE 9.0; Windows NT 6.1; Trident/5.0;  Trident/5.0)" "-"
23.101.169.3 - - [22/Jan/2019:04:25:36 +0330] "GET /image/61844/productModel/150x150 HTTP/1.1" 200 3648 "https://www.zanbil.ir/filter/b215" "Mozilla/5.0 (compatible; MSIE 9.0; Windows NT 6.1; Trident/5.0;  Trident/5.0)" "-"
23.101.169.3 - - [22/Jan/2019:04:25:36 +0330] "GET /image/60526/productModel/150x150 HTTP/1.1" 200 2593 "https://www.zanbil.ir/filter/b215" "Mozilla/5.0 (compatible; MSIE 9.0; Windows NT 6.1; Trident/5.0;  Trident/5.0)" "-"
207.46.13.136 - - [22/Jan/2019:04:25:36 +0330] "GET /product/31949/%D8%B3%DB%8C%D9%86%D9%85%D8%A7-%D8%AE%D8%A7%D9%86%DA%AF%DB%8C-%D8%A7%D9%84-%D8%AC%DB%8C-%D9%85%D8%AF%D9%84-OJ98 HTTP/1.1" 404 33700 "-" "Mozilla/5.0 (compatible; bingbot/2.0; +http://www.bing.com/bingbot.htm)" "-"
23.101.169.3 - - [22/Jan/2019:04:25:36 +0330] "GET /image/183/brand HTTP/1.1" 200 2286 "https://www.zanbil.ir/filter/b215" "Mozilla/5.0 (compatible; MSIE 9.0; Windows NT 6.1; Trident/5.0;  Trident/5.0)" "-"
23.101.169.3 - - [22/Jan/2019:04:25:36 +0330] "GET /image/454/brand HTTP/1.1" 200 2730 "https://www.zanbil.ir/filter/b215" "Mozilla/5.0 (compatible; MSIE 9.0; Windows NT 6.1; Trident/5.0;  Trident/5.0)" "-"
23.101.169.3 - - [22/Jan/2019:04:25:36 +0330] "GET /image/58414/productModel/150x150 HTTP/1.1" 200 2580 "https://www.zanbil.ir/filter/b215" "Mozilla/5.0 (compatible; MSIE 9.0; Windows NT 6.1; Trident/5.0;  Trident/5.0)" "-"
23.101.169.3 - - [22/Jan/2019:04:25:36 +0330] "GET /image/62220/productModel/150x150 HTTP/1.1" 200 2740 "https://www.zanbil.ir/filter/b215" "Mozilla/5.0 (compatible; MSIE 9.0; Windows NT 6.1; Trident/5.0;  Trident/5.0)" "-"
91.99.72.15 - - [22/Jan/2019:04:25:36 +0330] "GET /product/18526?model=37598 HTTP/1.1" 200 40116 "-" "Mozilla/5.0 (Macintosh; Intel Mac OS X 10_7_3) AppleWebKit/534.55.3 (KHTML, like Gecko) Version/5.1.3 Safari/534.53.10" "-"
40.77.167.170 - - [22/Jan/2019:04:25:37 +0330] "GET /filter/b1%2Cb103%2Cb105%2Cb109%2Cb111%2Cb126%2Cb144%2Cb180%2Cb186%2Cb261%2Cb291%2Cb435%2Cb52%2Cb645%2Cb77%2Cb80%2Cb82%2Cb83%2Cb95%2Cp1 HTTP/1.1" 200 38652 "-" "Mozilla/5.0 (compatible; bingbot/2.0; +http://www.bing.com/bingbot.htm)" "-"
23.101.169.3 - - [22/Jan/2019:04:25:37 +0330] "GET /image/1194/article/100x100 HTTP/1.1" 200 10421 "https://www.zanbil.ir/filter/b215" "Mozilla/5.0 (compatible; MSIE 9.0; Windows NT 6.1; Trident/5.0;  Trident/5.0)" "-"
23.101.169.3 - - [22/Jan/2019:04:25:37 +0330] "GET /image/482/brand HTTP/1.1" 200 2101 "https://www.zanbil.ir/filter/b215" "Mozilla/5.0 (compatible; MSIE 9.0; Windows NT 6.1; Trident/5.0;  Trident/5.0)" "-"
23.101.169.3 - - [22/Jan/2019:04:25:37 +0330] "GET /image/41/brand HTTP/1.1" 200 2946 "https://www.zanbil.ir/filter/b215" "Mozilla/5.0 (compatible; MSIE 9.0; Windows NT 6.1; Trident/5.0;  Trident/5.0)" "-"
23.101.169.3 - - [22/Jan/2019:04:25:37 +0330] "GET /image/1195/article/100x100 HTTP/1.1" 200 12946 "https://www.zanbil.ir/filter/b215" "Mozilla/5.0 (compatible; MSIE 9.0; Windows NT 6.1; Trident/5.0;  Trident/5.0)" "-"
23.101.169.3 - - [22/Jan/2019:04:25:37 +0330] "GET /image/218/brand HTTP/1.1" 200 2269 "https://www.zanbil.ir/filter/b215" "Mozilla/5.0 (compatible; MSIE 9.0; Windows NT 6.1; Trident/5.0;  Trident/5.0)" "-"
23.101.169.3 - - [22/Jan/2019:04:25:37 +0330] "GET /image/19/brand HTTP/1.1" 200 2595 "https://www.zanbil.ir/filter/b215" "Mozilla/5.0 (compatible; MSIE 9.0; Windows NT 6.1; Trident/5.0;  Trident/5.0)" "-"
23.101.169.3 - - [22/Jan/2019:04:25:37 +0330] "GET /image/1191/article/100x100 HTTP/1.1" 200 18870 "https://www.zanbil.ir/filter/b215" "Mozilla/5.0 (compatible; MSIE 9.0; Windows NT 6.1; Trident/5.0;  Trident/5.0)" "-"
23.101.169.3 - - [22/Jan/2019:04:25:37 +0330] "GET /image/221/brand HTTP/1.1" 200 2200 "https://www.zanbil.ir/filter/b215" "Mozilla/5.0 (compatible; MSIE 9.0; Windows NT 6.1; Trident/5.0;  Trident/5.0)" "-"
23.101.169.3 - - [22/Jan/2019:04:25:37 +0330] "GET /image/614/brand HTTP/1.1" 200 2088 "https://www.zanbil.ir/filter/b215" "Mozilla/5.0 (compatible; MSIE 9.0; Windows NT 6.1; Trident/5.0;  Trident/5.0)" "-"
91.99.72.15 - - [22/Jan/2019:04:25:38 +0330] "GET /product/11933/18929/%DA%A9%D8%A7%D9%84%D8%B3%DA%A9%D9%87-%D8%AA%DA%A9-Peg-Perego-%D9%85%D8%AF%D9%84-PLIKO-MINI-500-Fiat500 HTTP/1.1" 200 40325 "-" "Mozilla/5.0 (X11; Linux x86_64) AppleWebKit/537.36 (KHTML, like Gecko) Chrome/53.0.2785.92 Safari/537.36" "-"
23.101.169.3 - - [22/Jan/2019:04:25:38 +0330] "GET /image/615/brand HTTP/1.1" 200 2295 "https://www.zanbil.ir/filter/b215" "Mozilla/5.0 (compatible; MSIE 9.0; Windows NT 6.1; Trident/5.0;  Trident/5.0)" "-"
23.101.169.3 - - [22/Jan/2019:04:25:38 +0330] "GET /image/603/brand HTTP/1.1" 200 3098 "https://www.zanbil.ir/filter/b215" "Mozilla/5.0 (compatible; MSIE 9.0; Windows NT 6.1; Trident/5.0;  Trident/5.0)" "-"
40.77.167.170 - - [22/Jan/2019:04:25:38 +0330] "GET /filter/b1,b109,b135,b58,b7,b723,b82 HTTP/1.1" 200 36912 "-" "Mozilla/5.0 (compatible; bingbot/2.0; +http://www.bing.com/bingbot.htm)" "-"
23.101.169.3 - - [22/Jan/2019:04:25:38 +0330] "GET /image/126/brand HTTP/1.1" 200 2436 "https://www.zanbil.ir/filter/b215" "Mozilla/5.0 (compatible; MSIE 9.0; Windows NT 6.1; Trident/5.0;  Trident/5.0)" "-"
23.101.169.3 - - [22/Jan/2019:04:25:38 +0330] "GET /image/63/brand HTTP/1.1" 200 3013 "https://www.zanbil.ir/filter/b215" "Mozilla/5.0 (compatible; MSIE 9.0; Windows NT 6.1; Trident/5.0;  Trident/5.0)" "-"
23.101.169.3 - - [22/Jan/2019:04:25:38 +0330] "GET /image/879/brand HTTP/1.1" 200 3348 "https://www.zanbil.ir/filter/b215" "Mozilla/5.0 (compatible; MSIE 9.0; Windows NT 6.1; Trident/5.0;  Trident/5.0)" "-"
23.101.169.3 - - [22/Jan/2019:04:25:38 +0330] "GET /image/180/brand HTTP/1.1" 200 2566 "https://www.zanbil.ir/filter/b215" "Mozilla/5.0 (compatible; MSIE 9.0; Windows NT 6.1; Trident/5.0;  Trident/5.0)" "-"
23.101.169.3 - - [22/Jan/2019:04:25:39 +0330] "GET /image/32/brand HTTP/1.1" 200 2161 "https://www.zanbil.ir/filter/b215" "Mozilla/5.0 (compatible; MSIE 9.0; Windows NT 6.1; Trident/5.0;  Trident/5.0)" "-"
23.101.169.3 - - [22/Jan/2019:04:25:39 +0330] "GET /image/574/brand HTTP/1.1" 200 2119 "https://www.zanbil.ir/filter/b215" "Mozilla/5.0 (compatible; MSIE 9.0; Windows NT 6.1; Trident/5.0;  Trident/5.0)" "-"
23.101.169.3 - - [22/Jan/2019:04:25:39 +0330] "GET /image/854/brand HTTP/1.1" 200 5109 "https://www.zanbil.ir/filter/b215" "Mozilla/5.0 (compatible; MSIE 9.0; Windows NT 6.1; Trident/5.0;  Trident/5.0)" "-"
23.101.169.3 - - [22/Jan/2019:04:25:39 +0330] "GET /image/613/brand HTTP/1.1" 200 2119 "https://www.zanbil.ir/filter/b215" "Mozilla/5.0 (compatible; MSIE 9.0; Windows NT 6.1; Trident/5.0;  Trident/5.0)" "-"
23.101.169.3 - - [22/Jan/2019:04:25:40 +0330] "GET /image/435/brand HTTP/1.1" 200 2596 "https://www.zanbil.ir/filter/b215" "Mozilla/5.0 (compatible; MSIE 9.0; Windows NT 6.1; Trident/5.0;  Trident/5.0)" "-"
23.101.169.3 - - [22/Jan/2019:04:25:40 +0330] "GET /image/485/brand HTTP/1.1" 200 2288 "https://www.zanbil.ir/filter/b215" "Mozilla/5.0 (compatible; MSIE 9.0; Windows NT 6.1; Trident/5.0;  Trident/5.0)" "-"
91.99.72.15 - - [22/Jan/2019:04:25:40 +0330] "GET /product/8290?model=10407 HTTP/1.1" 200 41305 "-" "Mozilla/5.0 (Windows NT 6.2; Win64; x64; rv:16.0)Gecko/16.0 Firefox/16.0" "-"
23.101.169.3 - - [22/Jan/2019:04:25:40 +0330] "GET /image/80/brand HTTP/1.1" 200 2856 "https://www.zanbil.ir/filter/b215" "Mozilla/5.0 (compatible; MSIE 9.0; Windows NT 6.1; Trident/5.0;  Trident/5.0)" "-"
23.101.169.3 - - [22/Jan/2019:04:25:40 +0330] "GET /image/95/brand HTTP/1.1" 200 2207 "https://www.zanbil.ir/filter/b215" "Mozilla/5.0 (compatible; MSIE 9.0; Windows NT 6.1; Trident/5.0;  Trident/5.0)" "-"
207.46.13.136 - - [22/Jan/2019:04:25:40 +0330] "GET /filter/b1,b103,b105,b109,b111,b126,b135,b144,b186,b231,b261,b276,b427,b432,b442,b52,b533,b548,b77,b778,b877 HTTP/1.1" 200 37779 "-" "Mozilla/5.0 (compatible; bingbot/2.0; +http://www.bing.com/bingbot.htm)" "-"
5.124.197.62 - - [22/Jan/2019:04:25:41 +0330] "GET /image/31026?name=huawei-y5ii-3.jpg&wh=max HTTP/1.1" 200 55120 "https://www.zanbil.ir/m/product/31026/%DA%AF%D9%88%D8%B4%DB%8C-%D9%85%D9%88%D8%A8%D8%A7%DB%8C%D9%84-%D9%87%D9%88%D8%A7%D9%88%DB%8C-%D9%85%D8%AF%D9%84-Y5II-Dual-8GB-%28CUN-U29%29" "Mozilla/5.0 (Linux; Android 5.1; HUAWEI CUN-U29) AppleWebKit/537.36 (KHTML, like Gecko) Chrome/71.0.3578.98 Mobile Safari/537.36" "-"
23.101.169.3 - - [22/Jan/2019:04:25:41 +0330] "GET /image/1/productType/240x180 HTTP/1.1" 200 16901 "https://www.zanbil.ir/filter/b215" "Mozilla/5.0 (compatible; MSIE 9.0; Windows NT 6.1; Trident/5.0;  Trident/5.0)" "-"
23.101.169.3 - - [22/Jan/2019:04:25:41 +0330] "GET /image/598/brand HTTP/1.1" 200 2009 "https://www.zanbil.ir/filter/b215" "Mozilla/5.0 (compatible; MSIE 9.0; Windows NT 6.1; Trident/5.0;  Trident/5.0)" "-"
23.101.169.3 - - [22/Jan/2019:04:25:41 +0330] "GET /image/82/brand HTTP/1.1" 200 2279 "https://www.zanbil.ir/filter/b215" "Mozilla/5.0 (compatible; MSIE 9.0; Windows NT 6.1; Trident/5.0;  Trident/5.0)" "-"
23.101.169.3 - - [22/Jan/2019:04:25:41 +0330] "GET /image/20/brand HTTP/1.1" 200 1958 "https://www.zanbil.ir/filter/b215" "Mozilla/5.0 (compatible; MSIE 9.0; Windows NT 6.1; Trident/5.0;  Trident/5.0)" "-"
23.101.169.3 - - [22/Jan/2019:04:25:41 +0330] "GET /image/647/brand HTTP/1.1" 200 2943 "https://www.zanbil.ir/filter/b215" "Mozilla/5.0 (compatible; MSIE 9.0; Windows NT 6.1; Trident/5.0;  Trident/5.0)" "-"
23.101.169.3 - - [22/Jan/2019:04:25:41 +0330] "GET /image/62885/productModel/150x150 HTTP/1.1" 200 2583 "https://www.zanbil.ir/filter/b215" "Mozilla/5.0 (compatible; MSIE 9.0; Windows NT 6.1; Trident/5.0;  Trident/5.0)" "-"
23.101.169.3 - - [22/Jan/2019:04:25:41 +0330] "GET /image/52941/productModel/150x150 HTTP/1.1" 200 4412 "https://www.zanbil.ir/filter/b215" "Mozilla/5.0 (compatible; MSIE 9.0; Windows NT 6.1; Trident/5.0;  Trident/5.0)" "-"
66.249.66.91 - - [22/Jan/2019:04:25:42 +0330] "GET /filter/b703%2Cb36%2Cb41%2Cb598%2Cb168%2Cb103%2Cb614%2Cb19%2Cb194%2Cb321%2Cb5%2Cb261%2Cb442%2Cb484%2Cb723%2Cb573%2Cb192%2Cb724%2Cb1%2Cb435%2Cb183%2Cb542%2Cb135%2Cb878%2Cb63%2Cb497%2Cb619%2Cb219%2Cb126%2Cb74%2Cb151%2Cb441%2Cb568%2Cb880%2Cb647%2Cb185%2Cb224%2Cb213%2Cb50%2Cb3%2Cb231%2Cb99%2Cb238%2Cb82%2Cb215%2Cb95%2Cb218%2Cb6%2Cb778%2Cb543?page=26 HTTP/1.1" 200 41121 "-" "Mozilla/5.0 (compatible; Googlebot/2.1; +http://www.google.com/bot.html)" "-"
5.121.43.23 - - [22/Jan/2019:04:25:42 +0330] "GET /image/64546/productModel/200x200 HTTP/1.1" 200 4052 "https://www.zanbil.ir/m/browse/refrigerator-and-freezer/%DB%8C%D8%AE%DA%86%D8%A7%D9%84-%D9%81%D8%B1%DB%8C%D8%B2%D8%B1" "Mozilla/5.0 (Linux; Android 7.0; FRD-L09) AppleWebKit/537.36 (KHTML, like Gecko) Chrome/70.0.3538.80 Mobile Safari/537.36" "-"
5.121.43.23 - - [22/Jan/2019:04:25:42 +0330] "GET /image/62561/productModel/200x200 HTTP/1.1" 200 3767 "https://www.zanbil.ir/m/browse/refrigerator-and-freezer/%DB%8C%D8%AE%DA%86%D8%A7%D9%84-%D9%81%D8%B1%DB%8C%D8%B2%D8%B1" "Mozilla/5.0 (Linux; Android 7.0; FRD-L09) AppleWebKit/537.36 (KHTML, like Gecko) Chrome/70.0.3538.80 Mobile Safari/537.36" "-"
5.121.43.23 - - [22/Jan/2019:04:25:42 +0330] "GET /image/65319/productModel/200x200 HTTP/1.1" 200 2847 "https://www.zanbil.ir/m/browse/refrigerator-and-freezer/%DB%8C%D8%AE%DA%86%D8%A7%D9%84-%D9%81%D8%B1%DB%8C%D8%B2%D8%B1" "Mozilla/5.0 (Linux; Android 7.0; FRD-L09) AppleWebKit/537.36 (KHTML, like Gecko) Chrome/70.0.3538.80 Mobile Safari/537.36" "-"
5.121.43.23 - - [22/Jan/2019:04:25:42 +0330] "GET /image/62465/productModel/200x200 HTTP/1.1" 200 3473 "https://www.zanbil.ir/m/browse/refrigerator-and-freezer/%DB%8C%D8%AE%DA%86%D8%A7%D9%84-%D9%81%D8%B1%DB%8C%D8%B2%D8%B1" "Mozilla/5.0 (Linux; Android 7.0; FRD-L09) AppleWebKit/537.36 (KHTML, like Gecko) Chrome/70.0.3538.80 Mobile Safari/537.36" "-"
5.121.43.23 - - [22/Jan/2019:04:25:43 +0330] "GET /image/877/brand HTTP/1.1" 200 3121 "https://www.zanbil.ir/m/browse/refrigerator-and-freezer/%DB%8C%D8%AE%DA%86%D8%A7%D9%84-%D9%81%D8%B1%DB%8C%D8%B2%D8%B1" "Mozilla/5.0 (Linux; Android 7.0; FRD-L09) AppleWebKit/537.36 (KHTML, like Gecko) Chrome/70.0.3538.80 Mobile Safari/537.36" "-"
5.121.43.23 - - [22/Jan/2019:04:25:43 +0330] "GET /image/5/productTypeType HTTP/1.1" 200 11174 "https://www.zanbil.ir/m/browse/refrigerator-and-freezer/%DB%8C%D8%AE%DA%86%D8%A7%D9%84-%D9%81%D8%B1%DB%8C%D8%B2%D8%B1" "Mozilla/5.0 (Linux; Android 7.0; FRD-L09) AppleWebKit/537.36 (KHTML, like Gecko) Chrome/70.0.3538.80 Mobile Safari/537.36" "-"
5.121.43.23 - - [22/Jan/2019:04:25:43 +0330] "GET /image/893/brand HTTP/1.1" 200 3131 "https://www.zanbil.ir/m/browse/refrigerator-and-freezer/%DB%8C%D8%AE%DA%86%D8%A7%D9%84-%D9%81%D8%B1%DB%8C%D8%B2%D8%B1" "Mozilla/5.0 (Linux; Android 7.0; FRD-L09) AppleWebKit/537.36 (KHTML, like Gecko) Chrome/70.0.3538.80 Mobile Safari/537.36" "-"
5.121.43.23 - - [22/Jan/2019:04:25:43 +0330] "GET /image/1218/mainSlideMobile HTTP/1.1" 200 68123 "https://www.zanbil.ir/m/browse/refrigerator-and-freezer/%DB%8C%D8%AE%DA%86%D8%A7%D9%84-%D9%81%D8%B1%DB%8C%D8%B2%D8%B1" "Mozilla/5.0 (Linux; Android 7.0; FRD-L09) AppleWebKit/537.36 (KHTML, like Gecko) Chrome/70.0.3538.80 Mobile Safari/537.36" "-"
5.121.43.23 - - [22/Jan/2019:04:25:43 +0330] "GET /image/10/productTypeType HTTP/1.1" 200 11404 "https://www.zanbil.ir/m/browse/refrigerator-and-freezer/%DB%8C%D8%AE%DA%86%D8%A7%D9%84-%D9%81%D8%B1%DB%8C%D8%B2%D8%B1" "Mozilla/5.0 (Linux; Android 7.0; FRD-L09) AppleWebKit/537.36 (KHTML, like Gecko) Chrome/70.0.3538.80 Mobile Safari/537.36" "-"
5.121.43.23 - - [22/Jan/2019:04:25:43 +0330] "GET /image/64488/productModel/200x200 HTTP/1.1" 200 3430 "https://www.zanbil.ir/m/browse/refrigerator-and-freezer/%DB%8C%D8%AE%DA%86%D8%A7%D9%84-%D9%81%D8%B1%DB%8C%D8%B2%D8%B1" "Mozilla/5.0 (Linux; Android 7.0; FRD-L09) AppleWebKit/537.36 (KHTML, like Gecko) Chrome/70.0.3538.80 Mobile Safari/537.36" "-"
5.121.43.23 - - [22/Jan/2019:04:25:43 +0330] "GET /image/56910/productModel/200x200 HTTP/1.1" 200 3137 "https://www.zanbil.ir/m/browse/refrigerator-and-freezer/%DB%8C%D8%AE%DA%86%D8%A7%D9%84-%D9%81%D8%B1%DB%8C%D8%B2%D8%B1" "Mozilla/5.0 (Linux; Android 7.0; FRD-L09) AppleWebKit/537.36 (KHTML, like Gecko) Chrome/70.0.3538.80 Mobile Safari/537.36" "-"
66.249.66.194 - - [22/Jan/2019:04:25:43 +0330] "GET /filter/b113,b2,p62,v1%7CDazzling%20Gold,v1%7CGold HTTP/1.1" 302 0 "-" "Mozilla/5.0 (Linux; Android 6.0.1; Nexus 5X Build/MMB29P) AppleWebKit/537.36 (KHTML, like Gecko) Chrome/41.0.2272.96 Mobile Safari/537.36 (compatible; Googlebot/2.1; +http://www.google.com/bot.html)" "-"
207.46.13.136 - - [22/Jan/2019:04:25:43 +0330] "GET /filter/b1%2Cb36%2Cb193%2Cb269%2Cb515%2Cb484 HTTP/1.1" 200 37088 "-" "Mozilla/5.0 (compatible; bingbot/2.0; +http://www.bing.com/bingbot.htm)" "-"
66.249.66.91 - - [22/Jan/2019:04:25:44 +0330] "GET /filter/b656%2Cb703%2Cb32%2Cb67%2Cb226%2Cb41%2Cb598%2Cb168%2Cb723%2Cb597%2Cb88%2Cb548%2Cb6%2Cb679%2Cb215%2Cb105%2Cb194%2Cb74%2Cb542%2Cb35%2Cb113%2Cb820%2Cb574%2Cb442%2Cb880%2Cb645%2Cb724%2Cb118%2Cb482%2Cb400%2Cb95%2Cb135%2Cb249%2Cb435%2Cb221%2Cb523%2Cb854%2Cb126%2Cstexists%2Cb216%2Cb217%2Cb152%2Cb99%2Cb188%2Cb209%2Cb192%2Cb213%2Cb136%2Cb218%2Cb4%2Cb546%2Cb603%2Cb147%2Cb615?page=1 HTTP/1.1" 200 40185 "-" "Mozilla/5.0 (compatible; Googlebot/2.1; +http://www.google.com/bot.html)" "-"
5.121.43.23 - - [22/Jan/2019:04:25:44 +0330] "GET /image/14/productTypeType HTTP/1.1" 200 11129 "https://www.zanbil.ir/m/browse/refrigerator-and-freezer/%DB%8C%D8%AE%DA%86%D8%A7%D9%84-%D9%81%D8%B1%DB%8C%D8%B2%D8%B1" "Mozilla/5.0 (Linux; Android 7.0; FRD-L09) AppleWebKit/537.36 (KHTML, like Gecko) Chrome/70.0.3538.80 Mobile Safari/537.36" "-"
5.121.43.23 - - [22/Jan/2019:04:25:44 +0330] "GET /image/11/productTypeType HTTP/1.1" 200 11468 "https://www.zanbil.ir/m/browse/refrigerator-and-freezer/%DB%8C%D8%AE%DA%86%D8%A7%D9%84-%D9%81%D8%B1%DB%8C%D8%B2%D8%B1" "Mozilla/5.0 (Linux; Android 7.0; FRD-L09) AppleWebKit/537.36 (KHTML, like Gecko) Chrome/70.0.3538.80 Mobile Safari/537.36" "-"
5.121.43.23 - - [22/Jan/2019:04:25:44 +0330] "GET /image/20/brand HTTP/1.1" 200 1958 "https://www.zanbil.ir/m/browse/refrigerator-and-freezer/%DB%8C%D8%AE%DA%86%D8%A7%D9%84-%D9%81%D8%B1%DB%8C%D8%B2%D8%B1" "Mozilla/5.0 (Linux; Android 7.0; FRD-L09) AppleWebKit/537.36 (KHTML, like Gecko) Chrome/70.0.3538.80 Mobile Safari/537.36" "-"
5.121.43.23 - - [22/Jan/2019:04:25:44 +0330] "GET /image/886/brand HTTP/1.1" 200 3860 "https://www.zanbil.ir/m/browse/refrigerator-and-freezer/%DB%8C%D8%AE%DA%86%D8%A7%D9%84-%D9%81%D8%B1%DB%8C%D8%B2%D8%B1" "Mozilla/5.0 (Linux; Android 7.0; FRD-L09) AppleWebKit/537.36 (KHTML, like Gecko) Chrome/70.0.3538.80 Mobile Safari/537.36" "-"
5.121.43.23 - - [22/Jan/2019:04:25:44 +0330] "GET /image/978/mainSlideMobile HTTP/1.1" 200 66099 "https://www.zanbil.ir/m/browse/refrigerator-and-freezer/%DB%8C%D8%AE%DA%86%D8%A7%D9%84-%D9%81%D8%B1%DB%8C%D8%B2%D8%B1" "Mozilla/5.0 (Linux; Android 7.0; FRD-L09) AppleWebKit/537.36 (KHTML, like Gecko) Chrome/70.0.3538.80 Mobile Safari/537.36" "-"
5.121.43.23 - - [22/Jan/2019:04:25:44 +0330] "GET /image/879/brand HTTP/1.1" 200 3348 "https://www.zanbil.ir/m/browse/refrigerator-and-freezer/%DB%8C%D8%AE%DA%86%D8%A7%D9%84-%D9%81%D8%B1%DB%8C%D8%B2%D8%B1" "Mozilla/5.0 (Linux; Android 7.0; FRD-L09) AppleWebKit/537.36 (KHTML, like Gecko) Chrome/70.0.3538.80 Mobile Safari/537.36" "-"
66.249.66.91 - - [22/Jan/2019:04:25:44 +0330] "GET /filter/b656%2Cb703%2Cb32%2Cb67%2Cb226%2Cb41%2Cb598%2Cb168%2Cb723%2Cb597%2Cb88%2Cb548%2Cb6%2Cb679%2Cb215%2Cb105%2Cb194%2Cb74%2Cb542%2Cb35%2Cb113%2Cb820%2Cb574%2Cb442%2Cb880%2Cb645%2Cb724%2Cb118%2Cb482%2Cb400%2Cb95%2Cb135%2Cb249%2Cb221%2Cb523%2Cb854%2Cb126%2Cstexists%2Cb217%2Cb99%2Cb188%2Cb209%2Cb192%2Cb213%2Cb136%2Cb218%2Cb4%2Cb648%2Cb454%2Cb147%2Cb258%2Cb883?page=3 HTTP/1.1" 200 41154 "-" "Mozilla/5.0 (compatible; Googlebot/2.1; +http://www.google.com/bot.html)" "-"
66.249.66.91 - - [22/Jan/2019:04:25:44 +0330] "GET /product/28394/57220/%D8%A7%D8%AC%D8%A7%D9%82-%DA%AF%D8%A7%D8%B2-%D8%B5%D9%81%D8%AD%D9%87-%D8%A7%DB%8C-%D8%A7%D8%AE%D9%88%D8%A7%D9%86-%D9%85%D8%AF%D9%84-G-81 HTTP/1.1" 200 42832 "-" "Mozilla/5.0 (compatible; Googlebot/2.1; +http://www.google.com/bot.html)" "-"
5.120.34.47 - - [22/Jan/2019:04:25:44 +0330] "GET /image/28453?name=g117-1...jpg&wh=max HTTP/1.1" 200 28529 "https://www.zanbil.ir/m/product/28453/57290/%D8%A7%D8%AC%D8%A7%D9%82-%DA%AF%D8%A7%D8%B2-%D8%B5%D9%81%D8%AD%D9%87-%D8%A7%DB%8C-%D8%A7%D8%AE%D9%88%D8%A7%D9%86-%D9%85%D8%AF%D9%84-G-117" "Mozilla/5.0 (Linux; Android 5.1; HUAWEI LUA-L21 Build/HUAWEILUA-L21) AppleWebKit/537.36 (KHTML, like Gecko) Chrome/50.0.2661.89 Mobile Safari/537.36" "-"
5.121.43.23 - - [22/Jan/2019:04:25:46 +0330] "GET /image/64841/productModel/200x200 HTTP/1.1" 200 2555 "https://www.zanbil.ir/m/browse/refrigerator-and-freezer/%DB%8C%D8%AE%DA%86%D8%A7%D9%84-%D9%81%D8%B1%DB%8C%D8%B2%D8%B1" "Mozilla/5.0 (Linux; Android 7.0; FRD-L09) AppleWebKit/537.36 (KHTML, like Gecko) Chrome/70.0.3538.80 Mobile Safari/537.36" "-"
5.121.43.23 - - [22/Jan/2019:04:25:46 +0330] "GET /image/64504/productModel/200x200 HTTP/1.1" 200 2985 "https://www.zanbil.ir/m/browse/refrigerator-and-freezer/%DB%8C%D8%AE%DA%86%D8%A7%D9%84-%D9%81%D8%B1%DB%8C%D8%B2%D8%B1" "Mozilla/5.0 (Linux; Android 7.0; FRD-L09) AppleWebKit/537.36 (KHTML, like Gecko) Chrome/70.0.3538.80 Mobile Safari/537.36" "-"
5.121.43.23 - - [22/Jan/2019:04:25:46 +0330] "GET /image/59833/productModel/200x200 HTTP/1.1" 200 3702 "https://www.zanbil.ir/m/browse/refrigerator-and-freezer/%DB%8C%D8%AE%DA%86%D8%A7%D9%84-%D9%81%D8%B1%DB%8C%D8%B2%D8%B1" "Mozilla/5.0 (Linux; Android 7.0; FRD-L09) AppleWebKit/537.36 (KHTML, like Gecko) Chrome/70.0.3538.80 Mobile Safari/537.36" "-"
5.121.43.23 - - [22/Jan/2019:04:25:46 +0330] "GET /image/11573/productModel/200x200 HTTP/1.1" 200 3514 "https://www.zanbil.ir/m/browse/refrigerator-and-freezer/%DB%8C%D8%AE%DA%86%D8%A7%D9%84-%D9%81%D8%B1%DB%8C%D8%B2%D8%B1" "Mozilla/5.0 (Linux; Android 7.0; FRD-L09) AppleWebKit/537.36 (KHTML, like Gecko) Chrome/70.0.3538.80 Mobile Safari/537.36" "-"
66.249.66.194 - - [22/Jan/2019:04:25:46 +0330] "GET /product/76425 HTTP/1.1" 404 32430 "-" "Mozilla/5.0 (compatible; Googlebot/2.1; +http://www.google.com/bot.html)" "-"
207.46.13.136 - - [22/Jan/2019:04:25:47 +0330] "GET /filter/b1,b103,b105,b109,b111,b113,b135,b144,b176,b186,b221,b224,b261,b291,b481,b52,b523,b598,b615,b679,b77,b83 HTTP/1.1" 200 39057 "-" "Mozilla/5.0 (compatible; bingbot/2.0; +http://www.bing.com/bingbot.htm)" "-"
54.36.148.239 - - [22/Jan/2019:04:25:48 +0330] "GET /filter/p5767%2C4606%7C%D8%A8%D8%A7%D8%AA%D8%B1%DB%8C%20%D9%85%D8%B9%D9%85%D9%88%D9%84%DB%8C%20%2C4606%7C%D8%A8%D8%B1%D9%82%20%D8%B4%D9%87%D8%B1%DB%8C HTTP/1.1" 200 34231 "-" "Mozilla/5.0 (compatible; AhrefsBot/6.1; +http://ahrefs.com/robot/)" "-"
54.36.148.172 - - [22/Jan/2019:04:25:48 +0330] "GET /product/12966/%DA%AF%D8%B1%D8%AF%D9%86%D8%A8%D9%86%D8%AF-%D8%B2%D9%86%D8%A7%D9%86%D9%87-%D8%A7%D9%84%DB%8C%D9%88%D8%B1-%D9%88%D8%A8%D8%B1-%D9%85%D8%AF%D9%84-%D9%BE%D9%86%D8%AF-%DA%A9%D8%B1%DB%8C%D8%B3%D8%AA%D8%A7%D9%84-001-9421 HTTP/1.1" 200 40946 "-" "Mozilla/5.0 (compatible; AhrefsBot/6.1; +http://ahrefs.com/robot/)" "-"
86.55.216.175 - - [22/Jan/2019:04:25:48 +0330] "GET /image/33980?name=560.jpg&wh=200x200 HTTP/1.1" 200 10371 "-" "Dalvik/2.1.0 (Linux; U; Android 6.0.1; SM-J700F Build/MMB29K)" "-"
83.122.180.216 - - [22/Jan/2019:04:25:49 +0330] "GET /image/32745?name=ms506-14.jpg&wh=200x200 HTTP/1.1" 200 3901 "-" "Dalvik/1.6.0 (Linux; U; Android 4.4.2; SM-G7102 Build/KOT49H)" "-"
83.122.180.216 - - [22/Jan/2019:04:25:49 +0330] "GET /image/32743?name=x320-22.jpg&wh=200x200 HTTP/1.1" 200 3759 "-" "Dalvik/1.6.0 (Linux; U; Android 4.4.2; SM-G7102 Build/KOT49H)" "-"
66.249.66.91 - - [22/Jan/2019:04:25:50 +0330] "GET /filter/b703%2Cb36%2Cb41%2Cb598%2Cb168%2Cb103%2Cb614%2Cb88%2Cb19%2Cb194%2Cb321%2Cb5%2Cb261%2Cb442%2Cb484%2Cb723%2Cb573%2Cb192%2Cb724%2Cb1%2Cb435%2Cb183%2Cb542%2Cb135%2Cb878%2Cb63%2Cb497%2Cb619%2Cb219%2Cb126%2Cb74%2Cb151%2Cb441%2Cb568%2Cb880%2Cb647%2Cb185%2Cb224%2Cb213%2Cb50%2Cb3%2Cb231%2Cb99%2Cb238%2Cb82%2Cb215%2Cb95%2Cb218%2Cb6%2Cb778%2Cb2%2Cb485?page=24 HTTP/1.1" 200 40258 "-" "Mozilla/5.0 (compatible; Googlebot/2.1; +http://www.google.com/bot.html)" "-"
54.36.148.206 - - [22/Jan/2019:04:25:51 +0330] "GET /filter/620|1.5,p12,v1|%D8%A7%D8%B3%D8%AA%DB%8C%D9%84%20%D9%85%D8%B4%DA%A9%DB%8C HTTP/1.1" 200 31508 "-" "Mozilla/5.0 (compatible; AhrefsBot/6.1; +http://ahrefs.com/robot/)" "-"
40.77.167.170 - - [22/Jan/2019:04:25:52 +0330] "GET /filter/b1,b136,b142,b41,b435 HTTP/1.1" 200 36960 "-" "Mozilla/5.0 (compatible; bingbot/2.0; +http://www.bing.com/bingbot.htm)" "-"
