5.116.228.149 - - [22/Jan/2019:04:23:46 +0330] "GET /image/65080/productModel/200x200 HTTP/1.1" 200 2784 "https://www.zanbil.ir/m/filter/p5767?page=2" "Mozilla/5.0 (Linux; Android 6.0; BLN-L21 Build/HONORBLN-L21) AppleWebKit/537.36 (KHTML, like Gecko) SamsungBrowser/7.4 Chrome/59.0.3071.125 Mobile Safari/537.36" "-"
5.116.228.149 - - [22/Jan/2019:04:23:46 +0330] "GET /image/61833/productModel/200x200 HTTP/1.1" 200 2967 "https://www.zanbil.ir/m/filter/p5767?page=2" "Mozilla/5.0 (Linux; Android 6.0; BLN-L21 Build/HONORBLN-L21) AppleWebKit/537.36 (KHTML, like Gecko) SamsungBrowser/7.4 Chrome/59.0.3071.125 Mobile Safari/537.36" "-"
54.36.148.196 - - [22/Jan/2019:04:23:49 +0330] "GET /filter/b33,b41,b873,p4515 HTTP/1.1" 200 33625 "-" "Mozilla/5.0 (compatible; AhrefsBot/6.1; +http://ahrefs.com/robot/)" "-"
66.249.66.91 - - [22/Jan/2019:04:23:50 +0330] "GET /filter/b481%2Cb226%2Cb570%2Cb80%2Cb270%2Cb903%2Cb883%2Cb152%2Cb249%2Cb20%2Cb701%2Cb723%2Cb42%2Cb198%2Cb35%2Cb183%2Cb219%2Cb308%2Cb523%2Cb900%2Cb188%2Cb703%2Cb890%2Cb236%2Cb74%2Cb400%2Cb209%2Cb19%2Cb454%2Cb651%2Cb202%2Cb4%2Cb22%2Cb238%2Cb6%2Cb596%2Cb143%2Cb877%2Cb485%2Cb221%2Cb194%2Cb136%2Cb647%2Cb497%2Cb546%2Cb105%2Cb185%2Cb568%2Cb151%2Cb88%2Cb43%2Cb597%2Cb103%2Cb613%2Cb880%2Cb212%2Cb861%2Cb148%2Cb135%2Cb186%2Cb778%2Cb113%2Cb99%2Cb584%2Cb724%2Cb224%2Cb63?page=183 HTTP/1.1" 200 41825 "-" "Mozilla/5.0 (compatible; Googlebot/2.1; +http://www.google.com/bot.html)" "-"
5.116.228.149 - - [22/Jan/2019:04:23:51 +0330] "GET /image/62977/productModel/200x200 HTTP/1.1" 200 3619 "https://www.zanbil.ir/m/filter/p5767?page=2" "Mozilla/5.0 (Linux; Android 6.0; BLN-L21 Build/HONORBLN-L21) AppleWebKit/537.36 (KHTML, like Gecko) SamsungBrowser/7.4 Chrome/59.0.3071.125 Mobile Safari/537.36" "-"
5.116.228.149 - - [22/Jan/2019:04:23:51 +0330] "GET /image/24937/productModel/200x200 HTTP/1.1" 200 3534 "https://www.zanbil.ir/m/filter/p5767?page=2" "Mozilla/5.0 (Linux; Android 6.0; BLN-L21 Build/HONORBLN-L21) AppleWebKit/537.36 (KHTML, like Gecko) SamsungBrowser/7.4 Chrome/59.0.3071.125 Mobile Safari/537.36" "-"
5.134.128.102 - - [22/Jan/2019:04:23:51 +0330] "GET /image/33888?name=model-b2048u-1-.jpg&wh=200x200 HTTP/1.1" 403 134 "-" "torob/5 CFNetwork/976 Darwin/18.2.0" "-"
66.249.66.91 - - [22/Jan/2019:04:23:52 +0330] "GET /filter/b481%2Cb226%2Cb570%2Cb80%2Cb270%2Cb903%2Cb883%2Cb152%2Cb249%2Cb20%2Cb701%2Cb723%2Cb42%2Cb198%2Cb35%2Cb183%2Cb219%2Cb308%2Cb523%2Cb900%2Cb188%2Cb703%2Cb890%2Cb236%2Cb74%2Cb400%2Cb209%2Cb19%2Cb454%2Cb651%2Cb202%2Cb4%2Cb22%2Cb238%2Cb6%2Cb596%2Cb143%2Cb877%2Cb485%2Cb221%2Cb194%2Cb136%2Cb647%2Cb497%2Cb546%2Cb105%2Cb185%2Cb568%2Cb151%2Cb88%2Cb43%2Cb597%2Cb103%2Cb613%2Cb880%2Cb212%2Cb861%2Cb148%2Cb135%2Cb186%2Cb778%2Cb113%2Cb99%2Cb584%2Cb724%2Cb224%2Cb63?page=175 HTTP/1.1" 200 40980 "-" "Mozilla/5.0 (compatible; Googlebot/2.1; +http://www.google.com/bot.html)" "-"
5.117.155.154 - - [22/Jan/2019:04:23:52 +0330] "GET /image/65327/productModel/200x200 HTTP/1.1" 200 3845 "https://www.zanbil.ir/m/filter/p5%2Ct29?name=%D9%85%D8%A7%D8%B4%DB%8C%D9%86-%D8%B8%D8%B1%D9%81%D8%B4%D9%88%DB%8C%DB%8C&productType=dishwasher" "Mozilla/5.0 (Linux; Android 6.0.1; SAMSUNG SM-G532F Build/MMB29T) AppleWebKit/537.36 (KHTML, like Gecko) SamsungBrowser/4.2 Chrome/44.0.2403.133 Mobile Safari/537.36" "-"
5.117.155.154 - - [22/Jan/2019:04:23:52 +0330] "GET /image/61065/productModel/200x200 HTTP/1.1" 200 4912 "https://www.zanbil.ir/m/filter/p5%2Ct29?name=%D9%85%D8%A7%D8%B4%DB%8C%D9%86-%D8%B8%D8%B1%D9%81%D8%B4%D9%88%DB%8C%DB%8C&productType=dishwasher" "Mozilla/5.0 (Linux; Android 6.0.1; SAMSUNG SM-G532F Build/MMB29T) AppleWebKit/537.36 (KHTML, like Gecko) SamsungBrowser/4.2 Chrome/44.0.2403.133 Mobile Safari/537.36" "-"
5.117.155.154 - - [22/Jan/2019:04:23:52 +0330] "GET /image/54273/productModel/200x200 HTTP/1.1" 200 3249 "https://www.zanbil.ir/m/filter/p5%2Ct29?name=%D9%85%D8%A7%D8%B4%DB%8C%D9%86-%D8%B8%D8%B1%D9%81%D8%B4%D9%88%DB%8C%DB%8C&productType=dishwasher" "Mozilla/5.0 (Linux; Android 6.0.1; SAMSUNG SM-G532F Build/MMB29T) AppleWebKit/537.36 (KHTML, like Gecko) SamsungBrowser/4.2 Chrome/44.0.2403.133 Mobile Safari/537.36" "-"
5.117.155.154 - - [22/Jan/2019:04:23:52 +0330] "GET /image/58013/productModel/200x200 HTTP/1.1" 200 4439 "https://www.zanbil.ir/m/filter/p5%2Ct29?name=%D9%85%D8%A7%D8%B4%DB%8C%D9%86-%D8%B8%D8%B1%D9%81%D8%B4%D9%88%DB%8C%DB%8C&productType=dishwasher" "Mozilla/5.0 (Linux; Android 6.0.1; SAMSUNG SM-G532F Build/MMB29T) AppleWebKit/537.36 (KHTML, like Gecko) SamsungBrowser/4.2 Chrome/44.0.2403.133 Mobile Safari/537.36" "-"
207.46.13.136 - - [22/Jan/2019:04:23:53 +0330] "GET /filter/b1,b103,b105,b109,b111,b113,b135,b144,b168,b176,b186,b221,b249,b261,b291,b481,b52,b598,b615,b67,b77,b83 HTTP/1.1" 200 38001 "-" "Mozilla/5.0 (compatible; bingbot/2.0; +http://www.bing.com/bingbot.htm)" "-"
66.249.66.91 - - [22/Jan/2019:04:23:54 +0330] "GET /filter/b656%2Cb703%2Cb67%2Cb226%2Cb41%2Cb598%2Cb168%2Cb723%2Cb597%2Cb88%2Cb548%2Cb6%2Cb679%2Cb215%2Cb105%2Cb194%2Cb74%2Cb542%2Cb35%2Cb113%2Cb820%2Cb574%2Cb442%2Cb880%2Cb645%2Cb724%2Cb118%2Cb482%2Cb400%2Cb95%2Cb135%2Cb249%2Cb435%2Cb221%2Cb523%2Cb854%2Cb126%2Cstexists%2Cb216%2Cb217%2Cb152%2Cb99%2Cb192%2Cb213%2Cb136%2Cb218%2Cb648%2Cb454%2Cb258%2Cb20?page=50 HTTP/1.1" 200 40268 "-" "Mozilla/5.0 (compatible; Googlebot/2.1; +http://www.google.com/bot.html)" "-"
46.4.203.149 - - [22/Jan/2019:04:23:55 +0330] "GET /product/18334/37132/%D8%A8%D8%B4%D9%82%D8%A7%D8%A8-%D9%85%DB%8C%D9%86%D8%A7%DA%A9%D8%A7%D8%B1%DB%8C-%D9%87%D9%86%D8%B1-%D8%A7%D8%B5%D9%81%D9%87%D8%A7%D9%86-%D9%85%D8%AF%D9%84-%D8%B7%D8%B1%D8%AD-5 HTTP/1.1" 200 564326 "-" "Mozilla/5.0 (Windows NT 6.2; WOW64; rv:17.0) Gecko/20100101 Firefox/17.0" "-"
5.114.224.196 - - [22/Jan/2019:04:23:56 +0330] "GET /image/34290?name=galaxy-j2-core-1.jpg&wh=200x200 HTTP/1.1" 200 4328 "-" "Dalvik/2.1.0 (Linux; U; Android 8.0.0; SM-A600G Build/R16NW)" "-"
66.249.66.91 - - [22/Jan/2019:04:23:57 +0330] "GET /filter/b703%2Cb36%2Cb41%2Cb598%2Cb168%2Cb103%2Cb614%2Cb88%2Cb19%2Cb194%2Cb321%2Cb5%2Cb261%2Cb484%2Cb723%2Cb573%2Cb192%2Cb724%2Cb1%2Cb435%2Cb183%2Cb542%2Cb135%2Cb878%2Cb63%2Cb497%2Cb619%2Cb219%2Cb126%2Cb74%2Cb151%2Cb441%2Cb568%2Cb880%2Cb647%2Cb185%2Cb224%2Cb213%2Cb50%2Cb3%2Cb231%2Cb99%2Cb238%2Cb82%2Cb215%2Cb95%2Cb218%2Cb482?page=18 HTTP/1.1" 200 40078 "-" "Mozilla/5.0 (compatible; Googlebot/2.1; +http://www.google.com/bot.html)" "-"
23.101.169.3 - - [22/Jan/2019:04:23:57 +0330] "GET /image/%7B%7BbasketItem.id%7D%7D?type=productModel&wh=50x50 HTTP/1.1" 200 5 "https://www.zanbil.ir/browse/mixer/%D9%87%D9%85%D8%B2%D9%86" "Mozilla/5.0 (compatible; MSIE 9.0; Windows NT 6.1; Trident/5.0;  Trident/5.0)" "-"
66.249.66.91 - - [22/Jan/2019:04:23:58 +0330] "GET /filter/b656%2Cb703%2Cb32%2Cb67%2Cb226%2Cb41%2Cb598%2Cb168%2Cb723%2Cb597%2Cb88%2Cb548%2Cb6%2Cb679%2Cb215%2Cb105%2Cb194%2Cb74%2Cb542%2Cb35%2Cb113%2Cb820%2Cb574%2Cb442%2Cb880%2Cb645%2Cb724%2Cb118%2Cb482%2Cb400%2Cb95%2Cb135%2Cb249%2Cb435%2Cb221%2Cb523%2Cb854%2Cb126%2Cstexists%2Cb216%2Cb217%2Cb152%2Cb99%2Cb188%2Cb209%2Cb192%2Cb213%2Cb136%2Cb218%2Cb4%2Cb546%2Cb603%2Cb147%2Cb615?page=0 HTTP/1.1" 200 40226 "-" "Mozilla/5.0 (compatible; Googlebot/2.1; +http://www.google.com/bot.html)" "-"
66.249.66.194 - - [22/Jan/2019:04:23:58 +0330] "GET /product/78854 HTTP/1.1" 404 32429 "-" "Mozilla/5.0 (compatible; Googlebot/2.1; +http://www.google.com/bot.html)" "-"
207.46.13.136 - - [22/Jan/2019:04:23:58 +0330] "GET /filter/b238,b332,b36,b615 HTTP/1.1" 200 37576 "-" "Mozilla/5.0 (compatible; bingbot/2.0; +http://www.bing.com/bingbot.htm)" "-"
66.249.66.91 - - [22/Jan/2019:04:23:59 +0330] "GET /filter/b703%2Cb36%2Cb41%2Cb598%2Cb168%2Cb103%2Cb614%2Cb88%2Cb19%2Cb194%2Cb321%2Cb5%2Cb261%2Cb442%2Cb484%2Cb573%2Cb192%2Cb724%2Cb1%2Cb435%2Cb183%2Cb135%2Cb878%2Cb63%2Cb497%2Cb619%2Cb219%2Cb126%2Cb74%2Cb151%2Cb441%2Cb568%2Cb880%2Cb647%2Cb185%2Cb224%2Cb213%2Cb50%2Cb3%2Cb231%2Cb99%2Cb238%2Cb82%2Cb215%2Cb95%2Cb218%2Cb118%2Cb543%2Cb603%2Cb42?page=213 HTTP/1.1" 200 39605 "-" "Mozilla/5.0 (compatible; Googlebot/2.1; +http://www.google.com/bot.html)" "-"
5.117.183.185 - - [22/Jan/2019:04:23:59 +0330] "GET /image/34288?name=galaxy-j4-black-1.jpg&wh=200x200 HTTP/1.1" 200 4401 "https://torob.com/browse/186/%DA%AF%D9%88%D8%B4%DB%8C-%D8%B3%D8%A7%D9%85%D8%B3%D9%88%D9%86%DA%AF-samsung/" "Mozilla/5.0 (Linux; U; Android 4.1.2; fa-fa; GT-I8552 Build/JZO54K) AppleWebKit/534.30 (KHTML, like Gecko) Version/4.0 Mobile Safari/534.30" "-"
66.249.66.194 - - [22/Jan/2019:04:24:00 +0330] "GET /product/34373/65357/118051 HTTP/1.1" 200 40425 "-" "Mozilla/5.0 (compatible; Googlebot/2.1; +http://www.google.com/bot.html)" "-"
5.116.228.149 - - [22/Jan/2019:04:24:01 +0330] "GET /image/154/productTypeType HTTP/1.1" 200 11065 "https://www.zanbil.ir/m/filter/p5767?page=2" "Mozilla/5.0 (Linux; Android 6.0; BLN-L21 Build/HONORBLN-L21) AppleWebKit/537.36 (KHTML, like Gecko) SamsungBrowser/7.4 Chrome/59.0.3071.125 Mobile Safari/537.36" "-"
5.117.155.154 - - [22/Jan/2019:04:24:02 +0330] "GET /image/57679/productModel/200x200 HTTP/1.1" 200 4415 "https://www.zanbil.ir/m/filter/p5%2Ct29?name=%D9%85%D8%A7%D8%B4%DB%8C%D9%86-%D8%B8%D8%B1%D9%81%D8%B4%D9%88%DB%8C%DB%8C&productType=dishwasher" "Mozilla/5.0 (Linux; Android 6.0.1; SAMSUNG SM-G532F Build/MMB29T) AppleWebKit/537.36 (KHTML, like Gecko) SamsungBrowser/4.2 Chrome/44.0.2403.133 Mobile Safari/537.36" "-"
23.101.169.3 - - [22/Jan/2019:04:24:03 +0330] "GET /image/893/mainSlide HTTP/1.1" 200 89875 "https://www.zanbil.ir/browse/mixer/%D9%87%D9%85%D8%B2%D9%86" "Mozilla/5.0 (compatible; MSIE 9.0; Windows NT 6.1; Trident/5.0;  Trident/5.0)" "-"
66.249.66.194 - - [22/Jan/2019:04:24:03 +0330] "GET /product/32578/62996/%D8%A7%D8%AA%D9%88-%D8%A8%D8%AE%D8%A7%D8%B1-%D9%81%D9%84%D8%B1-%D9%85%D8%AF%D9%84-SI-244 HTTP/1.1" 302 0 "-" "Mozilla/5.0 (Linux; Android 6.0.1; Nexus 5X Build/MMB29P) AppleWebKit/537.36 (KHTML, like Gecko) Chrome/41.0.2272.96 Mobile Safari/537.36 (compatible; Googlebot/2.1; +http://www.google.com/bot.html)" "-"
66.249.66.91 - - [22/Jan/2019:04:24:03 +0330] "GET /filter/b703%2Cb32%2Cb67%2Cb226%2Cb41%2Cb598%2Cb168%2Cb723%2Cb597%2Cb88%2Cb548%2Cb6%2Cb679%2Cb215%2Cb105%2Cb74%2Cb542%2Cb35%2Cb113%2Cb820%2Cb574%2Cb442%2Cb880%2Cb645%2Cb724%2Cb118%2Cb482%2Cb400%2Cb95%2Cb135%2Cb249%2Cb435%2Cb221%2Cb523%2Cb854%2Cb126%2Cstexists%2Cb216%2Cb217%2Cb152%2Cb99%2Cb192%2Cb213%2Cb136%2Cb218%2Cb648%2Cb454%2Cb258%2Cb20?page=49 HTTP/1.1" 200 31141 "-" "Mozilla/5.0 (compatible; Googlebot/2.1; +http://www.google.com/bot.html)" "-"
23.101.169.3 - - [22/Jan/2019:04:24:03 +0330] "GET /image/120/productTypeType HTTP/1.1" 200 11045 "https://www.zanbil.ir/browse/mixer/%D9%87%D9%85%D8%B2%D9%86" "Mozilla/5.0 (compatible; MSIE 9.0; Windows NT 6.1; Trident/5.0;  Trident/5.0)" "-"
5.134.128.102 - - [22/Jan/2019:04:24:03 +0330] "GET /image/33888?name=model-b2048u-1-.jpg&wh=200x200 HTTP/1.1" 403 134 "-" "torob/5 CFNetwork/976 Darwin/18.2.0" "-"
23.101.169.3 - - [22/Jan/2019:04:24:04 +0330] "GET /image/190/productTypeType HTTP/1.1" 200 10835 "https://www.zanbil.ir/browse/mixer/%D9%87%D9%85%D8%B2%D9%86" "Mozilla/5.0 (compatible; MSIE 9.0; Windows NT 6.1; Trident/5.0;  Trident/5.0)" "-"
23.101.169.3 - - [22/Jan/2019:04:24:04 +0330] "GET /image/82/productTypeType HTTP/1.1" 200 10944 "https://www.zanbil.ir/browse/mixer/%D9%87%D9%85%D8%B2%D9%86" "Mozilla/5.0 (compatible; MSIE 9.0; Windows NT 6.1; Trident/5.0;  Trident/5.0)" "-"
23.101.169.3 - - [22/Jan/2019:04:24:04 +0330] "GET /image/55698/productModel/150x150 HTTP/1.1" 200 3418 "https://www.zanbil.ir/browse/mixer/%D9%87%D9%85%D8%B2%D9%86" "Mozilla/5.0 (compatible; MSIE 9.0; Windows NT 6.1; Trident/5.0;  Trident/5.0)" "-"
23.101.169.3 - - [22/Jan/2019:04:24:04 +0330] "GET /image/2/productTypeMenu HTTP/1.1" 200 11 "https://www.zanbil.ir/browse/mixer/%D9%87%D9%85%D8%B2%D9%86" "Mozilla/5.0 (compatible; MSIE 9.0; Windows NT 6.1; Trident/5.0;  Trident/5.0)" "-"
66.249.66.91 - - [22/Jan/2019:04:24:04 +0330] "GET /filter/b703%2Cb36%2Cb41%2Cb598%2Cb168%2Cb103%2Cb614%2Cb88%2Cb19%2Cb194%2Cb321%2Cb5%2Cb261%2Cb442%2Cb484%2Cb723%2Cb573%2Cb192%2Cb724%2Cb1%2Cb435%2Cb183%2Cb135%2Cb878%2Cb63%2Cb497%2Cb619%2Cb219%2Cb126%2Cb74%2Cb151%2Cb441%2Cb568%2Cb880%2Cb647%2Cb185%2Cb224%2Cb213%2Cb50%2Cb3%2Cb231%2Cb99%2Cb238%2Cb82%2Cb215%2Cb95%2Cb218%2Cb118%2Cb543%2Cb603%2Cb42?page=214 HTTP/1.1" 200 39686 "-" "Mozilla/5.0 (compatible; Googlebot/2.1; +http://www.google.com/bot.html)" "-"
23.101.169.3 - - [22/Jan/2019:04:24:05 +0330] "GET /image/32553/productTypeMenu HTTP/1.1" 200 11 "https://www.zanbil.ir/browse/mixer/%D9%87%D9%85%D8%B2%D9%86" "Mozilla/5.0 (compatible; MSIE 9.0; Windows NT 6.1; Trident/5.0;  Trident/5.0)" "-"
23.101.169.3 - - [22/Jan/2019:04:24:05 +0330] "GET /image/55/productTypeMenu HTTP/1.1" 200 11 "https://www.zanbil.ir/browse/mixer/%D9%87%D9%85%D8%B2%D9%86" "Mozilla/5.0 (compatible; MSIE 9.0; Windows NT 6.1; Trident/5.0;  Trident/5.0)" "-"
23.101.169.3 - - [22/Jan/2019:04:24:05 +0330] "GET /image/63010/productModel/150x150 HTTP/1.1" 200 4965 "https://www.zanbil.ir/browse/mixer/%D9%87%D9%85%D8%B2%D9%86" "Mozilla/5.0 (compatible; MSIE 9.0; Windows NT 6.1; Trident/5.0;  Trident/5.0)" "-"
23.101.169.3 - - [22/Jan/2019:04:24:05 +0330] "GET /image/62017/productModel/150x150 HTTP/1.1" 200 3054 "https://www.zanbil.ir/browse/mixer/%D9%87%D9%85%D8%B2%D9%86" "Mozilla/5.0 (compatible; MSIE 9.0; Windows NT 6.1; Trident/5.0;  Trident/5.0)" "-"
23.101.169.3 - - [22/Jan/2019:04:24:05 +0330] "GET /image/13794/productTypeMenu HTTP/1.1" 200 11 "https://www.zanbil.ir/browse/mixer/%D9%87%D9%85%D8%B2%D9%86" "Mozilla/5.0 (compatible; MSIE 9.0; Windows NT 6.1; Trident/5.0;  Trident/5.0)" "-"
23.101.169.3 - - [22/Jan/2019:04:24:05 +0330] "GET /image/33141/productModel/150x150 HTTP/1.1" 200 2957 "https://www.zanbil.ir/browse/mixer/%D9%87%D9%85%D8%B2%D9%86" "Mozilla/5.0 (compatible; MSIE 9.0; Windows NT 6.1; Trident/5.0;  Trident/5.0)" "-"
23.101.169.3 - - [22/Jan/2019:04:24:05 +0330] "GET /image/4949/productModel/150x150 HTTP/1.1" 200 2194 "https://www.zanbil.ir/browse/mixer/%D9%87%D9%85%D8%B2%D9%86" "Mozilla/5.0 (compatible; MSIE 9.0; Windows NT 6.1; Trident/5.0;  Trident/5.0)" "-"
23.101.169.3 - - [22/Jan/2019:04:24:05 +0330] "GET /image/17/productTypeMenu HTTP/1.1" 200 11 "https://www.zanbil.ir/browse/mixer/%D9%87%D9%85%D8%B2%D9%86" "Mozilla/5.0 (compatible; MSIE 9.0; Windows NT 6.1; Trident/5.0;  Trident/5.0)" "-"
23.101.169.3 - - [22/Jan/2019:04:24:06 +0330] "GET /image/41/productTypeMenu HTTP/1.1" 200 11 "https://www.zanbil.ir/browse/mixer/%D9%87%D9%85%D8%B2%D9%86" "Mozilla/5.0 (compatible; MSIE 9.0; Windows NT 6.1; Trident/5.0;  Trident/5.0)" "-"
23.101.169.3 - - [22/Jan/2019:04:24:06 +0330] "GET /image/18342/productTypeMenu HTTP/1.1" 200 11 "https://www.zanbil.ir/browse/mixer/%D9%87%D9%85%D8%B2%D9%86" "Mozilla/5.0 (compatible; MSIE 9.0; Windows NT 6.1; Trident/5.0;  Trident/5.0)" "-"
23.101.169.3 - - [22/Jan/2019:04:24:06 +0330] "GET /image/64087/productModel/150x150 HTTP/1.1" 200 3218 "https://www.zanbil.ir/browse/mixer/%D9%87%D9%85%D8%B2%D9%86" "Mozilla/5.0 (compatible; MSIE 9.0; Windows NT 6.1; Trident/5.0;  Trident/5.0)" "-"
23.101.169.3 - - [22/Jan/2019:04:24:06 +0330] "GET /image/2671/productModel/150x150 HTTP/1.1" 200 1939 "https://www.zanbil.ir/browse/mixer/%D9%87%D9%85%D8%B2%D9%86" "Mozilla/5.0 (compatible; MSIE 9.0; Windows NT 6.1; Trident/5.0;  Trident/5.0)" "-"
23.101.169.3 - - [22/Jan/2019:04:24:06 +0330] "GET /image/42/productTypeMenu HTTP/1.1" 200 11 "https://www.zanbil.ir/browse/mixer/%D9%87%D9%85%D8%B2%D9%86" "Mozilla/5.0 (compatible; MSIE 9.0; Windows NT 6.1; Trident/5.0;  Trident/5.0)" "-"
23.101.169.3 - - [22/Jan/2019:04:24:06 +0330] "GET /image/43/productTypeMenu HTTP/1.1" 200 11 "https://www.zanbil.ir/browse/mixer/%D9%87%D9%85%D8%B2%D9%86" "Mozilla/5.0 (compatible; MSIE 9.0; Windows NT 6.1; Trident/5.0;  Trident/5.0)" "-"
23.101.169.3 - - [22/Jan/2019:04:24:06 +0330] "GET /image/59573/productModel/150x150 HTTP/1.1" 200 2531 "https://www.zanbil.ir/browse/mixer/%D9%87%D9%85%D8%B2%D9%86" "Mozilla/5.0 (compatible; MSIE 9.0; Windows NT 6.1; Trident/5.0;  Trident/5.0)" "-"
66.249.66.194 - - [22/Jan/2019:04:24:06 +0330] "GET /product/17029/32615/%D8%B4%DB%8C%D8%B1-%D8%B1%D9%88%D8%B4%D9%88%DB%8C%DB%8C-%D8%B1%D8%A7%D8%B3%D8%A7%D9%86-%D9%85%D8%AF%D9%84-%D8%AF%D8%B1%D9%86%D8%A7R224 HTTP/1.1" 200 41502 "-" "Mozilla/5.0 (compatible; Googlebot/2.1; +http://www.google.com/bot.html)" "-"
23.101.169.3 - - [22/Jan/2019:04:24:06 +0330] "GET /image/59623/productModel/150x150 HTTP/1.1" 200 3174 "https://www.zanbil.ir/browse/mixer/%D9%87%D9%85%D8%B2%D9%86" "Mozilla/5.0 (compatible; MSIE 9.0; Windows NT 6.1; Trident/5.0;  Trident/5.0)" "-"
23.101.169.3 - - [22/Jan/2019:04:24:06 +0330] "GET /image/5252/productTypeMenu HTTP/1.1" 200 11 "https://www.zanbil.ir/browse/mixer/%D9%87%D9%85%D8%B2%D9%86" "Mozilla/5.0 (compatible; MSIE 9.0; Windows NT 6.1; Trident/5.0;  Trident/5.0)" "-"
23.101.169.3 - - [22/Jan/2019:04:24:06 +0330] "GET /image/62389/productModel/150x150 HTTP/1.1" 200 3038 "https://www.zanbil.ir/browse/mixer/%D9%87%D9%85%D8%B2%D9%86" "Mozilla/5.0 (compatible; MSIE 9.0; Windows NT 6.1; Trident/5.0;  Trident/5.0)" "-"
23.101.169.3 - - [22/Jan/2019:04:24:06 +0330] "GET /image/44/productTypeMenu HTTP/1.1" 200 11 "https://www.zanbil.ir/browse/mixer/%D9%87%D9%85%D8%B2%D9%86" "Mozilla/5.0 (compatible; MSIE 9.0; Windows NT 6.1; Trident/5.0;  Trident/5.0)" "-"
40.77.167.170 - - [22/Jan/2019:04:24:06 +0330] "GET /filter/b126%2Cb52%2Cb19%2Cb14%2Cb400 HTTP/1.1" 200 37745 "-" "Mozilla/5.0 (compatible; bingbot/2.0; +http://www.bing.com/bingbot.htm)" "-"
23.101.169.3 - - [22/Jan/2019:04:24:06 +0330] "GET /image/60895/productModel/150x150 HTTP/1.1" 200 3499 "https://www.zanbil.ir/browse/mixer/%D9%87%D9%85%D8%B2%D9%86" "Mozilla/5.0 (compatible; MSIE 9.0; Windows NT 6.1; Trident/5.0;  Trident/5.0)" "-"
23.101.169.3 - - [22/Jan/2019:04:24:07 +0330] "GET /image/31385/productTypeMenu HTTP/1.1" 200 11 "https://www.zanbil.ir/browse/mixer/%D9%87%D9%85%D8%B2%D9%86" "Mozilla/5.0 (compatible; MSIE 9.0; Windows NT 6.1; Trident/5.0;  Trident/5.0)" "-"
23.101.169.3 - - [22/Jan/2019:04:24:07 +0330] "GET /image/57/productTypeMenu HTTP/1.1" 200 11 "https://www.zanbil.ir/browse/mixer/%D9%87%D9%85%D8%B2%D9%86" "Mozilla/5.0 (compatible; MSIE 9.0; Windows NT 6.1; Trident/5.0;  Trident/5.0)" "-"
23.101.169.3 - - [22/Jan/2019:04:24:07 +0330] "GET /image/9588/productModel/150x150 HTTP/1.1" 200 2641 "https://www.zanbil.ir/browse/mixer/%D9%87%D9%85%D8%B2%D9%86" "Mozilla/5.0 (compatible; MSIE 9.0; Windows NT 6.1; Trident/5.0;  Trident/5.0)" "-"
23.101.169.3 - - [22/Jan/2019:04:24:07 +0330] "GET /image/69/productTypeMenu HTTP/1.1" 200 11 "https://www.zanbil.ir/browse/mixer/%D9%87%D9%85%D8%B2%D9%86" "Mozilla/5.0 (compatible; MSIE 9.0; Windows NT 6.1; Trident/5.0;  Trident/5.0)" "-"
23.101.169.3 - - [22/Jan/2019:04:24:07 +0330] "GET /image/61/productTypeMenu HTTP/1.1" 200 11 "https://www.zanbil.ir/browse/mixer/%D9%87%D9%85%D8%B2%D9%86" "Mozilla/5.0 (compatible; MSIE 9.0; Windows NT 6.1; Trident/5.0;  Trident/5.0)" "-"
23.101.169.3 - - [22/Jan/2019:04:24:07 +0330] "GET /image/5304/productModel/150x150 HTTP/1.1" 200 2622 "https://www.zanbil.ir/browse/mixer/%D9%87%D9%85%D8%B2%D9%86" "Mozilla/5.0 (compatible; MSIE 9.0; Windows NT 6.1; Trident/5.0;  Trident/5.0)" "-"
23.101.169.3 - - [22/Jan/2019:04:24:08 +0330] "GET /image/5665/productTypeMenu HTTP/1.1" 200 11 "https://www.zanbil.ir/browse/mixer/%D9%87%D9%85%D8%B2%D9%86" "Mozilla/5.0 (compatible; MSIE 9.0; Windows NT 6.1; Trident/5.0;  Trident/5.0)" "-"
23.101.169.3 - - [22/Jan/2019:04:24:08 +0330] "GET /image/6446/productTypeMenu HTTP/1.1" 200 11 "https://www.zanbil.ir/browse/mixer/%D9%87%D9%85%D8%B2%D9%86" "Mozilla/5.0 (compatible; MSIE 9.0; Windows NT 6.1; Trident/5.0;  Trident/5.0)" "-"
23.101.169.3 - - [22/Jan/2019:04:24:08 +0330] "GET /image/60678/productModel/150x150 HTTP/1.1" 200 5167 "https://www.zanbil.ir/browse/mixer/%D9%87%D9%85%D8%B2%D9%86" "Mozilla/5.0 (compatible; MSIE 9.0; Windows NT 6.1; Trident/5.0;  Trident/5.0)" "-"
23.101.169.3 - - [22/Jan/2019:04:24:08 +0330] "GET /image/55703/productModel/150x150 HTTP/1.1" 200 3239 "https://www.zanbil.ir/browse/mixer/%D9%87%D9%85%D8%B2%D9%86" "Mozilla/5.0 (compatible; MSIE 9.0; Windows NT 6.1; Trident/5.0;  Trident/5.0)" "-"
54.36.148.237 - - [22/Jan/2019:04:24:08 +0330] "GET /filter/b192,b43,b440,p5935 HTTP/1.1" 200 35786 "-" "Mozilla/5.0 (compatible; AhrefsBot/6.1; +http://ahrefs.com/robot/)" "-"
23.101.169.3 - - [22/Jan/2019:04:24:08 +0330] "GET /image/16827/productTypeMenu HTTP/1.1" 200 11 "https://www.zanbil.ir/browse/mixer/%D9%87%D9%85%D8%B2%D9%86" "Mozilla/5.0 (compatible; MSIE 9.0; Windows NT 6.1; Trident/5.0;  Trident/5.0)" "-"
23.101.169.3 - - [22/Jan/2019:04:24:08 +0330] "GET /image/2671/productModel/100x100 HTTP/1.1" 200 1363 "https://www.zanbil.ir/browse/mixer/%D9%87%D9%85%D8%B2%D9%86" "Mozilla/5.0 (compatible; MSIE 9.0; Windows NT 6.1; Trident/5.0;  Trident/5.0)" "-"
23.101.169.3 - - [22/Jan/2019:04:24:08 +0330] "GET /image/4949/productModel/100x100 HTTP/1.1" 200 1474 "https://www.zanbil.ir/browse/mixer/%D9%87%D9%85%D8%B2%D9%86" "Mozilla/5.0 (compatible; MSIE 9.0; Windows NT 6.1; Trident/5.0;  Trident/5.0)" "-"
23.101.169.3 - - [22/Jan/2019:04:24:08 +0330] "GET /image/14464/productTypeMenu HTTP/1.1" 200 11 "https://www.zanbil.ir/browse/mixer/%D9%87%D9%85%D8%B2%D9%86" "Mozilla/5.0 (compatible; MSIE 9.0; Windows NT 6.1; Trident/5.0;  Trident/5.0)" "-"
23.101.169.3 - - [22/Jan/2019:04:24:08 +0330] "GET /image/33141/productModel/100x100 HTTP/1.1" 200 1961 "https://www.zanbil.ir/browse/mixer/%D9%87%D9%85%D8%B2%D9%86" "Mozilla/5.0 (compatible; MSIE 9.0; Windows NT 6.1; Trident/5.0;  Trident/5.0)" "-"
23.101.169.3 - - [22/Jan/2019:04:24:08 +0330] "GET /image/13124/productTypeMenu HTTP/1.1" 200 11 "https://www.zanbil.ir/browse/mixer/%D9%87%D9%85%D8%B2%D9%86" "Mozilla/5.0 (compatible; MSIE 9.0; Windows NT 6.1; Trident/5.0;  Trident/5.0)" "-"
23.101.169.3 - - [22/Jan/2019:04:24:09 +0330] "GET /image/55698/productModel/100x100 HTTP/1.1" 200 2086 "https://www.zanbil.ir/browse/mixer/%D9%87%D9%85%D8%B2%D9%86" "Mozilla/5.0 (compatible; MSIE 9.0; Windows NT 6.1; Trident/5.0;  Trident/5.0)" "-"
23.101.169.3 - - [22/Jan/2019:04:24:09 +0330] "GET /image/13272/productTypeMenu HTTP/1.1" 200 11 "https://www.zanbil.ir/browse/mixer/%D9%87%D9%85%D8%B2%D9%86" "Mozilla/5.0 (compatible; MSIE 9.0; Windows NT 6.1; Trident/5.0;  Trident/5.0)" "-"
104.194.24.54 - - [22/Jan/2019:04:24:09 +0330] "GET /image/33888?name=model-b2048u-1-.jpg&wh=200x200 HTTP/1.1" 200 3975 "-" "Dalvik/2.1.0 (Linux; U; Android 6.0.1; SM-G900H Build/MMB29K)" "-"
23.101.169.3 - - [22/Jan/2019:04:24:09 +0330] "GET /image/10136/productTypeMenu HTTP/1.1" 200 11 "https://www.zanbil.ir/browse/mixer/%D9%87%D9%85%D8%B2%D9%86" "Mozilla/5.0 (compatible; MSIE 9.0; Windows NT 6.1; Trident/5.0;  Trident/5.0)" "-"
23.101.169.3 - - [22/Jan/2019:04:24:09 +0330] "GET /image/60895/productModel/100x100 HTTP/1.1" 200 2139 "https://www.zanbil.ir/browse/mixer/%D9%87%D9%85%D8%B2%D9%86" "Mozilla/5.0 (compatible; MSIE 9.0; Windows NT 6.1; Trident/5.0;  Trident/5.0)" "-"
23.101.169.3 - - [22/Jan/2019:04:24:09 +0330] "GET /image/29044/productTypeMenu HTTP/1.1" 200 11 "https://www.zanbil.ir/browse/mixer/%D9%87%D9%85%D8%B2%D9%86" "Mozilla/5.0 (compatible; MSIE 9.0; Windows NT 6.1; Trident/5.0;  Trident/5.0)" "-"
23.101.169.3 - - [22/Jan/2019:04:24:09 +0330] "GET /image/59623/productModel/100x100 HTTP/1.1" 200 2055 "https://www.zanbil.ir/browse/mixer/%D9%87%D9%85%D8%B2%D9%86" "Mozilla/5.0 (compatible; MSIE 9.0; Windows NT 6.1; Trident/5.0;  Trident/5.0)" "-"
54.36.148.228 - - [22/Jan/2019:04:24:09 +0330] "GET /filter/979%7C8%20%D8%AA%D8%A7%2010%20%D9%86%D9%81%D8%B1%2Cp56%2C979%7C5%20%D9%84%DB%8C%D8%AA%D8%B1?o=979 HTTP/1.1" 302 0 "-" "Mozilla/5.0 (compatible; AhrefsBot/6.1; +http://ahrefs.com/robot/)" "-"
188.158.38.30 - - [22/Jan/2019:04:24:09 +0330] "GET /image/27142?name=mdn76.jpg&wh=200x200 HTTP/1.1" 200 3294 "-" "Dalvik/2.1.0 (Linux; U; Android 7.0; SM-G920F Build/NRD90M)" "-"
5.117.155.154 - - [22/Jan/2019:04:24:09 +0330] "GET /image/55651/productModel/200x200 HTTP/1.1" 200 3867 "https://www.zanbil.ir/m/filter/p5%2Ct29%2Cstexists?name=%D9%85%D8%A7%D8%B4%DB%8C%D9%86-%D8%B8%D8%B1%D9%81%D8%B4%D9%88%DB%8C%DB%8C&productType=dishwasher" "Mozilla/5.0 (Linux; Android 6.0.1; SAMSUNG SM-G532F Build/MMB29T) AppleWebKit/537.36 (KHTML, like Gecko) SamsungBrowser/4.2 Chrome/44.0.2403.133 Mobile Safari/537.36" "-"
5.117.155.154 - - [22/Jan/2019:04:24:09 +0330] "GET /image/61564/productModel/200x200 HTTP/1.1" 200 4429 "https://www.zanbil.ir/m/filter/p5%2Ct29%2Cstexists?name=%D9%85%D8%A7%D8%B4%DB%8C%D9%86-%D8%B8%D8%B1%D9%81%D8%B4%D9%88%DB%8C%DB%8C&productType=dishwasher" "Mozilla/5.0 (Linux; Android 6.0.1; SAMSUNG SM-G532F Build/MMB29T) AppleWebKit/537.36 (KHTML, like Gecko) SamsungBrowser/4.2 Chrome/44.0.2403.133 Mobile Safari/537.36" "-"
5.117.155.154 - - [22/Jan/2019:04:24:09 +0330] "GET /image/61064/productModel/200x200 HTTP/1.1" 200 4796 "https://www.zanbil.ir/m/filter/p5%2Ct29%2Cstexists?name=%D9%85%D8%A7%D8%B4%DB%8C%D9%86-%D8%B8%D8%B1%D9%81%D8%B4%D9%88%DB%8C%DB%8C&productType=dishwasher" "Mozilla/5.0 (Linux; Android 6.0.1; SAMSUNG SM-G532F Build/MMB29T) AppleWebKit/537.36 (KHTML, like Gecko) SamsungBrowser/4.2 Chrome/44.0.2403.133 Mobile Safari/537.36" "-"
23.101.169.3 - - [22/Jan/2019:04:24:10 +0330] "GET /image/13275/productTypeMenu HTTP/1.1" 200 11 "https://www.zanbil.ir/browse/mixer/%D9%87%D9%85%D8%B2%D9%86" "Mozilla/5.0 (compatible; MSIE 9.0; Windows NT 6.1; Trident/5.0;  Trident/5.0)" "-"
23.101.169.3 - - [22/Jan/2019:04:24:10 +0330] "GET /image/14044/productTypeMenu HTTP/1.1" 200 11 "https://www.zanbil.ir/browse/mixer/%D9%87%D9%85%D8%B2%D9%86" "Mozilla/5.0 (compatible; MSIE 9.0; Windows NT 6.1; Trident/5.0;  Trident/5.0)" "-"
23.101.169.3 - - [22/Jan/2019:04:24:10 +0330] "GET /image/63010/productModel/100x100 HTTP/1.1" 200 3081 "https://www.zanbil.ir/browse/mixer/%D9%87%D9%85%D8%B2%D9%86" "Mozilla/5.0 (compatible; MSIE 9.0; Windows NT 6.1; Trident/5.0;  Trident/5.0)" "-"
23.101.169.3 - - [22/Jan/2019:04:24:10 +0330] "GET /image/62389/productModel/100x100 HTTP/1.1" 200 1986 "https://www.zanbil.ir/browse/mixer/%D9%87%D9%85%D8%B2%D9%86" "Mozilla/5.0 (compatible; MSIE 9.0; Windows NT 6.1; Trident/5.0;  Trident/5.0)" "-"
23.101.169.3 - - [22/Jan/2019:04:24:11 +0330] "GET /image/11287/productTypeMenu HTTP/1.1" 200 11 "https://www.zanbil.ir/browse/mixer/%D9%87%D9%85%D8%B2%D9%86" "Mozilla/5.0 (compatible; MSIE 9.0; Windows NT 6.1; Trident/5.0;  Trident/5.0)" "-"
23.101.169.3 - - [22/Jan/2019:04:24:11 +0330] "GET /image/63609/productModel/100x100 HTTP/1.1" 200 1854 "https://www.zanbil.ir/browse/mixer/%D9%87%D9%85%D8%B2%D9%86" "Mozilla/5.0 (compatible; MSIE 9.0; Windows NT 6.1; Trident/5.0;  Trident/5.0)" "-"
23.101.169.3 - - [22/Jan/2019:04:24:11 +0330] "GET /image/64088/productModel/100x100 HTTP/1.1" 200 1544 "https://www.zanbil.ir/browse/mixer/%D9%87%D9%85%D8%B2%D9%86" "Mozilla/5.0 (compatible; MSIE 9.0; Windows NT 6.1; Trident/5.0;  Trident/5.0)" "-"
23.101.169.3 - - [22/Jan/2019:04:24:11 +0330] "GET /image/26666/productTypeMenu HTTP/1.1" 200 11 "https://www.zanbil.ir/browse/mixer/%D9%87%D9%85%D8%B2%D9%86" "Mozilla/5.0 (compatible; MSIE 9.0; Windows NT 6.1; Trident/5.0;  Trident/5.0)" "-"
23.101.169.3 - - [22/Jan/2019:04:24:11 +0330] "GET /image/13223/productTypeMenu HTTP/1.1" 200 11 "https://www.zanbil.ir/browse/mixer/%D9%87%D9%85%D8%B2%D9%86" "Mozilla/5.0 (compatible; MSIE 9.0; Windows NT 6.1; Trident/5.0;  Trident/5.0)" "-"
23.101.169.3 - - [22/Jan/2019:04:24:12 +0330] "GET /image/8095/productTypeMenu HTTP/1.1" 200 11 "https://www.zanbil.ir/browse/mixer/%D9%87%D9%85%D8%B2%D9%86" "Mozilla/5.0 (compatible; MSIE 9.0; Windows NT 6.1; Trident/5.0;  Trident/5.0)" "-"
5.117.155.154 - - [22/Jan/2019:04:24:12 +0330] "GET /image/63915/productModel/200x200 HTTP/1.1" 200 3495 "https://www.zanbil.ir/m/filter/p5%2Ct29%2Cstexists?name=%D9%85%D8%A7%D8%B4%DB%8C%D9%86-%D8%B8%D8%B1%D9%81%D8%B4%D9%88%DB%8C%DB%8C&productType=dishwasher" "Mozilla/5.0 (Linux; Android 6.0.1; SAMSUNG SM-G532F Build/MMB29T) AppleWebKit/537.36 (KHTML, like Gecko) SamsungBrowser/4.2 Chrome/44.0.2403.133 Mobile Safari/537.36" "-"
23.101.169.3 - - [22/Jan/2019:04:24:12 +0330] "GET /image/12583/productTypeMenu HTTP/1.1" 200 11 "https://www.zanbil.ir/browse/mixer/%D9%87%D9%85%D8%B2%D9%86" "Mozilla/5.0 (compatible; MSIE 9.0; Windows NT 6.1; Trident/5.0;  Trident/5.0)" "-"
23.101.169.3 - - [22/Jan/2019:04:24:12 +0330] "GET /image/12682/productTypeMenu HTTP/1.1" 200 11 "https://www.zanbil.ir/browse/mixer/%D9%87%D9%85%D8%B2%D9%86" "Mozilla/5.0 (compatible; MSIE 9.0; Windows NT 6.1; Trident/5.0;  Trident/5.0)" "-"
23.101.169.3 - - [22/Jan/2019:04:24:12 +0330] "GET /image/12349/productTypeMenu HTTP/1.1" 200 11 "https://www.zanbil.ir/browse/mixer/%D9%87%D9%85%D8%B2%D9%86" "Mozilla/5.0 (compatible; MSIE 9.0; Windows NT 6.1; Trident/5.0;  Trident/5.0)" "-"
23.101.169.3 - - [22/Jan/2019:04:24:12 +0330] "GET /image/14199/productTypeMenu HTTP/1.1" 200 11 "https://www.zanbil.ir/browse/mixer/%D9%87%D9%85%D8%B2%D9%86" "Mozilla/5.0 (compatible; MSIE 9.0; Windows NT 6.1; Trident/5.0;  Trident/5.0)" "-"
23.101.169.3 - - [22/Jan/2019:04:24:13 +0330] "GET /image/28998/productTypeMenu HTTP/1.1" 200 11 "https://www.zanbil.ir/browse/mixer/%D9%87%D9%85%D8%B2%D9%86" "Mozilla/5.0 (compatible; MSIE 9.0; Windows NT 6.1; Trident/5.0;  Trident/5.0)" "-"
23.101.169.3 - - [22/Jan/2019:04:24:13 +0330] "GET /image/11899/productTypeMenu HTTP/1.1" 200 11 "https://www.zanbil.ir/browse/mixer/%D9%87%D9%85%D8%B2%D9%86" "Mozilla/5.0 (compatible; MSIE 9.0; Windows NT 6.1; Trident/5.0;  Trident/5.0)" "-"
54.36.148.144 - - [22/Jan/2019:04:24:13 +0330] "GET /filter/b1,b125,b126,p4515 HTTP/1.1" 200 33856 "-" "Mozilla/5.0 (compatible; AhrefsBot/6.1; +http://ahrefs.com/robot/)" "-"
54.36.148.161 - - [22/Jan/2019:04:24:13 +0330] "GET /filter/b41%2Cb882%2Cp42%2Ct49 HTTP/1.1" 200 33404 "-" "Mozilla/5.0 (compatible; AhrefsBot/6.1; +http://ahrefs.com/robot/)" "-"
23.101.169.3 - - [22/Jan/2019:04:24:13 +0330] "GET /image/28997/productTypeMenu HTTP/1.1" 200 11 "https://www.zanbil.ir/browse/mixer/%D9%87%D9%85%D8%B2%D9%86" "Mozilla/5.0 (compatible; MSIE 9.0; Windows NT 6.1; Trident/5.0;  Trident/5.0)" "-"
23.101.169.3 - - [22/Jan/2019:04:24:13 +0330] "GET /image/28993/productTypeMenu HTTP/1.1" 200 11 "https://www.zanbil.ir/browse/mixer/%D9%87%D9%85%D8%B2%D9%86" "Mozilla/5.0 (compatible; MSIE 9.0; Windows NT 6.1; Trident/5.0;  Trident/5.0)" "-"
66.249.66.91 - - [22/Jan/2019:04:24:13 +0330] "GET /filter/b656%2Cb703%2Cb32%2Cb67%2Cb226%2Cb41%2Cb598%2Cb168%2Cb723%2Cb597%2Cb88%2Cb548%2Cb6%2Cb679%2Cb215%2Cb105%2Cb194%2Cb74%2Cb542%2Cb35%2Cb113%2Cb820%2Cb574%2Cb442%2Cb880%2Cb645%2Cb724%2Cb118%2Cb482%2Cb400%2Cb135%2Cb249%2Cb435%2Cb221%2Cb523%2Cb854%2Cb126%2Cstexists%2Cb216%2Cb217%2Cb152%2Cb99%2Cb188%2Cb209%2Cb192%2Cb213%2Cb136%2Cb218%2Cb4%2Cb648%2Cb454?page=6 HTTP/1.1" 200 40274 "-" "Mozilla/5.0 (compatible; Googlebot/2.1; +http://www.google.com/bot.html)" "-"
23.101.169.3 - - [22/Jan/2019:04:24:13 +0330] "GET /image/12129/productTypeMenu HTTP/1.1" 200 11 "https://www.zanbil.ir/browse/mixer/%D9%87%D9%85%D8%B2%D9%86" "Mozilla/5.0 (compatible; MSIE 9.0; Windows NT 6.1; Trident/5.0;  Trident/5.0)" "-"
23.101.169.3 - - [22/Jan/2019:04:24:13 +0330] "GET /image/13356/productTypeMenu HTTP/1.1" 200 11 "https://www.zanbil.ir/browse/mixer/%D9%87%D9%85%D8%B2%D9%86" "Mozilla/5.0 (compatible; MSIE 9.0; Windows NT 6.1; Trident/5.0;  Trident/5.0)" "-"
66.249.66.91 - - [22/Jan/2019:04:24:14 +0330] "GET /image/10091/productModel/150x150 HTTP/1.1" 200 3150 "-" "Googlebot-Image/1.0" "-"
51.38.65.189 - - [22/Jan/2019:04:24:14 +0330] "GET /image/33952?name=note9m.jpg&wh=200x200 HTTP/1.1" 200 5969 "-" "Dalvik/2.1.0 (Linux; U; Android 8.0.0; SM-G570F Build/R16NW)" "-"
23.101.169.3 - - [22/Jan/2019:04:24:14 +0330] "GET /image/46/productTypeMenu HTTP/1.1" 200 11 "https://www.zanbil.ir/browse/mixer/%D9%87%D9%85%D8%B2%D9%86" "Mozilla/5.0 (compatible; MSIE 9.0; Windows NT 6.1; Trident/5.0;  Trident/5.0)" "-"
66.249.66.91 - - [22/Jan/2019:04:24:14 +0330] "GET /filter/p4510?page=1 HTTP/1.1" 200 34840 "-" "Mozilla/5.0 (compatible; Googlebot/2.1; +http://www.google.com/bot.html)" "-"
23.101.169.3 - - [22/Jan/2019:04:24:14 +0330] "GET /image/62/productTypeMenu HTTP/1.1" 200 11 "https://www.zanbil.ir/browse/mixer/%D9%87%D9%85%D8%B2%D9%86" "Mozilla/5.0 (compatible; MSIE 9.0; Windows NT 6.1; Trident/5.0;  Trident/5.0)" "-"
23.101.169.3 - - [22/Jan/2019:04:24:14 +0330] "GET /image/40/productTypeMenu HTTP/1.1" 200 11 "https://www.zanbil.ir/browse/mixer/%D9%87%D9%85%D8%B2%D9%86" "Mozilla/5.0 (compatible; MSIE 9.0; Windows NT 6.1; Trident/5.0;  Trident/5.0)" "-"
66.249.66.91 - - [22/Jan/2019:04:24:15 +0330] "GET /filter/b703%2Cb36%2Cb41%2Cb598%2Cb168%2Cb103%2Cb614%2Cb88%2Cb19%2Cb194%2Cb321%2Cb5%2Cb261%2Cb442%2Cb484%2Cb723%2Cb573%2Cb192%2Cb724%2Cb1%2Cb435%2Cb183%2Cb542%2Cb135%2Cb878%2Cb63%2Cb497%2Cb619%2Cb219%2Cb126%2Cb74%2Cb441%2Cb568%2Cb880%2Cb647%2Cb185%2Cb584%2Cb224%2Cb213%2Cb50%2Cb3%2Cb231%2Cb99%2Cb238%2Cb82%2Cb215%2Cb95%2Cb218?page=0 HTTP/1.1" 200 39479 "-" "Mozilla/5.0 (compatible; Googlebot/2.1; +http://www.google.com/bot.html)" "-"
66.249.66.194 - - [22/Jan/2019:04:24:15 +0330] "GET /filter/b103,b141,b215,b35,b424,b613,b614,p17677,stexists,stnot-exists HTTP/1.1" 302 0 "-" "Mozilla/5.0 (Linux; Android 6.0.1; Nexus 5X Build/MMB29P) AppleWebKit/537.36 (KHTML, like Gecko) Chrome/41.0.2272.96 Mobile Safari/537.36 (compatible; Googlebot/2.1; +http://www.google.com/bot.html)" "-"
23.101.169.3 - - [22/Jan/2019:04:24:15 +0330] "GET /image/53/productTypeMenu HTTP/1.1" 200 11 "https://www.zanbil.ir/browse/mixer/%D9%87%D9%85%D8%B2%D9%86" "Mozilla/5.0 (compatible; MSIE 9.0; Windows NT 6.1; Trident/5.0;  Trident/5.0)" "-"
23.101.169.3 - - [22/Jan/2019:04:24:15 +0330] "GET /image/16788/productTypeMenu HTTP/1.1" 200 11 "https://www.zanbil.ir/browse/mixer/%D9%87%D9%85%D8%B2%D9%86" "Mozilla/5.0 (compatible; MSIE 9.0; Windows NT 6.1; Trident/5.0;  Trident/5.0)" "-"
23.101.169.3 - - [22/Jan/2019:04:24:15 +0330] "GET /image/13197/productTypeMenu HTTP/1.1" 200 11 "https://www.zanbil.ir/browse/mixer/%D9%87%D9%85%D8%B2%D9%86" "Mozilla/5.0 (compatible; MSIE 9.0; Windows NT 6.1; Trident/5.0;  Trident/5.0)" "-"
23.101.169.3 - - [22/Jan/2019:04:24:15 +0330] "GET /image/63577/productModel/150x150 HTTP/1.1" 200 3466 "https://www.zanbil.ir/browse/mixer/%D9%87%D9%85%D8%B2%D9%86" "Mozilla/5.0 (compatible; MSIE 9.0; Windows NT 6.1; Trident/5.0;  Trident/5.0)" "-"
23.101.169.3 - - [22/Jan/2019:04:24:15 +0330] "GET /image/11729/productModel/150x150 HTTP/1.1" 200 2930 "https://www.zanbil.ir/browse/mixer/%D9%87%D9%85%D8%B2%D9%86" "Mozilla/5.0 (compatible; MSIE 9.0; Windows NT 6.1; Trident/5.0;  Trident/5.0)" "-"
23.101.169.3 - - [22/Jan/2019:04:24:15 +0330] "GET /image/14045/productTypeMenu HTTP/1.1" 200 11 "https://www.zanbil.ir/browse/mixer/%D9%87%D9%85%D8%B2%D9%86" "Mozilla/5.0 (compatible; MSIE 9.0; Windows NT 6.1; Trident/5.0;  Trident/5.0)" "-"
66.249.66.91 - - [22/Jan/2019:04:24:16 +0330] "GET /filter/b656%2Cb703%2Cb32%2Cb67%2Cb226%2Cb41%2Cb598%2Cb168%2Cb723%2Cb597%2Cb88%2Cb548%2Cb6%2Cb679%2Cb215%2Cb105%2Cb194%2Cb74%2Cb542%2Cb35%2Cb113%2Cb820%2Cb574%2Cb442%2Cb880%2Cb645%2Cb724%2Cb118%2Cb482%2Cb400%2Cb95%2Cb135%2Cb249%2Cb435%2Cb221%2Cb523%2Cb854%2Cb126%2Cstexists%2Cb216%2Cb217%2Cb152%2Cb99%2Cb192%2Cb213%2Cb136%2Cb218%2Cb648%2Cb454%2Cb258%2Cb151%2Cb22%2Cb203%2Cb543?page=7 HTTP/1.1" 200 41315 "-" "Mozilla/5.0 (compatible; Googlebot/2.1; +http://www.google.com/bot.html)" "-"
40.77.167.170 - - [22/Jan/2019:04:24:16 +0330] "GET /filter/b1,b134,b147,b36,p12946 HTTP/1.1" 200 27681 "-" "Mozilla/5.0 (compatible; bingbot/2.0; +http://www.bing.com/bingbot.htm)" "-"
23.101.169.3 - - [22/Jan/2019:04:24:16 +0330] "GET /image/6385/productTypeMenu HTTP/1.1" 200 11 "https://www.zanbil.ir/browse/mixer/%D9%87%D9%85%D8%B2%D9%86" "Mozilla/5.0 (compatible; MSIE 9.0; Windows NT 6.1; Trident/5.0;  Trident/5.0)" "-"
23.101.169.3 - - [22/Jan/2019:04:24:16 +0330] "GET /image/12015/productTypeMenu HTTP/1.1" 200 11 "https://www.zanbil.ir/browse/mixer/%D9%87%D9%85%D8%B2%D9%86" "Mozilla/5.0 (compatible; MSIE 9.0; Windows NT 6.1; Trident/5.0;  Trident/5.0)" "-"
23.101.169.3 - - [22/Jan/2019:04:24:16 +0330] "GET /image/62028/productModel/150x150 HTTP/1.1" 200 3185 "https://www.zanbil.ir/browse/mixer/%D9%87%D9%85%D8%B2%D9%86" "Mozilla/5.0 (compatible; MSIE 9.0; Windows NT 6.1; Trident/5.0;  Trident/5.0)" "-"
23.101.169.3 - - [22/Jan/2019:04:24:16 +0330] "GET /image/38782/productModel/150x150 HTTP/1.1" 200 2879 "https://www.zanbil.ir/browse/mixer/%D9%87%D9%85%D8%B2%D9%86" "Mozilla/5.0 (compatible; MSIE 9.0; Windows NT 6.1; Trident/5.0;  Trident/5.0)" "-"
23.101.169.3 - - [22/Jan/2019:04:24:17 +0330] "GET /image/28994/productTypeMenu HTTP/1.1" 200 11 "https://www.zanbil.ir/browse/mixer/%D9%87%D9%85%D8%B2%D9%86" "Mozilla/5.0 (compatible; MSIE 9.0; Windows NT 6.1; Trident/5.0;  Trident/5.0)" "-"
23.101.169.3 - - [22/Jan/2019:04:24:17 +0330] "GET /image/11678/productTypeMenu HTTP/1.1" 200 11 "https://www.zanbil.ir/browse/mixer/%D9%87%D9%85%D8%B2%D9%86" "Mozilla/5.0 (compatible; MSIE 9.0; Windows NT 6.1; Trident/5.0;  Trident/5.0)" "-"
23.101.169.3 - - [22/Jan/2019:04:24:17 +0330] "GET /image/62017/productModel/100x100 HTTP/1.1" 200 1915 "https://www.zanbil.ir/browse/mixer/%D9%87%D9%85%D8%B2%D9%86" "Mozilla/5.0 (compatible; MSIE 9.0; Windows NT 6.1; Trident/5.0;  Trident/5.0)" "-"
23.101.169.3 - - [22/Jan/2019:04:24:17 +0330] "GET /image/59573/productModel/100x100 HTTP/1.1" 200 1690 "https://www.zanbil.ir/browse/mixer/%D9%87%D9%85%D8%B2%D9%86" "Mozilla/5.0 (compatible; MSIE 9.0; Windows NT 6.1; Trident/5.0;  Trident/5.0)" "-"
40.77.167.170 - - [22/Jan/2019:04:24:17 +0330] "GET /filter/b1,b103,b105,b109,b111,b113,b135,b144,b176,b186,b221,b238,b261,b291,b481,b52,b597,b598,b615,b647,b77,b83 HTTP/1.1" 200 38970 "-" "Mozilla/5.0 (compatible; bingbot/2.0; +http://www.bing.com/bingbot.htm)" "-"
23.101.169.3 - - [22/Jan/2019:04:24:17 +0330] "GET /image/24081/productTypeMenu HTTP/1.1" 200 11 "https://www.zanbil.ir/browse/mixer/%D9%87%D9%85%D8%B2%D9%86" "Mozilla/5.0 (compatible; MSIE 9.0; Windows NT 6.1; Trident/5.0;  Trident/5.0)" "-"
23.101.169.3 - - [22/Jan/2019:04:24:17 +0330] "GET /image/154/article/100x100 HTTP/1.1" 200 4236 "https://www.zanbil.ir/browse/mixer/%D9%87%D9%85%D8%B2%D9%86" "Mozilla/5.0 (compatible; MSIE 9.0; Windows NT 6.1; Trident/5.0;  Trident/5.0)" "-"
23.101.169.3 - - [22/Jan/2019:04:24:17 +0330] "GET /image/8/productTypeMenu HTTP/1.1" 200 11 "https://www.zanbil.ir/browse/mixer/%D9%87%D9%85%D8%B2%D9%86" "Mozilla/5.0 (compatible; MSIE 9.0; Windows NT 6.1; Trident/5.0;  Trident/5.0)" "-"
40.77.167.170 - - [22/Jan/2019:04:24:18 +0330] "GET /filter/b1,b14,b147,b18,b236,b36,p51 HTTP/1.1" 200 36321 "-" "Mozilla/5.0 (compatible; bingbot/2.0; +http://www.bing.com/bingbot.htm)" "-"
40.77.167.170 - - [22/Jan/2019:04:24:19 +0330] "GET /filter/b523,b584,b878,b880 HTTP/1.1" 200 37233 "-" "Mozilla/5.0 (compatible; bingbot/2.0; +http://www.bing.com/bingbot.htm)" "-"
188.158.38.30 - - [22/Jan/2019:04:24:19 +0330] "GET /image/33888?name=model-b2048u-1-.jpg&wh=200x200 HTTP/1.1" 200 3975 "-" "Dalvik/2.1.0 (Linux; U; Android 7.0; SM-G920F Build/NRD90M)" "-"
207.46.13.136 - - [22/Jan/2019:04:24:20 +0330] "GET /filter/b36%2Cb2%2Cp1%2Cb50%2Cb126 HTTP/1.1" 200 37298 "-" "Mozilla/5.0 (compatible; bingbot/2.0; +http://www.bing.com/bingbot.htm)" "-"
66.249.66.194 - - [22/Jan/2019:04:24:20 +0330] "GET /product/108418 HTTP/1.1" 404 33631 "-" "Mozilla/5.0 (compatible; Googlebot/2.1; +http://www.google.com/bot.html)" "-"
164.215.218.89 - - [22/Jan/2019:04:24:22 +0330] "GET /image/31595?name=55m6965-3.jpg&wh=200x200 HTTP/1.1" 200 5536 "-" "Dalvik/1.6.0 (Linux; U; Android 4.4.2; HTC Desire 820G PLUS dual sim Build/KOT49H)" "-"
207.46.13.136 - - [22/Jan/2019:04:24:23 +0330] "GET /product/22746 HTTP/1.1" 200 40882 "-" "Mozilla/5.0 (compatible; bingbot/2.0; +http://www.bing.com/bingbot.htm)" "-"
2.186.65.58 - - [22/Jan/2019:04:24:24 +0330] "GET /image/32739?name=pt-vx610-22.jpg&wh=200x200 HTTP/1.1" 200 2953 "-" "Dalvik/2.1.0 (Linux; U; Android 6.0.1; SM-G532F Build/MMB29T)" "-"
2.186.65.58 - - [22/Jan/2019:04:24:24 +0330] "GET /image/32745?name=ms506-14.jpg&wh=200x200 HTTP/1.1" 200 3901 "-" "Dalvik/2.1.0 (Linux; U; Android 6.0.1; SM-G532F Build/MMB29T)" "-"
2.186.65.58 - - [22/Jan/2019:04:24:24 +0330] "GET /image/32743?name=x320-22.jpg&wh=200x200 HTTP/1.1" 200 3759 "-" "Dalvik/2.1.0 (Linux; U; Android 6.0.1; SM-G532F Build/MMB29T)" "-"
66.249.66.91 - - [22/Jan/2019:04:24:24 +0330] "GET /image/17765?name=%D9%81%D9%88%D8%B1%D9%85%D8%A7.jpg&wh=200x200 HTTP/1.1" 200 4376 "-" "Googlebot-Image/1.0" "-"
66.249.66.197 - - [22/Jan/2019:04:24:26 +0330] "GET /product/34222/65201/116256 HTTP/1.1" 200 38381 "-" "Mozilla/5.0 (compatible; Googlebot/2.1; +http://www.google.com/bot.html)" "-"
40.77.167.170 - - [22/Jan/2019:04:24:27 +0330] "GET /filter/b111%2Cb41%2Cp1%2Cb35%2Cb133 HTTP/1.1" 200 37724 "-" "Mozilla/5.0 (compatible; bingbot/2.0; +http://www.bing.com/bingbot.htm)" "-"
17.58.102.43 - - [22/Jan/2019:04:24:28 +0330] "GET /filter/b211%2Cb502%2Cb229%2Cb99%2Cb367%2Cb320%2Cb19%2Cb574%2Cb315%2Cb329%2Cb584%2Cb400%2Cb301%2Cb341%2Cb202%2Cb615 HTTP/1.1" 200 37471 "-" "Mozilla/5.0 (Macintosh; Intel Mac OS X 10_10_1) AppleWebKit/600.2.5 (KHTML, like Gecko) Version/8.0.2 Safari/600.2.5 (Applebot/0.1; +http://www.apple.com/go/applebot)" "-"
66.249.66.91 - - [22/Jan/2019:04:24:32 +0330] "GET /image/30675?name=urban-musk326.jpg&wh=200x200 HTTP/1.1" 200 4159 "-" "Googlebot-Image/1.0" "-"
207.46.13.136 - - [22/Jan/2019:04:24:33 +0330] "GET /image/16219?name=8437e-2.jpg&wh=max HTTP/1.1" 200 88248 "-" "Mozilla/5.0 (compatible; bingbot/2.0; +http://www.bing.com/bingbot.htm)" "-"
66.249.66.194 - - [22/Jan/2019:04:24:34 +0330] "GET /product/31164/kan58a104-222.jpg HTTP/1.1" 200 42348 "-" "Googlebot-Image/1.0" "-"
66.249.66.194 - - [22/Jan/2019:04:24:37 +0330] "GET /product/4057/8263/78307 HTTP/1.1" 200 41507 "-" "Mozilla/5.0 (compatible; Googlebot/2.1; +http://www.google.com/bot.html)" "-"
146.185.138.203 - - [22/Jan/2019:04:24:38 +0330] "GET /image/33888?name=model-b2048u-1-.jpg&wh=200x200 HTTP/1.1" 200 3975 "-" "Dalvik/2.1.0 (Linux; U; Android 8.0.0; LDN-L21 Build/HUAWEILDN-L21)" "-"
40.77.167.170 - - [22/Jan/2019:04:24:39 +0330] "GET /filter/b1%2Cb2%2Cp62%2Cv1%7CBlue%20Silver?o=v1 HTTP/1.1" 302 0 "-" "Mozilla/5.0 (compatible; bingbot/2.0; +http://www.bing.com/bingbot.htm)" "-"
66.249.66.91 - - [22/Jan/2019:04:24:40 +0330] "GET /filter/b703%2Cb32%2Cb67%2Cb226%2Cb41%2Cb598%2Cb168%2Cb723%2Cb597%2Cb88%2Cb548%2Cb6%2Cb679%2Cb215%2Cb105%2Cb74%2Cb542%2Cb35%2Cb113%2Cb820%2Cb574%2Cb442%2Cb880%2Cb645%2Cb724%2Cb118%2Cb482%2Cb400%2Cb95%2Cb135%2Cb249%2Cb435%2Cb221%2Cb523%2Cb854%2Cb126%2Cstexists%2Cb216%2Cb217%2Cb152%2Cb99%2Cb192%2Cb213%2Cb136%2Cb218%2Cb648%2Cb454%2Cb258%2Cb20?page=45 HTTP/1.1" 200 40089 "-" "Mozilla/5.0 (compatible; Googlebot/2.1; +http://www.google.com/bot.html)" "-"
66.249.66.91 - - [22/Jan/2019:04:24:40 +0330] "GET /filter/b656%2Cb703%2Cb32%2Cb67%2Cb226%2Cb41%2Cb598%2Cb168%2Cb597%2Cb88%2Cb548%2Cb6%2Cb679%2Cb215%2Cb105%2Cb194%2Cb74%2Cb542%2Cb35%2Cb113%2Cb820%2Cb574%2Cb442%2Cb880%2Cb645%2Cb724%2Cb118%2Cb482%2Cb400%2Cb95%2Cb135%2Cb249%2Cb221%2Cb523%2Cb854%2Cb126%2Cstexists%2Cb216%2Cb217%2Cb99%2Cb188%2Cb209%2Cb192%2Cb213%2Cb136%2Cb218%2Cb4%2Cb648%2Cb454%2Cb147%2Cb258%2Cb883?page=3 HTTP/1.1" 200 40222 "-" "Mozilla/5.0 (compatible; Googlebot/2.1; +http://www.google.com/bot.html)" "-"
91.99.72.15 - - [22/Jan/2019:04:24:41 +0330] "GET /product/28608/57464/%D8%A7%D8%AC%D8%A7%D9%82-%DA%AF%D8%A7%D8%B2-%D8%B5%D9%81%D8%AD%D9%87-%D8%A7%DB%8C-%D8%A7%D8%AE%D9%88%D8%A7%D9%86-%D9%85%D8%AF%D9%84-GI-137 HTTP/1.1" 200 42625 "-" "Mozilla/5.0 (Windows NT 6.2; Win64; x64; rv:16.0)Gecko/16.0 Firefox/16.0" "-"
54.36.148.160 - - [22/Jan/2019:04:24:41 +0330] "GET /filter/p4510%2Cv1%7C%D9%86%D9%82%D8%B1%D9%87%20%D8%A7%DB%8C.%2Cb131 HTTP/1.1" 200 30978 "-" "Mozilla/5.0 (compatible; AhrefsBot/6.1; +http://ahrefs.com/robot/)" "-"
91.99.72.15 - - [22/Jan/2019:04:24:42 +0330] "GET /product/28085/56773/%D9%87%D9%88%D8%AF-%D8%B4%D9%88%D9%85%DB%8C%D9%86%D9%87-%D8%A7%DB%8C-%D8%A7%D8%AE%D9%88%D8%A7%D9%86-%D9%85%D8%AF%D9%84-H-18 HTTP/1.1" 200 41465 "-" "Mozilla/5.0 (X11; Linux x86_64) AppleWebKit/537.36 (KHTML, like Gecko) Chrome/53.0.2785.92 Safari/537.36" "-"
66.249.66.194 - - [22/Jan/2019:04:24:43 +0330] "GET /filter/p49%2Cv1%7C%D8%B3%D9%81%DB%8C%D8%AF%20%D8%AE%D8%A7%DA%A9%D8%B3%D8%AA%D8%B1%DB%8C?o=v1 HTTP/1.1" 302 0 "-" "Mozilla/5.0 (compatible; Googlebot/2.1; +http://www.google.com/bot.html)" "-"
54.36.148.123 - - [22/Jan/2019:04:24:43 +0330] "GET /filter/b67%2Cp6213%2Cb708 HTTP/1.1" 200 34524 "-" "Mozilla/5.0 (compatible; AhrefsBot/6.1; +http://ahrefs.com/robot/)" "-"
54.36.149.69 - - [22/Jan/2019:04:24:43 +0330] "GET /filter/p65%2Cv1%7C%D9%86%D9%82%D8%B1%D9%87%20%D8%A7%DB%8C.%2Cv1%7C%D8%AE%D8%A7%DA%A9%D8%B3%D8%AA%D8%B1%DB%8C. HTTP/1.1" 200 33875 "-" "Mozilla/5.0 (compatible; AhrefsBot/6.1; +http://ahrefs.com/robot/)" "-"
91.99.72.15 - - [22/Jan/2019:04:24:44 +0330] "GET /product/18514/37574/%D9%88%D8%A7%D9%86-%D8%AD%D9%85%D8%A7%D9%85-%D9%BE%D8%B1%D8%B4%DB%8C%D9%86-%D9%85%D8%AF%D9%84-%DA%A9%D9%86%D8%B2%DB%8C%D8%A7 HTTP/1.1" 200 38888 "-" "Mozilla/5.0 (Macintosh; Intel Mac OS X 10_7_3) AppleWebKit/534.55.3 (KHTML, like Gecko) Version/5.1.3 Safari/534.53.10" "-"
66.249.66.91 - - [22/Jan/2019:04:24:44 +0330] "GET /product/32043/62281/%D8%AD%D8%A7%D9%84%D8%AA-%D8%AF%D9%87%D9%86%D8%AF%D9%87-%D9%85%D9%88-%D9%BE%D8%B1%D9%88%D9%85%DA%A9%D8%B3-%D9%85%D8%AF%D9%84-4545k HTTP/1.1" 200 41278 "-" "Mozilla/5.0 (compatible; Googlebot/2.1; +http://www.google.com/bot.html)" "-"
66.249.66.194 - - [22/Jan/2019:04:24:45 +0330] "GET /filter/p49%2Cv1%7C%D8%B3%D9%81%DB%8C%D8%AF%20%D8%AE%D8%A7%DA%A9%D8%B3%D8%AA%D8%B1%DB%8C HTTP/1.1" 200 31178 "-" "Mozilla/5.0 (compatible; Googlebot/2.1; +http://www.google.com/bot.html)" "-"
54.36.148.22 - - [22/Jan/2019:04:24:45 +0330] "GET /filter/p25,v1|%D8%B3%D9%81%DB%8C%D8%AF.,v1|%D9%86%D9%82%D8%B1%D9%87%20%D8%A7%DB%8C. HTTP/1.1" 200 33746 "-" "Mozilla/5.0 (compatible; AhrefsBot/6.1; +http://ahrefs.com/robot/)" "-"
66.249.66.91 - - [22/Jan/2019:04:24:45 +0330] "GET /filter/b656%2Cb703%2Cb32%2Cb67%2Cb226%2Cb41%2Cb598%2Cb168%2Cb723%2Cb597%2Cb88%2Cb548%2Cb6%2Cb679%2Cb215%2Cb105%2Cb194%2Cb74%2Cb542%2Cb35%2Cb113%2Cb820%2Cb574%2Cb442%2Cb880%2Cb645%2Cb724%2Cb118%2Cb482%2Cb400%2Cb95%2Cb135%2Cb249%2Cb435%2Cb221%2Cb523%2Cb854%2Cb126%2Cstexists%2Cb216%2Cb217%2Cb152%2Cb99%2Cb192%2Cb213%2Cb218%2Cb648%2Cb454%2Cb258%2Cb151%2Cb22%2Cb36%2Cb874?page=1 HTTP/1.1" 200 40407 "-" "Mozilla/5.0 (compatible; Googlebot/2.1; +http://www.google.com/bot.html)" "-"
66.249.66.91 - - [22/Jan/2019:04:24:45 +0330] "GET /filter/b703%2Cb36%2Cb41%2Cb598%2Cb168%2Cb103%2Cb614%2Cb88%2Cb19%2Cb194%2Cb321%2Cb5%2Cb261%2Cb484%2Cb723%2Cb573%2Cb192%2Cb724%2Cb1%2Cb435%2Cb183%2Cb542%2Cb135%2Cb63%2Cb497%2Cb619%2Cb219%2Cb126%2Cb74%2Cb151%2Cb441%2Cb568%2Cb880%2Cb647%2Cb185%2Cb224%2Cb213%2Cb50%2Cb3%2Cb231%2Cb99%2Cb238%2Cb82%2Cb215%2Cb95%2Cb218%2Cb482?page=12 HTTP/1.1" 200 40762 "-" "Mozilla/5.0 (compatible; Googlebot/2.1; +http://www.google.com/bot.html)" "-"
91.99.72.15 - - [22/Jan/2019:04:24:47 +0330] "GET /product/27993?model=56627&utm_medium=PPC&utm_source=Torob HTTP/1.1" 200 43324 "-" "Mozilla/5.0 (X11; Linux x86_64) AppleWebKit/537.36 (KHTML, like Gecko) Chrome/53.0.2785.92 Safari/537.36" "-"
46.4.203.149 - - [22/Jan/2019:04:24:52 +0330] "GET /product/29470/58904/%D8%AA%D8%B4%DA%A9-%D8%AF%D9%88-%D9%86%D9%81%D8%B1%D9%87-%D8%B1%D9%88%DB%8C%D8%A7-%D9%85%D8%AF%D9%84-%D8%A7%D9%88%D9%84%D8%AA%D8%B1%D8%A7-2-%D8%B3%D8%A7%DB%8C%D8%B2-180*200 HTTP/1.1" 200 567299 "-" "Mozilla/5.0 (Windows NT 6.2; WOW64; rv:17.0) Gecko/20100101 Firefox/17.0" "-"
157.55.39.245 - - [22/Jan/2019:04:24:52 +0330] "GET /filter/p6446%2Cb202 HTTP/1.1" 200 35048 "-" "Mozilla/5.0 (compatible; bingbot/2.0; +http://www.bing.com/bingbot.htm)" "-"
66.249.66.194 - - [22/Jan/2019:04:24:53 +0330] "GET /product/764?model=10069 HTTP/1.1" 200 42986 "-" "Mozilla/5.0 (compatible; Googlebot/2.1; +http://www.google.com/bot.html)" "-"
66.249.66.194 - - [22/Jan/2019:04:24:54 +0330] "GET /filter/,t125,t5 HTTP/1.1" 200 33026 "-" "Mozilla/5.0 (compatible; Googlebot/2.1; +http://www.google.com/bot.html)" "-"
54.36.148.119 - - [22/Jan/2019:04:24:54 +0330] "GET /filter/b145,b180,b36,p8 HTTP/1.1" 200 35322 "-" "Mozilla/5.0 (compatible; AhrefsBot/6.1; +http://ahrefs.com/robot/)" "-"
5.134.128.102 - - [22/Jan/2019:04:24:55 +0330] "GET /image/27142?name=mdn76.jpg&wh=200x200 HTTP/1.1" 403 134 "-" "torob/5 CFNetwork/976 Darwin/18.2.0" "-"
66.249.66.91 - - [22/Jan/2019:04:24:55 +0330] "GET /filter/b703%2Cb36%2Cb41%2Cb598%2Cb168%2Cb103%2Cb614%2Cb19%2Cb194%2Cb321%2Cb5%2Cb261%2Cb442%2Cb484%2Cb723%2Cb573%2Cb192%2Cb724%2Cb1%2Cb435%2Cb183%2Cb542%2Cb135%2Cb878%2Cb63%2Cb497%2Cb619%2Cb219%2Cb126%2Cb74%2Cb151%2Cb441%2Cb568%2Cb880%2Cb647%2Cb185%2Cb224%2Cb213%2Cb50%2Cb3%2Cb231%2Cb99%2Cb238%2Cb82%2Cb215%2Cb95%2Cb218%2Cb6%2Cb778%2Cb543?page=25 HTTP/1.1" 200 40225 "-" "Mozilla/5.0 (compatible; Googlebot/2.1; +http://www.google.com/bot.html)" "-"
17.58.102.43 - - [22/Jan/2019:04:24:57 +0330] "GET /filter/b211%2Cb502%2Cb460%2Cb487%2Cb384%2Cb489%2Cb314%2Cb301%2Cb412%2Cb292%2Cb568%2Cb35 HTTP/1.1" 200 36999 "-" "Mozilla/5.0 (Macintosh; Intel Mac OS X 10_10_1) AppleWebKit/600.2.5 (KHTML, like Gecko) Version/8.0.2 Safari/600.2.5 (Applebot/0.1; +http://www.apple.com/go/applebot)" "-"
91.99.72.15 - - [22/Jan/2019:04:24:57 +0330] "GET /product/7810/9686/%D9%85%D8%AE%D9%84%D9%88%D8%B7-%DA%A9%D9%86-%D9%88-%D8%A2%D8%B3%DB%8C%D8%A7%D8%A8-%D9%81%DB%8C%D9%84%DB%8C%D9%BE%D8%B3-%D9%85%D8%AF%D9%84-HR2102 HTTP/1.1" 200 40654 "-" "Mozilla/5.0 (Windows NT 6.2; Win64; x64; rv:16.0)Gecko/16.0 Firefox/16.0" "-"
