207.46.13.136 - - [22/Jan/2019:04:25:52 +0330] "GET /filter/b105%2Cb3%2Cb573%2Cb195%2Cb1%2Cb198 HTTP/1.1" 200 37982 "-" "Mozilla/5.0 (compatible; bingbot/2.0; +http://www.bing.com/bingbot.htm)" "-"
54.36.149.67 - - [22/Jan/2019:04:25:52 +0330] "GET /filter/p30069,v1|%D8%B3%D8%A8%D8%B2.,v1|%D9%85%D8%B4%DA%A9%DB%8C%20%D8%A8%D8%A7%20%D8%AE%D8%B7%D9%88%D8%B7%20%D8%B3%D9%81%DB%8C%D8%AF HTTP/1.1" 200 27896 "-" "Mozilla/5.0 (compatible; AhrefsBot/6.1; +http://ahrefs.com/robot/)" "-"
5.121.43.23 - - [22/Jan/2019:04:25:52 +0330] "GET /image/65055/productModel/200x200 HTTP/1.1" 200 3519 "https://www.zanbil.ir/m/browse/refrigerator-and-freezer/%DB%8C%D8%AE%DA%86%D8%A7%D9%84-%D9%81%D8%B1%DB%8C%D8%B2%D8%B1" "Mozilla/5.0 (Linux; Android 7.0; FRD-L09) AppleWebKit/537.36 (KHTML, like Gecko) Chrome/70.0.3538.80 Mobile Safari/537.36" "-"
5.121.43.23 - - [22/Jan/2019:04:25:52 +0330] "GET /image/62923/productModel/200x200 HTTP/1.1" 200 2549 "https://www.zanbil.ir/m/browse/refrigerator-and-freezer/%DB%8C%D8%AE%DA%86%D8%A7%D9%84-%D9%81%D8%B1%DB%8C%D8%B2%D8%B1" "Mozilla/5.0 (Linux; Android 7.0; FRD-L09) AppleWebKit/537.36 (KHTML, like Gecko) Chrome/70.0.3538.80 Mobile Safari/537.36" "-"
91.99.72.15 - - [22/Jan/2019:04:25:53 +0330] "GET /product/29171/58436/%D9%85%D8%A7%D9%86%DB%8C%D8%AA%D9%88%D8%B1-LED-%D8%A7%DB%8C%D8%B3%D9%88%D8%B3-%D9%85%D8%AF%D9%84-VS207T-P HTTP/1.1" 200 42130 "-" "Mozilla/5.0 (Windows NT 6.2; Win64; x64; rv:16.0)Gecko/16.0 Firefox/16.0" "-"
66.249.66.91 - - [22/Jan/2019:04:25:53 +0330] "GET /filter/b703%2Cb36%2Cb41%2Cb598%2Cb168%2Cb103%2Cb614%2Cb88%2Cb19%2Cb194%2Cb321%2Cb5%2Cb261%2Cb484%2Cb723%2Cb573%2Cb192%2Cb724%2Cb1%2Cb435%2Cb542%2Cb135%2Cb878%2Cb63%2Cb497%2Cb619%2Cb219%2Cb126%2Cb74%2Cb151%2Cb441%2Cb568%2Cb880%2Cb647%2Cb185%2Cb224%2Cb213%2Cb50%2Cb3%2Cb231%2Cb99%2Cb238%2Cb82%2Cb215%2Cb95%2Cb218%2Cb482%2Cb105?page=0 HTTP/1.1" 200 40835 "-" "Mozilla/5.0 (compatible; Googlebot/2.1; +http://www.google.com/bot.html)" "-"
188.158.38.30 - - [22/Jan/2019:04:25:54 +0330] "GET /image/11947?name=11947-1-fw.jpg&wh=200x200 HTTP/1.1" 200 4167 "-" "Dalvik/2.1.0 (Linux; U; Android 7.0; SM-G920F Build/NRD90M)" "-"
91.99.72.15 - - [22/Jan/2019:04:25:54 +0330] "GET /product/29381?model=58803 HTTP/1.1" 200 42143 "-" "Mozilla/5.0 (Windows NT 6.1; WOW64) AppleWebKit/535.7(KHTML, like Gecko) Chrome/16.0.912.36 Safari/535.7" "-"
5.123.88.42 - - [22/Jan/2019:04:25:54 +0330] "GET /image/34355?name=s8-3320-ss-1.jpg&wh=200x200 HTTP/1.1" 200 3757 "-" "Dalvik/2.1.0 (Linux; U; Android 8.0.0; SM-A520F Build/R16NW)" "-"
66.249.66.194 - - [22/Jan/2019:04:25:54 +0330] "GET /filter/b1,b610 HTTP/1.1" 200 36163 "-" "Mozilla/5.0 (compatible; Googlebot/2.1; +http://www.google.com/bot.html)" "-"
66.249.66.91 - - [22/Jan/2019:04:25:55 +0330] "GET /filter/b703%2Cb36%2Cb41%2Cb598%2Cb168%2Cb103%2Cb614%2Cb88%2Cb19%2Cb194%2Cb321%2Cb5%2Cb261%2Cb442%2Cb484%2Cb723%2Cb573%2Cb192%2Cb724%2Cb1%2Cb435%2Cb183%2Cb542%2Cb135%2Cb878%2Cb63%2Cb497%2Cb619%2Cb219%2Cb126%2Cb74%2Cb151%2Cb441%2Cb568%2Cb880%2Cb647%2Cb185%2Cb224%2Cb213%2Cb50%2Cb3%2Cb231%2Cb99%2Cb238%2Cb82%2Cb215%2Cb95%2Cb218%2Cb6%2Cb778%2Cb2%2Cb485?page=21 HTTP/1.1" 200 40221 "-" "Mozilla/5.0 (compatible; Googlebot/2.1; +http://www.google.com/bot.html)" "-"
66.249.66.91 - - [22/Jan/2019:04:25:55 +0330] "GET /product/11913/18817/%D8%B5%D9%86%D8%AF%D9%84%DB%8C-%D9%85%D8%AF%DB%8C%D8%B1%DB%8C%D8%AA%DB%8C-%D9%86%DB%8C%D9%84%D9%BE%D8%B1-%D9%85%D8%AF%D9%84-SM809E HTTP/1.1" 200 44453 "-" "Mozilla/5.0 (compatible; Googlebot/2.1; +http://www.google.com/bot.html)" "-"
91.99.72.15 - - [22/Jan/2019:04:25:56 +0330] "GET /product/18574/37711/%D9%88%D8%A7%D9%86-%D8%AC%DA%A9%D9%88%D8%B2%DB%8C-%D9%BE%D8%B1%D8%B4%DB%8C%D9%86-%D9%85%D8%AF%D9%84-%D8%B1%D8%A7%D9%85%D8%A7%D9%86%D8%A7180 HTTP/1.1" 200 40247 "-" "Mozilla/5.0 (Windows NT 6.2; Win64; x64; rv:16.0)Gecko/16.0 Firefox/16.0" "-"
66.249.66.194 - - [22/Jan/2019:04:25:57 +0330] "GET /product/90165 HTTP/1.1" 404 32430 "-" "Mozilla/5.0 (compatible; Googlebot/2.1; +http://www.google.com/bot.html)" "-"
91.99.72.15 - - [22/Jan/2019:04:25:57 +0330] "GET /product/32657/63091/%D9%85%D8%A7%DB%8C%DA%A9%D8%B1%D9%88%D9%81%D8%B1-%D8%B1%D9%88%D9%85%DB%8C%D8%B2%DB%8C-%D8%AF%D9%84%D9%85%D9%88%D9%86%D8%AA%DB%8C-%D9%85%D8%AF%D9%84-DL730 HTTP/1.1" 200 41302 "-" "Mozilla/5.0 (X11; Linux x86_64) AppleWebKit/537.36 (KHTML, like Gecko) Chrome/53.0.2785.92 Safari/537.36" "-"
40.77.167.170 - - [22/Jan/2019:04:25:57 +0330] "GET /filter/b2,b484,b6 HTTP/1.1" 200 37830 "-" "Mozilla/5.0 (compatible; bingbot/2.0; +http://www.bing.com/bingbot.htm)" "-"
54.36.148.19 - - [22/Jan/2019:04:25:58 +0330] "GET /filter/p12595,v1|%D8%B1%D8%B2%20%DA%AF%D9%84%D8%AF,v1|%D8%B3%D9%81%DB%8C%D8%AF HTTP/1.1" 200 32199 "-" "Mozilla/5.0 (compatible; AhrefsBot/6.1; +http://ahrefs.com/robot/)" "-"
40.77.167.170 - - [22/Jan/2019:04:25:59 +0330] "GET /filter/b1%2Cb193%2Cb269%2Cb36%2Cb505%2Cb854 HTTP/1.1" 200 36946 "-" "Mozilla/5.0 (compatible; bingbot/2.0; +http://www.bing.com/bingbot.htm)" "-"
40.77.167.170 - - [22/Jan/2019:04:26:00 +0330] "GET /image/28966?name=5000bf.jpg&wh=max HTTP/1.1" 200 35976 "-" "Mozilla/5.0 (compatible; bingbot/2.0; +http://www.bing.com/bingbot.htm)" "-"
66.249.66.194 - - [22/Jan/2019:04:26:02 +0330] "GET /product/28716/63926/%D9%85%D8%A7%D8%B4%DB%8C%D9%86-%D9%84%D8%A8%D8%A7%D8%B3%D8%B4%D9%88%DB%8C%DB%8C-%D8%AF%D8%B1%D8%A8-%D8%A7%D8%B2-%D8%AC%D9%84%D9%88-%D8%A8%D9%88%D8%B4-%D9%85%D8%AF%D9%84-WTG8640IR HTTP/1.1" 302 0 "-" "Mozilla/5.0 (Linux; Android 6.0.1; Nexus 5X Build/MMB29P) AppleWebKit/537.36 (KHTML, like Gecko) Chrome/41.0.2272.96 Mobile Safari/537.36 (compatible; Googlebot/2.1; +http://www.google.com/bot.html)" "-"
40.77.167.170 - - [22/Jan/2019:04:26:04 +0330] "GET /filter/b103,b50,b613,b874 HTTP/1.1" 200 37331 "-" "Mozilla/5.0 (compatible; bingbot/2.0; +http://www.bing.com/bingbot.htm)" "-"
207.46.13.136 - - [22/Jan/2019:04:26:05 +0330] "GET /image/3577?name=4084-konjr.jpg&wh=300x300 HTTP/1.1" 200 8838 "-" "Mozilla/5.0 (compatible; bingbot/2.0; +http://www.bing.com/bingbot.htm)" "-"
5.121.43.23 - - [22/Jan/2019:04:26:05 +0330] "GET /image/58848/productModel/200x200 HTTP/1.1" 200 4099 "https://www.zanbil.ir/m/filter/p3%2Cb1" "Mozilla/5.0 (Linux; Android 7.0; FRD-L09) AppleWebKit/537.36 (KHTML, like Gecko) Chrome/70.0.3538.80 Mobile Safari/537.36" "-"
5.121.43.23 - - [22/Jan/2019:04:26:05 +0330] "GET /image/59830/productModel/200x200 HTTP/1.1" 200 3263 "https://www.zanbil.ir/m/filter/p3%2Cb1" "Mozilla/5.0 (Linux; Android 7.0; FRD-L09) AppleWebKit/537.36 (KHTML, like Gecko) Chrome/70.0.3538.80 Mobile Safari/537.36" "-"
5.121.43.23 - - [22/Jan/2019:04:26:05 +0330] "GET /image/14295/productModel/200x200 HTTP/1.1" 200 3012 "https://www.zanbil.ir/m/filter/p3%2Cb1" "Mozilla/5.0 (Linux; Android 7.0; FRD-L09) AppleWebKit/537.36 (KHTML, like Gecko) Chrome/70.0.3538.80 Mobile Safari/537.36" "-"
5.121.43.23 - - [22/Jan/2019:04:26:06 +0330] "GET /image/1647/productModel/200x200 HTTP/1.1" 200 3744 "https://www.zanbil.ir/m/filter/p3%2Cb1" "Mozilla/5.0 (Linux; Android 7.0; FRD-L09) AppleWebKit/537.36 (KHTML, like Gecko) Chrome/70.0.3538.80 Mobile Safari/537.36" "-"
5.121.43.23 - - [22/Jan/2019:04:26:06 +0330] "GET /image/61839/productModel/200x200 HTTP/1.1" 200 3957 "https://www.zanbil.ir/m/filter/p3%2Cb1" "Mozilla/5.0 (Linux; Android 7.0; FRD-L09) AppleWebKit/537.36 (KHTML, like Gecko) Chrome/70.0.3538.80 Mobile Safari/537.36" "-"
5.121.43.23 - - [22/Jan/2019:04:26:06 +0330] "GET /image/64632/productModel/200x200 HTTP/1.1" 200 3036 "https://www.zanbil.ir/m/filter/p3%2Cb1" "Mozilla/5.0 (Linux; Android 7.0; FRD-L09) AppleWebKit/537.36 (KHTML, like Gecko) Chrome/70.0.3538.80 Mobile Safari/537.36" "-"
5.121.43.23 - - [22/Jan/2019:04:26:06 +0330] "GET /image/59828/productModel/200x200 HTTP/1.1" 200 3739 "https://www.zanbil.ir/m/filter/p3%2Cb1" "Mozilla/5.0 (Linux; Android 7.0; FRD-L09) AppleWebKit/537.36 (KHTML, like Gecko) Chrome/70.0.3538.80 Mobile Safari/537.36" "-"
157.55.39.245 - - [22/Jan/2019:04:26:06 +0330] "GET /product/12347 HTTP/1.1" 200 41252 "-" "Mozilla/5.0 (compatible; bingbot/2.0; +http://www.bing.com/bingbot.htm)" "-"
40.77.167.170 - - [22/Jan/2019:04:26:07 +0330] "GET /filter/b1,b103,b105,b109,b111,b113,b135,b144,b176,b180,b186,b221,b261,b291,b481,b484,b52,b598,b614,b615,b77,b83 HTTP/1.1" 200 39371 "-" "Mozilla/5.0 (compatible; bingbot/2.0; +http://www.bing.com/bingbot.htm)" "-"
66.249.66.91 - - [22/Jan/2019:04:26:07 +0330] "GET /filter/b481%2Cb226%2Cb570%2Cb80%2Cb270%2Cb903%2Cb883%2Cb152%2Cb249%2Cb20%2Cb701%2Cb723%2Cb42%2Cb198%2Cb35%2Cb183%2Cb219%2Cb308%2Cb523%2Cb900%2Cb188%2Cb703%2Cb890%2Cb236%2Cb74%2Cb400%2Cb209%2Cb19%2Cb454%2Cb651%2Cb202%2Cb4%2Cb22%2Cb238%2Cb6%2Cb596%2Cb143%2Cb877%2Cb485%2Cb221%2Cb194%2Cb136%2Cb647%2Cb497%2Cb546%2Cb105%2Cb185%2Cb568%2Cb151%2Cb88%2Cb43%2Cb597%2Cb103%2Cb613%2Cb880%2Cb212%2Cb861%2Cb148%2Cb135%2Cb186%2Cb778%2Cb113%2Cb99%2Cb584%2Cb724%2Cb224%2Cb63%2Cb36?page=177 HTTP/1.1" 200 41724 "-" "Mozilla/5.0 (compatible; Googlebot/2.1; +http://www.google.com/bot.html)" "-"
66.249.66.91 - - [22/Jan/2019:04:26:07 +0330] "GET /filter/b656%2Cb32%2Cb67%2Cb226%2Cb41%2Cb598%2Cb168%2Cb723%2Cb597%2Cb88%2Cb548%2Cb6%2Cb679%2Cb215%2Cb105%2Cb194%2Cb74%2Cb542%2Cb35%2Cb113%2Cb820%2Cb574%2Cb442%2Cb880%2Cb645%2Cb724%2Cb118%2Cb482%2Cb400%2Cb95%2Cb135%2Cb249%2Cb435%2Cb221%2Cb523%2Cb854%2Cb126%2Cstexists%2Cb216%2Cb217%2Cb152%2Cb99%2Cb192%2Cb213%2Cb136%2Cb218%2Cb648%2Cb454%2Cb258%2Cb151%2Cb22%2Cb203%2Cb543?page=7 HTTP/1.1" 200 41601 "-" "Mozilla/5.0 (compatible; Googlebot/2.1; +http://www.google.com/bot.html)" "-"
5.121.43.23 - - [22/Jan/2019:04:26:08 +0330] "GET /image/62139/productModel/200x200 HTTP/1.1" 200 2931 "https://www.zanbil.ir/m/filter/p3%2Cb1" "Mozilla/5.0 (Linux; Android 7.0; FRD-L09) AppleWebKit/537.36 (KHTML, like Gecko) Chrome/70.0.3538.80 Mobile Safari/537.36" "-"
66.249.66.194 - - [22/Jan/2019:04:26:08 +0330] "GET /filter/b139,b153,b224,b3,b99,p5712 HTTP/1.1" 302 0 "-" "Mozilla/5.0 (Linux; Android 6.0.1; Nexus 5X Build/MMB29P) AppleWebKit/537.36 (KHTML, like Gecko) Chrome/41.0.2272.96 Mobile Safari/537.36 (compatible; Googlebot/2.1; +http://www.google.com/bot.html)" "-"
5.121.43.23 - - [22/Jan/2019:04:26:08 +0330] "GET /image/57607/productModel/200x200 HTTP/1.1" 200 2492 "https://www.zanbil.ir/m/filter/p3%2Cb1" "Mozilla/5.0 (Linux; Android 7.0; FRD-L09) AppleWebKit/537.36 (KHTML, like Gecko) Chrome/70.0.3538.80 Mobile Safari/537.36" "-"
66.249.66.194 - - [22/Jan/2019:04:26:08 +0330] "GET /product/34286/galaxy-j4-plus-black-5.jpg HTTP/1.1" 200 43407 "-" "Googlebot-Image/1.0" "-"
207.46.13.136 - - [22/Jan/2019:04:26:09 +0330] "GET /filter/b1,b103,b105,b109,b111,b113,b135,b144,b176,b186,b221,b261,b291,b400,b441,b52,b546,b598,b614,b645,b77,b83 HTTP/1.1" 200 39224 "-" "Mozilla/5.0 (compatible; bingbot/2.0; +http://www.bing.com/bingbot.htm)" "-"
5.121.43.23 - - [22/Jan/2019:04:26:09 +0330] "GET /image/57605/productModel/200x200 HTTP/1.1" 200 3422 "https://www.zanbil.ir/m/filter/p3%2Cb1" "Mozilla/5.0 (Linux; Android 7.0; FRD-L09) AppleWebKit/537.36 (KHTML, like Gecko) Chrome/70.0.3538.80 Mobile Safari/537.36" "-"
5.121.43.23 - - [22/Jan/2019:04:26:09 +0330] "GET /image/57613/productModel/200x200 HTTP/1.1" 200 3249 "https://www.zanbil.ir/m/filter/p3%2Cb1" "Mozilla/5.0 (Linux; Android 7.0; FRD-L09) AppleWebKit/537.36 (KHTML, like Gecko) Chrome/70.0.3538.80 Mobile Safari/537.36" "-"
40.77.167.170 - - [22/Jan/2019:04:26:09 +0330] "GET /product/33763/%DB%8C%D8%AE%DA%86%D8%A7%D9%84-%D9%81%D8%B1%DB%8C%D8%B2%D8%B1-%D9%81%D8%B1%DB%8C%D8%B2%D8%B1-%D8%A8%D8%A7%D9%84%D8%A7-%D9%87%D8%A7%D8%B1%D8%AF%D8%B3%D8%AA%D9%88%D9%86-%D9%85%D8%AF%D9%84-COMBI-HD7 HTTP/1.1" 200 43228 "-" "Mozilla/5.0 (compatible; bingbot/2.0; +http://www.bing.com/bingbot.htm)" "-"
91.99.72.15 - - [22/Jan/2019:04:26:10 +0330] "GET /product/9992/13705/%D8%A7%D8%AA%D9%88-%D9%85%D9%88-%D8%A8%D8%A7%D8%A8%DB%8C%D9%84%DB%8C%D8%B3-%D9%85%D8%AF%D9%84-ST270E HTTP/1.1" 200 41281 "-" "Mozilla/5.0 (Windows NT 6.2; Win64; x64; rv:16.0)Gecko/16.0 Firefox/16.0" "-"
207.46.13.136 - - [22/Jan/2019:04:26:11 +0330] "GET /filter/b1,b103,b105,b109,b111,b113,b135,b144,b176,b186,b202,b221,b261,b291,b481,b52,b598,b615,b67,b77,b83,p5935 HTTP/1.1" 200 36615 "-" "Mozilla/5.0 (compatible; bingbot/2.0; +http://www.bing.com/bingbot.htm)" "-"
91.99.72.15 - - [22/Jan/2019:04:26:11 +0330] "GET /product/20996?model=45863 HTTP/1.1" 200 41629 "-" "Mozilla/5.0 (Windows NT 6.1; WOW64) AppleWebKit/535.7(KHTML, like Gecko) Chrome/16.0.912.36 Safari/535.7" "-"
91.99.72.15 - - [22/Jan/2019:04:26:11 +0330] "GET /product/31263/61194/%D9%88%DB%8C%D9%84%DA%86%D8%B1-%D8%A7%D8%B1%D8%AA%D9%88%D9%BE%D8%AF%DB%8C-%DA%A9%D8%A7%DB%8C%D8%A7%D9%86%DA%AF-%D9%85%D8%AF%D9%84-901 HTTP/1.1" 404 33725 "-" "Mozilla/5.0 (Macintosh; Intel Mac OS X 10_7_3) AppleWebKit/534.55.3 (KHTML, like Gecko) Version/5.1.3 Safari/534.53.10" "-"
66.249.66.194 - - [22/Jan/2019:04:26:13 +0330] "GET /filter/b46,b879 HTTP/1.1" 200 37147 "-" "Mozilla/5.0 (compatible; Googlebot/2.1; +http://www.google.com/bot.html)" "-"
188.158.38.30 - - [22/Jan/2019:04:26:14 +0330] "GET /image/11926?name=sm812aaa.jpg&wh=200x200 HTTP/1.1" 200 4377 "-" "Dalvik/2.1.0 (Linux; U; Android 7.0; SM-G920F Build/NRD90M)" "-"
66.249.66.91 - - [22/Jan/2019:04:26:14 +0330] "GET /filter/b703%2Cb36%2Cb41%2Cb598%2Cb168%2Cb103%2Cb614%2Cb88%2Cb19%2Cb194%2Cb321%2Cb5%2Cb261%2Cb484%2Cb723%2Cb573%2Cb192%2Cb724%2Cb1%2Cb435%2Cb542%2Cb135%2Cb878%2Cb63%2Cb497%2Cb619%2Cb219%2Cb126%2Cb74%2Cb151%2Cb441%2Cb568%2Cb880%2Cb647%2Cb185%2Cb224%2Cb213%2Cb50%2Cb3%2Cb231%2Cb99%2Cb238%2Cb82%2Cb215%2Cb95%2Cb218%2Cb482?page=6 HTTP/1.1" 200 41058 "-" "Mozilla/5.0 (compatible; Googlebot/2.1; +http://www.google.com/bot.html)" "-"
5.115.54.117 - - [22/Jan/2019:04:26:15 +0330] "GET /image/878/brand HTTP/1.1" 200 4300 "https://www.zanbil.ir/m/browse/fryer/%D8%B3%D8%B1%D8%AE-%DA%A9%D9%86" "Mozilla/5.0 (Android 8.0.0; Mobile; rv:62.0) Gecko/62.0 Firefox/62.0" "-"
5.115.54.117 - - [22/Jan/2019:04:26:15 +0330] "GET /image/105/brand HTTP/1.1" 200 2653 "https://www.zanbil.ir/m/browse/fryer/%D8%B3%D8%B1%D8%AE-%DA%A9%D9%86" "Mozilla/5.0 (Android 8.0.0; Mobile; rv:62.0) Gecko/62.0 Firefox/62.0" "-"
5.115.54.117 - - [22/Jan/2019:04:26:15 +0330] "GET /image/50/brand HTTP/1.1" 200 2905 "https://www.zanbil.ir/m/browse/fryer/%D8%B3%D8%B1%D8%AE-%DA%A9%D9%86" "Mozilla/5.0 (Android 8.0.0; Mobile; rv:62.0) Gecko/62.0 Firefox/62.0" "-"
91.99.72.15 - - [22/Jan/2019:04:26:15 +0330] "GET /product/4065?model=55&utm_medium=PPC&utm_source=Torob HTTP/1.1" 200 41289 "-" "Mozilla/5.0 (Macintosh; Intel Mac OS X 10_7_3) AppleWebKit/534.55.3 (KHTML, like Gecko) Version/5.1.3 Safari/534.53.10" "-"
66.249.66.91 - - [22/Jan/2019:04:26:16 +0330] "GET /product/5550/6065/%DA%AF%D9%88%D8%B4%DB%8C-%D8%AA%D9%84%D9%81%D9%86-%D8%AB%D8%A7%D8%A8%D8%AA-%D9%88-%D8%A8%DB%8C-%D8%B3%DB%8C%D9%85-%D9%BE%D8%A7%D9%86%D8%A7%D8%B3%D9%88%D9%86%DB%8C%DA%A9-%D9%85%D8%AF%D9%84-KX-TG6451 HTTP/1.1" 200 41450 "-" "Mozilla/5.0 (compatible; Googlebot/2.1; +http://www.google.com/bot.html)" "-"
188.158.38.30 - - [22/Jan/2019:04:26:16 +0330] "GET /image/11911?name=11911-1-fw.jpg&wh=200x200 HTTP/1.1" 200 4119 "-" "Dalvik/2.1.0 (Linux; U; Android 7.0; SM-G920F Build/NRD90M)" "-"
66.249.66.91 - - [22/Jan/2019:04:26:17 +0330] "GET /filter/b656%2Cb703%2Cb32%2Cb67%2Cb226%2Cb41%2Cb598%2Cb168%2Cb723%2Cb597%2Cb88%2Cb548%2Cb6%2Cb679%2Cb215%2Cb105%2Cb194%2Cb74%2Cb542%2Cb35%2Cb113%2Cb820%2Cb574%2Cb442%2Cb880%2Cb645%2Cb724%2Cb118%2Cb482%2Cb400%2Cb95%2Cb135%2Cb249%2Cb435%2Cb221%2Cb523%2Cb854%2Cb126%2Cstexists%2Cb216%2Cb217%2Cb152%2Cb99%2Cb192%2Cb213%2Cb218%2Cb648%2Cb454%2Cb258%2Cb151%2Cb22%2Cb36%2Cb202?page=4 HTTP/1.1" 200 40487 "-" "Mozilla/5.0 (compatible; Googlebot/2.1; +http://www.google.com/bot.html)" "-"
66.249.66.194 - - [22/Jan/2019:04:26:18 +0330] "GET /product/34178/65152/%D8%A7%D9%BE%DB%8C%D9%84%D8%A7%D8%AA%D9%88%D8%B1-%D9%81%DB%8C%D9%84%DB%8C%D9%BE%D8%B3-%D9%85%D8%AF%D9%84-HP6423 HTTP/1.1" 200 42019 "-" "Mozilla/5.0 (compatible; Googlebot/2.1; +http://www.google.com/bot.html)" "-"
157.55.39.245 - - [22/Jan/2019:04:26:19 +0330] "GET /filter/b136,b67,b88,p1 HTTP/1.1" 200 38309 "-" "Mozilla/5.0 (compatible; bingbot/2.0; +http://www.bing.com/bingbot.htm)" "-"
5.115.54.117 - - [22/Jan/2019:04:26:19 +0330] "GET /image/2119/productModel/200x200 HTTP/1.1" 200 3980 "https://www.zanbil.ir/m/filter/p32%2Cb3" "Mozilla/5.0 (Android 8.0.0; Mobile; rv:62.0) Gecko/62.0 Firefox/62.0" "-"
5.115.54.117 - - [22/Jan/2019:04:26:20 +0330] "GET /image/46165/productModel/200x200 HTTP/1.1" 200 6071 "https://www.zanbil.ir/m/filter/p32%2Cb3" "Mozilla/5.0 (Android 8.0.0; Mobile; rv:62.0) Gecko/62.0 Firefox/62.0" "-"
5.115.54.117 - - [22/Jan/2019:04:26:20 +0330] "GET /image/55637/productModel/200x200 HTTP/1.1" 200 4535 "https://www.zanbil.ir/m/filter/p32%2Cb3" "Mozilla/5.0 (Android 8.0.0; Mobile; rv:62.0) Gecko/62.0 Firefox/62.0" "-"
5.115.54.117 - - [22/Jan/2019:04:26:20 +0330] "GET /image/55665/productModel/200x200 HTTP/1.1" 200 4072 "https://www.zanbil.ir/m/filter/p32%2Cb3" "Mozilla/5.0 (Android 8.0.0; Mobile; rv:62.0) Gecko/62.0 Firefox/62.0" "-"
5.115.54.117 - - [22/Jan/2019:04:26:20 +0330] "GET /image/9670/productModel/200x200 HTTP/1.1" 200 5070 "https://www.zanbil.ir/m/filter/p32%2Cb3" "Mozilla/5.0 (Android 8.0.0; Mobile; rv:62.0) Gecko/62.0 Firefox/62.0" "-"
5.115.54.117 - - [22/Jan/2019:04:26:20 +0330] "GET /image/9667/productModel/200x200 HTTP/1.1" 200 5392 "https://www.zanbil.ir/m/filter/p32%2Cb3" "Mozilla/5.0 (Android 8.0.0; Mobile; rv:62.0) Gecko/62.0 Firefox/62.0" "-"
54.36.148.56 - - [22/Jan/2019:04:26:22 +0330] "GET /filter/b240,b259,b41,p5251 HTTP/1.1" 200 27715 "-" "Mozilla/5.0 (compatible; AhrefsBot/6.1; +http://ahrefs.com/robot/)" "-"
157.55.39.245 - - [22/Jan/2019:04:26:23 +0330] "GET /product/28163/56932/%D9%87%D9%88%D8%AF--%D8%AF%D8%A7%D8%AA%DB%8C%D8%B3-%D9%85%D8%AF%D9%84-%D8%A2%D9%84%D8%AF%D9%88 HTTP/1.1" 200 42976 "-" "Mozilla/5.0 (compatible; bingbot/2.0; +http://www.bing.com/bingbot.htm)" "-"
5.123.88.42 - - [22/Jan/2019:04:26:23 +0330] "GET /image/34357?name=s8-2320ss-1.jpg&wh=200x200 HTTP/1.1" 200 3788 "-" "Dalvik/2.1.0 (Linux; U; Android 8.0.0; SM-A520F Build/R16NW)" "-"
40.77.167.170 - - [22/Jan/2019:04:26:25 +0330] "GET /filter/b1,b41,b42,p1 HTTP/1.1" 200 37315 "-" "Mozilla/5.0 (compatible; bingbot/2.0; +http://www.bing.com/bingbot.htm)" "-"
192.15.185.192 - - [22/Jan/2019:04:26:25 +0330] "GET /image/34296?name=lenovo-ideapad-520s-i7-1.jpg&wh=200x200 HTTP/1.1" 200 7064 "https://torob.com/p/654ea637-dba9-42ea-a484-88f43a3a7c42/%D9%84%D9%BE-%D8%AA%D8%A7%D9%BE-15-%D8%A7%DB%8C%D9%86%DA%86%DB%8C-%D9%84%D9%86%D9%88%D9%88-%D9%85%D8%AF%D9%84-ideapad-520-lenovo-ideapad-520-15-inch-laptop/" "Mozilla/5.0 (Linux; U; Android 4.1.2; en-us; GT-I8160 Build/JZO54K) AppleWebKit/534.30 (KHTML, like Gecko) Version/4.0 Mobile Safari/534.30" "-"
66.249.66.194 - - [22/Jan/2019:04:26:26 +0330] "GET /product/29171/58436/%D9%85%D8%A7%D9%86%DB%8C%D8%AA%D9%88%D8%B1+LED++%D8%A7%DB%8C%D8%B3%D9%88%D8%B3+%D9%85%D8%B4%DA%A9%DB%8C.+%D9%85%D8%AF%D9%84+VS207T-P+%D8%A8%D8%A7+%DA%AF%D8%A7%D8%B1%D8%A7%D9%86%D8%AA%DB%8C+3+%D8%B3%D8%A7%D9%84%D9%87+%D9%88%DB%8C%D8%B3%D8%AA%D8%A7+%28%D9%85%D8%A7%D9%86%DB%8C%D8%AA%D9%88%D8%B1%29 HTTP/1.1" 200 42293 "-" "Mozilla/5.0 (compatible; Googlebot/2.1; +http://www.google.com/bot.html)" "-"
66.249.66.91 - - [22/Jan/2019:04:26:27 +0330] "GET /filter/b656%2Cb703%2Cb32%2Cb67%2Cb226%2Cb41%2Cb598%2Cb168%2Cb723%2Cb597%2Cb88%2Cb548%2Cb6%2Cb679%2Cb215%2Cb105%2Cb194%2Cb74%2Cb542%2Cb35%2Cb113%2Cb820%2Cb574%2Cb442%2Cb880%2Cb645%2Cb724%2Cb118%2Cb482%2Cb400%2Cb95%2Cb135%2Cb249%2Cb435%2Cb221%2Cb523%2Cb854%2Cb126%2Cstexists%2Cb216%2Cb217%2Cb152%2Cb99%2Cb192%2Cb213%2Cb218%2Cb648%2Cb454%2Cb258%2Cb151%2Cb22%2Cb36%2Cb596?page=53 HTTP/1.1" 200 39220 "-" "Mozilla/5.0 (compatible; Googlebot/2.1; +http://www.google.com/bot.html)" "-"
66.249.66.91 - - [22/Jan/2019:04:26:29 +0330] "GET /filter/b215%2Cb481%2Cb88%2Cb221%2Cb213%2Cb573%2Cb8%2Cb3%2Cb43%2Cb231%2Cb546%2Cb679%2Cb598%2Cb95%2Cstexists%2Cb6%2Cb168%2Cb198%2Cb877%2Cb485%2Cb603%2Cb615%2Cb4%2Cp11893?page=10 HTTP/1.1" 200 31682 "-" "Mozilla/5.0 (compatible; Googlebot/2.1; +http://www.google.com/bot.html)" "-"
54.36.148.172 - - [22/Jan/2019:04:26:30 +0330] "GET /filter/b132,b153,b261,p8 HTTP/1.1" 200 34294 "-" "Mozilla/5.0 (compatible; AhrefsBot/6.1; +http://ahrefs.com/robot/)" "-"
66.249.66.91 - - [22/Jan/2019:04:26:31 +0330] "GET /filter/b703%2Cb36%2Cb41%2Cb598%2Cb103%2Cb614%2Cb88%2Cb19%2Cb194%2Cb321%2Cb5%2Cb261%2Cb484%2Cb723%2Cb573%2Cb192%2Cb724%2Cb1%2Cb435%2Cb183%2Cb542%2Cb135%2Cb63%2Cb497%2Cb619%2Cb219%2Cb126%2Cb74%2Cb151%2Cb441%2Cb568%2Cb880%2Cb647%2Cb185%2Cb224%2Cb213%2Cb50%2Cb3%2Cb231%2Cb99%2Cb238%2Cb82%2Cb215%2Cb95%2Cb218%2Cb482?page=14 HTTP/1.1" 200 40015 "-" "Mozilla/5.0 (compatible; Googlebot/2.1; +http://www.google.com/bot.html)" "-"
54.36.148.204 - - [22/Jan/2019:04:26:31 +0330] "GET /filter/6313|24%20%D8%A7%DB%8C%D9%86%DA%86,p65,rt20000000 HTTP/1.1" 200 31675 "-" "Mozilla/5.0 (compatible; AhrefsBot/6.1; +http://ahrefs.com/robot/)" "-"
207.46.13.136 - - [22/Jan/2019:04:26:31 +0330] "GET /filter/b2,b3,p30 HTTP/1.1" 200 33246 "-" "Mozilla/5.0 (compatible; bingbot/2.0; +http://www.bing.com/bingbot.htm)" "-"
66.249.66.91 - - [22/Jan/2019:04:26:32 +0330] "GET /filter/b656%2Cb703%2Cb32%2Cb67%2Cb226%2Cb41%2Cb598%2Cb168%2Cb723%2Cb597%2Cb88%2Cb548%2Cb6%2Cb679%2Cb215%2Cb105%2Cb194%2Cb74%2Cb542%2Cb35%2Cb113%2Cb820%2Cb574%2Cb442%2Cb880%2Cb645%2Cb724%2Cb118%2Cb482%2Cb400%2Cb95%2Cb135%2Cb249%2Cb435%2Cb221%2Cb523%2Cb854%2Cb126%2Cstexists%2Cb216%2Cb217%2Cb152%2Cb99%2Cb192%2Cb213%2Cb218%2Cb648%2Cb454%2Cb258%2Cb151%2Cb22%2Cb36%2Cb596?page=2 HTTP/1.1" 200 40196 "-" "Mozilla/5.0 (compatible; Googlebot/2.1; +http://www.google.com/bot.html)" "-"
66.249.66.91 - - [22/Jan/2019:04:26:33 +0330] "GET /image/11958?name=sc505f.jpg&wh=200x200 HTTP/1.1" 200 5036 "-" "Googlebot-Image/1.0" "-"
207.46.13.136 - - [22/Jan/2019:04:26:33 +0330] "GET /filter/b1,b103,b105,b128,b33,b50,b67,p1 HTTP/1.1" 200 37909 "-" "Mozilla/5.0 (compatible; bingbot/2.0; +http://www.bing.com/bingbot.htm)" "-"
54.36.148.137 - - [22/Jan/2019:04:26:34 +0330] "GET /filter/b2%2Cb35%2Cp6%2Cv39%7C1200 HTTP/1.1" 200 34119 "-" "Mozilla/5.0 (compatible; AhrefsBot/6.1; +http://ahrefs.com/robot/)" "-"
40.77.167.170 - - [22/Jan/2019:04:26:35 +0330] "GET /image/28163/product/50x50 HTTP/1.1" 200 1368 "-" "Mozilla/5.0 (compatible; bingbot/2.0; +http://www.bing.com/bingbot.htm)" "-"
5.121.43.23 - - [22/Jan/2019:04:26:37 +0330] "GET /image/126/brand HTTP/1.1" 200 2436 "https://www.zanbil.ir/m/filter/p3%2Cb1" "Mozilla/5.0 (Linux; Android 7.0; FRD-L09) AppleWebKit/537.36 (KHTML, like Gecko) Chrome/70.0.3538.80 Mobile Safari/537.36" "-"
5.121.43.23 - - [22/Jan/2019:04:26:37 +0330] "GET /image/35/brand HTTP/1.1" 200 2264 "https://www.zanbil.ir/m/filter/p3%2Cb1" "Mozilla/5.0 (Linux; Android 7.0; FRD-L09) AppleWebKit/537.36 (KHTML, like Gecko) Chrome/70.0.3538.80 Mobile Safari/537.36" "-"
5.121.43.23 - - [22/Jan/2019:04:26:38 +0330] "GET /image/105/brand HTTP/1.1" 200 2653 "https://www.zanbil.ir/m/filter/p3%2Cb1" "Mozilla/5.0 (Linux; Android 7.0; FRD-L09) AppleWebKit/537.36 (KHTML, like Gecko) Chrome/70.0.3538.80 Mobile Safari/537.36" "-"
5.121.43.23 - - [22/Jan/2019:04:26:38 +0330] "GET /image/888/brand HTTP/1.1" 200 3150 "https://www.zanbil.ir/m/filter/p3%2Cb1" "Mozilla/5.0 (Linux; Android 7.0; FRD-L09) AppleWebKit/537.36 (KHTML, like Gecko) Chrome/70.0.3538.80 Mobile Safari/537.36" "-"
40.77.167.170 - - [22/Jan/2019:04:26:38 +0330] "GET /filter/b1,b77,p1 HTTP/1.1" 200 36900 "-" "Mozilla/5.0 (compatible; bingbot/2.0; +http://www.bing.com/bingbot.htm)" "-"
66.249.66.194 - - [22/Jan/2019:04:26:39 +0330] "GET /product/34215/r702-antik%20kaj-1.jpg HTTP/1.1" 200 40390 "-" "Googlebot-Image/1.0" "-"
66.249.66.91 - - [22/Jan/2019:04:26:39 +0330] "GET /filter/b703%2Cb36%2Cb41%2Cb598%2Cb103%2Cb614%2Cb88%2Cb19%2Cb194%2Cb321%2Cb5%2Cb261%2Cb484%2Cb723%2Cb573%2Cb192%2Cb724%2Cb1%2Cb435%2Cb183%2Cb542%2Cb135%2Cb63%2Cb497%2Cb619%2Cb219%2Cb126%2Cb74%2Cb151%2Cb441%2Cb568%2Cb880%2Cb647%2Cb185%2Cb224%2Cb213%2Cb50%2Cb3%2Cb231%2Cb99%2Cb238%2Cb82%2Cb215%2Cb95%2Cb218%2Cb482?page=15 HTTP/1.1" 200 39868 "-" "Mozilla/5.0 (compatible; Googlebot/2.1; +http://www.google.com/bot.html)" "-"
66.249.66.91 - - [22/Jan/2019:04:26:39 +0330] "GET /filter/b481%2Cb226%2Cb570%2Cb80%2Cb270%2Cb903%2Cb883%2Cb152%2Cb249%2Cb20%2Cb701%2Cb723%2Cb42%2Cb198%2Cb35%2Cb183%2Cb219%2Cb308%2Cb523%2Cb900%2Cb188%2Cb703%2Cb890%2Cb236%2Cb74%2Cb400%2Cb209%2Cb19%2Cb454%2Cb651%2Cb202%2Cb4%2Cb22%2Cb238%2Cb6%2Cb596%2Cb143%2Cb485%2Cb221%2Cb194%2Cb136%2Cb647%2Cb497%2Cb546%2Cb105%2Cb185%2Cb568%2Cb151%2Cb88%2Cb43%2Cb597%2Cb103%2Cb613%2Cb880%2Cb212%2Cb861%2Cb148%2Cb135%2Cb186%2Cb778%2Cb113%2Cb99%2Cb584%2Cb724%2Cb224%2Cb63?page=177 HTTP/1.1" 200 40665 "-" "Mozilla/5.0 (compatible; Googlebot/2.1; +http://www.google.com/bot.html)" "-"
91.99.72.15 - - [22/Jan/2019:04:26:39 +0330] "GET /product/31612/61691/%D8%A2%D8%A8%D8%B3%D8%B1%D8%AF%DA%A9%D9%86-%D8%B1%D9%88%D9%85%DB%8C%D8%B2%DB%8C-%D9%85%DB%8C%D8%AF%DB%8C%D8%A7-%D9%85%D8%AF%D9%84-YL1535T-S HTTP/1.1" 200 40680 "-" "Mozilla/5.0 (X11; Linux x86_64) AppleWebKit/537.36 (KHTML, like Gecko) Chrome/53.0.2785.92 Safari/537.36" "-"
40.77.167.170 - - [22/Jan/2019:04:26:40 +0330] "GET /filter/b192,b484,b568,b820 HTTP/1.1" 200 36471 "-" "Mozilla/5.0 (compatible; bingbot/2.0; +http://www.bing.com/bingbot.htm)" "-"
66.249.66.194 - - [22/Jan/2019:04:26:40 +0330] "GET /filter/b2,b904,p1 HTTP/1.1" 200 36941 "-" "Mozilla/5.0 (compatible; Googlebot/2.1; +http://www.google.com/bot.html)" "-"
91.99.72.15 - - [22/Jan/2019:04:26:41 +0330] "GET /product/12407/20308/%D8%B5%D9%86%D8%AF%D9%84%DB%8C-%D8%BA%D8%B0%D8%A7-Peg-Perego-%D9%85%D8%AF%D9%84-TATAMIA HTTP/1.1" 404 32366 "-" "Mozilla/5.0 (Windows NT 6.1; WOW64) AppleWebKit/535.7(KHTML, like Gecko) Chrome/16.0.912.36 Safari/535.7" "-"
91.99.72.15 - - [22/Jan/2019:04:26:41 +0330] "GET /product/32362/62681/%D8%AF%D8%B3%D8%AA%DA%AF%D8%A7%D9%87-%D8%A8%D8%AE%D9%88%D8%B1-%D8%B2%DB%8C%DA%A9%D9%84%D8%A7%D8%B3-%D9%85%D8%AF-%D9%85%D8%AF%D9%84-%D8%A8%D8%AE%D9%88%D8%B1-%D8%B3%D8%B1%D8%AF-ZYK-C03 HTTP/1.1" 200 39687 "-" "Mozilla/5.0 (Macintosh; Intel Mac OS X 10_7_3) AppleWebKit/534.55.3 (KHTML, like Gecko) Version/5.1.3 Safari/534.53.10" "-"
51.38.125.215 - - [22/Jan/2019:04:26:42 +0330] "GET /image/33888?name=model-b2048u-1-.jpg&wh=200x200 HTTP/1.1" 200 3975 "-" "Dalvik/2.1.0 (Linux; U; Android 6.0; ALE-L21 Build/HuaweiALE-L21)" "-"
104.194.24.54 - - [22/Jan/2019:04:26:43 +0330] "GET /image/11947?name=11947-1-fw.jpg&wh=200x200 HTTP/1.1" 200 4167 "-" "Dalvik/2.1.0 (Linux; U; Android 6.0.1; SM-G900H Build/MMB29K)" "-"
91.99.72.15 - - [22/Jan/2019:04:26:43 +0330] "GET /product/20961?model=45887 HTTP/1.1" 200 41593 "-" "Mozilla/5.0 (X11; Linux x86_64) AppleWebKit/537.36 (KHTML, like Gecko) Chrome/53.0.2785.92 Safari/537.36" "-"
66.249.66.91 - - [22/Jan/2019:04:26:45 +0330] "GET /filter/b656%2Cb703%2Cb32%2Cb67%2Cb226%2Cb41%2Cb598%2Cb168%2Cb723%2Cb597%2Cb88%2Cb548%2Cb6%2Cb679%2Cb215%2Cb105%2Cb194%2Cb74%2Cb542%2Cb35%2Cb113%2Cb820%2Cb574%2Cb442%2Cb880%2Cb645%2Cb724%2Cb118%2Cb482%2Cb400%2Cb95%2Cb135%2Cb249%2Cb435%2Cb221%2Cb523%2Cb854%2Cb126%2Cstexists%2Cb216%2Cb217%2Cb152%2Cb99%2Cb192%2Cb213%2Cb218%2Cb648%2Cb454%2Cb258%2Cb151%2Cb22%2Cb36%2Cb202?page=3 HTTP/1.1" 200 40215 "-" "Mozilla/5.0 (compatible; Googlebot/2.1; +http://www.google.com/bot.html)" "-"
5.122.115.238 - - [22/Jan/2019:04:26:45 +0330] "GET /image/33888?name=model-b2048u-1-.jpg&wh=200x200 HTTP/1.1" 200 3975 "-" "Dalvik/2.1.0 (Linux; U; Android 8.1.0; SM-J710F Build/M1AJQ)" "-"
207.46.13.136 - - [22/Jan/2019:04:26:47 +0330] "GET /product/11925/18887/%D8%B5%D9%86%D8%AF%D9%84%DB%8C-%D9%85%D8%AF%DB%8C%D8%B1%DB%8C%D8%AA%DB%8C--%D9%86%DB%8C%D9%84%D9%BE%D8%B1-%D9%85%D8%AF%D9%84-SM902E HTTP/1.1" 200 43609 "-" "Mozilla/5.0 (compatible; bingbot/2.0; +http://www.bing.com/bingbot.htm)" "-"
5.121.43.23 - - [22/Jan/2019:04:26:47 +0330] "GET /image/261/brand HTTP/1.1" 200 2095 "https://www.zanbil.ir/m/filter/p3%2Cb1" "Mozilla/5.0 (Linux; Android 7.0; FRD-L09) AppleWebKit/537.36 (KHTML, like Gecko) Chrome/70.0.3538.80 Mobile Safari/537.36" "-"
5.121.43.23 - - [22/Jan/2019:04:26:47 +0330] "GET /image/890/brand HTTP/1.1" 200 3094 "https://www.zanbil.ir/m/filter/p3%2Cb1" "Mozilla/5.0 (Linux; Android 7.0; FRD-L09) AppleWebKit/537.36 (KHTML, like Gecko) Chrome/70.0.3538.80 Mobile Safari/537.36" "-"
5.121.43.23 - - [22/Jan/2019:04:26:47 +0330] "GET /image/144/brand HTTP/1.1" 200 2706 "https://www.zanbil.ir/m/filter/p3%2Cb1" "Mozilla/5.0 (Linux; Android 7.0; FRD-L09) AppleWebKit/537.36 (KHTML, like Gecko) Chrome/70.0.3538.80 Mobile Safari/537.36" "-"
54.36.148.70 - - [22/Jan/2019:04:26:47 +0330] "GET /filter/p12601%2Cv1%7C%D9%86%D9%82%D8%B1%D9%87%20%D8%A7%DB%8C%20%D8%B3%D8%A8%D8%B2%2Cv1%7C%D8%A8%D9%86%D9%81%D8%B4%20%D8%AA%DB%8C%D8%B1%D9%87?o=v1 HTTP/1.1" 302 0 "-" "Mozilla/5.0 (compatible; AhrefsBot/6.1; +http://ahrefs.com/robot/)" "-"
207.46.13.136 - - [22/Jan/2019:04:26:47 +0330] "GET /filter/b148,b32,b400,b50 HTTP/1.1" 200 36299 "-" "Mozilla/5.0 (compatible; bingbot/2.0; +http://www.bing.com/bingbot.htm)" "-"
66.249.66.194 - - [22/Jan/2019:04:26:48 +0330] "GET /product/25506/%D8%AF%D8%B1%D8%A7%D9%85%D8%B2-%D8%A2%DA%A9%D9%88%D8%B3%D8%AA%DB%8C%DA%A9-MAPEX-%D9%85%D8%AF%D9%84-MA528-Mars-5-Piece-Crossover-Shell-Pack HTTP/1.1" 404 32462 "-" "Mozilla/5.0 (compatible; Googlebot/2.1; +http://www.google.com/bot.html)" "-"
5.209.40.38 - - [22/Jan/2019:04:26:49 +0330] "GET /image/27142?name=mdn76.jpg&wh=200x200 HTTP/1.1" 200 3294 "-" "Dalvik/2.1.0 (Linux; U; Android 6.0.1; SM-J500F Build/MMB29M)" "-"
207.46.13.136 - - [22/Jan/2019:04:26:50 +0330] "GET /filter/b1,b103,b105,b109,b111,b113,b135,b144,b176,b186,b198,b221,b261,b291,b484,b52,b542,b77,b820,b83 HTTP/1.1" 200 38012 "-" "Mozilla/5.0 (compatible; bingbot/2.0; +http://www.bing.com/bingbot.htm)" "-"
207.46.13.136 - - [22/Jan/2019:04:26:52 +0330] "GET /filter/b1,b103,b105,b109,b111,b126,b135,b148,b203,b221,b41,b46,b613,b723,b95 HTTP/1.1" 200 38664 "-" "Mozilla/5.0 (compatible; bingbot/2.0; +http://www.bing.com/bingbot.htm)" "-"
40.77.167.170 - - [22/Jan/2019:04:26:52 +0330] "GET /filter/b43,b6,b613,b95 HTTP/1.1" 200 36445 "-" "Mozilla/5.0 (compatible; bingbot/2.0; +http://www.bing.com/bingbot.htm)" "-"
54.36.148.127 - - [22/Jan/2019:04:26:52 +0330] "GET /filter/b126,b2,b3 HTTP/1.1" 200 36352 "-" "Mozilla/5.0 (compatible; AhrefsBot/6.1; +http://ahrefs.com/robot/)" "-"
66.249.66.91 - - [22/Jan/2019:04:26:53 +0330] "GET /filter/b703%2Cb36%2Cb41%2Cb598%2Cb168%2Cb103%2Cb614%2Cb88%2Cb19%2Cb194%2Cb321%2Cb5%2Cb261%2Cb484%2Cb723%2Cb573%2Cb192%2Cb724%2Cb1%2Cb435%2Cb542%2Cb135%2Cb878%2Cb63%2Cb497%2Cb619%2Cb219%2Cb126%2Cb74%2Cb151%2Cb441%2Cb568%2Cb880%2Cb647%2Cb185%2Cb224%2Cb213%2Cb50%2Cb3%2Cb231%2Cb99%2Cb238%2Cb82%2Cb215%2Cb95%2Cb218%2Cb482%2Cb105?page=6 HTTP/1.1" 200 41003 "-" "Mozilla/5.0 (compatible; Googlebot/2.1; +http://www.google.com/bot.html)" "-"
66.249.66.91 - - [22/Jan/2019:04:26:54 +0330] "GET /filter/b656%2Cb703%2Cb32%2Cb67%2Cb226%2Cb41%2Cb598%2Cb168%2Cb723%2Cb597%2Cb88%2Cb548%2Cb6%2Cb679%2Cb215%2Cb105%2Cb194%2Cb74%2Cb542%2Cb35%2Cb113%2Cb820%2Cb574%2Cb442%2Cb880%2Cb645%2Cb724%2Cb118%2Cb482%2Cb400%2Cb95%2Cb135%2Cb249%2Cb221%2Cb523%2Cb854%2Cb126%2Cstexists%2Cb216%2Cb217%2Cb99%2Cb188%2Cb209%2Cb192%2Cb213%2Cb136%2Cb218%2Cb4%2Cb648%2Cb454%2Cb147%2Cb258%2Cb883%2Cb202?page=6 HTTP/1.1" 200 40331 "-" "Mozilla/5.0 (compatible; Googlebot/2.1; +http://www.google.com/bot.html)" "-"
5.123.88.42 - - [22/Jan/2019:04:26:55 +0330] "GET /image/33941?name=2321-1.jpg&wh=200x200 HTTP/1.1" 200 3290 "-" "Dalvik/2.1.0 (Linux; U; Android 8.0.0; SM-A520F Build/R16NW)" "-"
83.121.252.103 - - [22/Jan/2019:04:26:56 +0330] "GET /image/34230?name=mhc-v50d-11.jpg&wh=200x200 HTTP/1.1" 200 4316 "-" "Dalvik/2.1.0 (Linux; U; Android 5.1.1; SM-J200H Build/LMY48B)" "-"
5.121.43.23 - - [22/Jan/2019:04:26:57 +0330] "GET /image/1/brand HTTP/1.1" 200 3924 "https://www.zanbil.ir/m/filter/p3%2Cb1" "Mozilla/5.0 (Linux; Android 7.0; FRD-L09) AppleWebKit/537.36 (KHTML, like Gecko) Chrome/70.0.3538.80 Mobile Safari/537.36" "-"
5.121.43.23 - - [22/Jan/2019:04:26:57 +0330] "GET /image/8/brand HTTP/1.1" 200 2427 "https://www.zanbil.ir/m/filter/p3%2Cb1" "Mozilla/5.0 (Linux; Android 7.0; FRD-L09) AppleWebKit/537.36 (KHTML, like Gecko) Chrome/70.0.3538.80 Mobile Safari/537.36" "-"
5.121.43.23 - - [22/Jan/2019:04:26:57 +0330] "GET /image/32/brand HTTP/1.1" 200 2161 "https://www.zanbil.ir/m/filter/p3%2Cb1" "Mozilla/5.0 (Linux; Android 7.0; FRD-L09) AppleWebKit/537.36 (KHTML, like Gecko) Chrome/70.0.3538.80 Mobile Safari/537.36" "-"
5.123.88.42 - - [22/Jan/2019:04:26:57 +0330] "GET /image/33722?name=s8-2280-222.jpg&wh=200x200 HTTP/1.1" 200 4227 "-" "Dalvik/2.1.0 (Linux; U; Android 8.0.0; SM-A520F Build/R16NW)" "-"
5.121.43.23 - - [22/Jan/2019:04:26:57 +0330] "GET /image/151/brand HTTP/1.1" 200 2572 "https://www.zanbil.ir/m/filter/p3%2Cb1" "Mozilla/5.0 (Linux; Android 7.0; FRD-L09) AppleWebKit/537.36 (KHTML, like Gecko) Chrome/70.0.3538.80 Mobile Safari/537.36" "-"
5.121.43.23 - - [22/Jan/2019:04:26:57 +0330] "GET /image/213/brand HTTP/1.1" 200 2328 "https://www.zanbil.ir/m/filter/p3%2Cb1" "Mozilla/5.0 (Linux; Android 7.0; FRD-L09) AppleWebKit/537.36 (KHTML, like Gecko) Chrome/70.0.3538.80 Mobile Safari/537.36" "-"
66.249.66.194 - - [22/Jan/2019:04:26:57 +0330] "GET /filter/p29%2Cstexists%2C1052%7C425%20%D9%88%D8%A7%D8%AA?o=1052 HTTP/1.1" 302 0 "-" "Mozilla/5.0 (compatible; Googlebot/2.1; +http://www.google.com/bot.html)" "-"
66.249.66.91 - - [22/Jan/2019:04:26:58 +0330] "GET /filter/b656%2Cb703%2Cb32%2Cb67%2Cb226%2Cb41%2Cb598%2Cb168%2Cb723%2Cb597%2Cb88%2Cb548%2Cb6%2Cb679%2Cb215%2Cb105%2Cb194%2Cb74%2Cb542%2Cb35%2Cb113%2Cb820%2Cb574%2Cb442%2Cb880%2Cb645%2Cb724%2Cb118%2Cb482%2Cb400%2Cb95%2Cb135%2Cb249%2Cb221%2Cb523%2Cb854%2Cb126%2Cstexists%2Cb216%2Cb217%2Cb99%2Cb188%2Cb209%2Cb192%2Cb213%2Cb136%2Cb218%2Cb4%2Cb648%2Cb454%2Cb147%2Cb258%2Cb883%2Cb198?page=6 HTTP/1.1" 200 40334 "-" "Mozilla/5.0 (compatible; Googlebot/2.1; +http://www.google.com/bot.html)" "-"
66.249.66.194 - - [22/Jan/2019:04:26:58 +0330] "GET /filter/p29%2Cstexists%2C1052%7C425%20%D9%88%D8%A7%D8%AA HTTP/1.1" 200 31017 "-" "Mozilla/5.0 (compatible; Googlebot/2.1; +http://www.google.com/bot.html)" "-"
54.36.148.162 - - [22/Jan/2019:04:26:59 +0330] "GET /product/17063/%D8%AA%D9%88%D8%B3%D8%AA%D8%B1-%D9%81%DB%8C%D9%84%DB%8C%D9%BE%D8%B3-%D9%85%D8%AF%D9%84-HD2595 HTTP/1.1" 200 41150 "-" "Mozilla/5.0 (compatible; AhrefsBot/6.1; +http://ahrefs.com/robot/)" "-"
66.249.66.194 - - [22/Jan/2019:04:27:00 +0330] "GET /filter/b136,p7,t103,v1%7C%D8%B3%D9%81%DB%8C%D8%AF.,v1%7C%D9%86%D9%82%D8%B1%D9%87%20%D8%A7%DB%8C. HTTP/1.1" 200 32681 "-" "Mozilla/5.0 (compatible; Googlebot/2.1; +http://www.google.com/bot.html)" "-"
5.209.40.38 - - [22/Jan/2019:04:27:03 +0330] "GET /image/33888?name=model-b2048u-1-.jpg&wh=200x200 HTTP/1.1" 200 3975 "-" "Dalvik/2.1.0 (Linux; U; Android 6.0.1; SM-J500F Build/MMB29M)" "-"
66.249.66.91 - - [22/Jan/2019:04:27:03 +0330] "GET /filter/b703%2Cb36%2Cb41%2Cb598%2Cb168%2Cb103%2Cb614%2Cb88%2Cb19%2Cb194%2Cb321%2Cb5%2Cb261%2Cb442%2Cb484%2Cb723%2Cb573%2Cb192%2Cb724%2Cb1%2Cb435%2Cb183%2Cb542%2Cb135%2Cb878%2Cb63%2Cb497%2Cb619%2Cb219%2Cb126%2Cb74%2Cb151%2Cb441%2Cb568%2Cb880%2Cb647%2Cb185%2Cb224%2Cb213%2Cb50%2Cb3%2Cb231%2Cb99%2Cb238%2Cb82%2Cb215%2Cb95%2Cb218%2Cb6%2Cb778%2Cb2%2Cb485?page=0 HTTP/1.1" 200 40132 "-" "Mozilla/5.0 (compatible; Googlebot/2.1; +http://www.google.com/bot.html)" "-"
72.141.96.227 - - [22/Jan/2019:04:27:03 +0330] "GET /image/get?path=/Image/11(88).jpg HTTP/1.1" 200 177315 "https://www.google.com/" "Mozilla/5.0 (Windows NT 10.0; Win64; x64; rv:64.0) Gecko/20100101 Firefox/64.0" "-"
66.249.66.91 - - [22/Jan/2019:04:27:03 +0330] "GET /filter/b703%2Cb36%2Cb41%2Cb598%2Cb103%2Cb614%2Cb88%2Cb19%2Cb194%2Cb321%2Cb5%2Cb261%2Cb484%2Cb723%2Cb573%2Cb192%2Cb724%2Cb1%2Cb435%2Cb183%2Cb542%2Cb135%2Cb63%2Cb497%2Cb619%2Cb219%2Cb126%2Cb74%2Cb151%2Cb441%2Cb568%2Cb647%2Cb185%2Cb224%2Cb213%2Cb50%2Cb3%2Cb231%2Cb99%2Cb238%2Cb82%2Cb215%2Cb95%2Cb218%2Cb482?page=14 HTTP/1.1" 200 40594 "-" "Mozilla/5.0 (compatible; Googlebot/2.1; +http://www.google.com/bot.html)" "-"
17.58.102.43 - - [22/Jan/2019:04:27:05 +0330] "GET /filter/b211%2Cb502%2Cb214%2Cb389%2Cb335%2Cb360%2Cb285%2Cb233%2Cb169%2Cb331%2Cb73%2Cb276%2Cb428%2Cb337%2Cb197%2Cb175%2Cb32%2Cb111%2Cb397%2Cb212 HTTP/1.1" 200 37517 "-" "Mozilla/5.0 (Macintosh; Intel Mac OS X 10_10_1) AppleWebKit/600.2.5 (KHTML, like Gecko) Version/8.0.2 Safari/600.2.5 (Applebot/0.1; +http://www.apple.com/go/applebot)" "-"
207.46.13.136 - - [22/Jan/2019:04:27:05 +0330] "GET /filter/b1,b208,b211,b310,b36,b395,p5506 HTTP/1.1" 200 36130 "-" "Mozilla/5.0 (compatible; bingbot/2.0; +http://www.bing.com/bingbot.htm)" "-"
54.36.148.36 - - [22/Jan/2019:04:27:06 +0330] "GET /filter/b268%2Cp6446%2Cb206 HTTP/1.1" 200 35432 "-" "Mozilla/5.0 (compatible; AhrefsBot/6.1; +http://ahrefs.com/robot/)" "-"
54.36.148.144 - - [22/Jan/2019:04:27:07 +0330] "GET /filter/p17677%2Cv1%7C%DA%A9%D8%B1%D9%88%D9%85%2Cb613 HTTP/1.1" 200 31479 "-" "Mozilla/5.0 (compatible; AhrefsBot/6.1; +http://ahrefs.com/robot/)" "-"
66.249.66.91 - - [22/Jan/2019:04:27:08 +0330] "GET /image/29579?name=photo_2017-01-12_09-45-27.jpg&wh=200x200 HTTP/1.1" 200 94646 "-" "Googlebot-Image/1.0" "-"
54.36.111.160 - - [22/Jan/2019:04:27:08 +0330] "GET /image/32739?name=pt-vx610-22.jpg&wh=200x200 HTTP/1.1" 200 2953 "-" "Dalvik/2.1.0 (Linux; U; Android 5.0.2; SM-G530H Build/LRX22G)" "-"
51.38.65.189 - - [22/Jan/2019:04:27:08 +0330] "GET /image/34296?name=lenovo-ideapad-520s-i7-1.jpg&wh=200x200 HTTP/1.1" 200 7064 "-" "Dalvik/2.1.0 (Linux; U; Android 8.0.0; SM-G570F Build/R16NW)" "-"
207.46.13.136 - - [22/Jan/2019:04:27:09 +0330] "GET /filter/b1,b103,b105,b109,b111,b113,b118,b135,b144,b176,b186,b221,b261,b291,b52,b542,b597,b598,b603,b613,b77,b83 HTTP/1.1" 200 38150 "-" "Mozilla/5.0 (compatible; bingbot/2.0; +http://www.bing.com/bingbot.htm)" "-"
66.249.66.91 - - [22/Jan/2019:04:27:09 +0330] "GET /filter/b481%2Cb656%2Cb43%2Cb874%2Cb703%2Cb32%2Cb67%2Cb36%2Cb226%2Cb41%2Cb136%2Cb570%2Cb598%2Cb180%2Cb615%2Cb168%2Cb648%2Cb103%2Cb723%2Cb80%2Cb597%2Cb724%2Cb484%2Cb261?page=5 HTTP/1.1" 200 39488 "-" "Mozilla/5.0 (compatible; Googlebot/2.1; +http://www.google.com/bot.html)" "-"
54.36.149.98 - - [22/Jan/2019:04:27:09 +0330] "GET /filter/b186,b58,p43,stexists,v1|%D8%B3%D9%81%DB%8C%D8%AF. HTTP/1.1" 200 30119 "-" "Mozilla/5.0 (compatible; AhrefsBot/6.1; +http://ahrefs.com/robot/)" "-"
91.99.72.15 - - [22/Jan/2019:04:27:10 +0330] "GET /product/29207/58490/%D8%B3%DB%8C%D9%86%DA%A9-%D8%B8%D8%B1%D9%81%D8%B4%D9%88%DB%8C%DB%8C-%D8%B1%D9%88%DA%A9%D8%A7%D8%B1-%D8%A7%D8%AE%D9%88%D8%A7%D9%86-%D9%85%D8%AF%D9%84-25SD HTTP/1.1" 200 42009 "-" "Mozilla/5.0 (Windows NT 6.1; WOW64) AppleWebKit/535.7(KHTML, like Gecko) Chrome/16.0.912.36 Safari/535.7" "-"
5.122.95.74 - - [22/Jan/2019:04:27:10 +0330] "GET /image/33717?name=tm-3500sp-1.jpg&wh=200x200 HTTP/1.1" 200 94646 "https://torob.com/search/?query=%DA%86%D8%A7%DB%8C%20%D8%B3%D8%A7%D8%B2" "Mozilla/5.0 (iPhone; CPU iPhone OS 11_2_6 like Mac OS X) AppleWebKit/604.1.34 (KHTML, like Gecko) CriOS/70.0.3538.75 Mobile/15D100 Safari/604.1" "-"
66.249.66.91 - - [22/Jan/2019:04:27:10 +0330] "GET /filter/b703%2Cb36%2Cb41%2Cb598%2Cb103%2Cb614%2Cb88%2Cb19%2Cb194%2Cb321%2Cb5%2Cb261%2Cb484%2Cb723%2Cb573%2Cb192%2Cb724%2Cb1%2Cb435%2Cb183%2Cb542%2Cb135%2Cb63%2Cb497%2Cb619%2Cb219%2Cb126%2Cb74%2Cb151%2Cb441%2Cb568%2Cb880%2Cb647%2Cb185%2Cb224%2Cb213%2Cb50%2Cb3%2Cb231%2Cb99%2Cb238%2Cb82%2Cb215%2Cb95%2Cb218%2Cb482%2Cb734?page=15 HTTP/1.1" 200 41085 "-" "Mozilla/5.0 (compatible; Googlebot/2.1; +http://www.google.com/bot.html)" "-"
66.249.66.91 - - [22/Jan/2019:04:27:11 +0330] "GET /filter/b656%2Cb703%2Cb32%2Cb67%2Cb226%2Cb41%2Cb598%2Cb168%2Cb723%2Cb597%2Cb88%2Cb548%2Cb6%2Cb679%2Cb215%2Cb105%2Cb194%2Cb74%2Cb542%2Cb35%2Cb113%2Cb820%2Cb574%2Cb442%2Cb880%2Cb645%2Cb724%2Cb118%2Cb482%2Cb400%2Cb95%2Cb135%2Cb249%2Cb221%2Cb523%2Cb854%2Cb126%2Cstexists%2Cb217%2Cb99%2Cb188%2Cb209%2Cb192%2Cb213%2Cb136%2Cb218%2Cb4%2Cb648%2Cb454%2Cb147%2Cb258%2Cb883?page=6 HTTP/1.1" 200 40545 "-" "Mozilla/5.0 (compatible; Googlebot/2.1; +http://www.google.com/bot.html)" "-"
66.249.66.91 - - [22/Jan/2019:04:27:11 +0330] "GET /filter/b880%2Cb198%2Cb50%2Cb614%2Cb80%2Cb701%2Cb481%2Cb615%2Cb219%2Cb43%2Cb568%2Cb584%2Cb88%2Cb321%2Cb435%2Cb679%2Cb186%2Cb454%2Cb202%2Cb820%2Cb546%2Cb212%2Cb8%2Cb105%2Cb1%2Cb597%2Cb603%2Cb67%2Cb573%2Cb41%2Cb874%2Cb32%2Cb574%2Cb896%2Cb216%2Cb135%2Cb543%2Cb890%2Cb2%2Cb125%2Cb613%2Cp5506%2Cb395%2Cb420%2Cb277?page=8 HTTP/1.1" 200 39171 "-" "Mozilla/5.0 (compatible; Googlebot/2.1; +http://www.google.com/bot.html)" "-"
91.99.72.15 - - [22/Jan/2019:04:27:11 +0330] "GET /product/31932/62140/%D9%85%D8%A7%D8%B4%DB%8C%D9%86-%D8%B8%D8%B1%D9%81%D8%B4%D9%88%DB%8C%DB%8C-%D8%A7%DB%8C%D8%B3%D8%AA%D8%A7%D8%AF%D9%87-%D8%B3%D8%A7%D9%85%D8%B3%D9%88%D9%86%DA%AF-%D9%85%D8%AF%D9%84-D142S HTTP/1.1" 200 42011 "-" "Mozilla/5.0 (Windows NT 6.1; WOW64) AppleWebKit/535.7(KHTML, like Gecko) Chrome/16.0.912.36 Safari/535.7" "-"
5.121.43.23 - - [22/Jan/2019:04:27:12 +0330] "GET /image/2/brand HTTP/1.1" 200 4842 "https://www.zanbil.ir/m/filter/p3%2Cb1" "Mozilla/5.0 (Linux; Android 7.0; FRD-L09) AppleWebKit/537.36 (KHTML, like Gecko) Chrome/70.0.3538.80 Mobile Safari/537.36" "-"
54.36.149.30 - - [22/Jan/2019:04:27:12 +0330] "GET /filter/4700|LCD,b123,b43,p72,stexists HTTP/1.1" 200 31290 "-" "Mozilla/5.0 (compatible; AhrefsBot/6.1; +http://ahrefs.com/robot/)" "-"
91.99.72.15 - - [22/Jan/2019:04:27:13 +0330] "GET /product/32751/63201/%D9%88%DB%8C%D8%AF%D8%A6%D9%88-%D9%BE%D8%B1%D9%88%DA%98%DA%A9%D8%AA%D9%88%D8%B1-%D8%AB%D8%A7%D8%A8%D8%AA-NEC-%D9%85%D8%AF%D9%84-NP-M403H HTTP/1.1" 200 40924 "-" "Mozilla/5.0 (Windows NT 6.2; Win64; x64; rv:16.0)Gecko/16.0 Firefox/16.0" "-"
89.34.54.44 - - [22/Jan/2019:04:27:13 +0330] "GET /image/33968?name=6p-m1.jpg&wh=200x200 HTTP/1.1" 200 5852 "https://torob.com/p/197916ba-20c0-4c72-8d8e-f3a8cbed921d/%D9%85%D9%88%D8%A8%D8%A7%DB%8C%D9%84-%D8%B3%D8%A7%D9%85%D8%B3%D9%88%D9%86%DA%AF-32-%DA%AF%DB%8C%DA%AF-samsung-galaxy-a6-2018-a600/" "Mozilla/5.0 (Linux; Android 8.0.0; SM-A600G Build/R16NW) AppleWebKit/537.36 (KHTML, like Gecko) Chrome/68.0.3440.91 Mobile Safari/537.36" "-"
91.99.72.15 - - [22/Jan/2019:04:27:14 +0330] "GET /product/34256/65237/%DA%A9%D9%88%D9%84%D8%B1-%DA%AF%D8%A7%D8%B2%DB%8C-%D8%A7%D8%B3%D9%BE%D9%84%DB%8C%D8%AA-%D8%A7%D9%84-%D8%AC%DB%8C-%D9%85%D8%AF%D9%84-NA128SK1 HTTP/1.1" 200 44555 "-" "Mozilla/5.0 (Windows NT 6.2; Win64; x64; rv:16.0)Gecko/16.0 Firefox/16.0" "-"
66.249.66.194 - - [22/Jan/2019:04:27:14 +0330] "GET /product/34211/t285-3.jpg HTTP/1.1" 200 43288 "-" "Googlebot-Image/1.0" "-"
66.249.66.91 - - [22/Jan/2019:04:27:14 +0330] "GET /filter/b656%2Cb703%2Cb32%2Cb67%2Cb226%2Cb41%2Cb598%2Cb168%2Cb723%2Cb597%2Cb88%2Cb548%2Cb6%2Cb679%2Cb215%2Cb105%2Cb194%2Cb74%2Cb542%2Cb35%2Cb113%2Cb820%2Cb574%2Cb442%2Cb880%2Cb645%2Cb724%2Cb118%2Cb482%2Cb400%2Cb95%2Cb135%2Cb249%2Cb435%2Cb221%2Cb523%2Cb854%2Cb126%2Cstexists%2Cb216%2Cb217%2Cb152%2Cb99%2Cb192%2Cb213%2Cb218%2Cb648%2Cb454%2Cb258%2Cb151%2Cb22%2Cb36%2Cb202%2Cb261?page=3 HTTP/1.1" 200 40437 "-" "Mozilla/5.0 (compatible; Googlebot/2.1; +http://www.google.com/bot.html)" "-"
54.36.111.160 - - [22/Jan/2019:04:27:14 +0330] "GET /image/32743?name=x320-22.jpg&wh=200x200 HTTP/1.1" 200 3759 "-" "Dalvik/2.1.0 (Linux; U; Android 5.0.2; SM-G530H Build/LRX22G)" "-"
54.36.111.160 - - [22/Jan/2019:04:27:14 +0330] "GET /image/32745?name=ms506-14.jpg&wh=200x200 HTTP/1.1" 200 3901 "-" "Dalvik/2.1.0 (Linux; U; Android 5.0.2; SM-G530H Build/LRX22G)" "-"
40.77.167.170 - - [22/Jan/2019:04:27:16 +0330] "GET /filter/b1,b103,b105,b109,b111,b113,b144,b186,b195,b215,b261,b291,b52,b598,b77,b80,b83,b95 HTTP/1.1" 200 39077 "-" "Mozilla/5.0 (compatible; bingbot/2.0; +http://www.bing.com/bingbot.htm)" "-"
66.249.66.91 - - [22/Jan/2019:04:27:18 +0330] "GET /filter/b656%2Cb703%2Cb32%2Cb67%2Cb226%2Cb41%2Cb598%2Cb168%2Cb723%2Cb597%2Cb88%2Cb548%2Cb6%2Cb679%2Cb215%2Cb105%2Cb194%2Cb74%2Cb542%2Cb35%2Cb113%2Cb820%2Cb574%2Cb442%2Cb880%2Cb645%2Cb724%2Cb118%2Cb482%2Cb400%2Cb95%2Cb135%2Cb249%2Cb435%2Cb221%2Cb523%2Cb854%2Cb126%2Cstexists%2Cb216%2Cb217%2Cb152%2Cb99%2Cb192%2Cb213%2Cb218%2Cb648%2Cb454%2Cb258%2Cb151%2Cb22%2Cb36%2Cb202%2Cb261?page=4 HTTP/1.1" 200 40614 "-" "Mozilla/5.0 (compatible; Googlebot/2.1; +http://www.google.com/bot.html)" "-"
54.36.148.182 - - [22/Jan/2019:04:27:19 +0330] "GET /product/28942/75837 HTTP/1.1" 200 42036 "-" "Mozilla/5.0 (compatible; AhrefsBot/6.1; +http://ahrefs.com/robot/)" "-"
54.36.148.227 - - [22/Jan/2019:04:27:19 +0330] "GET /filter/b103,b185,b261,p9 HTTP/1.1" 200 33384 "-" "Mozilla/5.0 (compatible; AhrefsBot/6.1; +http://ahrefs.com/robot/)" "-"
192.15.6.66 - - [22/Jan/2019:04:27:20 +0330] "GET /image/28525?name=%D8%A7%D8%AC%D8%A7%D9%82-%D8%A8%D8%B1%D9%82%DB%8C-%D9%84%D8%AA%D9%88-%D9%85%D8%AF%D9%84-rh-03.jpg&wh=200x200 HTTP/1.1" 200 5280 "-" "Dalvik/2.1.0 (Linux; U; Android 8.0.0; LG-H990 Build/OPR1.170623.032)" "-"
66.249.66.91 - - [22/Jan/2019:04:27:20 +0330] "GET /filter/b703%2Cb36%2Cb41%2Cb598%2Cb103%2Cb614%2Cb88%2Cb19%2Cb194%2Cb321%2Cb5%2Cb261%2Cb484%2Cb723%2Cb573%2Cb192%2Cb724%2Cb1%2Cb435%2Cb183%2Cb542%2Cb135%2Cb63%2Cb497%2Cb619%2Cb219%2Cb126%2Cb74%2Cb151%2Cb441%2Cb568%2Cb880%2Cb647%2Cb185%2Cb224%2Cb213%2Cb50%2Cb3%2Cb231%2Cb99%2Cb238%2Cb82%2Cb215%2Cb95%2Cb218%2Cb482?page=8 HTTP/1.1" 200 40059 "-" "Mozilla/5.0 (compatible; Googlebot/2.1; +http://www.google.com/bot.html)" "-"
195.181.3.169 - - [22/Jan/2019:04:27:20 +0330] "GET /image/33888?name=model-b2048u-1-.jpg&wh=200x200 HTTP/1.1" 200 3975 "-" "Dalvik/2.1.0 (Linux; U; Android 6.0.1; SM-G900H Build/MMB29K)" "-"
40.77.167.170 - - [22/Jan/2019:04:27:22 +0330] "GET /filter/b180,b441 HTTP/1.1" 200 36873 "-" "Mozilla/5.0 (compatible; bingbot/2.0; +http://www.bing.com/bingbot.htm)" "-"
54.36.148.150 - - [22/Jan/2019:04:27:23 +0330] "GET /filter/585|1350,585|1500,b74,p10 HTTP/1.1" 200 32515 "-" "Mozilla/5.0 (compatible; AhrefsBot/6.1; +http://ahrefs.com/robot/)" "-"
87.251.148.24 - - [22/Jan/2019:04:27:23 +0330] "GET /image/33952?name=note9m.jpg&wh=200x200 HTTP/1.1" 200 5969 "https://torob.com/p/765d352c-03a3-438d-87ae-62154f5fd73e/%DA%AF%D9%88%D8%B4%DB%8C-%D9%85%D9%88%D8%A8%D8%A7%DB%8C%D9%84-%D8%B3%D8%A7%D9%85%D8%B3%D9%88%D9%86%DA%AF-%DA%AF%D9%84%DA%A9%D8%B3%DB%8C-%D9%86%D9%88%D8%AA-9-galaxy-note-9-n960-2sim/" "Mozilla/5.0 (Linux; Android 8.0.0; SM-G950F) AppleWebKit/537.36 (KHTML, like Gecko) Chrome/71.0.3578.99 Mobile Safari/537.36" "-"
207.46.13.136 - - [22/Jan/2019:04:27:23 +0330] "GET /image/31961?name=55uj75200-44.jpg&wh=max HTTP/1.1" 200 25761 "-" "Mozilla/5.0 (compatible; bingbot/2.0; +http://www.bing.com/bingbot.htm)" "-"
66.249.66.194 - - [22/Jan/2019:04:27:24 +0330] "GET /product/29202/58479/%D8%A8%D8%AE%D8%A7%D8%B1%DB%8C-%D8%A8%D8%B1%D9%82%DB%8C-%D8%AA%D8%A7%D8%A8%D8%B4%DB%8C-%D8%A8%D8%B1%D9%81%D8%A7%D8%A8-%D9%85%D8%AF%D9%84-QH-2800 HTTP/1.1" 200 40299 "-" "Mozilla/5.0 (compatible; Googlebot/2.1; +http://www.google.com/bot.html)" "-"
5.121.43.23 - - [22/Jan/2019:04:27:24 +0330] "GET /image/61786/productModel/200x200 HTTP/1.1" 200 2611 "https://www.zanbil.ir/m/filter/p3%2Cb1%2Cb2" "Mozilla/5.0 (Linux; Android 7.0; FRD-L09) AppleWebKit/537.36 (KHTML, like Gecko) Chrome/70.0.3538.80 Mobile Safari/537.36" "-"
5.121.43.23 - - [22/Jan/2019:04:27:24 +0330] "GET /image/56518/productModel/200x200 HTTP/1.1" 200 2967 "https://www.zanbil.ir/m/filter/p3%2Cb1%2Cb2" "Mozilla/5.0 (Linux; Android 7.0; FRD-L09) AppleWebKit/537.36 (KHTML, like Gecko) Chrome/70.0.3538.80 Mobile Safari/537.36" "-"
5.121.43.23 - - [22/Jan/2019:04:27:24 +0330] "GET /image/61784/productModel/200x200 HTTP/1.1" 200 2275 "https://www.zanbil.ir/m/filter/p3%2Cb1%2Cb2" "Mozilla/5.0 (Linux; Android 7.0; FRD-L09) AppleWebKit/537.36 (KHTML, like Gecko) Chrome/70.0.3538.80 Mobile Safari/537.36" "-"
192.15.6.66 - - [22/Jan/2019:04:27:24 +0330] "GET /product/28525/57365/%D8%A7%D8%AC%D8%A7%D9%82-%DA%AF%D8%A7%D8%B2-%D8%B5%D9%81%D8%AD%D9%87-%D8%A7%DB%8C-%D9%84%D8%AA%D9%88-%D9%85%D8%AF%D9%84-RH-03?utm_medium=PPC&utm_source=Torob HTTP/1.1" 302 0 "http://api.torob.com/" "Mozilla/5.0 (Linux; Android 8.0.0; LG-H990 Build/OPR1.170623.032) AppleWebKit/537.36 (KHTML, like Gecko) Chrome/68.0.3440.91 Mobile Safari/537.36" "-"
54.36.149.50 - - [22/Jan/2019:04:27:25 +0330] "GET /filter/b8,p6,stexists,v574|%D8%A8%D8%AF%D9%88%D9%86%20%D8%AA%D8%B3%D9%85%D9%87%20Direct%20Drive HTTP/1.1" 200 33699 "-" "Mozilla/5.0 (compatible; AhrefsBot/6.1; +http://ahrefs.com/robot/)" "-"
54.36.148.207 - - [22/Jan/2019:04:27:26 +0330] "GET /filter/b125,b132,b145,p4510 HTTP/1.1" 200 33035 "-" "Mozilla/5.0 (compatible; AhrefsBot/6.1; +http://ahrefs.com/robot/)" "-"
5.121.43.23 - - [22/Jan/2019:04:27:26 +0330] "GET /image/61695/productModel/200x200 HTTP/1.1" 200 2915 "https://www.zanbil.ir/m/filter/p3%2Cb1%2Cb2" "Mozilla/5.0 (Linux; Android 7.0; FRD-L09) AppleWebKit/537.36 (KHTML, like Gecko) Chrome/70.0.3538.80 Mobile Safari/537.36" "-"
5.121.43.23 - - [22/Jan/2019:04:27:26 +0330] "GET /image/61964/productModel/200x200 HTTP/1.1" 200 3323 "https://www.zanbil.ir/m/filter/p3%2Cb1%2Cb2" "Mozilla/5.0 (Linux; Android 7.0; FRD-L09) AppleWebKit/537.36 (KHTML, like Gecko) Chrome/70.0.3538.80 Mobile Safari/537.36" "-"
66.249.66.91 - - [22/Jan/2019:04:27:26 +0330] "GET /filter/b656%2Cb703%2Cb32%2Cb67%2Cb226%2Cb41%2Cb598%2Cb168%2Cb723%2Cb597%2Cb88%2Cb548%2Cb6%2Cb679%2Cb215%2Cb105%2Cb194%2Cb74%2Cb542%2Cb35%2Cb113%2Cb820%2Cb574%2Cb442%2Cb880%2Cb645%2Cb724%2Cb118%2Cb482%2Cb400%2Cb95%2Cb135%2Cb249%2Cb435%2Cb221%2Cb523%2Cb854%2Cb126%2Cstexists%2Cb216%2Cb217%2Cb152%2Cb99%2Cb192%2Cb213%2Cb218%2Cb648%2Cb454%2Cb258%2Cb151%2Cb22%2Cb36%2Cb596?page=4 HTTP/1.1" 200 40363 "-" "Mozilla/5.0 (compatible; Googlebot/2.1; +http://www.google.com/bot.html)" "-"
207.46.13.136 - - [22/Jan/2019:04:27:26 +0330] "GET /filter/b1,b103,b105,b109,b111,b113,b135,b144,b176,b186,b19,b202,b221,b261,b291,b481,b52,b598,b615,b679,b77,b83 HTTP/1.1" 200 37979 "-" "Mozilla/5.0 (compatible; bingbot/2.0; +http://www.bing.com/bingbot.htm)" "-"
