130.185.74.243 - - [22/Jan/2019:04:07:20 +0330] "GET /filter/stexists,p6446,t164,b206 HTTP/1.1" 200 33532 "-" "Mozilla/5.0 (Windows NT 6.1; rv:42.0) Gecko/20100101 Firefox/42.0" "-"130.185.74.243 - - [22/Jan/2019:04:07:20 +0330] "GET /filter/stexists,p6446,t164,b206 HTTP/1.1" 200 33532 "-" "Mozilla/5.0 (Windows NT 6.1; rv:42.0) Gecko/20100101 Firefox/42.0" "-"
5.117.0.237 - - [22/Jan/2019:04:07:20 +0330] "GET /image/33639?name=iphonexr_white.jpg&wh=max HTTP/1.1" 200 33240 "https://www.zanbil.ir/m/product/33639/65021" "Mozilla/5.0 (Linux; Android 8.0.0; SM-A600F) AppleWebKit/537.36 (KHTML, like Gecko) Chrome/71.0.3578.99 Mobile Safari/537.36" "-"
66.249.66.91 - - [22/Jan/2019:04:07:21 +0330] "GET /image/33987/productModel/150x150 HTTP/1.1" 200 2492 "-" "Googlebot-Image/1.0" "-"
5.117.0.237 - - [22/Jan/2019:04:07:21 +0330] "GET /image/33639?name=iphonexr_black.jpg&wh=max HTTP/1.1" 200 31525 "https://www.zanbil.ir/m/product/33639/65021" "Mozilla/5.0 (Linux; Android 8.0.0; SM-A600F) AppleWebKit/537.36 (KHTML, like Gecko) Chrome/71.0.3578.99 Mobile Safari/537.36" "-"
66.249.66.91 - - [22/Jan/2019:04:07:21 +0330] "GET /filter/b703%2Cb36%2Cb41%2Cb598%2Cb168%2Cb103%2Cb614%2Cb88%2Cb19%2Cb194%2Cb321%2Cb5%2Cb261%2Cb442%2Cb484%2Cb723%2Cb573%2Cb192%2Cb724%2Cb1%2Cb435%2Cb183%2Cb542%2Cb135%2Cb878%2Cb63%2Cb497%2Cb619%2Cb219%2Cb126%2Cb74%2Cb151%2Cb441%2Cb568%2Cb880%2Cb647%2Cb185%2Cb224%2Cb213%2Cb50%2Cb3%2Cb231%2Cb99%2Cb238%2Cb82%2Cb215%2Cb95%2Cb218%2Cb118?page=212 HTTP/1.1" 200 37883 "-" "Mozilla/5.0 (compatible; Googlebot/2.1; +http://www.google.com/bot.html)" "-"
54.36.148.63 - - [22/Jan/2019:04:07:21 +0330] "GET /filter/p5712%2Cv1%7C%D9%82%D8%B1%D9%85%D8%B2.%2Cv1%7C%D8%A8%D9%86%D9%81%D8%B4?o=v1 HTTP/1.1" 302 0 "-" "Mozilla/5.0 (compatible; AhrefsBot/6.1; +http://ahrefs.com/robot/)" "-"
130.185.74.243 - - [22/Jan/2019:04:07:21 +0330] "GET /filter/stexists,p6446,t164,b211 HTTP/1.1" 200 33703 "-" "Mozilla/5.0 (Windows NT 6.1; rv:42.0) Gecko/20100101 Firefox/42.0" "-"
130.185.74.243 - - [22/Jan/2019:04:07:23 +0330] "GET /filter/stexists,p6446,t164,b290 HTTP/1.1" 200 33457 "-" "Mozilla/5.0 (Windows NT 6.1; rv:42.0) Gecko/20100101 Firefox/42.0" "-"
17.58.102.43 - - [22/Jan/2019:04:07:23 +0330] "GET /filter/b571%2Cb288%2Cb70%2Cb418%2Cb320%2Cb134%2Cb220%2Cb485%2Cb35%2Cb569%2Cb279%2Cb724%2Cb880%2Cb574 HTTP/1.1" 200 37267 "-" "Mozilla/5.0 (Macintosh; Intel Mac OS X 10_10_1) AppleWebKit/600.2.5 (KHTML, like Gecko) Version/8.0.2 Safari/600.2.5 (Applebot/0.1; +http://www.apple.com/go/applebot)" "-"
66.249.66.91 - - [22/Jan/2019:04:07:23 +0330] "GET /filter/b703%2Cb36%2Cb41%2Cb598%2Cb168%2Cb103%2Cb614%2Cb88%2Cb19%2Cb194%2Cb321%2Cb5%2Cb261%2Cb442%2Cb484%2Cb723%2Cb573%2Cb192%2Cb724%2Cb1%2Cb435%2Cb183%2Cb542%2Cb135%2Cb878%2Cb63%2Cb497%2Cb619%2Cb219%2Cb126%2Cb74%2Cb441%2Cb568%2Cb880%2Cb647%2Cb185%2Cb584%2Cb224%2Cb213%2Cb50%2Cb3%2Cb231%2Cb99%2Cb238%2Cb82%2Cb215%2Cb95%2Cb218%2Cb778?page=14 HTTP/1.1" 200 41181 "-" "Mozilla/5.0 (compatible; Googlebot/2.1; +http://www.google.com/bot.html)" "-"
207.46.13.136 - - [22/Jan/2019:04:07:24 +0330] "GET /image/get?path=/Image/4(45).jpg HTTP/1.1" 301 178 "-" "Mozilla/5.0 (compatible; bingbot/2.0; +http://www.bing.com/bingbot.htm)" "-"
54.36.148.85 - - [22/Jan/2019:04:07:24 +0330] "GET /filter/b2%2Cb879%2Cp41 HTTP/1.1" 200 33905 "-" "Mozilla/5.0 (compatible; AhrefsBot/6.1; +http://ahrefs.com/robot/)" "-"
66.249.66.194 - - [22/Jan/2019:04:07:25 +0330] "GET /filter/null%2Ct399?page=0&phrase=%D9%85%D8%A7%DB%8C+%D8%B3%D8%A7%D9%86&o=t HTTP/1.1" 302 0 "-" "Mozilla/5.0 (compatible; Googlebot/2.1; +http://www.google.com/bot.html)" "-"
130.185.74.243 - - [22/Jan/2019:04:07:25 +0330] "GET /filter/stexists,p6446,t164,b262 HTTP/1.1" 200 32557 "-" "Mozilla/5.0 (Windows NT 6.1; rv:42.0) Gecko/20100101 Firefox/42.0" "-"
66.249.66.194 - - [22/Jan/2019:04:07:26 +0330] "GET /filter/null%2Ct399?page=0&phrase=%D9%85%D8%A7%DB%8C+%D8%B3%D8%A7%D9%86 HTTP/1.1" 200 31319 "-" "Mozilla/5.0 (compatible; Googlebot/2.1; +http://www.google.com/bot.html)" "-"
207.46.13.136 - - [22/Jan/2019:04:07:26 +0330] "GET /image/get?path=/Image/4(45).jpg HTTP/1.1" 200 9406 "-" "Mozilla/5.0 (compatible; bingbot/2.0; +http://www.bing.com/bingbot.htm)" "-"
204.18.72.194 - - [22/Jan/2019:04:07:26 +0330] "GET /image/57679/productModel/200x200 HTTP/1.1" 200 4415 "https://www.zanbil.ir/m/filter/b1%2Cp5%2Cb2" "Mozilla/5.0 (Linux; Android 5.1.1; SAMSUNG SM-J500H Build/LMY48B) AppleWebKit/537.36 (KHTML, like Gecko) SamsungBrowser/3.3 Chrome/38.0.2125.102 Mobile Safari/537.36" "-"
204.18.72.194 - - [22/Jan/2019:04:07:26 +0330] "GET /image/58351/productModel/200x200 HTTP/1.1" 200 4431 "https://www.zanbil.ir/m/filter/b1%2Cp5%2Cb2" "Mozilla/5.0 (Linux; Android 5.1.1; SAMSUNG SM-J500H Build/LMY48B) AppleWebKit/537.36 (KHTML, like Gecko) SamsungBrowser/3.3 Chrome/38.0.2125.102 Mobile Safari/537.36" "-"
204.18.72.194 - - [22/Jan/2019:04:07:26 +0330] "GET /image/61790/productModel/200x200 HTTP/1.1" 200 3943 "https://www.zanbil.ir/m/filter/b1%2Cp5%2Cb2" "Mozilla/5.0 (Linux; Android 5.1.1; SAMSUNG SM-J500H Build/LMY48B) AppleWebKit/537.36 (KHTML, like Gecko) SamsungBrowser/3.3 Chrome/38.0.2125.102 Mobile Safari/537.36" "-"
204.18.72.194 - - [22/Jan/2019:04:07:26 +0330] "GET /image/54272/productModel/200x200 HTTP/1.1" 200 3298 "https://www.zanbil.ir/m/filter/b1%2Cp5%2Cb2" "Mozilla/5.0 (Linux; Android 5.1.1; SAMSUNG SM-J500H Build/LMY48B) AppleWebKit/537.36 (KHTML, like Gecko) SamsungBrowser/3.3 Chrome/38.0.2125.102 Mobile Safari/537.36" "-"
130.185.74.243 - - [22/Jan/2019:04:07:26 +0330] "GET /filter/stexists,p6446,t165,b265 HTTP/1.1" 200 30343 "-" "Mozilla/5.0 (Windows NT 6.1; rv:42.0) Gecko/20100101 Firefox/42.0" "-"
66.249.66.91 - - [22/Jan/2019:04:07:26 +0330] "GET /product/30674/60429/%D8%B9%D8%B7%D8%B1-%D9%88-%D8%A7%D8%AF%DA%A9%D9%84%D9%86-%D9%85%D8%B1%D8%AF%D8%A7%D9%86%D9%87-YVES-SAINT-LAURENT-%D9%85%D8%AF%D9%84-L-Homme-Libre HTTP/1.1" 200 43481 "-" "Mozilla/5.0 (compatible; Googlebot/2.1; +http://www.google.com/bot.html)" "-"
157.55.39.245 - - [22/Jan/2019:04:07:27 +0330] "GET /image/29201?name=\xD8\xB3\xD8\xAA-\xDA\xA9\xD8\xA7\xD9\x84\xD8\xB3\xDA\xA9\xD9\x87-\xD9\x88-\xDA\xA9\xD8\xB1\xDB\x8C\xD8\xB1-\xD9\x85\xD8\xAF\xD9\x84-litetrax-4-5.jpg&wh=max HTTP/1.1" 200 28140 "-" "Mozilla/5.0 (compatible; bingbot/2.0; +http://www.bing.com/bingbot.htm)" "-"
204.18.72.194 - - [22/Jan/2019:04:07:27 +0330] "GET /image/879/brand HTTP/1.1" 200 3348 "https://www.zanbil.ir/m/filter/b1%2Cp5%2Cb2" "Mozilla/5.0 (Linux; Android 5.1.1; SAMSUNG SM-J500H Build/LMY48B) AppleWebKit/537.36 (KHTML, like Gecko) SamsungBrowser/3.3 Chrome/38.0.2125.102 Mobile Safari/537.36" "-"
204.18.72.194 - - [22/Jan/2019:04:07:27 +0330] "GET /image/99/brand HTTP/1.1" 200 2136 "https://www.zanbil.ir/m/filter/b1%2Cp5%2Cb2" "Mozilla/5.0 (Linux; Android 5.1.1; SAMSUNG SM-J500H Build/LMY48B) AppleWebKit/537.36 (KHTML, like Gecko) SamsungBrowser/3.3 Chrome/38.0.2125.102 Mobile Safari/537.36" "-"
204.18.72.194 - - [22/Jan/2019:04:07:27 +0330] "GET /image/131/brand HTTP/1.1" 200 2599 "https://www.zanbil.ir/m/filter/b1%2Cp5%2Cb2" "Mozilla/5.0 (Linux; Android 5.1.1; SAMSUNG SM-J500H Build/LMY48B) AppleWebKit/537.36 (KHTML, like Gecko) SamsungBrowser/3.3 Chrome/38.0.2125.102 Mobile Safari/537.36" "-"
204.18.72.194 - - [22/Jan/2019:04:07:27 +0330] "GET /image/29/productTypeType HTTP/1.1" 200 10813 "https://www.zanbil.ir/m/filter/b1%2Cp5%2Cb2" "Mozilla/5.0 (Linux; Android 5.1.1; SAMSUNG SM-J500H Build/LMY48B) AppleWebKit/537.36 (KHTML, like Gecko) SamsungBrowser/3.3 Chrome/38.0.2125.102 Mobile Safari/537.36" "-"
204.18.72.194 - - [22/Jan/2019:04:07:27 +0330] "GET /image/177/productTypeType HTTP/1.1" 200 10969 "https://www.zanbil.ir/m/filter/b1%2Cp5%2Cb2" "Mozilla/5.0 (Linux; Android 5.1.1; SAMSUNG SM-J500H Build/LMY48B) AppleWebKit/537.36 (KHTML, like Gecko) SamsungBrowser/3.3 Chrome/38.0.2125.102 Mobile Safari/537.36" "-"
204.18.72.194 - - [22/Jan/2019:04:07:27 +0330] "GET /image/982/mainSlideMobile HTTP/1.1" 200 58396 "https://www.zanbil.ir/m/filter/b1%2Cp5%2Cb2" "Mozilla/5.0 (Linux; Android 5.1.1; SAMSUNG SM-J500H Build/LMY48B) AppleWebKit/537.36 (KHTML, like Gecko) SamsungBrowser/3.3 Chrome/38.0.2125.102 Mobile Safari/537.36" "-"
204.18.72.194 - - [22/Jan/2019:04:07:27 +0330] "GET /image/55649/productModel/200x200 HTTP/1.1" 200 3516 "https://www.zanbil.ir/m/filter/b1%2Cp5%2Cb2" "Mozilla/5.0 (Linux; Android 5.1.1; SAMSUNG SM-J500H Build/LMY48B) AppleWebKit/537.36 (KHTML, like Gecko) SamsungBrowser/3.3 Chrome/38.0.2125.102 Mobile Safari/537.36" "-"
204.18.72.194 - - [22/Jan/2019:04:07:27 +0330] "GET /image/54273/productModel/200x200 HTTP/1.1" 200 3249 "https://www.zanbil.ir/m/filter/b1%2Cp5%2Cb2" "Mozilla/5.0 (Linux; Android 5.1.1; SAMSUNG SM-J500H Build/LMY48B) AppleWebKit/537.36 (KHTML, like Gecko) SamsungBrowser/3.3 Chrome/38.0.2125.102 Mobile Safari/537.36" "-"
130.185.74.243 - - [22/Jan/2019:04:07:27 +0330] "GET /filter/stexists,p6446,t165,b332 HTTP/1.1" 200 33322 "-" "Mozilla/5.0 (Windows NT 6.1; rv:42.0) Gecko/20100101 Firefox/42.0" "-"
5.160.157.20 - - [22/Jan/2019:04:07:27 +0330] "GET /product/29274?model=58603 HTTP/1.1" 301 178 "-" "Mozilla/5.0 (Windows NT 5.1; rv:8.0) Gecko/20100101 Firefox/8.0" "-"
204.18.72.194 - - [22/Jan/2019:04:07:28 +0330] "GET /image/105/brand HTTP/1.1" 200 2653 "https://www.zanbil.ir/m/filter/b1%2Cp5%2Cb2" "Mozilla/5.0 (Linux; Android 5.1.1; SAMSUNG SM-J500H Build/LMY48B) AppleWebKit/537.36 (KHTML, like Gecko) SamsungBrowser/3.3 Chrome/38.0.2125.102 Mobile Safari/537.36" "-"
204.18.72.194 - - [22/Jan/2019:04:07:28 +0330] "GET /image/900/brand HTTP/1.1" 200 4424 "https://www.zanbil.ir/m/filter/b1%2Cp5%2Cb2" "Mozilla/5.0 (Linux; Android 5.1.1; SAMSUNG SM-J500H Build/LMY48B) AppleWebKit/537.36 (KHTML, like Gecko) SamsungBrowser/3.3 Chrome/38.0.2125.102 Mobile Safari/537.36" "-"
204.18.72.194 - - [22/Jan/2019:04:07:28 +0330] "GET /image/35/brand HTTP/1.1" 200 2264 "https://www.zanbil.ir/m/filter/b1%2Cp5%2Cb2" "Mozilla/5.0 (Linux; Android 5.1.1; SAMSUNG SM-J500H Build/LMY48B) AppleWebKit/537.36 (KHTML, like Gecko) SamsungBrowser/3.3 Chrome/38.0.2125.102 Mobile Safari/537.36" "-"
130.185.74.243 - - [22/Jan/2019:04:07:29 +0330] "GET /filter/stexists,p6446,t165,b223 HTTP/1.1" 200 31378 "-" "Mozilla/5.0 (Windows NT 6.1; rv:42.0) Gecko/20100101 Firefox/42.0" "-"
204.18.72.194 - - [22/Jan/2019:04:07:29 +0330] "GET /image/58356/productModel/200x200 HTTP/1.1" 200 2957 "https://www.zanbil.ir/m/filter/b1%2Cp5%2Cb2" "Mozilla/5.0 (Linux; Android 5.1.1; SAMSUNG SM-J500H Build/LMY48B) AppleWebKit/537.36 (KHTML, like Gecko) SamsungBrowser/3.3 Chrome/38.0.2125.102 Mobile Safari/537.36" "-"
204.18.72.194 - - [22/Jan/2019:04:07:29 +0330] "GET /image/55651/productModel/200x200 HTTP/1.1" 200 3867 "https://www.zanbil.ir/m/filter/b1%2Cp5%2Cb2" "Mozilla/5.0 (Linux; Android 5.1.1; SAMSUNG SM-J500H Build/LMY48B) AppleWebKit/537.36 (KHTML, like Gecko) SamsungBrowser/3.3 Chrome/38.0.2125.102 Mobile Safari/537.36" "-"
204.18.72.194 - - [22/Jan/2019:04:07:29 +0330] "GET /image/62658/productModel/200x200 HTTP/1.1" 200 2573 "https://www.zanbil.ir/m/filter/b1%2Cp5%2Cb2" "Mozilla/5.0 (Linux; Android 5.1.1; SAMSUNG SM-J500H Build/LMY48B) AppleWebKit/537.36 (KHTML, like Gecko) SamsungBrowser/3.3 Chrome/38.0.2125.102 Mobile Safari/537.36" "-"
204.18.72.194 - - [22/Jan/2019:04:07:29 +0330] "GET /image/1757/productModel/200x200 HTTP/1.1" 200 2553 "https://www.zanbil.ir/m/filter/b1%2Cp5%2Cb2" "Mozilla/5.0 (Linux; Android 5.1.1; SAMSUNG SM-J500H Build/LMY48B) AppleWebKit/537.36 (KHTML, like Gecko) SamsungBrowser/3.3 Chrome/38.0.2125.102 Mobile Safari/537.36" "-"
204.18.72.194 - - [22/Jan/2019:04:07:30 +0330] "GET /image/33881/productModel/200x200 HTTP/1.1" 200 2692 "https://www.zanbil.ir/m/filter/b1%2Cp5%2Cb2" "Mozilla/5.0 (Linux; Android 5.1.1; SAMSUNG SM-J500H Build/LMY48B) AppleWebKit/537.36 (KHTML, like Gecko) SamsungBrowser/3.3 Chrome/38.0.2125.102 Mobile Safari/537.36" "-"
204.18.72.194 - - [22/Jan/2019:04:07:30 +0330] "GET /image/62140/productModel/200x200 HTTP/1.1" 200 3666 "https://www.zanbil.ir/m/filter/b1%2Cp5%2Cb2" "Mozilla/5.0 (Linux; Android 5.1.1; SAMSUNG SM-J500H Build/LMY48B) AppleWebKit/537.36 (KHTML, like Gecko) SamsungBrowser/3.3 Chrome/38.0.2125.102 Mobile Safari/537.36" "-"
157.55.39.245 - - [22/Jan/2019:04:07:30 +0330] "GET /filter/p6,b42 HTTP/1.1" 200 35456 "-" "Mozilla/5.0 (compatible; bingbot/2.0; +http://www.bing.com/bingbot.htm)" "-"
130.185.74.243 - - [22/Jan/2019:04:07:30 +0330] "GET /filter/stexists,p6446,t165,b223?page=1 HTTP/1.1" 200 31393 "-" "Mozilla/5.0 (Windows NT 6.1; rv:42.0) Gecko/20100101 Firefox/42.0" "-"
66.249.66.194 - - [22/Jan/2019:04:07:31 +0330] "GET /filter/b696%2Cb155%2Cb858 HTTP/1.1" 200 29460 "-" "Mozilla/5.0 (compatible; Googlebot/2.1; +http://www.google.com/bot.html)" "-"
91.99.72.15 - - [22/Jan/2019:04:07:31 +0330] "GET /product/29426/58851/%D9%BE%D8%B1%DB%8C%D9%86%D8%AA%D8%B1-%D8%AC%D9%88%D9%87%D8%B1%D8%A7%D9%81%D8%B4%D8%A7%D9%86-%D8%A7%D9%BE%D8%B3%D9%88%D9%86-%D9%85%D8%AF%D9%84-1430w HTTP/1.1" 200 41810 "-" "Mozilla/5.0 (Windows NT 6.1; WOW64) AppleWebKit/535.7(KHTML, like Gecko) Chrome/16.0.912.36 Safari/535.7" "-"
130.185.74.243 - - [22/Jan/2019:04:07:31 +0330] "GET /filter/stexists,p6446,t165,b224 HTTP/1.1" 200 31383 "-" "Mozilla/5.0 (Windows NT 6.1; rv:42.0) Gecko/20100101 Firefox/42.0" "-"
91.99.72.15 - - [22/Jan/2019:04:07:31 +0330] "GET /product/30981/60774/%D8%AA%D9%84%D9%88%DB%8C%D8%B2%DB%8C%D9%88%D9%86-%D8%A7%D9%84-%D8%A7%DB%8C-%D8%AF%DB%8C-%D8%B3%D9%88%D9%86%DB%8C-%D9%85%D8%AF%D9%84-KD-49X8000D HTTP/1.1" 200 43817 "-" "Mozilla/5.0 (Windows NT 6.1; WOW64) AppleWebKit/535.7(KHTML, like Gecko) Chrome/16.0.912.36 Safari/535.7" "-"
207.46.13.136 - - [22/Jan/2019:04:07:32 +0330] "GET /filter/b1,b103,b105,b109,b111,b113,b135,b144,b176,b186,b192,b198,b221,b261,b291,b454,b52,b598,b741,b77,b83 HTTP/1.1" 200 39243 "-" "Mozilla/5.0 (compatible; bingbot/2.0; +http://www.bing.com/bingbot.htm)" "-"
54.36.148.241 - - [22/Jan/2019:04:07:32 +0330] "GET /filter/b131,b3,b862,p5935 HTTP/1.1" 200 34579 "-" "Mozilla/5.0 (compatible; AhrefsBot/6.1; +http://ahrefs.com/robot/)" "-"
66.249.66.91 - - [22/Jan/2019:04:07:32 +0330] "GET /filter/b481%2Cb874%2Cb226%2Cb570%2Cb598%2Cstexists%2Cb880%2Cb270%2Cb883%2Cb99%2Cb261%2Cb249%2Cb20%2Cb701%2Cb42%2Cb548%2Cb183%2Cb88%2Cb308%2Cb103%2Cb1%2Cb126%2Cb523%2Cb900%2Cb192%2Cb188%2Cb703%2Cb890%2Cb148%2Cb256%2Cb651%2Cb41%2Cb647%2Cb22%2Cb613%2Cb6%2Cb221%2Cb36%2Cb614%2Cb3%2Cb216%2Cb218%2Cb136%2Cb573%2Cb151%2Cb185%2Cb32%2Cb441%2Cb143%2Cb648%2Cb203%2Cb877%2Cb209%2Cb231%2Cb485%2Cb147%2Cb484?page=8 HTTP/1.1" 200 41400 "-" "Mozilla/5.0 (compatible; Googlebot/2.1; +http://www.google.com/bot.html)" "-"
5.127.182.189 - - [22/Jan/2019:04:07:32 +0330] "GET /image/34270?name=asusx541uv-i3-1.jpg&wh=max HTTP/1.1" 200 68380 "https://www.zanbil.ir/m/product/34270/65248/%D9%84%D9%BE-%D8%AA%D8%A7%D9%BE-%D8%A7%DB%8C%D8%B3%D9%88%D8%B3-%D9%85%D8%AF%D9%84-Asus-X541UV" "Mozilla/5.0 (Linux; Android 9; Mi A1) AppleWebKit/537.36 (KHTML, like Gecko) Chrome/71.0.3578.99 Mobile Safari/537.36" "-"
5.127.182.189 - - [22/Jan/2019:04:07:33 +0330] "GET /image/34270?name=asusx541uv-i3-2.jpg&wh=max HTTP/1.1" 200 66616 "https://www.zanbil.ir/m/product/34270/65248/%D9%84%D9%BE-%D8%AA%D8%A7%D9%BE-%D8%A7%DB%8C%D8%B3%D9%88%D8%B3-%D9%85%D8%AF%D9%84-Asus-X541UV" "Mozilla/5.0 (Linux; Android 9; Mi A1) AppleWebKit/537.36 (KHTML, like Gecko) Chrome/71.0.3578.99 Mobile Safari/537.36" "-"
91.99.72.15 - - [22/Jan/2019:04:07:33 +0330] "GET /product/10698/55908/%D8%B5%D9%86%D8%AF%D9%84%DB%8C-%D9%85%D8%A7%D8%B3%D8%A7%DA%98%D9%88%D8%B1-iRest-%D9%85%D8%AF%D9%84-SL-A51 HTTP/1.1" 200 42616 "-" "Mozilla/5.0 (X11; Linux x86_64) AppleWebKit/537.36 (KHTML, like Gecko) Chrome/53.0.2785.92 Safari/537.36" "-"
130.185.74.243 - - [22/Jan/2019:04:07:33 +0330] "GET /filter/stexists,p6446,t165,b201 HTTP/1.1" 200 31384 "-" "Mozilla/5.0 (Windows NT 6.1; rv:42.0) Gecko/20100101 Firefox/42.0" "-"
40.77.195.79 - - [22/Jan/2019:04:07:34 +0330] "GET /image/64267/productModel/100x100 HTTP/1.1" 200 2645 "-" "Mozilla/5.0 (Windows NT 6.1; WOW64) AppleWebKit/534+ (KHTML, like Gecko) BingPreview/1.0b" "-"
66.249.66.194 - - [22/Jan/2019:04:07:34 +0330] "GET /filter/p12595%2Cb484%2Cv1%7C%D8%B1%D9%86%DA%AF%D8%A7%D8%B1%D9%86%DA%AF%2Cv1%7C%20%20%20%D9%82%D8%B1%D9%85%D8%B2?o=v1 HTTP/1.1" 302 0 "-" "Mozilla/5.0 (compatible; Googlebot/2.1; +http://www.google.com/bot.html)" "-"
66.249.66.91 - - [22/Jan/2019:04:07:34 +0330] "GET /filter/b481%2Cb226%2Cb570%2Cb80%2Cb270%2Cb903%2Cb883%2Cb99%2Cb152%2Cb249%2Cb20%2Cb701%2Cb723%2Cb42%2Cb198%2Cb35%2Cb183%2Cb219%2Cb308%2Cb126%2Cb900%2Cb188%2Cb890%2Cb236%2Cb256%2Cb74%2Cb400%2Cb209%2Cb454%2Cb651%2Cb202%2Cb4%2Cb22%2Cb238%2Cb6%2Cb596%2Cb143%2Cb877%2Cb485%2Cb221%2Cb194%2Cb136%2Cb647%2Cb497%2Cb546%2Cb105%2Cb185%2Cb95%2Cb568%2Cb43%2Cb597%2Cb820%2Cb613%2Cb880%2Cb861%2Cb135%2Cb186%2Cb778%2Cb482%2Cb118%2Cb484%2Cb879%2Cb67%2Cp5506%2Cb214%2Cb299?page=20 HTTP/1.1" 200 41369 "-" "Mozilla/5.0 (compatible; Googlebot/2.1; +http://www.google.com/bot.html)" "-"
130.185.74.243 - - [22/Jan/2019:04:07:34 +0330] "GET /filter/stexists,p6446,t165,b207 HTTP/1.1" 200 33428 "-" "Mozilla/5.0 (Windows NT 6.1; rv:42.0) Gecko/20100101 Firefox/42.0" "-"
5.160.209.36 - - [22/Jan/2019:04:07:35 +0330] "GET /image/33888?name=model-b2048u-1-.jpg&wh=200x200 HTTP/1.1" 200 3975 "-" "Dalvik/2.1.0 (Linux; U; Android 8.1.0; SM-J610F Build/M1AJQ)" "-"
91.99.72.15 - - [22/Jan/2019:04:07:35 +0330] "GET /product/31241?model=61171 HTTP/1.1" 200 43304 "-" "Mozilla/5.0 (X11; Linux x86_64) AppleWebKit/537.36 (KHTML, like Gecko) Chrome/53.0.2785.92 Safari/537.36" "-"
5.217.18.26 - - [22/Jan/2019:04:07:36 +0330] "GET /image/13426?name=img_8396.jpg&wh=300x300 HTTP/1.1" 200 18995 "https://www.google.com/" "Mozilla/5.0 (Windows NT 10.0; Win64; x64) AppleWebKit/537.36 (KHTML, like Gecko) Chrome/71.0.3578.98 Safari/537.36" "-"
66.249.66.194 - - [22/Jan/2019:04:07:36 +0330] "GET /filter/p12595%2Cb484%2Cv1%7C%D8%B1%D9%86%DA%AF%D8%A7%D8%B1%D9%86%DA%AF%2Cv1%7C%20%20%20%D9%82%D8%B1%D9%85%D8%B2 HTTP/1.1" 200 33082 "-" "Mozilla/5.0 (compatible; Googlebot/2.1; +http://www.google.com/bot.html)" "-"
66.249.66.91 - - [22/Jan/2019:04:07:36 +0330] "GET /filter/b656%2Cb703%2Cb32%2Cb67%2Cb226%2Cb41%2Cb598%2Cb168%2Cb723%2Cb597%2Cb88%2Cb548%2Cb6%2Cb679%2Cb215%2Cb105%2Cb194%2Cb74%2Cb542%2Cb35%2Cb113%2Cb820%2Cb574%2Cb442%2Cb880%2Cb645%2Cb724%2Cb118%2Cb482%2Cb400%2Cb95%2Cb135%2Cb249%2Cb435%2Cb221%2Cb523%2Cb854%2Cb126%2Cstexists%2Cb216%2Cb217%2Cb152%2Cb99%2Cb188%2Cb209%2Cb192%2Cb213%2Cb136%2Cb218%2Cb4%2Cb648%2Cb701%2Cb20%2Cb573%2Cb647%2Cb874%2Cb8?page=0 HTTP/1.1" 200 41171 "-" "Mozilla/5.0 (compatible; Googlebot/2.1; +http://www.google.com/bot.html)" "-"
130.185.74.243 - - [22/Jan/2019:04:07:37 +0330] "GET /filter/stexists,p6446,t165,b230 HTTP/1.1" 200 33301 "-" "Mozilla/5.0 (Windows NT 6.1; rv:42.0) Gecko/20100101 Firefox/42.0" "-"
54.36.149.54 - - [22/Jan/2019:04:07:37 +0330] "GET /filter/p11673%2Cv1%7C%20%D8%A2%D8%A8%DB%8C%2Cv1%7C%D9%85%D8%B4%DA%A9%DB%8C%20%D8%A8%D9%86%D9%81%D8%B4 HTTP/1.1" 200 32151 "-" "Mozilla/5.0 (compatible; AhrefsBot/6.1; +http://ahrefs.com/robot/)" "-"
5.113.178.253 - - [22/Jan/2019:04:07:38 +0330] "GET /image/57488/productModel/200x200 HTTP/1.1" 200 5434 "https://www.zanbil.ir/m/browse/wall-oven/%D9%81%D8%B1-%D8%AA%D9%88%DA%A9%D8%A7%D8%B1" "Mozilla/5.0 (Linux; Android 4.4.4; Y635-L21 Build/HuaweiY635-L21) AppleWebKit/537.36 (KHTML, like Gecko) Version/4.0 Chrome/33.0.0.0 Mobile Safari/537.36" "-"
5.113.178.253 - - [22/Jan/2019:04:07:38 +0330] "GET /image/57510/productModel/200x200 HTTP/1.1" 200 5304 "https://www.zanbil.ir/m/browse/wall-oven/%D9%81%D8%B1-%D8%AA%D9%88%DA%A9%D8%A7%D8%B1" "Mozilla/5.0 (Linux; Android 4.4.4; Y635-L21 Build/HuaweiY635-L21) AppleWebKit/537.36 (KHTML, like Gecko) Version/4.0 Chrome/33.0.0.0 Mobile Safari/537.36" "-"
5.113.178.253 - - [22/Jan/2019:04:07:38 +0330] "GET /image/57508/productModel/200x200 HTTP/1.1" 200 6353 "https://www.zanbil.ir/m/browse/wall-oven/%D9%81%D8%B1-%D8%AA%D9%88%DA%A9%D8%A7%D8%B1" "Mozilla/5.0 (Linux; Android 4.4.4; Y635-L21 Build/HuaweiY635-L21) AppleWebKit/537.36 (KHTML, like Gecko) Version/4.0 Chrome/33.0.0.0 Mobile Safari/537.36" "-"
5.113.178.253 - - [22/Jan/2019:04:07:38 +0330] "GET /image/57485/productModel/200x200 HTTP/1.1" 200 5698 "https://www.zanbil.ir/m/browse/wall-oven/%D9%81%D8%B1-%D8%AA%D9%88%DA%A9%D8%A7%D8%B1" "Mozilla/5.0 (Linux; Android 4.4.4; Y635-L21 Build/HuaweiY635-L21) AppleWebKit/537.36 (KHTML, like Gecko) Version/4.0 Chrome/33.0.0.0 Mobile Safari/537.36" "-"
5.113.178.253 - - [22/Jan/2019:04:07:38 +0330] "GET /image/57507/productModel/200x200 HTTP/1.1" 200 5917 "https://www.zanbil.ir/m/browse/wall-oven/%D9%81%D8%B1-%D8%AA%D9%88%DA%A9%D8%A7%D8%B1" "Mozilla/5.0 (Linux; Android 4.4.4; Y635-L21 Build/HuaweiY635-L21) AppleWebKit/537.36 (KHTML, like Gecko) Version/4.0 Chrome/33.0.0.0 Mobile Safari/537.36" "-"
5.113.178.253 - - [22/Jan/2019:04:07:38 +0330] "GET /image/57544/productModel/200x200 HTTP/1.1" 200 5797 "https://www.zanbil.ir/m/browse/wall-oven/%D9%81%D8%B1-%D8%AA%D9%88%DA%A9%D8%A7%D8%B1" "Mozilla/5.0 (Linux; Android 4.4.4; Y635-L21 Build/HuaweiY635-L21) AppleWebKit/537.36 (KHTML, like Gecko) Version/4.0 Chrome/33.0.0.0 Mobile Safari/537.36" "-"
5.113.178.253 - - [22/Jan/2019:04:07:38 +0330] "GET /image/57489/productModel/200x200 HTTP/1.1" 200 3930 "https://www.zanbil.ir/m/browse/wall-oven/%D9%81%D8%B1-%D8%AA%D9%88%DA%A9%D8%A7%D8%B1" "Mozilla/5.0 (Linux; Android 4.4.4; Y635-L21 Build/HuaweiY635-L21) AppleWebKit/537.36 (KHTML, like Gecko) Version/4.0 Chrome/33.0.0.0 Mobile Safari/537.36" "-"
5.113.178.253 - - [22/Jan/2019:04:07:38 +0330] "GET /image/57547/productModel/200x200 HTTP/1.1" 200 5639 "https://www.zanbil.ir/m/browse/wall-oven/%D9%81%D8%B1-%D8%AA%D9%88%DA%A9%D8%A7%D8%B1" "Mozilla/5.0 (Linux; Android 4.4.4; Y635-L21 Build/HuaweiY635-L21) AppleWebKit/537.36 (KHTML, like Gecko) Version/4.0 Chrome/33.0.0.0 Mobile Safari/537.36" "-"
66.249.66.194 - - [22/Jan/2019:04:07:39 +0330] "GET /product/27139/%DB%8C%D8%AE%DA%86%D8%A7%D9%84-%D9%81%D8%B1%DB%8C%D8%B2%D8%B1-%D9%81%D8%B1%DB%8C%D8%B2%D8%B1-%D9%BE%D8%A7%DB%8C%DB%8C%D9%86-%D8%B3%DB%8C%D9%86%D8%AC%D8%B1-%D9%85%D8%AF%D9%84-Sinjer-Bottom-Freezer-SC-54 HTTP/1.1" 200 42295 "-" "Mozilla/5.0 (compatible; Googlebot/2.1; +http://www.google.com/bot.html)" "-"
207.46.13.136 - - [22/Jan/2019:04:07:39 +0330] "GET /filter/b173,p29 HTTP/1.1" 200 30456 "-" "Mozilla/5.0 (compatible; bingbot/2.0; +http://www.bing.com/bingbot.htm)" "-"
130.185.74.243 - - [22/Jan/2019:04:07:39 +0330] "GET /filter/stexists,p6446,t165,b230?page=1 HTTP/1.1" 200 31403 "-" "Mozilla/5.0 (Windows NT 6.1; rv:42.0) Gecko/20100101 Firefox/42.0" "-"
5.211.97.39 - - [22/Jan/2019:04:07:39 +0330] "GET /image/6657/productModel/200x200 HTTP/1.1" 200 5553 "https://www.zanbil.ir/m/filter/p1422%2Cb88%2Cb33%2Cb58" "Mozilla/5.0 (iPhone; CPU iPhone OS 10_3_2 like Mac OS X) AppleWebKit/603.2.4 (KHTML, like Gecko) Version/10.0 Mobile/14F89 Safari/602.1" "-"
5.113.178.253 - - [22/Jan/2019:04:07:40 +0330] "GET /image/61798/productModel/200x200 HTTP/1.1" 200 5918 "https://www.zanbil.ir/m/browse/wall-oven/%D9%81%D8%B1-%D8%AA%D9%88%DA%A9%D8%A7%D8%B1" "Mozilla/5.0 (Linux; Android 4.4.4; Y635-L21 Build/HuaweiY635-L21) AppleWebKit/537.36 (KHTML, like Gecko) Version/4.0 Chrome/33.0.0.0 Mobile Safari/537.36" "-"
5.113.178.253 - - [22/Jan/2019:04:07:40 +0330] "GET /image/57548/productModel/200x200 HTTP/1.1" 200 5567 "https://www.zanbil.ir/m/browse/wall-oven/%D9%81%D8%B1-%D8%AA%D9%88%DA%A9%D8%A7%D8%B1" "Mozilla/5.0 (Linux; Android 4.4.4; Y635-L21 Build/HuaweiY635-L21) AppleWebKit/537.36 (KHTML, like Gecko) Version/4.0 Chrome/33.0.0.0 Mobile Safari/537.36" "-"
5.113.178.253 - - [22/Jan/2019:04:07:40 +0330] "GET /image/771/mainSlideMobile HTTP/1.1" 200 64027 "https://www.zanbil.ir/m/browse/wall-oven/%D9%81%D8%B1-%D8%AA%D9%88%DA%A9%D8%A7%D8%B1" "Mozilla/5.0 (Linux; Android 4.4.4; Y635-L21 Build/HuaweiY635-L21) AppleWebKit/537.36 (KHTML, like Gecko) Version/4.0 Chrome/33.0.0.0 Mobile Safari/537.36" "-"
5.113.178.253 - - [22/Jan/2019:04:07:40 +0330] "GET /image/399/brand HTTP/1.1" 200 2302 "https://www.zanbil.ir/m/browse/wall-oven/%D9%81%D8%B1-%D8%AA%D9%88%DA%A9%D8%A7%D8%B1" "Mozilla/5.0 (Linux; Android 4.4.4; Y635-L21 Build/HuaweiY635-L21) AppleWebKit/537.36 (KHTML, like Gecko) Version/4.0 Chrome/33.0.0.0 Mobile Safari/537.36" "-"
5.113.178.253 - - [22/Jan/2019:04:07:40 +0330] "GET /image/135/brand HTTP/1.1" 200 2631 "https://www.zanbil.ir/m/browse/wall-oven/%D9%81%D8%B1-%D8%AA%D9%88%DA%A9%D8%A7%D8%B1" "Mozilla/5.0 (Linux; Android 4.4.4; Y635-L21 Build/HuaweiY635-L21) AppleWebKit/537.36 (KHTML, like Gecko) Version/4.0 Chrome/33.0.0.0 Mobile Safari/537.36" "-"
5.113.178.253 - - [22/Jan/2019:04:07:40 +0330] "GET /image/148/brand HTTP/1.1" 200 2490 "https://www.zanbil.ir/m/browse/wall-oven/%D9%81%D8%B1-%D8%AA%D9%88%DA%A9%D8%A7%D8%B1" "Mozilla/5.0 (Linux; Android 4.4.4; Y635-L21 Build/HuaweiY635-L21) AppleWebKit/537.36 (KHTML, like Gecko) Version/4.0 Chrome/33.0.0.0 Mobile Safari/537.36" "-"
66.249.66.91 - - [22/Jan/2019:04:07:40 +0330] "GET /filter/b656%2Cb703%2Cb32%2Cb67%2Cb226%2Cb41%2Cb598%2Cb168%2Cb723%2Cb597%2Cb88%2Cb548%2Cb6%2Cb679%2Cb215%2Cb105%2Cb194%2Cb74%2Cb542%2Cb35%2Cb113%2Cb820%2Cb574%2Cb442%2Cb880%2Cb645%2Cb724%2Cb118%2Cb482%2Cb400%2Cb95%2Cb135%2Cb249%2Cb435%2Cb221%2Cb523%2Cb854%2Cb126%2Cstexists%2Cb216%2Cb217%2Cb152%2Cb99%2Cb188%2Cb209%2Cb192%2Cb213%2Cb136%2Cb218%2Cb4%2Cb648%2Cb701%2Cb20%2Cb573%2Cb647%2Cb874%2Cb8?page=56 HTTP/1.1" 200 40389 "-" "Mozilla/5.0 (compatible; Googlebot/2.1; +http://www.google.com/bot.html)" "-"
130.185.74.243 - - [22/Jan/2019:04:07:42 +0330] "GET /filter/stexists,p6446,t165,b226 HTTP/1.1" 200 33443 "-" "Mozilla/5.0 (Windows NT 6.1; rv:42.0) Gecko/20100101 Firefox/42.0" "-"
54.36.149.86 - - [22/Jan/2019:04:07:42 +0330] "GET /filter/p10,t114,v1|%D8%B3%D9%81%DB%8C%D8%AF HTTP/1.1" 200 33091 "-" "Mozilla/5.0 (compatible; AhrefsBot/6.1; +http://ahrefs.com/robot/)" "-"
5.113.178.253 - - [22/Jan/2019:04:07:42 +0330] "GET /image/231/brand HTTP/1.1" 200 2568 "https://www.zanbil.ir/m/browse/wall-oven/%D9%81%D8%B1-%D8%AA%D9%88%DA%A9%D8%A7%D8%B1" "Mozilla/5.0 (Linux; Android 4.4.4; Y635-L21 Build/HuaweiY635-L21) AppleWebKit/537.36 (KHTML, like Gecko) Version/4.0 Chrome/33.0.0.0 Mobile Safari/537.36" "-"
5.113.178.253 - - [22/Jan/2019:04:07:42 +0330] "GET /image/219/brand HTTP/1.1" 200 2206 "https://www.zanbil.ir/m/browse/wall-oven/%D9%81%D8%B1-%D8%AA%D9%88%DA%A9%D8%A7%D8%B1" "Mozilla/5.0 (Linux; Android 4.4.4; Y635-L21 Build/HuaweiY635-L21) AppleWebKit/537.36 (KHTML, like Gecko) Version/4.0 Chrome/33.0.0.0 Mobile Safari/537.36" "-"
5.113.178.253 - - [22/Jan/2019:04:07:42 +0330] "GET /image/35/brand HTTP/1.1" 200 2264 "https://www.zanbil.ir/m/browse/wall-oven/%D9%81%D8%B1-%D8%AA%D9%88%DA%A9%D8%A7%D8%B1" "Mozilla/5.0 (Linux; Android 4.4.4; Y635-L21 Build/HuaweiY635-L21) AppleWebKit/537.36 (KHTML, like Gecko) Version/4.0 Chrome/33.0.0.0 Mobile Safari/537.36" "-"
207.46.13.136 - - [22/Jan/2019:04:07:43 +0330] "GET /filter/b1%2Cb207%2Cb5%2Cp1 HTTP/1.1" 200 38056 "-" "Mozilla/5.0 (compatible; bingbot/2.0; +http://www.bing.com/bingbot.htm)" "-"
66.249.66.194 - - [22/Jan/2019:04:07:43 +0330] "GET /filter/b213%2Cb136%2Cb105 HTTP/1.1" 200 37360 "-" "Mozilla/5.0 (compatible; Googlebot/2.1; +http://www.google.com/bot.html)" "-"
5.112.52.254 - - [22/Jan/2019:04:07:43 +0330] "GET /image/11947?name=11947-1-fw.jpg&wh=200x200 HTTP/1.1" 200 4167 "-" "Dalvik/2.1.0 (Linux; U; Android 8.1.0; SM-J530F Build/M1AJQ)" "-"
5.160.209.36 - - [22/Jan/2019:04:07:44 +0330] "GET /image/11947?name=11947-1-fw.jpg&wh=200x200 HTTP/1.1" 200 4167 "-" "Dalvik/2.1.0 (Linux; U; Android 8.1.0; SM-J610F Build/M1AJQ)" "-"
130.185.74.243 - - [22/Jan/2019:04:07:44 +0330] "GET /filter/stexists,p6446,t165,b204 HTTP/1.1" 200 31396 "-" "Mozilla/5.0 (Windows NT 6.1; rv:42.0) Gecko/20100101 Firefox/42.0" "-"
66.249.66.91 - - [22/Jan/2019:04:07:46 +0330] "GET /filter/b703%2Cb36%2Cb41%2Cb598%2Cb168%2Cb103%2Cb614%2Cb88%2Cb19%2Cb194%2Cb321%2Cb5%2Cb261%2Cb442%2Cb484%2Cb723%2Cb573%2Cb192%2Cb724%2Cb1%2Cb435%2Cb183%2Cb542%2Cb135%2Cb878%2Cb63%2Cb497%2Cb619%2Cb219%2Cb126%2Cb74%2Cb441%2Cb568%2Cb880%2Cb647%2Cb185%2Cb584%2Cb224%2Cb213%2Cb50%2Cb3%2Cb231%2Cb99%2Cb238%2Cb82%2Cb215%2Cb95%2Cb218%2Cb778?page=0 HTTP/1.1" 200 40829 "-" "Mozilla/5.0 (compatible; Googlebot/2.1; +http://www.google.com/bot.html)" "-"
130.185.74.243 - - [22/Jan/2019:04:07:46 +0330] "GET /filter/stexists,p6446,t165,b321 HTTP/1.1" 200 33431 "-" "Mozilla/5.0 (Windows NT 6.1; rv:42.0) Gecko/20100101 Firefox/42.0" "-"
207.46.13.136 - - [22/Jan/2019:04:07:47 +0330] "GET /filter/b2%2Cp1%2Cb130%2Cb20%2Cb33 HTTP/1.1" 200 38309 "-" "Mozilla/5.0 (compatible; bingbot/2.0; +http://www.bing.com/bingbot.htm)" "-"
66.249.66.194 - - [22/Jan/2019:04:07:47 +0330] "GET /filter/p1%2Cb2%2Cb142%2Cb231 HTTP/1.1" 200 38146 "-" "Mozilla/5.0 (compatible; Googlebot/2.1; +http://www.google.com/bot.html)" "-"
17.58.102.43 - - [22/Jan/2019:04:07:48 +0330] "GET /filter/b571%2Cb288%2Cb70%2Cb57%2Cb6%2Cb265%2Cb332%2Cb173%2Cb469%2Cb351%2Cb525%2Cb474%2Cb586%2Cb212%2Cb213%2Cb648%2Cb186 HTTP/1.1" 200 38788 "-" "Mozilla/5.0 (Macintosh; Intel Mac OS X 10_10_1) AppleWebKit/600.2.5 (KHTML, like Gecko) Version/8.0.2 Safari/600.2.5 (Applebot/0.1; +http://www.apple.com/go/applebot)" "-"
5.113.178.253 - - [22/Jan/2019:04:07:48 +0330] "GET /image/57516/productModel/200x200 HTTP/1.1" 200 5425 "https://www.zanbil.ir/m/browse/wall-oven/%D9%81%D8%B1-%D8%AA%D9%88%DA%A9%D8%A7%D8%B1" "Mozilla/5.0 (Linux; Android 4.4.4; Y635-L21 Build/HuaweiY635-L21) AppleWebKit/537.36 (KHTML, like Gecko) Version/4.0 Chrome/33.0.0.0 Mobile Safari/537.36" "-"
5.113.178.253 - - [22/Jan/2019:04:07:48 +0330] "GET /image/57482/productModel/200x200 HTTP/1.1" 200 5975 "https://www.zanbil.ir/m/browse/wall-oven/%D9%81%D8%B1-%D8%AA%D9%88%DA%A9%D8%A7%D8%B1" "Mozilla/5.0 (Linux; Android 4.4.4; Y635-L21 Build/HuaweiY635-L21) AppleWebKit/537.36 (KHTML, like Gecko) Version/4.0 Chrome/33.0.0.0 Mobile Safari/537.36" "-"
130.185.74.243 - - [22/Jan/2019:04:07:48 +0330] "GET /filter/stexists,p6446,t165,b321?page=1 HTTP/1.1" 200 31396 "-" "Mozilla/5.0 (Windows NT 6.1; rv:42.0) Gecko/20100101 Firefox/42.0" "-"
5.120.158.86 - - [22/Jan/2019:04:07:49 +0330] "GET /image/62110/productModel/200x200 HTTP/1.1" 200 5539 "https://www.zanbil.ir/m/browse/meat-grinder/%DA%86%D8%B1%D8%AE-%DA%AF%D9%88%D8%B4%D8%AA" "Mozilla/5.0 (Linux; Android 5.1.1; SAMSUNG SM-J200H Build/LMY48B) AppleWebKit/537.36 (KHTML, like Gecko) SamsungBrowser/3.5 Chrome/38.0.2125.102 Mobile Safari/537.36" "-"
5.120.158.86 - - [22/Jan/2019:04:07:49 +0330] "GET /image/11667/productModel/200x200 HTTP/1.1" 200 4124 "https://www.zanbil.ir/m/browse/meat-grinder/%DA%86%D8%B1%D8%AE-%DA%AF%D9%88%D8%B4%D8%AA" "Mozilla/5.0 (Linux; Android 5.1.1; SAMSUNG SM-J200H Build/LMY48B) AppleWebKit/537.36 (KHTML, like Gecko) SamsungBrowser/3.5 Chrome/38.0.2125.102 Mobile Safari/537.36" "-"
5.120.158.86 - - [22/Jan/2019:04:07:49 +0330] "GET /image/4574/productModel/200x200 HTTP/1.1" 200 3577 "https://www.zanbil.ir/m/browse/meat-grinder/%DA%86%D8%B1%D8%AE-%DA%AF%D9%88%D8%B4%D8%AA" "Mozilla/5.0 (Linux; Android 5.1.1; SAMSUNG SM-J200H Build/LMY48B) AppleWebKit/537.36 (KHTML, like Gecko) SamsungBrowser/3.5 Chrome/38.0.2125.102 Mobile Safari/537.36" "-"
5.120.158.86 - - [22/Jan/2019:04:07:49 +0330] "GET /image/7404/productModel/200x200 HTTP/1.1" 200 5993 "https://www.zanbil.ir/m/browse/meat-grinder/%DA%86%D8%B1%D8%AE-%DA%AF%D9%88%D8%B4%D8%AA" "Mozilla/5.0 (Linux; Android 5.1.1; SAMSUNG SM-J200H Build/LMY48B) AppleWebKit/537.36 (KHTML, like Gecko) SamsungBrowser/3.5 Chrome/38.0.2125.102 Mobile Safari/537.36" "-"
5.120.158.86 - - [22/Jan/2019:04:07:49 +0330] "GET /image/63875/productModel/200x200 HTTP/1.1" 200 4014 "https://www.zanbil.ir/m/browse/meat-grinder/%DA%86%D8%B1%D8%AE-%DA%AF%D9%88%D8%B4%D8%AA" "Mozilla/5.0 (Linux; Android 5.1.1; SAMSUNG SM-J200H Build/LMY48B) AppleWebKit/537.36 (KHTML, like Gecko) SamsungBrowser/3.5 Chrome/38.0.2125.102 Mobile Safari/537.36" "-"
5.120.158.86 - - [22/Jan/2019:04:07:49 +0330] "GET /image/61048/productModel/200x200 HTTP/1.1" 200 6934 "https://www.zanbil.ir/m/browse/meat-grinder/%DA%86%D8%B1%D8%AE-%DA%AF%D9%88%D8%B4%D8%AA" "Mozilla/5.0 (Linux; Android 5.1.1; SAMSUNG SM-J200H Build/LMY48B) AppleWebKit/537.36 (KHTML, like Gecko) SamsungBrowser/3.5 Chrome/38.0.2125.102 Mobile Safari/537.36" "-"
130.185.74.243 - - [22/Jan/2019:04:07:50 +0330] "GET /filter/stexists,p6446,t165,b34 HTTP/1.1" 200 31378 "-" "Mozilla/5.0 (Windows NT 6.1; rv:42.0) Gecko/20100101 Firefox/42.0" "-"
5.120.158.86 - - [22/Jan/2019:04:07:51 +0330] "GET /image/103/brand HTTP/1.1" 200 2780 "https://www.zanbil.ir/m/browse/meat-grinder/%DA%86%D8%B1%D8%AE-%DA%AF%D9%88%D8%B4%D8%AA" "Mozilla/5.0 (Linux; Android 5.1.1; SAMSUNG SM-J200H Build/LMY48B) AppleWebKit/537.36 (KHTML, like Gecko) SamsungBrowser/3.5 Chrome/38.0.2125.102 Mobile Safari/537.36" "-"
5.120.158.86 - - [22/Jan/2019:04:07:51 +0330] "GET /image/125/brand HTTP/1.1" 200 2239 "https://www.zanbil.ir/m/browse/meat-grinder/%DA%86%D8%B1%D8%AE-%DA%AF%D9%88%D8%B4%D8%AA" "Mozilla/5.0 (Linux; Android 5.1.1; SAMSUNG SM-J200H Build/LMY48B) AppleWebKit/537.36 (KHTML, like Gecko) SamsungBrowser/3.5 Chrome/38.0.2125.102 Mobile Safari/537.36" "-"
5.120.158.86 - - [22/Jan/2019:04:07:51 +0330] "GET /image/43/brand HTTP/1.1" 200 2376 "https://www.zanbil.ir/m/browse/meat-grinder/%DA%86%D8%B1%D8%AE-%DA%AF%D9%88%D8%B4%D8%AA" "Mozilla/5.0 (Linux; Android 5.1.1; SAMSUNG SM-J200H Build/LMY48B) AppleWebKit/537.36 (KHTML, like Gecko) SamsungBrowser/3.5 Chrome/38.0.2125.102 Mobile Safari/537.36" "-"
5.120.158.86 - - [22/Jan/2019:04:07:51 +0330] "GET /image/890/mainSlideMobile HTTP/1.1" 200 92209 "https://www.zanbil.ir/m/browse/meat-grinder/%DA%86%D8%B1%D8%AE-%DA%AF%D9%88%D8%B4%D8%AA" "Mozilla/5.0 (Linux; Android 5.1.1; SAMSUNG SM-J200H Build/LMY48B) AppleWebKit/537.36 (KHTML, like Gecko) SamsungBrowser/3.5 Chrome/38.0.2125.102 Mobile Safari/537.36" "-"
5.120.158.86 - - [22/Jan/2019:04:07:51 +0330] "GET /image/62033/productModel/200x200 HTTP/1.1" 200 4391 "https://www.zanbil.ir/m/browse/meat-grinder/%DA%86%D8%B1%D8%AE-%DA%AF%D9%88%D8%B4%D8%AA" "Mozilla/5.0 (Linux; Android 5.1.1; SAMSUNG SM-J200H Build/LMY48B) AppleWebKit/537.36 (KHTML, like Gecko) SamsungBrowser/3.5 Chrome/38.0.2125.102 Mobile Safari/537.36" "-"
5.120.158.86 - - [22/Jan/2019:04:07:51 +0330] "GET /image/63574/productModel/200x200 HTTP/1.1" 200 5774 "https://www.zanbil.ir/m/browse/meat-grinder/%DA%86%D8%B1%D8%AE-%DA%AF%D9%88%D8%B4%D8%AA" "Mozilla/5.0 (Linux; Android 5.1.1; SAMSUNG SM-J200H Build/LMY48B) AppleWebKit/537.36 (KHTML, like Gecko) SamsungBrowser/3.5 Chrome/38.0.2125.102 Mobile Safari/537.36" "-"
66.249.66.194 - - [22/Jan/2019:04:07:51 +0330] "GET /filter/b1%2Cb2%2Cp3%2Cb888 HTTP/1.1" 200 35891 "-" "Mozilla/5.0 (compatible; Googlebot/2.1; +http://www.google.com/bot.html)" "-"
66.249.66.91 - - [22/Jan/2019:04:07:51 +0330] "GET /filter/b703%2Cb36%2Cb41%2Cb598%2Cb168%2Cb103%2Cb614%2Cb88%2Cb19%2Cb194%2Cb321%2Cb5%2Cb261%2Cb442%2Cb484%2Cb723%2Cb573%2Cb192%2Cb724%2Cb1%2Cb435%2Cb183%2Cb542%2Cb135%2Cb878%2Cb63%2Cb497%2Cb619%2Cb219%2Cb126%2Cb74%2Cb151%2Cb441%2Cb568%2Cb880%2Cb647%2Cb185%2Cb224%2Cb213%2Cb50%2Cb3%2Cb231%2Cb99%2Cb238%2Cb82%2Cb215%2Cb95%2Cb218%2Cb6?page=14 HTTP/1.1" 200 40956 "-" "Mozilla/5.0 (compatible; Googlebot/2.1; +http://www.google.com/bot.html)" "-"
5.120.158.86 - - [22/Jan/2019:04:07:52 +0330] "GET /image/41/brand HTTP/1.1" 200 2946 "https://www.zanbil.ir/m/browse/meat-grinder/%DA%86%D8%B1%D8%AE-%DA%AF%D9%88%D8%B4%D8%AA" "Mozilla/5.0 (Linux; Android 5.1.1; SAMSUNG SM-J200H Build/LMY48B) AppleWebKit/537.36 (KHTML, like Gecko) SamsungBrowser/3.5 Chrome/38.0.2125.102 Mobile Safari/537.36" "-"
5.120.158.86 - - [22/Jan/2019:04:07:52 +0330] "GET /image/3/brand HTTP/1.1" 200 2885 "https://www.zanbil.ir/m/browse/meat-grinder/%DA%86%D8%B1%D8%AE-%DA%AF%D9%88%D8%B4%D8%AA" "Mozilla/5.0 (Linux; Android 5.1.1; SAMSUNG SM-J200H Build/LMY48B) AppleWebKit/537.36 (KHTML, like Gecko) SamsungBrowser/3.5 Chrome/38.0.2125.102 Mobile Safari/537.36" "-"
5.120.158.86 - - [22/Jan/2019:04:07:52 +0330] "GET /image/74/brand HTTP/1.1" 200 2536 "https://www.zanbil.ir/m/browse/meat-grinder/%DA%86%D8%B1%D8%AE-%DA%AF%D9%88%D8%B4%D8%AA" "Mozilla/5.0 (Linux; Android 5.1.1; SAMSUNG SM-J200H Build/LMY48B) AppleWebKit/537.36 (KHTML, like Gecko) SamsungBrowser/3.5 Chrome/38.0.2125.102 Mobile Safari/537.36" "-"
66.249.66.91 - - [22/Jan/2019:04:07:52 +0330] "GET /image/33107/productModel/150x150 HTTP/1.1" 200 3918 "-" "Googlebot-Image/1.0" "-"
5.123.174.57 - - [22/Jan/2019:04:07:52 +0330] "GET /image/31611?name=yl1535s-w-1.jpg&wh=200x200 HTTP/1.1" 200 3514 "-" "Dalvik/2.1.0 (Linux; U; Android 8.1.0; SM-J710F Build/M1AJQ)" "-"
130.185.74.243 - - [22/Jan/2019:04:07:52 +0330] "GET /filter/stexists,p6446,t165,b203 HTTP/1.1" 200 33731 "-" "Mozilla/5.0 (Windows NT 6.1; rv:42.0) Gecko/20100101 Firefox/42.0" "-"
130.185.74.243 - - [22/Jan/2019:04:07:53 +0330] "GET /product/30562/60281/%D8%B9%D8%B7%D8%B1-%D9%88-%D8%A7%D8%AF%DA%A9%D9%84%D9%86-%D9%85%D8%B1%D8%AF%D8%A7%D9%86%D9%87-Dolce-%26-Gabbana-%D9%85%D8%AF%D9%84-The-One HTTP/1.1" 200 43028 "-" "Mozilla/5.0 (Windows NT 6.1; rv:42.0) Gecko/20100101 Firefox/42.0" "-"
207.46.13.136 - - [22/Jan/2019:04:07:53 +0330] "GET /filter/b126,b180,p2 HTTP/1.1" 200 36170 "-" "Mozilla/5.0 (compatible; bingbot/2.0; +http://www.bing.com/bingbot.htm)" "-"
54.36.149.67 - - [22/Jan/2019:04:07:54 +0330] "GET /product/17569/34218/%D8%A2%D8%B3%DB%8C%D8%A7%D8%A8-%D9%85%D8%AA%D8%A6%D9%88-%D9%85%D8%AF%D9%84-EG111 HTTP/1.1" 200 41212 "-" "Mozilla/5.0 (compatible; AhrefsBot/6.1; +http://ahrefs.com/robot/)" "-"
130.185.74.243 - - [22/Jan/2019:04:07:54 +0330] "GET /filter/stexists,p6446,t165,b397 HTTP/1.1" 200 31404 "-" "Mozilla/5.0 (Windows NT 6.1; rv:42.0) Gecko/20100101 Firefox/42.0" "-"
66.249.66.194 - - [22/Jan/2019:04:07:55 +0330] "GET /filter/p5712%2Cv1%7C%20%20%D9%85%D8%B4%DA%A9%DB%8C%2Cv1%7C%D9%85%D8%B4%DA%A9%DB%8C.?o=v1 HTTP/1.1" 302 0 "-" "Mozilla/5.0 (compatible; Googlebot/2.1; +http://www.google.com/bot.html)" "-"
54.36.148.17 - - [22/Jan/2019:04:07:55 +0330] "GET /filter/5971|%D9%85%D8%B9%D8%AA%D8%AF%D9%84,b270,p6446,rf5000000,rt10000000,stexists HTTP/1.1" 200 31473 "-" "Mozilla/5.0 (compatible; AhrefsBot/6.1; +http://ahrefs.com/robot/)" "-"
66.249.66.194 - - [22/Jan/2019:04:07:55 +0330] "GET /filter/p6001%2Cv1%7C%D9%85%D8%B4%DA%A9%DB%8C%2Cv1%7C%D8%A8%D9%86%D9%81%D8%B4%20%D8%B7%D8%B1%D8%AD%20%D8%AF%D8%A7%D8%B1%2Cv1%7C%D8%B7%D9%88%D8%B3%DB%8C%20%D8%B7%D8%B1%D8%AD%20%D8%AF%D8%A7%D8%B1?productType=digital-bath-scale&o=v1 HTTP/1.1" 302 0 "-" "Mozilla/5.0 (compatible; Googlebot/2.1; +http://www.google.com/bot.html)" "-"
130.185.74.243 - - [22/Jan/2019:04:07:55 +0330] "GET /filter/stexists,p6446,t165,b202 HTTP/1.1" 200 33579 "-" "Mozilla/5.0 (Windows NT 6.1; rv:42.0) Gecko/20100101 Firefox/42.0" "-"
176.65.185.206 - - [22/Jan/2019:04:07:56 +0330] "GET /image/33980?name=560.jpg&wh=200x200 HTTP/1.1" 200 10371 "-" "Dalvik/2.1.0 (Linux; U; Android 5.1.1; SM-J3110 Build/LMY47X)" "-"
17.58.102.43 - - [22/Jan/2019:04:07:56 +0330] "GET /filter/b211%2Cb502%2Cb460%2Cb487%2Cb384%2Cb270%2Cb524%2Cb269%2Cb323%2Cb324%2Cb778 HTTP/1.1" 200 37837 "-" "Mozilla/5.0 (Macintosh; Intel Mac OS X 10_10_1) AppleWebKit/600.2.5 (KHTML, like Gecko) Version/8.0.2 Safari/600.2.5 (Applebot/0.1; +http://www.apple.com/go/applebot)" "-"
130.185.74.243 - - [22/Jan/2019:04:07:57 +0330] "GET /filter/stexists,p6446,t165,b202?page=1 HTTP/1.1" 200 31388 "-" "Mozilla/5.0 (Windows NT 6.1; rv:42.0) Gecko/20100101 Firefox/42.0" "-"
5.120.158.86 - - [22/Jan/2019:04:07:57 +0330] "GET /image/56352/productModel/200x200 HTTP/1.1" 200 4872 "https://www.zanbil.ir/m/browse/meat-grinder/%DA%86%D8%B1%D8%AE-%DA%AF%D9%88%D8%B4%D8%AA" "Mozilla/5.0 (Linux; Android 5.1.1; SAMSUNG SM-J200H Build/LMY48B) AppleWebKit/537.36 (KHTML, like Gecko) SamsungBrowser/3.5 Chrome/38.0.2125.102 Mobile Safari/537.36" "-"
5.120.158.86 - - [22/Jan/2019:04:07:57 +0330] "GET /image/62384/productModel/200x200 HTTP/1.1" 200 4418 "https://www.zanbil.ir/m/browse/meat-grinder/%DA%86%D8%B1%D8%AE-%DA%AF%D9%88%D8%B4%D8%AA" "Mozilla/5.0 (Linux; Android 5.1.1; SAMSUNG SM-J200H Build/LMY48B) AppleWebKit/537.36 (KHTML, like Gecko) SamsungBrowser/3.5 Chrome/38.0.2125.102 Mobile Safari/537.36" "-"
5.120.158.86 - - [22/Jan/2019:04:07:57 +0330] "GET /image/62018/productModel/200x200 HTTP/1.1" 200 5098 "https://www.zanbil.ir/m/browse/meat-grinder/%DA%86%D8%B1%D8%AE-%DA%AF%D9%88%D8%B4%D8%AA" "Mozilla/5.0 (Linux; Android 5.1.1; SAMSUNG SM-J200H Build/LMY48B) AppleWebKit/537.36 (KHTML, like Gecko) SamsungBrowser/3.5 Chrome/38.0.2125.102 Mobile Safari/537.36" "-"
5.120.158.86 - - [22/Jan/2019:04:07:57 +0330] "GET /image/2102/productModel/200x200 HTTP/1.1" 200 5007 "https://www.zanbil.ir/m/browse/meat-grinder/%DA%86%D8%B1%D8%AE-%DA%AF%D9%88%D8%B4%D8%AA" "Mozilla/5.0 (Linux; Android 5.1.1; SAMSUNG SM-J200H Build/LMY48B) AppleWebKit/537.36 (KHTML, like Gecko) SamsungBrowser/3.5 Chrome/38.0.2125.102 Mobile Safari/537.36" "-"
66.249.66.194 - - [22/Jan/2019:04:07:57 +0330] "GET /filter/p5712%2Cv1%7C%20%20%D9%85%D8%B4%DA%A9%DB%8C%2Cv1%7C%D9%85%D8%B4%DA%A9%DB%8C. HTTP/1.1" 200 34460 "-" "Mozilla/5.0 (compatible; Googlebot/2.1; +http://www.google.com/bot.html)" "-"
66.249.66.194 - - [22/Jan/2019:04:07:58 +0330] "GET /filter/p6001%2Cv1%7C%D9%85%D8%B4%DA%A9%DB%8C%2Cv1%7C%D8%A8%D9%86%D9%81%D8%B4%20%D8%B7%D8%B1%D8%AD%20%D8%AF%D8%A7%D8%B1%2Cv1%7C%D8%B7%D9%88%D8%B3%DB%8C%20%D8%B7%D8%B1%D8%AD%20%D8%AF%D8%A7%D8%B1?productType=digital-bath-scale HTTP/1.1" 200 34491 "-" "Mozilla/5.0 (compatible; Googlebot/2.1; +http://www.google.com/bot.html)" "-"
130.185.74.243 - - [22/Jan/2019:04:07:58 +0330] "GET /filter/stexists,p6446,t165,b209 HTTP/1.1" 200 33534 "-" "Mozilla/5.0 (Windows NT 6.1; rv:42.0) Gecko/20100101 Firefox/42.0" "-"
130.185.74.243 - - [22/Jan/2019:04:07:59 +0330] "GET /filter/stexists,p6446,t165,b228 HTTP/1.1" 200 31374 "-" "Mozilla/5.0 (Windows NT 6.1; rv:42.0) Gecko/20100101 Firefox/42.0" "-"
5.123.174.57 - - [22/Jan/2019:04:08:00 +0330] "GET /image/30321?name=tmrw410_001.jpg&wh=200x200 HTTP/1.1" 200 3761 "-" "Dalvik/2.1.0 (Linux; U; Android 8.1.0; SM-J710F Build/M1AJQ)" "-"
91.99.72.15 - - [22/Jan/2019:04:08:00 +0330] "GET /product/26365/53983/%D9%BE%DB%8C%D8%A7%D9%86%D9%88-%D8%A2%DA%A9%D9%88%D8%B3%D8%AA%DB%8C%DA%A9-%D8%B2%D9%85%DB%8C%D9%86%DB%8C-YAMAHA-%D9%85%D8%AF%D9%84-Gb1k HTTP/1.1" 200 40765 "-" "Mozilla/5.0 (Windows NT 6.2; Win64; x64; rv:16.0)Gecko/16.0 Firefox/16.0" "-"
130.185.74.243 - - [22/Jan/2019:04:08:00 +0330] "GET /filter/stexists,p6446,t165,b200 HTTP/1.1" 200 33443 "-" "Mozilla/5.0 (Windows NT 6.1; rv:42.0) Gecko/20100101 Firefox/42.0" "-"
91.99.72.15 - - [22/Jan/2019:04:08:00 +0330] "GET /product/32747/63197/%D9%88%DB%8C%D8%AF%D8%A6%D9%88-%D9%BE%D8%B1%D9%88%DA%98%DA%A9%D8%AA%D9%88%D8%B1-%D8%AB%D8%A7%D8%A8%D8%AA-%D8%A8%D9%86%DA%A9%DB%8C%D9%88-%D9%85%D8%AF%D9%84-MS517 HTTP/1.1" 200 41927 "-" "Mozilla/5.0 (Macintosh; Intel Mac OS X 10_7_3) AppleWebKit/534.55.3 (KHTML, like Gecko) Version/5.1.3 Safari/534.53.10" "-"
66.249.66.194 - - [22/Jan/2019:04:08:01 +0330] "GET /filter/p5506%2Cb204%2Cb208 HTTP/1.1" 200 36566 "-" "Mozilla/5.0 (compatible; Googlebot/2.1; +http://www.google.com/bot.html)" "-"
5.123.174.57 - - [22/Jan/2019:04:08:01 +0330] "GET /image/30326?name=f552a6.jpg&wh=200x200 HTTP/1.1" 200 3089 "-" "Dalvik/2.1.0 (Linux; U; Android 8.1.0; SM-J710F Build/M1AJQ)" "-"
130.185.74.243 - - [22/Jan/2019:04:08:02 +0330] "GET /filter/stexists,p6446,t165,b200?page=1 HTTP/1.1" 200 31411 "-" "Mozilla/5.0 (Windows NT 6.1; rv:42.0) Gecko/20100101 Firefox/42.0" "-"
66.249.66.91 - - [22/Jan/2019:04:08:02 +0330] "GET /filter/b656%2Cb703%2Cb32%2Cb67%2Cb226%2Cb41%2Cb598%2Cb168%2Cb723%2Cb597%2Cb88%2Cb548%2Cb6%2Cb679%2Cb215%2Cb105%2Cb194%2Cb74%2Cb542%2Cb35%2Cb113%2Cb820%2Cb574%2Cb442%2Cb880%2Cb645%2Cb724%2Cb118%2Cb482%2Cb400%2Cb95%2Cb135%2Cb249%2Cb435%2Cb221%2Cb523%2Cb854%2Cb126%2Cstexists%2Cb216%2Cb217%2Cb152%2Cb99%2Cb192%2Cb213%2Cb136%2Cb218%2Cb648%2Cb454%2Cb258%2Cb151?page=0 HTTP/1.1" 200 41016 "-" "Mozilla/5.0 (compatible; Googlebot/2.1; +http://www.google.com/bot.html)" "-"
91.99.72.15 - - [22/Jan/2019:04:08:02 +0330] "GET /product/4063/53/%D8%B3%DB%8C%D9%86%DA%A9-%D8%B8%D8%B1%D9%81%D8%B4%D9%88%DB%8C%DB%8C-%D8%B1%D9%88%DA%A9%D8%A7%D8%B1-%D9%84%D8%AA%D9%88-%D9%85%D8%AF%D9%84-TL-2 HTTP/1.1" 200 41644 "-" "Mozilla/5.0 (Macintosh; Intel Mac OS X 10_7_3) AppleWebKit/534.55.3 (KHTML, like Gecko) Version/5.1.3 Safari/534.53.10" "-"
130.185.74.243 - - [22/Jan/2019:04:08:02 +0330] "GET /filter/stexists,p6446,t165,b210 HTTP/1.1" 200 31375 "-" "Mozilla/5.0 (Windows NT 6.1; rv:42.0) Gecko/20100101 Firefox/42.0" "-"
66.249.66.91 - - [22/Jan/2019:04:08:03 +0330] "GET /filter/b656%2Cb703%2Cb32%2Cb67%2Cb226%2Cb41%2Cb598%2Cb168%2Cb723%2Cb597%2Cb88%2Cb548%2Cb6%2Cb679%2Cb215%2Cb105%2Cb194%2Cb74%2Cb542%2Cb35%2Cb113%2Cb820%2Cb574%2Cb442%2Cb880%2Cb645%2Cb724%2Cb118%2Cb482%2Cb400%2Cb95%2Cb135%2Cb249%2Cb435%2Cb221%2Cb523%2Cb854%2Cb126%2Cstexists%2Cb216%2Cb217%2Cb152%2Cb99%2Cb188%2Cb209%2Cb192%2Cb213%2Cb136%2Cb218%2Cb4%2Cb648%2Cb701%2Cb20%2Cb573%2Cb647%2Cb874%2Cb8?page=5 HTTP/1.1" 200 41554 "-" "Mozilla/5.0 (compatible; Googlebot/2.1; +http://www.google.com/bot.html)" "-"
91.99.72.15 - - [22/Jan/2019:04:08:03 +0330] "GET /product/31896/62103/%D8%A7%D8%AA%D9%88-%D8%A8%D8%AE%D8%A7%D8%B1-%D8%A8%D9%84%DA%A9-%D8%A7%D9%86%D8%AF-%D8%AF%DA%A9%D8%B1-%D9%85%D8%AF%D9%84-X-1028 HTTP/1.1" 200 42631 "-" "Mozilla/5.0 (X11; Linux x86_64) AppleWebKit/537.36 (KHTML, like Gecko) Chrome/53.0.2785.92 Safari/537.36" "-"
5.123.174.57 - - [22/Jan/2019:04:08:04 +0330] "GET /image/31909?name=tmsb720p_001.jpg&wh=200x200 HTTP/1.1" 200 3438 "-" "Dalvik/2.1.0 (Linux; U; Android 8.1.0; SM-J710F Build/M1AJQ)" "-"
130.185.74.243 - - [22/Jan/2019:04:08:04 +0330] "GET /filter/stexists,p6446,t165,b305 HTTP/1.1" 200 32359 "-" "Mozilla/5.0 (Windows NT 6.1; rv:42.0) Gecko/20100101 Firefox/42.0" "-"
130.185.74.243 - - [22/Jan/2019:04:08:06 +0330] "GET /filter/stexists,p6446,t165,b211 HTTP/1.1" 200 33686 "-" "Mozilla/5.0 (Windows NT 6.1; rv:42.0) Gecko/20100101 Firefox/42.0" "-"
66.249.66.194 - - [22/Jan/2019:04:08:06 +0330] "GET /filter/p11%2Cb74%2Cb180%2Cb145 HTTP/1.1" 200 32732 "-" "Mozilla/5.0 (compatible; Googlebot/2.1; +http://www.google.com/bot.html)" "-"
204.18.72.194 - - [22/Jan/2019:04:08:07 +0330] "GET /image/64227/productModel/200x200 HTTP/1.1" 200 3139 "https://www.zanbil.ir/m/filter/b1%2Cp5%2Cb131" "Mozilla/5.0 (Linux; Android 5.1.1; SAMSUNG SM-J500H Build/LMY48B) AppleWebKit/537.36 (KHTML, like Gecko) SamsungBrowser/3.3 Chrome/38.0.2125.102 Mobile Safari/537.36" "-"
204.18.72.194 - - [22/Jan/2019:04:08:07 +0330] "GET /image/11464/productModel/200x200 HTTP/1.1" 200 5258 "https://www.zanbil.ir/m/filter/b1%2Cp5%2Cb131" "Mozilla/5.0 (Linux; Android 5.1.1; SAMSUNG SM-J500H Build/LMY48B) AppleWebKit/537.36 (KHTML, like Gecko) SamsungBrowser/3.3 Chrome/38.0.2125.102 Mobile Safari/537.36" "-"
130.185.74.243 - - [22/Jan/2019:04:08:07 +0330] "GET /filter/stexists,p6446,t165,b262 HTTP/1.1" 200 33518 "-" "Mozilla/5.0 (Windows NT 6.1; rv:42.0) Gecko/20100101 Firefox/42.0" "-"
204.18.72.194 - - [22/Jan/2019:04:08:07 +0330] "GET /image/29420/productModel/200x200 HTTP/1.1" 200 3447 "https://www.zanbil.ir/m/filter/b1%2Cp5%2Cb131" "Mozilla/5.0 (Linux; Android 5.1.1; SAMSUNG SM-J500H Build/LMY48B) AppleWebKit/537.36 (KHTML, like Gecko) SamsungBrowser/3.3 Chrome/38.0.2125.102 Mobile Safari/537.36" "-"
5.123.174.57 - - [22/Jan/2019:04:08:08 +0330] "GET /image/30324?name=tmsw415uf_004.jpg&wh=200x200 HTTP/1.1" 200 3367 "-" "Dalvik/2.1.0 (Linux; U; Android 8.1.0; SM-J710F Build/M1AJQ)" "-"
130.185.74.243 - - [22/Jan/2019:04:08:08 +0330] "GET /filter/stexists,p6446,t165,b262?page=1 HTTP/1.1" 200 31398 "-" "Mozilla/5.0 (Windows NT 6.1; rv:42.0) Gecko/20100101 Firefox/42.0" "-"
204.18.72.194 - - [22/Jan/2019:04:08:09 +0330] "GET /image/11463/productModel/200x200 HTTP/1.1" 200 5145 "https://www.zanbil.ir/m/filter/b1%2Cp5%2Cb131" "Mozilla/5.0 (Linux; Android 5.1.1; SAMSUNG SM-J500H Build/LMY48B) AppleWebKit/537.36 (KHTML, like Gecko) SamsungBrowser/3.3 Chrome/38.0.2125.102 Mobile Safari/537.36" "-"
207.46.13.136 - - [22/Jan/2019:04:08:09 +0330] "GET /filter/b103,b113,b2,b615,b63 HTTP/1.1" 200 37817 "-" "Mozilla/5.0 (compatible; bingbot/2.0; +http://www.bing.com/bingbot.htm)" "-"
204.18.72.194 - - [22/Jan/2019:04:08:09 +0330] "GET /image/35/productTypeType HTTP/1.1" 200 11334 "https://www.zanbil.ir/m/filter/b1%2Cp5%2Cb131" "Mozilla/5.0 (Linux; Android 5.1.1; SAMSUNG SM-J500H Build/LMY48B) AppleWebKit/537.36 (KHTML, like Gecko) SamsungBrowser/3.3 Chrome/38.0.2125.102 Mobile Safari/537.36" "-"
66.249.66.91 - - [22/Jan/2019:04:08:09 +0330] "GET /product/31933/62142/%D8%A7%D8%AC%D8%A7%D9%82-%DA%AF%D8%A7%D8%B2-%D9%85%D8%A8%D9%84%D9%87-%D8%A7%D8%AE%D9%88%D8%A7%D9%86-%D9%85%D8%AF%D9%84-M11-EDTR HTTP/1.1" 200 42586 "-" "Mozilla/5.0 (compatible; Googlebot/2.1; +http://www.google.com/bot.html)" "-"
204.18.72.194 - - [22/Jan/2019:04:08:10 +0330] "GET /image/62445/productModel/200x200 HTTP/1.1" 200 3519 "https://www.zanbil.ir/m/filter/b1%2Cp5%2Cb131" "Mozilla/5.0 (Linux; Android 5.1.1; SAMSUNG SM-J500H Build/LMY48B) AppleWebKit/537.36 (KHTML, like Gecko) SamsungBrowser/3.3 Chrome/38.0.2125.102 Mobile Safari/537.36" "-"
66.249.66.91 - - [22/Jan/2019:04:08:10 +0330] "GET /filter/b703%2Cb36%2Cb41%2Cb598%2Cb168%2Cb103%2Cb614%2Cb88%2Cb19%2Cb194%2Cb321%2Cb5%2Cb261%2Cb442%2Cb484%2Cb723%2Cb573%2Cb192%2Cb724%2Cb1%2Cb435%2Cb183%2Cb542%2Cb135%2Cb878%2Cb63%2Cb497%2Cb619%2Cb219%2Cb126%2Cb74%2Cb151%2Cb441%2Cb568%2Cb880%2Cb647%2Cb185%2Cb224%2Cb213%2Cb50%2Cb3%2Cb231%2Cb99%2Cb238%2Cb82%2Cb215%2Cb95%2Cb218%2Cb6?page=19 HTTP/1.1" 200 41254 "-" "Mozilla/5.0 (compatible; Googlebot/2.1; +http://www.google.com/bot.html)" "-"
