66.249.66.91 - - [22/Jan/2019:04:15:35 +0330] "GET /filter/b481%2Cb226%2Cb570%2Cb598%2Cstexists%2Cb880%2Cb270%2Cb883%2Cb99%2Cb261%2Cb249%2Cb20%2Cb701%2Cb42%2Cb879%2Cb548%2Cb183%2Cb88%2Cb308%2Cb103%2Cb1%2Cb126%2Cb523%2Cb192%2Cb188%2Cb703%2Cb890%2Cb148%2Cb256%2Cb454%2Cb651%2Cb41%2Cb647%2Cb22%2Cb613%2Cb6%2Cb221%2Cb36%2Cb614%2Cb3%2Cb216%2Cb218%2Cb136%2Cb573%2Cb151%2Cb185%2Cb32%2Cb441%2Cb143%2Cb648%2Cb203%2Cb877%2Cb209%2Cb231%2Cb485%2Cb147?page=10 HTTP/1.1" 200 40603 "-" "Mozilla/5.0 (compatible; Googlebot/2.1; +http://www.google.com/bot.html)" "-"
207.46.13.136 - - [22/Jan/2019:04:15:35 +0330] "GET /filter/b1,b103,b105,b109,b111,b113,b135,b144,b176,b186,b221,b261,b291,b481,b52,b598,b614,b615,b647,b77,b83,b880 HTTP/1.1" 200 38899 "-" "Mozilla/5.0 (compatible; bingbot/2.0; +http://www.bing.com/bingbot.htm)" "-"
130.185.74.243 - - [22/Jan/2019:04:15:36 +0330] "GET /filter/stexists,p5713,b400?page=1 HTTP/1.1" 200 29178 "-" "Mozilla/5.0 (Windows NT 6.1; rv:42.0) Gecko/20100101 Firefox/42.0" "-"
54.36.149.35 - - [22/Jan/2019:04:15:36 +0330] "GET /filter/b41,b874,b878,p8946,stexists HTTP/1.1" 200 32867 "-" "Mozilla/5.0 (compatible; AhrefsBot/6.1; +http://ahrefs.com/robot/)" "-"
91.99.72.15 - - [22/Jan/2019:04:15:36 +0330] "GET /product/28948/58036/%D8%B5%D9%86%D8%AF%D9%84%DB%8C-%D8%A8%D8%A7%D8%B1-%D9%86%DB%8C%D9%84%D9%BE%D8%B1-%D9%85%D8%AF%D9%84-SB633 HTTP/1.1" 200 42265 "-" "Mozilla/5.0 (X11; Linux x86_64) AppleWebKit/537.36 (KHTML, like Gecko) Chrome/53.0.2785.92 Safari/537.36" "-"
109.125.156.244 - - [22/Jan/2019:04:15:36 +0330] "GET /image/32494?name=citiaqua.jpg&wh=200x200 HTTP/1.1" 200 6959 "-" "Dalvik/2.1.0 (Linux; U; Android 7.0; HUAWEI VNS-L21 Build/HUAWEIVNS-L21)" "-"
130.185.74.243 - - [22/Jan/2019:04:15:37 +0330] "GET /filter/stexists,p5712,b400 HTTP/1.1" 200 32418 "-" "Mozilla/5.0 (Windows NT 6.1; rv:42.0) Gecko/20100101 Firefox/42.0" "-"
91.99.72.15 - - [22/Jan/2019:04:15:37 +0330] "GET /product/28947/58031/%D8%B5%D9%86%D8%AF%D9%84%DB%8C-%D8%A8%D8%A7%D8%B1-%D9%86%DB%8C%D9%84%D9%BE%D8%B1-%D9%85%D8%AF%D9%84-SB633Y HTTP/1.1" 200 42312 "-" "Mozilla/5.0 (Windows NT 6.2; Win64; x64; rv:16.0)Gecko/16.0 Firefox/16.0" "-"
66.249.66.91 - - [22/Jan/2019:04:15:38 +0330] "GET /filter/b656%2Cb703%2Cb32%2Cb67%2Cb226%2Cb41%2Cb598%2Cb168%2Cb723%2Cb597%2Cb88%2Cb548%2Cb6%2Cb679%2Cb215%2Cb105%2Cb194%2Cb74%2Cb542%2Cb35%2Cb113%2Cb820%2Cb574%2Cb442%2Cb880%2Cb645%2Cb724%2Cb118%2Cb482%2Cb400%2Cb95%2Cb135%2Cb249%2Cb435%2Cb221%2Cb523%2Cb854%2Cb126%2Cstexists%2Cb216%2Cb217%2Cb152%2Cb99%2Cb188%2Cb209%2Cb192%2Cb213%2Cb136%2Cb218%2Cb4%2Cb648%2Cb701%2Cb20%2Cb573%2Cb36?page=3 HTTP/1.1" 200 41340 "-" "Mozilla/5.0 (compatible; Googlebot/2.1; +http://www.google.com/bot.html)" "-"
207.46.13.136 - - [22/Jan/2019:04:15:38 +0330] "GET /filter/b180,b20,b43,b613 HTTP/1.1" 200 37503 "-" "Mozilla/5.0 (compatible; bingbot/2.0; +http://www.bing.com/bingbot.htm)" "-"
17.58.102.43 - - [22/Jan/2019:04:15:38 +0330] "GET /filter/p42,t49,stexists?name=%D9%BE%D9%86%DA%A9%D9%87&productType=fan HTTP/1.1" 200 33214 "-" "Mozilla/5.0 (Macintosh; Intel Mac OS X 10_10_1) AppleWebKit/600.2.5 (KHTML, like Gecko) Version/8.0.2 Safari/600.2.5 (Applebot/0.1; +http://www.apple.com/go/applebot)" "-"
66.249.66.194 - - [22/Jan/2019:04:15:39 +0330] "GET /product/32450/%D9%84%D9%BE-%D8%AA%D8%A7%D9%BE-%D8%A7%DB%8C%D8%B3%D9%88%D8%B3-%D9%85%D8%AF%D9%84-Asus-R556BP HTTP/1.1" 200 42644 "-" "Googlebot-Image/1.0" "-"
130.185.74.243 - - [22/Jan/2019:04:15:40 +0330] "GET /filter/stexists,p5712,b400?page=1 HTTP/1.1" 200 31078 "-" "Mozilla/5.0 (Windows NT 6.1; rv:42.0) Gecko/20100101 Firefox/42.0" "-"
91.99.72.15 - - [22/Jan/2019:04:15:40 +0330] "GET /product/28945/58023/%D8%B5%D9%86%D8%AF%D9%84%DB%8C-%D8%A8%D8%A7%D8%B1-%D9%86%DB%8C%D9%84%D9%BE%D8%B1-%D9%85%D8%AF%D9%84-SB333Y HTTP/1.1" 200 42479 "-" "Mozilla/5.0 (Windows NT 6.2; Win64; x64; rv:16.0)Gecko/16.0 Firefox/16.0" "-"
66.249.66.91 - - [22/Jan/2019:04:15:40 +0330] "GET /image/60001/productModel/150x150 HTTP/1.1" 200 2416 "-" "Googlebot-Image/1.0" "-"
130.185.74.243 - - [22/Jan/2019:04:15:40 +0330] "GET /filter/stexists,p5712,b400?page=2 HTTP/1.1" 200 31077 "-" "Mozilla/5.0 (Windows NT 6.1; rv:42.0) Gecko/20100101 Firefox/42.0" "-"
207.46.13.136 - - [22/Jan/2019:04:15:41 +0330] "GET /filter/b1%2Cb210%2Cb284%2Cb36%2Cp6213%2Cb221 HTTP/1.1" 200 35421 "-" "Mozilla/5.0 (compatible; bingbot/2.0; +http://www.bing.com/bingbot.htm)" "-"
86.55.46.218 - - [22/Jan/2019:04:15:43 +0330] "GET /image/5623/productType/120x90 HTTP/1.1" 200 11617 "https://www.zanbil.ir/product/10825?model=15613" "Mozilla/5.0 (Windows NT 10.0; Win64; x64) AppleWebKit/537.36 (KHTML, like Gecko) Chrome/71.0.3578.98 Safari/537.36" "-"
66.249.66.91 - - [22/Jan/2019:04:15:43 +0330] "GET /filter/b703%2Cb36%2Cb41%2Cb598%2Cb168%2Cb103%2Cb614%2Cb88%2Cb19%2Cb194%2Cb321%2Cb5%2Cb261%2Cb442%2Cb484%2Cb723%2Cb573%2Cb192%2Cb724%2Cb1%2Cb435%2Cb183%2Cb542%2Cb135%2Cb878%2Cb63%2Cb497%2Cb619%2Cb219%2Cb126%2Cb74%2Cb151%2Cb441%2Cb568%2Cb880%2Cb647%2Cb185%2Cb224%2Cb213%2Cb50%2Cb3%2Cb231%2Cb99%2Cb238%2Cb82%2Cb215%2Cb95%2Cb218%2Cb118%2Cb543?page=213 HTTP/1.1" 200 40626 "-" "Mozilla/5.0 (compatible; Googlebot/2.1; +http://www.google.com/bot.html)" "-"
86.55.46.218 - - [22/Jan/2019:04:15:43 +0330] "GET /image/5713/productType/120x90 HTTP/1.1" 200 12840 "https://www.zanbil.ir/product/10825?model=15613" "Mozilla/5.0 (Windows NT 10.0; Win64; x64) AppleWebKit/537.36 (KHTML, like Gecko) Chrome/71.0.3578.98 Safari/537.36" "-"
86.55.46.218 - - [22/Jan/2019:04:15:43 +0330] "GET /image/5712/productType/120x90 HTTP/1.1" 200 12199 "https://www.zanbil.ir/product/10825?model=15613" "Mozilla/5.0 (Windows NT 10.0; Win64; x64) AppleWebKit/537.36 (KHTML, like Gecko) Chrome/71.0.3578.98 Safari/537.36" "-"
66.249.66.194 - - [22/Jan/2019:04:15:43 +0330] "GET /product/33795/64537/111708 HTTP/1.1" 200 41209 "-" "Mozilla/5.0 (compatible; Googlebot/2.1; +http://www.google.com/bot.html)" "-"
66.249.66.91 - - [22/Jan/2019:04:15:43 +0330] "GET /image/7579?name=d-a-122-r.jpg&wh=200x200 HTTP/1.1" 200 6456 "-" "Googlebot-Image/1.0" "-"
66.249.66.194 - - [22/Jan/2019:04:15:44 +0330] "GET /product/10736/%D8%AD%D8%A7%D9%84%D8%AA-%D8%AF%D9%87%D9%86%D8%AF%D9%87-%D9%85%D9%88-%D9%81%DB%8C%D9%84%DB%8C%D9%BE%D8%B3-%D9%85%D8%AF%D9%84-HP8663-00 HTTP/1.1" 200 41345 "-" "Googlebot-Image/1.0" "-"
130.185.74.243 - - [22/Jan/2019:04:15:44 +0330] "GET /filter/stexists,p5508,b186 HTTP/1.1" 200 31247 "-" "Mozilla/5.0 (Windows NT 6.1; rv:42.0) Gecko/20100101 Firefox/42.0" "-"
66.249.66.91 - - [22/Jan/2019:04:15:44 +0330] "GET /filter/b481%2Cb226%2Cb570%2Cb598%2Cstexists%2Cb880%2Cb270%2Cb883%2Cb99%2Cb261%2Cb249%2Cb20%2Cb701%2Cb42%2Cb879%2Cb548%2Cb183%2Cb88%2Cb308%2Cb103%2Cb1%2Cb126%2Cb523%2Cb192%2Cb188%2Cb703%2Cb890%2Cb148%2Cb256%2Cb454%2Cb651%2Cb41%2Cb647%2Cb22%2Cb613%2Cb6%2Cb221%2Cb36%2Cb614%2Cb3%2Cb216%2Cb218%2Cb136%2Cb573%2Cb151%2Cb185%2Cb32%2Cb441%2Cb143%2Cb648%2Cb203%2Cb877%2Cb209%2Cb231%2Cb485%2Cb147?page=4 HTTP/1.1" 200 41317 "-" "Mozilla/5.0 (compatible; Googlebot/2.1; +http://www.google.com/bot.html)" "-"
5.123.174.57 - - [22/Jan/2019:04:15:45 +0330] "GET /image/34173?name=i-sensys-mf232w-1.jpg&wh=200x200 HTTP/1.1" 200 5103 "-" "Dalvik/2.1.0 (Linux; U; Android 8.1.0; SM-J710F Build/M1AJQ)" "-"
207.46.13.136 - - [22/Jan/2019:04:15:45 +0330] "GET /filter/b3%2Cb70%2Cb99 HTTP/1.1" 200 37139 "-" "Mozilla/5.0 (compatible; bingbot/2.0; +http://www.bing.com/bingbot.htm)" "-"
207.46.13.136 - - [22/Jan/2019:04:15:45 +0330] "GET /filter/b1,b223,b263,b36,p1 HTTP/1.1" 200 38425 "-" "Mozilla/5.0 (compatible; bingbot/2.0; +http://www.bing.com/bingbot.htm)" "-"
31.2.233.112 - - [22/Jan/2019:04:15:46 +0330] "GET /image/8442/productModel/200x200 HTTP/1.1" 200 4195 "https://www.zanbil.ir/m/filter/p5666%2Ct146%2Cb3?page=1" "Mozilla/5.0 (Linux; Android 6.0.1; SM-J500F Build/MMB29M) AppleWebKit/537.36 (KHTML, like Gecko) Chrome/55.0.2883.91 Mobile Safari/537.36" "-"
31.2.233.112 - - [22/Jan/2019:04:15:46 +0330] "GET /image/44972/productModel/200x200 HTTP/1.1" 200 6361 "https://www.zanbil.ir/m/filter/p5666%2Ct146%2Cb3?page=1" "Mozilla/5.0 (Linux; Android 6.0.1; SM-J500F Build/MMB29M) AppleWebKit/537.36 (KHTML, like Gecko) Chrome/55.0.2883.91 Mobile Safari/537.36" "-"
31.2.233.112 - - [22/Jan/2019:04:15:46 +0330] "GET /image/49037/productModel/200x200 HTTP/1.1" 200 4559 "https://www.zanbil.ir/m/filter/p5666%2Ct146%2Cb3?page=1" "Mozilla/5.0 (Linux; Android 6.0.1; SM-J500F Build/MMB29M) AppleWebKit/537.36 (KHTML, like Gecko) Chrome/55.0.2883.91 Mobile Safari/537.36" "-"
66.249.66.91 - - [22/Jan/2019:04:15:46 +0330] "GET /filter/b481%2Cb874%2Cb36%2Cb226%2Cb570%2Cb598%2Cb180%2Cb615%2Cb185%2Cb880%2Cb878%2Cb270%2Cb903%2Cb883%2Cb99%2Cb261%2Cb152%2Cb249%2Cb701%2Cb723%2Cb42%2Cb183%2Cb88%2Cb219%2Cb202%2Cb308%2Cb103%2Cb1%2Cb2%2Cb126%2Cb523%2Cb904%2Cb192%2Cb703%2Cb890%2Cb105%2Cb231%2Cb258%2Cb209%2Cb186%2Cb221%2Cb778%2Cb482%2Cb41%2Cb238%2Cb19%2Cb435%2Cb648%2Cb724%2Cb548%2Cb74%2Cb8%2Cb614%2Cb135%2Cb80%2Cb224%2Cb5%2Cb198%2Cb542%2Cb67%2Cb441%2Cp5506?page=209 HTTP/1.1" 200 33902 "-" "Mozilla/5.0 (compatible; Googlebot/2.1; +http://www.google.com/bot.html)" "-"
66.249.66.91 - - [22/Jan/2019:04:15:47 +0330] "GET /filter/b703%2Cb36%2Cb41%2Cb598%2Cb168%2Cb103%2Cb614%2Cb88%2Cb19%2Cb194%2Cb321%2Cb5%2Cb261%2Cb442%2Cb484%2Cb723%2Cb573%2Cb192%2Cb724%2Cb1%2Cb435%2Cb183%2Cb542%2Cb135%2Cb878%2Cb63%2Cb497%2Cb619%2Cb219%2Cb126%2Cb74%2Cb151%2Cb441%2Cb568%2Cb880%2Cb647%2Cb185%2Cb224%2Cb213%2Cb50%2Cb3%2Cb231%2Cb99%2Cb238%2Cb82%2Cb215%2Cb95%2Cb218%2Cb118%2Cb543?page=208 HTTP/1.1" 200 40883 "-" "Mozilla/5.0 (compatible; Googlebot/2.1; +http://www.google.com/bot.html)" "-"
31.2.233.112 - - [22/Jan/2019:04:15:47 +0330] "GET /image/64036/productModel/200x200 HTTP/1.1" 200 6538 "https://www.zanbil.ir/m/filter/p5666%2Ct146%2Cb3?page=1" "Mozilla/5.0 (Linux; Android 6.0.1; SM-J500F Build/MMB29M) AppleWebKit/537.36 (KHTML, like Gecko) Chrome/55.0.2883.91 Mobile Safari/537.36" "-"
130.185.74.243 - - [22/Jan/2019:04:15:47 +0330] "GET /filter/stexists,p5508,b186?page=1 HTTP/1.1" 200 31263 "-" "Mozilla/5.0 (Windows NT 6.1; rv:42.0) Gecko/20100101 Firefox/42.0" "-"
159.65.45.244 - - [22/Jan/2019:04:15:47 +0330] "GET /image/33888?name=model-b2048u-1-.jpg&wh=200x200 HTTP/1.1" 200 3975 "-" "Dalvik/2.1.0 (Linux; U; Android 5.0; SM-N9005 Build/LRX21V)" "-"
31.2.233.112 - - [22/Jan/2019:04:15:48 +0330] "GET /image/7432/productModel/200x200 HTTP/1.1" 200 6593 "https://www.zanbil.ir/m/filter/p5666%2Ct146%2Cb3?page=1" "Mozilla/5.0 (Linux; Android 6.0.1; SM-J500F Build/MMB29M) AppleWebKit/537.36 (KHTML, like Gecko) Chrome/55.0.2883.91 Mobile Safari/537.36" "-"
31.2.233.112 - - [22/Jan/2019:04:15:48 +0330] "GET /image/54327/productModel/200x200 HTTP/1.1" 200 4014 "https://www.zanbil.ir/m/filter/p5666%2Ct146%2Cb3?page=1" "Mozilla/5.0 (Linux; Android 6.0.1; SM-J500F Build/MMB29M) AppleWebKit/537.36 (KHTML, like Gecko) Chrome/55.0.2883.91 Mobile Safari/537.36" "-"
130.185.74.243 - - [22/Jan/2019:04:15:48 +0330] "GET /filter/stexists,p5713,b186 HTTP/1.1" 200 31421 "-" "Mozilla/5.0 (Windows NT 6.1; rv:42.0) Gecko/20100101 Firefox/42.0" "-"
5.119.246.154 - - [22/Jan/2019:04:15:49 +0330] "GET /image/33626?name=iphonexs_spacegray.jpg&wh=200x200 HTTP/1.1" 200 7902 "https://torob.com/browse/184/%DA%AF%D9%88%D8%B4%DB%8C-%D8%A7%D9%BE%D9%84-%D8%A7%DB%8C%D9%81%D9%88%D9%86-apple/?page=2" "Mozilla/5.0 (Linux; Android 6.0.1; SAMSUNG SM-G5510 Build/MMB29M) AppleWebKit/537.36 (KHTML, like Gecko) SamsungBrowser/7.4 Chrome/59.0.3071.125 Mobile Safari/537.36" "-"
207.46.13.136 - - [22/Jan/2019:04:15:49 +0330] "GET /filter/b148%2Cb1%2Cb80%2Cb19%2Cb542%2Cb249 HTTP/1.1" 200 37907 "-" "Mozilla/5.0 (compatible; bingbot/2.0; +http://www.bing.com/bingbot.htm)" "-"
130.185.74.243 - - [22/Jan/2019:04:15:49 +0330] "GET /filter/stexists,p5713,b186?page=1 HTTP/1.1" 200 30197 "-" "Mozilla/5.0 (Windows NT 6.1; rv:42.0) Gecko/20100101 Firefox/42.0" "-"
17.58.102.43 - - [22/Jan/2019:04:15:49 +0330] "GET /filter/b571%2Cb288%2Cb514%2Cb19%2Cb519%2Cb508%2Cb202%2Cb373%2Cb369%2Cb315%2Cb210%2Cb487%2Cb475%2Cb229%2Cb45%2Cb391%2Cb87%2Cb103%2Cb213%2Cb574%2Cb647 HTTP/1.1" 200 39101 "-" "Mozilla/5.0 (Macintosh; Intel Mac OS X 10_10_1) AppleWebKit/600.2.5 (KHTML, like Gecko) Version/8.0.2 Safari/600.2.5 (Applebot/0.1; +http://www.apple.com/go/applebot)" "-"
46.4.203.149 - - [22/Jan/2019:04:15:50 +0330] "GET /product/13811/23254/%D8%AE%D8%A7%D8%AA%D9%85-%DA%A9%D8%A7%D8%B1%DB%8C-%D9%87%D9%86%D8%B1-%D8%A7%D8%B5%D9%81%D9%87%D8%A7%D9%86-%D9%85%D8%AF%D9%84-%D8%A2%DB%8C%D9%86%D9%87-%D9%88-%D8%B4%D9%85%D8%B9%D8%AF%D8%A7%D9%86-%D8%AE%D8%A7%D8%AA%D9%85-%DA%A9%D8%A7%D8%B1%DB%8C HTTP/1.1" 200 538719 "-" "Mozilla/5.0 (Windows NT 6.2; WOW64; rv:17.0) Gecko/20100101 Firefox/17.0" "-"
130.185.74.243 - - [22/Jan/2019:04:15:50 +0330] "GET /filter/stexists,p10,b74 HTTP/1.1" 200 32329 "-" "Mozilla/5.0 (Windows NT 6.1; rv:42.0) Gecko/20100101 Firefox/42.0" "-"
17.58.102.43 - - [22/Jan/2019:04:15:51 +0330] "GET /filter/b211%2Cb502%2Cb460%2Cb487%2Cb384%2Cb258%2Cb311%2Cb88%2Cb214%2Cb46%2Cb315%2Cb405%2Cb208%2Cb603 HTTP/1.1" 200 38235 "-" "Mozilla/5.0 (Macintosh; Intel Mac OS X 10_10_1) AppleWebKit/600.2.5 (KHTML, like Gecko) Version/8.0.2 Safari/600.2.5 (Applebot/0.1; +http://www.apple.com/go/applebot)" "-"
54.36.149.12 - - [22/Jan/2019:04:15:51 +0330] "GET /filter/b132,b173,b185,p10 HTTP/1.1" 200 32439 "-" "Mozilla/5.0 (compatible; AhrefsBot/6.1; +http://ahrefs.com/robot/)" "-"
130.185.74.243 - - [22/Jan/2019:04:15:52 +0330] "GET /filter/stexists,p10,b74?page=1 HTTP/1.1" 200 30853 "-" "Mozilla/5.0 (Windows NT 6.1; rv:42.0) Gecko/20100101 Firefox/42.0" "-"
207.46.13.136 - - [22/Jan/2019:04:15:52 +0330] "GET /filter/b1,b103,b105,b109,b111,b113,b135,b144,b168,b176,b186,b221,b261,b291,b481,b52,b573,b598,b615,b647,b77,b83 HTTP/1.1" 200 39139 "-" "Mozilla/5.0 (compatible; bingbot/2.0; +http://www.bing.com/bingbot.htm)" "-"
17.58.102.43 - - [22/Jan/2019:04:15:53 +0330] "GET /filter/b211%2Cb502%2Cb460%2Cb487%2Cb384%2Cb222%2Cb299%2Cb443%2Cb200%2Cb259%2Cb598%2Cb568 HTTP/1.1" 200 37939 "-" "Mozilla/5.0 (Macintosh; Intel Mac OS X 10_10_1) AppleWebKit/600.2.5 (KHTML, like Gecko) Version/8.0.2 Safari/600.2.5 (Applebot/0.1; +http://www.apple.com/go/applebot)" "-"
91.99.72.15 - - [22/Jan/2019:04:15:53 +0330] "GET /product/30135/59753/%D9%85%D8%A7%D8%B4%DB%8C%D9%86-%D9%84%D8%A8%D8%A7%D8%B3%D8%B4%D9%88%DB%8C%DB%8C-%D8%AF%D8%B1%D8%A8-%D8%A7%D8%B2-%D8%AC%D9%84%D9%88-%D8%A8%D9%84%D9%88%D9%85%D8%A8%D8%B1%DA%AF-%D9%85%D8%AF%D9%84-WANF-91430 HTTP/1.1" 200 41414 "-" "Mozilla/5.0 (Macintosh; Intel Mac OS X 10_7_3) AppleWebKit/534.55.3 (KHTML, like Gecko) Version/5.1.3 Safari/534.53.10" "-"
54.36.148.101 - - [22/Jan/2019:04:15:53 +0330] "GET /filter/b43,b543,b618,p5935 HTTP/1.1" 200 35847 "-" "Mozilla/5.0 (compatible; AhrefsBot/6.1; +http://ahrefs.com/robot/)" "-"
130.185.74.243 - - [22/Jan/2019:04:15:53 +0330] "GET /filter/stexists,p12,b74 HTTP/1.1" 200 32412 "-" "Mozilla/5.0 (Windows NT 6.1; rv:42.0) Gecko/20100101 Firefox/42.0" "-"
91.99.72.15 - - [22/Jan/2019:04:15:55 +0330] "GET /product/13142?model=21928 HTTP/1.1" 200 42128 "-" "Mozilla/5.0 (Windows NT 6.1; WOW64) AppleWebKit/535.7(KHTML, like Gecko) Chrome/16.0.912.36 Safari/535.7" "-"
130.185.74.243 - - [22/Jan/2019:04:15:55 +0330] "GET /filter/stexists,p10,b50 HTTP/1.1" 200 30834 "-" "Mozilla/5.0 (Windows NT 6.1; rv:42.0) Gecko/20100101 Firefox/42.0" "-"
91.99.72.15 - - [22/Jan/2019:04:15:56 +0330] "GET /product/13149?model=21946 HTTP/1.1" 200 42232 "-" "Mozilla/5.0 (X11; Linux x86_64) AppleWebKit/537.36 (KHTML, like Gecko) Chrome/53.0.2785.92 Safari/537.36" "-"
130.185.74.243 - - [22/Jan/2019:04:15:56 +0330] "GET /filter/stexists,p10,b50?page=1 HTTP/1.1" 200 30851 "-" "Mozilla/5.0 (Windows NT 6.1; rv:42.0) Gecko/20100101 Firefox/42.0" "-"
91.99.72.15 - - [22/Jan/2019:04:15:57 +0330] "GET /product/22690?model=48217 HTTP/1.1" 200 41382 "-" "Mozilla/5.0 (Windows NT 6.2; Win64; x64; rv:16.0)Gecko/16.0 Firefox/16.0" "-"
66.249.66.91 - - [22/Jan/2019:04:15:58 +0330] "GET /filter/p4510%2Cv1%7C%D9%85%D8%B4%DA%A9%DB%8C%20%D8%B2%D8%B1%D8%AF HTTP/1.1" 200 32763 "-" "Mozilla/5.0 (compatible; Googlebot/2.1; +http://www.google.com/bot.html)" "-"
130.185.74.243 - - [22/Jan/2019:04:15:58 +0330] "GET /filter/stexists,p12,b50 HTTP/1.1" 200 30950 "-" "Mozilla/5.0 (Windows NT 6.1; rv:42.0) Gecko/20100101 Firefox/42.0" "-"
66.249.66.91 - - [22/Jan/2019:04:15:58 +0330] "GET /image/17584?name=electric-pressure-cooker-hardstone-mc-1206b6a952a.jpg&wh=200x200 HTTP/1.1" 200 6753 "-" "Googlebot-Image/1.0" "-"
66.249.66.91 - - [22/Jan/2019:04:15:58 +0330] "GET /filter/b481%2Cb874%2Cb226%2Cb570%2Cb598%2Cstexists%2Cb880%2Cb270%2Cb903%2Cb883%2Cb99%2Cb261%2Cb249%2Cb701%2Cb42%2Cb879%2Cb198%2Cb548%2Cb183%2Cb88%2Cb308%2Cb103%2Cb126%2Cb523%2Cb900%2Cb192%2Cb188%2Cb703%2Cb890%2Cb148%2Cb236%2Cb256%2Cb454%2Cb651%2Cb41%2Cb202%2Cb647%2Cb4%2Cb613%2Cb6%2Cb221%2Cb36%2Cb614%2Cb3%2Cb216%2Cb218%2Cb43%2Cb136%2Cb573%2Cb185%2Cb32%2Cb441%2Cb484%2Cb143%2Cb63%2Cb20?page=74 HTTP/1.1" 200 41591 "-" "Mozilla/5.0 (compatible; Googlebot/2.1; +http://www.google.com/bot.html)" "-"
130.185.74.243 - - [22/Jan/2019:04:15:59 +0330] "GET /filter/stexists,p12,b50?page=1 HTTP/1.1" 200 30965 "-" "Mozilla/5.0 (Windows NT 6.1; rv:42.0) Gecko/20100101 Firefox/42.0" "-"
157.55.39.175 - - [22/Jan/2019:04:15:59 +0330] "GET /image/21670?name=634920477852540766.jpg&wh=200x200 HTTP/1.1" 200 3820 "-" "Mozilla/5.0 (compatible; bingbot/2.0; +http://www.bing.com/bingbot.htm)" "-"
207.46.13.136 - - [22/Jan/2019:04:15:59 +0330] "GET /filter/281|Celeron,b18,b19,p52 HTTP/1.1" 200 29101 "-" "Mozilla/5.0 (compatible; bingbot/2.0; +http://www.bing.com/bingbot.htm)" "-"
66.249.66.91 - - [22/Jan/2019:04:16:01 +0330] "GET /filter/b481%2Cb226%2Cb570%2Cb80%2Cb270%2Cb903%2Cb883%2Cb152%2Cb249%2Cb20%2Cb701%2Cb723%2Cb42%2Cb198%2Cb35%2Cb183%2Cb219%2Cb308%2Cb523%2Cb900%2Cb188%2Cb703%2Cb890%2Cb236%2Cb74%2Cb400%2Cb209%2Cb19%2Cb454%2Cb651%2Cb202%2Cb4%2Cb22%2Cb238%2Cb6%2Cb596%2Cb143%2Cb877%2Cb485%2Cb221%2Cb194%2Cb136%2Cb647%2Cb497%2Cb546%2Cb105%2Cb185%2Cb568%2Cb151%2Cb88%2Cb43%2Cb597%2Cb103%2Cb613%2Cb880%2Cb212%2Cb861%2Cb148%2Cb135%2Cb186%2Cb778%2Cb113%2Cb99%2Cb584%2Cb224?page=182 HTTP/1.1" 200 41673 "-" "Mozilla/5.0 (compatible; Googlebot/2.1; +http://www.google.com/bot.html)" "-"
54.36.149.93 - - [22/Jan/2019:04:16:01 +0330] "GET /filter/p48%2Cv1%7C%D9%82%D8%B1%D9%85%D8%B2%20%D8%B3%D9%81%DB%8C%D8%AF%2Cv1%7C%D9%85%D8%B4%DA%A9%DB%8C%20%D8%B7%D9%84%D8%A7%DB%8C%DB%8C.?o=v1 HTTP/1.1" 302 0 "-" "Mozilla/5.0 (compatible; AhrefsBot/6.1; +http://ahrefs.com/robot/)" "-"
66.249.66.91 - - [22/Jan/2019:04:16:03 +0330] "GET /filter/b36%2Cb41%2Cb598%2Cb168%2Cb103%2Cb88%2Cb19%2Cb194%2Cb35%2Cb321%2Cb5%2Cb261%2Cb442%2Cb484%2Cb723%2Cb573%2Cb192%2Cb724%2Cb435%2Cb183%2Cb542%2Cb135%2Cb63%2Cb497%2Cb619%2Cb613%2Cb126%2Cb74%2Cb441%2Cb568%2Cb880%2Cb647%2Cb185%2Cb584%2Cb224%2Cb213%2Cb3%2Cb570%2Cb198%2Cb256%2Cb238%2Cb485%2Cb574%2Cb186%2Cb548%2Cstexists%2Cb215%2Cb904%2Cb615%2Cb603%2Cb203%2Cb43%2Cb152%2Cb95%2Cb147%2Cb143%2Cb656%2Cb2%2Cb308%2Cb80%2Cb22%2Cb883%2Cb523%2Cb903?page=0 HTTP/1.1" 200 41952 "-" "Mozilla/5.0 (compatible; Googlebot/2.1; +http://www.google.com/bot.html)" "-"
17.58.102.43 - - [22/Jan/2019:04:16:03 +0330] "GET /filter/b36%2Cb284%2Cb513%2Cb271%2Cb239%2Cb600%2Cb57%2Cb507%2Cb655%2Cb82%2Cb35 HTTP/1.1" 200 38231 "-" "Mozilla/5.0 (Macintosh; Intel Mac OS X 10_10_1) AppleWebKit/600.2.5 (KHTML, like Gecko) Version/8.0.2 Safari/600.2.5 (Applebot/0.1; +http://www.apple.com/go/applebot)" "-"
66.249.66.91 - - [22/Jan/2019:04:16:04 +0330] "GET /filter/b656%2Cb703%2Cb32%2Cb67%2Cb226%2Cb41%2Cb598%2Cb168%2Cb723%2Cb597%2Cb88%2Cb548%2Cb6%2Cb679%2Cb215%2Cb105%2Cb194%2Cb74%2Cb542%2Cb35%2Cb113%2Cb820%2Cb574%2Cb442%2Cb880%2Cb645%2Cb724%2Cb118%2Cb482%2Cb400%2Cb95%2Cb135%2Cb249%2Cb435%2Cb221%2Cb523%2Cb854%2Cb126%2Cstexists%2Cb216%2Cb217%2Cb152%2Cb99%2Cb192%2Cb213%2Cb136%2Cb218%2Cb648%2Cb454%2Cb258%2Cb151%2Cb22%2Cb203%2Cb543?page=2 HTTP/1.1" 200 41434 "-" "Mozilla/5.0 (compatible; Googlebot/2.1; +http://www.google.com/bot.html)" "-"
207.46.13.136 - - [22/Jan/2019:04:16:05 +0330] "GET /filter/b1,b103,b145,b2,b632,p1 HTTP/1.1" 200 38552 "-" "Mozilla/5.0 (compatible; bingbot/2.0; +http://www.bing.com/bingbot.htm)" "-"
91.99.72.15 - - [22/Jan/2019:04:16:05 +0330] "GET /product/1198/1869/%D9%85%D8%A7%DB%8C%DA%A9%D8%B1%D9%88%D9%81%D8%B1-%D8%B1%D9%88%D9%85%DB%8C%D8%B2%DB%8C-%D9%BE%D8%A7%D9%86%D8%A7%D8%B3%D9%88%D9%86%DB%8C%DA%A9-%D9%85%D8%AF%D9%84-NN-GD371 HTTP/1.1" 200 43086 "-" "Mozilla/5.0 (Windows NT 6.2; Win64; x64; rv:16.0)Gecko/16.0 Firefox/16.0" "-"
91.99.72.15 - - [22/Jan/2019:04:16:06 +0330] "GET /product/20723?model=44899 HTTP/1.1" 200 40907 "-" "Mozilla/5.0 (Macintosh; Intel Mac OS X 10_7_3) AppleWebKit/534.55.3 (KHTML, like Gecko) Version/5.1.3 Safari/534.53.10" "-"
130.185.74.243 - - [22/Jan/2019:04:16:06 +0330] "GET /filter/stexists,p10,b36 HTTP/1.1" 200 32227 "-" "Mozilla/5.0 (Windows NT 6.1; rv:42.0) Gecko/20100101 Firefox/42.0" "-"
130.185.74.243 - - [22/Jan/2019:04:16:07 +0330] "GET /filter/stexists,p12,b36 HTTP/1.1" 200 32374 "-" "Mozilla/5.0 (Windows NT 6.1; rv:42.0) Gecko/20100101 Firefox/42.0" "-"
91.99.72.15 - - [22/Jan/2019:04:16:07 +0330] "GET /product/18510/37552/%D9%88%D8%A7%D9%86-%D8%AD%D9%85%D8%A7%D9%85-%D9%BE%D8%B1%D8%B4%DB%8C%D9%86-%D9%85%D8%AF%D9%84-%DA%A9%D9%84%DB%8C%D9%88 HTTP/1.1" 200 40224 "-" "Mozilla/5.0 (Macintosh; Intel Mac OS X 10_7_3) AppleWebKit/534.55.3 (KHTML, like Gecko) Version/5.1.3 Safari/534.53.10" "-"
130.185.74.243 - - [22/Jan/2019:04:16:08 +0330] "GET /filter/stexists,p12,b36?page=1 HTTP/1.1" 200 30962 "-" "Mozilla/5.0 (Windows NT 6.1; rv:42.0) Gecko/20100101 Firefox/42.0" "-"
91.99.72.15 - - [22/Jan/2019:04:16:09 +0330] "GET /product/20705?model=44882 HTTP/1.1" 200 41756 "-" "Mozilla/5.0 (Macintosh; Intel Mac OS X 10_7_3) AppleWebKit/534.55.3 (KHTML, like Gecko) Version/5.1.3 Safari/534.53.10" "-"
207.46.13.136 - - [22/Jan/2019:04:16:09 +0330] "GET /filter/b218,b441,b573 HTTP/1.1" 200 35356 "-" "Mozilla/5.0 (compatible; bingbot/2.0; +http://www.bing.com/bingbot.htm)" "-"
130.185.74.243 - - [22/Jan/2019:04:16:10 +0330] "GET /filter/stexists,p10,b3 HTTP/1.1" 200 30838 "-" "Mozilla/5.0 (Windows NT 6.1; rv:42.0) Gecko/20100101 Firefox/42.0" "-"
66.249.66.91 - - [22/Jan/2019:04:16:11 +0330] "GET /filter/b656%2Cb703%2Cb32%2Cb67%2Cb226%2Cb41%2Cb598%2Cb168%2Cb723%2Cb597%2Cb88%2Cb548%2Cb6%2Cb679%2Cb215%2Cb105%2Cb194%2Cb74%2Cb542%2Cb35%2Cb113%2Cb820%2Cb574%2Cb442%2Cb880%2Cb645%2Cb724%2Cb118%2Cb482%2Cb400%2Cb95%2Cb135%2Cb249%2Cb435%2Cb221%2Cb523%2Cb854%2Cb126%2Cstexists%2Cb216%2Cb217%2Cb152%2Cb99%2Cb192%2Cb213%2Cb136%2Cb218%2Cb648%2Cb454%2Cb258%2Cb151%2Cb186%2Cb219?page=2 HTTP/1.1" 200 41277 "-" "Mozilla/5.0 (compatible; Googlebot/2.1; +http://www.google.com/bot.html)" "-"
130.185.74.243 - - [22/Jan/2019:04:16:11 +0330] "GET /filter/stexists,p12,b3 HTTP/1.1" 200 30957 "-" "Mozilla/5.0 (Windows NT 6.1; rv:42.0) Gecko/20100101 Firefox/42.0" "-"
130.185.74.243 - - [22/Jan/2019:04:16:12 +0330] "GET /filter/stexists,p12,b3?page=1 HTTP/1.1" 200 30973 "-" "Mozilla/5.0 (Windows NT 6.1; rv:42.0) Gecko/20100101 Firefox/42.0" "-"
66.249.66.91 - - [22/Jan/2019:04:16:12 +0330] "GET /filter/b481%2Cb874%2Cb226%2Cb570%2Cb598%2Cstexists%2Cb270%2Cb883%2Cb99%2Cb261%2Cb249%2Cb20%2Cb701%2Cb42%2Cb879%2Cb548%2Cb183%2Cb88%2Cb308%2Cb103%2Cb1%2Cb126%2Cb523%2Cb900%2Cb192%2Cb188%2Cb703%2Cb890%2Cb148%2Cb256%2Cb651%2Cb41%2Cb647%2Cb22%2Cb613%2Cb6%2Cb221%2Cb36%2Cb614%2Cb3%2Cb216%2Cb218%2Cb136%2Cb573%2Cb151%2Cb185%2Cb32%2Cb441%2Cb143%2Cb648%2Cb203%2Cb877%2Cb209%2Cb231%2Cb485%2Cb147%2Cb484%2Cb878%2Cb186?page=9 HTTP/1.1" 200 40152 "-" "Mozilla/5.0 (compatible; Googlebot/2.1; +http://www.google.com/bot.html)" "-"
66.249.66.91 - - [22/Jan/2019:04:16:13 +0330] "GET /image/879/brand HTTP/1.1" 200 3348 "-" "Googlebot-Image/1.0" "-"
66.249.66.194 - - [22/Jan/2019:04:16:13 +0330] "GET /product/28959/58059/%D8%B5%D9%86%D8%AF%D9%84%DB%8C-%D8%B5%D9%86%D8%B9%D8%AA%DB%8C-%D9%86%DB%8C%D9%84%D9%BE%D8%B1-%D9%85%D8%AF%D9%84-SL411 HTTP/1.1" 302 0 "-" "Mozilla/5.0 (Linux; Android 6.0.1; Nexus 5X Build/MMB29P) AppleWebKit/537.36 (KHTML, like Gecko) Chrome/41.0.2272.96 Mobile Safari/537.36 (compatible; Googlebot/2.1; +http://www.google.com/bot.html)" "-"
130.185.74.243 - - [22/Jan/2019:04:16:14 +0330] "GET /filter/stexists,p10,b185 HTTP/1.1" 200 32101 "-" "Mozilla/5.0 (Windows NT 6.1; rv:42.0) Gecko/20100101 Firefox/42.0" "-"
66.249.66.91 - - [22/Jan/2019:04:16:15 +0330] "GET /filter/b656%2Cb703%2Cb32%2Cb67%2Cb226%2Cb41%2Cb598%2Cb168%2Cb723%2Cb597%2Cb88%2Cb548%2Cb6%2Cb679%2Cb215%2Cb105%2Cb194%2Cb74%2Cb542%2Cb35%2Cb113%2Cb820%2Cb574%2Cb442%2Cb880%2Cb645%2Cb724%2Cb118%2Cb482%2Cb400%2Cb95%2Cb135%2Cb249%2Cb435%2Cb221%2Cb523%2Cb854%2Cb126%2Cstexists%2Cb216%2Cb217%2Cb152%2Cb99%2Cb192%2Cb213%2Cb136%2Cb218%2Cb648%2Cb454%2Cb258%2Cb151%2Cb22%2Cb203%2Cb543?page=0 HTTP/1.1" 200 41370 "-" "Mozilla/5.0 (compatible; Googlebot/2.1; +http://www.google.com/bot.html)" "-"
130.185.74.243 - - [22/Jan/2019:04:16:15 +0330] "GET /filter/stexists,p12,b185 HTTP/1.1" 200 31473 "-" "Mozilla/5.0 (Windows NT 6.1; rv:42.0) Gecko/20100101 Firefox/42.0" "-"
130.185.74.243 - - [22/Jan/2019:04:16:16 +0330] "GET /filter/stexists,p12,b185?page=1 HTTP/1.1" 200 30978 "-" "Mozilla/5.0 (Windows NT 6.1; rv:42.0) Gecko/20100101 Firefox/42.0" "-"
104.248.16.204 - - [22/Jan/2019:04:16:17 +0330] "GET /image/33626?name=iphonexs_spacegray.jpg&wh=200x200 HTTP/1.1" 200 7902 "-" "torob/5 CFNetwork/975.0.3 Darwin/18.2.0" "-"
66.249.66.91 - - [22/Jan/2019:04:16:17 +0330] "GET /filter/b481%2Cb226%2Cb570%2Cb598%2Cstexists%2Cb880%2Cb270%2Cb883%2Cb99%2Cb261%2Cb249%2Cb20%2Cb701%2Cb42%2Cb879%2Cb548%2Cb183%2Cb88%2Cb308%2Cb103%2Cb1%2Cb126%2Cb523%2Cb192%2Cb188%2Cb703%2Cb890%2Cb148%2Cb256%2Cb454%2Cb651%2Cb41%2Cb647%2Cb22%2Cb613%2Cb6%2Cb221%2Cb36%2Cb614%2Cb3%2Cb216%2Cb218%2Cb136%2Cb573%2Cb151%2Cb185%2Cb32%2Cb441%2Cb143%2Cb648%2Cb203%2Cb877%2Cb209%2Cb231%2Cb485%2Cb147?page=0 HTTP/1.1" 200 41561 "-" "Mozilla/5.0 (compatible; Googlebot/2.1; +http://www.google.com/bot.html)" "-"
130.185.74.243 - - [22/Jan/2019:04:16:18 +0330] "GET /filter/stexists,p12,b103 HTTP/1.1" 200 31069 "-" "Mozilla/5.0 (Windows NT 6.1; rv:42.0) Gecko/20100101 Firefox/42.0" "-"
207.46.13.136 - - [22/Jan/2019:04:16:19 +0330] "GET /filter/b58,b614 HTTP/1.1" 200 36896 "-" "Mozilla/5.0 (compatible; bingbot/2.0; +http://www.bing.com/bingbot.htm)" "-"
130.185.74.243 - - [22/Jan/2019:04:16:20 +0330] "GET /filter/stexists,p12,b103?page=1 HTTP/1.1" 200 29801 "-" "Mozilla/5.0 (Windows NT 6.1; rv:42.0) Gecko/20100101 Firefox/42.0" "-"
130.185.74.243 - - [22/Jan/2019:04:16:21 +0330] "GET /filter/stexists,p10,b41 HTTP/1.1" 200 31048 "-" "Mozilla/5.0 (Windows NT 6.1; rv:42.0) Gecko/20100101 Firefox/42.0" "-"
66.249.66.91 - - [22/Jan/2019:04:16:21 +0330] "GET /filter/b481%2Cb226%2Cb570%2Cb598%2Cstexists%2Cb880%2Cb270%2Cb883%2Cb99%2Cb261%2Cb249%2Cb20%2Cb701%2Cb42%2Cb879%2Cb548%2Cb183%2Cb88%2Cb308%2Cb103%2Cb1%2Cb126%2Cb523%2Cb192%2Cb188%2Cb703%2Cb890%2Cb148%2Cb256%2Cb454%2Cb651%2Cb41%2Cb647%2Cb22%2Cb613%2Cb6%2Cb221%2Cb36%2Cb614%2Cb3%2Cb216%2Cb218%2Cb136%2Cb573%2Cb151%2Cb185%2Cb32%2Cb441%2Cb143%2Cb648%2Cb203%2Cb877%2Cb209%2Cb231%2Cb485%2Cb147?page=1 HTTP/1.1" 200 40028 "-" "Mozilla/5.0 (compatible; Googlebot/2.1; +http://www.google.com/bot.html)" "-"
91.99.72.15 - - [22/Jan/2019:04:16:21 +0330] "GET /product/29277/58619/%DA%A9%D8%A7%D9%84%D8%B3%DA%A9%D9%87-%D8%AF%D9%88%D9%82%D9%84%D9%88-Peg-Perego-%D9%85%D8%AF%D9%84-Book-For-Two-Mod-Beige HTTP/1.1" 404 32383 "-" "Mozilla/5.0 (Macintosh; Intel Mac OS X 10_7_3) AppleWebKit/534.55.3 (KHTML, like Gecko) Version/5.1.3 Safari/534.53.10" "-"
130.185.74.243 - - [22/Jan/2019:04:16:22 +0330] "GET /filter/stexists,p10,b41?page=1 HTTP/1.1" 200 29516 "-" "Mozilla/5.0 (Windows NT 6.1; rv:42.0) Gecko/20100101 Firefox/42.0" "-"
157.55.39.245 - - [22/Jan/2019:04:16:23 +0330] "GET /filter/p14076%2Cstexists HTTP/1.1" 200 30427 "-" "Mozilla/5.0 (compatible; bingbot/2.0; +http://www.bing.com/bingbot.htm)" "-"
130.185.74.243 - - [22/Jan/2019:04:16:23 +0330] "GET /filter/stexists,p12,b41 HTTP/1.1" 200 29771 "-" "Mozilla/5.0 (Windows NT 6.1; rv:42.0) Gecko/20100101 Firefox/42.0" "-"
66.249.66.91 - - [22/Jan/2019:04:16:23 +0330] "GET /filter/b481%2Cb226%2Cb570%2Cb598%2Cstexists%2Cb880%2Cb270%2Cb883%2Cb99%2Cb261%2Cb249%2Cb20%2Cb701%2Cb42%2Cb879%2Cb548%2Cb183%2Cb88%2Cb308%2Cb103%2Cb1%2Cb126%2Cb523%2Cb192%2Cb188%2Cb703%2Cb890%2Cb148%2Cb256%2Cb454%2Cb651%2Cb41%2Cb647%2Cb22%2Cb613%2Cb6%2Cb221%2Cb36%2Cb614%2Cb3%2Cb216%2Cb218%2Cb136%2Cb573%2Cb151%2Cb185%2Cb32%2Cb441%2Cb143%2Cb648%2Cb203%2Cb877%2Cb209%2Cb231%2Cb485%2Cb147?page=8 HTTP/1.1" 200 40414 "-" "Mozilla/5.0 (compatible; Googlebot/2.1; +http://www.google.com/bot.html)" "-"
130.185.74.243 - - [22/Jan/2019:04:16:24 +0330] "GET /filter/stexists,p10,b261,b633,b153,b674,b665,b105,b173,b145 HTTP/1.1" 200 31252 "-" "Mozilla/5.0 (Windows NT 6.1; rv:42.0) Gecko/20100101 Firefox/42.0" "-"
91.99.72.15 - - [22/Jan/2019:04:16:24 +0330] "GET /product/21302?model=45525 HTTP/1.1" 200 42300 "-" "Mozilla/5.0 (Windows NT 6.2; Win64; x64; rv:16.0)Gecko/16.0 Firefox/16.0" "-"
91.99.72.15 - - [22/Jan/2019:04:16:25 +0330] "GET /product/15814?model=29872 HTTP/1.1" 200 39364 "-" "Mozilla/5.0 (Windows NT 6.2; Win64; x64; rv:16.0)Gecko/16.0 Firefox/16.0" "-"
130.185.74.243 - - [22/Jan/2019:04:16:25 +0330] "GET /filter/stexists,p10,b261,b633,b153,b674,b665,b105,b173,b145?page=1 HTTP/1.1" 200 29970 "-" "Mozilla/5.0 (Windows NT 6.1; rv:42.0) Gecko/20100101 Firefox/42.0" "-"
130.185.74.243 - - [22/Jan/2019:04:16:26 +0330] "GET /filter/stexists,p10,b261,b633,b153,b674,b665,b105,b173,b145?page=2 HTTP/1.1" 200 29970 "-" "Mozilla/5.0 (Windows NT 6.1; rv:42.0) Gecko/20100101 Firefox/42.0" "-"
157.55.39.245 - - [22/Jan/2019:04:16:26 +0330] "GET /filter/b1,b103,b105,b109,b133,b14,b144,b212 HTTP/1.1" 200 36927 "-" "Mozilla/5.0 (compatible; bingbot/2.0; +http://www.bing.com/bingbot.htm)" "-"
91.99.72.15 - - [22/Jan/2019:04:16:26 +0330] "GET /product/11753?model=18157 HTTP/1.1" 200 39160 "-" "Mozilla/5.0 (Windows NT 6.1; WOW64) AppleWebKit/535.7(KHTML, like Gecko) Chrome/16.0.912.36 Safari/535.7" "-"
130.185.74.243 - - [22/Jan/2019:04:16:27 +0330] "GET /filter/stexists,p20,b612,b611 HTTP/1.1" 200 28491 "-" "Mozilla/5.0 (Windows NT 6.1; rv:42.0) Gecko/20100101 Firefox/42.0" "-"
130.185.74.243 - - [22/Jan/2019:04:16:28 +0330] "GET /filter/stexists,p20,b612,b611?page=1 HTTP/1.1" 200 28510 "-" "Mozilla/5.0 (Windows NT 6.1; rv:42.0) Gecko/20100101 Firefox/42.0" "-"
130.185.74.243 - - [22/Jan/2019:04:16:29 +0330] "GET /filter/stexists,p20,b612,b611?page=2 HTTP/1.1" 200 28511 "-" "Mozilla/5.0 (Windows NT 6.1; rv:42.0) Gecko/20100101 Firefox/42.0" "-"
31.2.233.112 - - [22/Jan/2019:04:16:29 +0330] "GET /image/6473/productModel/200x200 HTTP/1.1" 200 4227 "https://www.zanbil.ir/m/filter/p5666%2Cb3?page=1" "Mozilla/5.0 (Linux; Android 6.0.1; SM-J500F Build/MMB29M) AppleWebKit/537.36 (KHTML, like Gecko) Chrome/55.0.2883.91 Mobile Safari/537.36" "-"
66.249.66.91 - - [22/Jan/2019:04:16:29 +0330] "GET /filter/b703%2Cb36%2Cb41%2Cb598%2Cb168%2Cb103%2Cb614%2Cb88%2Cb19%2Cb194%2Cb321%2Cb5%2Cb261%2Cb442%2Cb484%2Cb723%2Cb573%2Cb192%2Cb724%2Cb1%2Cb435%2Cb183%2Cb542%2Cb135%2Cb878%2Cb63%2Cb497%2Cb619%2Cb219%2Cb126%2Cb74%2Cb151%2Cb441%2Cb568%2Cb880%2Cb647%2Cb185%2Cb224%2Cb213%2Cb50%2Cb3%2Cb231%2Cb99%2Cb238%2Cb82%2Cb215%2Cb95%2Cb218%2Cb118%2Cb543%2Cb603?page=213 HTTP/1.1" 200 40773 "-" "Mozilla/5.0 (compatible; Googlebot/2.1; +http://www.google.com/bot.html)" "-"
46.4.203.149 - - [22/Jan/2019:04:16:29 +0330] "GET /product/32320/62628/%DA%A9%D9%88%D9%84%D8%B1-%D8%A2%D8%A8%DB%8C-%D8%AB%D8%A7%D8%A8%D8%AA-%D8%A8%D8%B1%D9%81%D8%A7%D8%A8-%D9%85%D8%AF%D9%84-BF3-R HTTP/1.1" 200 530974 "-" "Mozilla/5.0 (Windows NT 6.2; WOW64; rv:17.0) Gecko/20100101 Firefox/17.0" "-"
157.55.39.245 - - [22/Jan/2019:04:16:29 +0330] "GET /product/15469/29326/%D9%85%DB%8C%D8%B2-%D8%AC%D9%84%D9%88-%D9%85%D8%A8%D9%84%DB%8C-Persis-%D9%85%D8%AF%D9%84-TC150 HTTP/1.1" 200 40242 "-" "Mozilla/5.0 (compatible; bingbot/2.0; +http://www.bing.com/bingbot.htm)" "-"
130.185.74.243 - - [22/Jan/2019:04:16:30 +0330] "GET /filter/stexists,p12,b633,b215,b58,b261,b88,b173,b134 HTTP/1.1" 200 30045 "-" "Mozilla/5.0 (Windows NT 6.1; rv:42.0) Gecko/20100101 Firefox/42.0" "-"
130.185.74.243 - - [22/Jan/2019:04:16:31 +0330] "GET /filter/stexists,p12,b633,b215,b58,b261,b88,b173,b134?page=1 HTTP/1.1" 200 30060 "-" "Mozilla/5.0 (Windows NT 6.1; rv:42.0) Gecko/20100101 Firefox/42.0" "-"
157.55.39.175 - - [22/Jan/2019:04:16:31 +0330] "GET /image/59042/productModel/100x100 HTTP/1.1" 200 1374 "-" "Mozilla/5.0 (compatible; bingbot/2.0; +http://www.bing.com/bingbot.htm)" "-"
31.2.233.112 - - [22/Jan/2019:04:16:31 +0330] "GET /image/6462/productModel/200x200 HTTP/1.1" 200 4065 "https://www.zanbil.ir/m/filter/p5666%2Cb3?page=1" "Mozilla/5.0 (Linux; Android 6.0.1; SM-J500F Build/MMB29M) AppleWebKit/537.36 (KHTML, like Gecko) Chrome/55.0.2883.91 Mobile Safari/537.36" "-"
66.249.66.91 - - [22/Jan/2019:04:16:32 +0330] "GET /filter/b36%2Cb41%2Cb598%2Cb168%2Cb103%2Cb88%2Cb19%2Cb194%2Cb35%2Cb321%2Cb5%2Cb261%2Cb442%2Cb484%2Cb723%2Cb573%2Cb192%2Cb724%2Cb435%2Cb183%2Cb542%2Cb135%2Cb63%2Cb497%2Cb619%2Cb613%2Cb126%2Cb74%2Cb441%2Cb568%2Cb880%2Cb647%2Cb185%2Cb584%2Cb224%2Cb213%2Cb3%2Cb570%2Cb198%2Cb256%2Cb238%2Cb485%2Cb574%2Cb186%2Cb548%2Cstexists%2Cb215%2Cb904%2Cb615%2Cb603%2Cb203%2Cb43%2Cb152%2Cb95%2Cb147%2Cb143%2Cb656%2Cb2%2Cb308%2Cb80%2Cb22%2Cb883%2Cb523%2Cb903?page=5 HTTP/1.1" 200 41881 "-" "Mozilla/5.0 (compatible; Googlebot/2.1; +http://www.google.com/bot.html)" "-"
130.185.74.243 - - [22/Jan/2019:04:16:32 +0330] "GET /filter/stexists,p12,b633,b215,b58,b261,b88,b173,b134?page=2 HTTP/1.1" 200 30061 "-" "Mozilla/5.0 (Windows NT 6.1; rv:42.0) Gecko/20100101 Firefox/42.0" "-"
66.249.66.91 - - [22/Jan/2019:04:16:35 +0330] "GET /filter/b36%2Cb41%2Cb598%2Cb168%2Cb103%2Cb88%2Cb19%2Cb194%2Cb35%2Cb321%2Cb5%2Cb261%2Cb442%2Cb484%2Cb723%2Cb573%2Cb192%2Cb724%2Cb435%2Cb183%2Cb542%2Cb135%2Cb63%2Cb497%2Cb619%2Cb613%2Cb126%2Cb74%2Cb441%2Cb568%2Cb880%2Cb647%2Cb185%2Cb584%2Cb224%2Cb213%2Cb3%2Cb570%2Cb198%2Cb256%2Cb238%2Cb485%2Cb574%2Cb186%2Cb548%2Cstexists%2Cb215%2Cb904%2Cb615%2Cb603%2Cb203%2Cb43%2Cb152%2Cb95%2Cb147%2Cb143%2Cb656%2Cb2%2Cb308%2Cb80%2Cb22%2Cb883%2Cb523%2Cb903?page=3 HTTP/1.1" 200 41953 "-" "Mozilla/5.0 (compatible; Googlebot/2.1; +http://www.google.com/bot.html)" "-"
54.36.148.153 - - [22/Jan/2019:04:16:35 +0330] "GET /filter/b862%2Cp5935%2Cb186 HTTP/1.1" 200 34777 "-" "Mozilla/5.0 (compatible; AhrefsBot/6.1; +http://ahrefs.com/robot/)" "-"
159.65.45.244 - - [22/Jan/2019:04:16:35 +0330] "GET /image/11947?name=11947-1-fw.jpg&wh=200x200 HTTP/1.1" 200 4167 "-" "Dalvik/2.1.0 (Linux; U; Android 5.0; SM-N9005 Build/LRX21V)" "-"
5.200.112.161 - - [22/Jan/2019:04:16:36 +0330] "GET /image/8973?name=3118.jpg&wh=200x200 HTTP/1.1" 200 2530 "-" "Dalvik/2.1.0 (Linux; U; Android 8.0.0; WAS-LX1A Build/HUAWEIWAS-LX1A)" "-"
66.249.66.194 - - [22/Jan/2019:04:16:36 +0330] "GET /filter/p2%2Cb246%2Cb261%2Cp1392%2Cb148%2Cb168 HTTP/1.1" 200 33325 "-" "Mozilla/5.0 (compatible; Googlebot/2.1; +http://www.google.com/bot.html)" "-"
66.249.66.194 - - [22/Jan/2019:04:16:38 +0330] "GET /filter/b50,p56,t26 HTTP/1.1" 302 0 "-" "Mozilla/5.0 (Linux; Android 6.0.1; Nexus 5X Build/MMB29P) AppleWebKit/537.36 (KHTML, like Gecko) Chrome/41.0.2272.96 Mobile Safari/537.36 (compatible; Googlebot/2.1; +http://www.google.com/bot.html)" "-"
66.249.66.91 - - [22/Jan/2019:04:16:38 +0330] "GET /image/13030?name=v-tamam-steel-2.jpg&wh=200x200 HTTP/1.1" 200 2133 "-" "Googlebot-Image/1.0" "-"
66.249.66.91 - - [22/Jan/2019:04:16:39 +0330] "GET /filter/b481%2Cb226%2Cb570%2Cb598%2Cstexists%2Cb880%2Cb270%2Cb883%2Cb99%2Cb261%2Cb249%2Cb20%2Cb701%2Cb42%2Cb879%2Cb548%2Cb183%2Cb88%2Cb308%2Cb103%2Cb1%2Cb126%2Cb523%2Cb192%2Cb188%2Cb890%2Cb148%2Cb256%2Cb454%2Cb651%2Cb41%2Cb647%2Cb22%2Cb613%2Cb6%2Cb221%2Cb36%2Cb614%2Cb3%2Cb216%2Cb218%2Cb136%2Cb573%2Cb151%2Cb185%2Cb32%2Cb441%2Cb143%2Cb648%2Cb203%2Cb877%2Cb209%2Cb231%2Cb485%2Cb147?page=0 HTTP/1.1" 200 41031 "-" "Mozilla/5.0 (compatible; Googlebot/2.1; +http://www.google.com/bot.html)" "-"
54.36.148.209 - - [22/Jan/2019:04:16:40 +0330] "GET /filter/b58%2Cb874%2Cp8 HTTP/1.1" 200 33564 "-" "Mozilla/5.0 (compatible; AhrefsBot/6.1; +http://ahrefs.com/robot/)" "-"
91.99.72.15 - - [22/Jan/2019:04:16:40 +0330] "GET /product/29396?model=58817 HTTP/1.1" 200 42079 "-" "Mozilla/5.0 (Windows NT 6.2; Win64; x64; rv:16.0)Gecko/16.0 Firefox/16.0" "-"
91.99.72.15 - - [22/Jan/2019:04:16:42 +0330] "GET /product/30213/59873/%D8%B9%D8%B7%D8%B1-%D9%88-%D8%A7%D8%AF%DA%A9%D9%84%D9%86-%D8%B2%D9%86%D8%A7%D9%86%D9%87-%D9%87%D8%B1%D9%85%D8%B3-%D9%85%D8%AF%D9%84-Caleche HTTP/1.1" 200 40255 "-" "Mozilla/5.0 (Windows NT 6.1; WOW64) AppleWebKit/535.7(KHTML, like Gecko) Chrome/16.0.912.36 Safari/535.7" "-"
54.36.148.95 - - [22/Jan/2019:04:16:43 +0330] "GET /filter/b265%2Cp6446%2Cb281 HTTP/1.1" 200 34281 "-" "Mozilla/5.0 (compatible; AhrefsBot/6.1; +http://ahrefs.com/robot/)" "-"
66.249.66.91 - - [22/Jan/2019:04:16:43 +0330] "GET /image/32261?name=fc-33dd4sa-22.jpg&wh=200x200 HTTP/1.1" 200 3925 "-" "Googlebot-Image/1.0" "-"
91.99.72.15 - - [22/Jan/2019:04:16:43 +0330] "GET /product/12873/21394/%DA%AF%D8%B1%D8%AF%D9%86%D8%A8%D9%86%D8%AF-%D8%B2%D9%86%D8%A7%D9%86%D9%87-%D8%A7%D9%84%DB%8C%D9%88%D8%B1-%D9%88%D8%A8%D8%B1-%D9%85%D8%AF%D9%84-%DA%A9%D8%B1%DB%8C%D8%B3%D8%AA%D8%A7%D9%84-%D8%B7%D8%B1%D8%AD-%DA%A9%D8%A7%D8%B1%D8%A8%D8%B1-Member-rhod-crystal HTTP/1.1" 200 40827 "-" "Mozilla/5.0 (Windows NT 6.1; WOW64) AppleWebKit/535.7(KHTML, like Gecko) Chrome/16.0.912.36 Safari/535.7" "-"
130.185.74.243 - - [22/Jan/2019:04:16:44 +0330] "GET /filter/stexists,p10,b33 HTTP/1.1" 200 30812 "-" "Mozilla/5.0 (Windows NT 6.1; rv:42.0) Gecko/20100101 Firefox/42.0" "-"
66.249.66.194 - - [22/Jan/2019:04:16:44 +0330] "GET /filter/b742,p22058 HTTP/1.1" 302 0 "-" "Mozilla/5.0 (Linux; Android 6.0.1; Nexus 5X Build/MMB29P) AppleWebKit/537.36 (KHTML, like Gecko) Chrome/41.0.2272.96 Mobile Safari/537.36 (compatible; Googlebot/2.1; +http://www.google.com/bot.html)" "-"
66.249.66.91 - - [22/Jan/2019:04:16:45 +0330] "GET /filter/b36%2Cb41%2Cb598%2Cb168%2Cb103%2Cb88%2Cb19%2Cb194%2Cb35%2Cb321%2Cb5%2Cb261%2Cb442%2Cb484%2Cb723%2Cb573%2Cb192%2Cb724%2Cb435%2Cb183%2Cb542%2Cb135%2Cb63%2Cb497%2Cb619%2Cb613%2Cb126%2Cb74%2Cb441%2Cb568%2Cb880%2Cb647%2Cb185%2Cb584%2Cb224%2Cb213%2Cb3%2Cb570%2Cb198%2Cb256%2Cb238%2Cb485%2Cb574%2Cb186%2Cb548%2Cstexists%2Cb215%2Cb904%2Cb615%2Cb603%2Cb203%2Cb43%2Cb152%2Cb95%2Cb147%2Cb143%2Cb656%2Cb2%2Cb308%2Cb80%2Cb22%2Cb883%2Cb523%2Cb903?page=2 HTTP/1.1" 200 41861 "-" "Mozilla/5.0 (compatible; Googlebot/2.1; +http://www.google.com/bot.html)" "-"
91.99.72.15 - - [22/Jan/2019:04:16:45 +0330] "GET /product/18509/37532/%D9%88%D8%A7%D9%86-%D8%AD%D9%85%D8%A7%D9%85-%D9%BE%D8%B1%D8%B4%DB%8C%D9%86-%D9%85%D8%AF%D9%84-%D9%BE%D8%B1%D9%86%D8%B3%D8%B3 HTTP/1.1" 200 38961 "-" "Mozilla/5.0 (Macintosh; Intel Mac OS X 10_7_3) AppleWebKit/534.55.3 (KHTML, like Gecko) Version/5.1.3 Safari/534.53.10" "-"
130.185.74.243 - - [22/Jan/2019:04:16:45 +0330] "GET /filter/stexists,p41,b1 HTTP/1.1" 200 32312 "-" "Mozilla/5.0 (Windows NT 6.1; rv:42.0) Gecko/20100101 Firefox/42.0" "-"
66.249.66.91 - - [22/Jan/2019:04:16:48 +0330] "GET /filter/b36%2Cb41%2Cb598%2Cb168%2Cb103%2Cb614%2Cb88%2Cb19%2Cb194%2Cb35%2Cb321%2Cb5%2Cb261%2Cb442%2Cb484%2Cb723%2Cb573%2Cb192%2Cb724%2Cb435%2Cb183%2Cb542%2Cb63%2Cb497%2Cb619%2Cb613%2Cb126%2Cb74%2Cb441%2Cb568%2Cb880%2Cb647%2Cb185%2Cb584%2Cb224%2Cb213%2Cb3%2Cb570%2Cb198%2Cb238%2Cb485%2Cb574%2Cb186%2Cb548%2Cstexists%2Cb215%2Cb904%2Cb615%2Cb603%2Cb203%2Cb43%2Cb152%2Cb95%2Cb147%2Cb143%2Cb656%2Cb2%2Cb80%2Cb22%2Cb883%2Cb523%2Cb903%2Cb258?page=88 HTTP/1.1" 200 39686 "-" "Mozilla/5.0 (compatible; Googlebot/2.1; +http://www.google.com/bot.html)" "-"
66.249.66.91 - - [22/Jan/2019:04:16:49 +0330] "GET /filter/b36%2Cb41%2Cb598%2Cb168%2Cb103%2Cb88%2Cb19%2Cb194%2Cb35%2Cb321%2Cb5%2Cb261%2Cb442%2Cb484%2Cb723%2Cb573%2Cb192%2Cb724%2Cb435%2Cb183%2Cb542%2Cb135%2Cb63%2Cb497%2Cb619%2Cb613%2Cb126%2Cb74%2Cb441%2Cb568%2Cb880%2Cb647%2Cb185%2Cb584%2Cb224%2Cb213%2Cb3%2Cb570%2Cb198%2Cb256%2Cb238%2Cb485%2Cb574%2Cb186%2Cb548%2Cstexists%2Cb215%2Cb904%2Cb615%2Cb603%2Cb203%2Cb43%2Cb152%2Cb95%2Cb147%2Cb143%2Cb656%2Cb2%2Cb308%2Cb80%2Cb22%2Cb883%2Cb523%2Cb903%2Cb648?page=5 HTTP/1.1" 200 41335 "-" "Mozilla/5.0 (compatible; Googlebot/2.1; +http://www.google.com/bot.html)" "-"
66.249.66.91 - - [22/Jan/2019:04:16:50 +0330] "GET /filter/b703%2Cb36%2Cb41%2Cb598%2Cb168%2Cb103%2Cb614%2Cb88%2Cb19%2Cb194%2Cb321%2Cb5%2Cb261%2Cb442%2Cb484%2Cb723%2Cb573%2Cb192%2Cb724%2Cb1%2Cb435%2Cb183%2Cb542%2Cb135%2Cb878%2Cb63%2Cb497%2Cb619%2Cb219%2Cb74%2Cb151%2Cb441%2Cb568%2Cb880%2Cb647%2Cb185%2Cb584%2Cb224%2Cb213%2Cb50%2Cb3%2Cb231%2Cb99%2Cb238%2Cb82%2Cb215%2Cb95%2Cb218%2Cp6213?page=22 HTTP/1.1" 200 37547 "-" "Mozilla/5.0 (compatible; Googlebot/2.1; +http://www.google.com/bot.html)" "-"
86.106.194.57 - - [22/Jan/2019:04:16:50 +0330] "GET /image/get?path=/Image/4140480549153bba173594f7.jpg HTTP/1.1" 200 9806 "-" "com.google.GoogleMobile/65.0.0 iPhone/12.1.2 hw/iPhone10_2" "-"
157.55.39.245 - - [22/Jan/2019:04:16:51 +0330] "GET /filter/b195,p8391 HTTP/1.1" 200 32380 "-" "Mozilla/5.0 (iPhone; CPU iPhone OS 7_0 like Mac OS X) AppleWebKit/537.51.1 (KHTML, like Gecko) Version/7.0 Mobile/11A465 Safari/9537.53 (compatible; bingbot/2.0; +http://www.bing.com/bingbot.htm)" "-"
130.185.74.243 - - [22/Jan/2019:04:16:52 +0330] "GET /filter/stexists,p41,b2 HTTP/1.1" 200 31977 "-" "Mozilla/5.0 (Windows NT 6.1; rv:42.0) Gecko/20100101 Firefox/42.0" "-"
54.36.148.93 - - [22/Jan/2019:04:16:52 +0330] "GET /filter/b74,p9,stexists HTTP/1.1" 200 33126 "-" "Mozilla/5.0 (compatible; AhrefsBot/6.1; +http://ahrefs.com/robot/)" "-"
5.123.174.57 - - [22/Jan/2019:04:16:53 +0330] "GET /image/3432?name=c03346451_1750x1285.jpg&wh=200x200 HTTP/1.1" 200 6174 "-" "Dalvik/2.1.0 (Linux; U; Android 8.1.0; SM-J710F Build/M1AJQ)" "-"
66.249.66.91 - - [22/Jan/2019:04:16:56 +0330] "GET /filter/b656%2Cb703%2Cb32%2Cb67%2Cb226%2Cb41%2Cb598%2Cb168%2Cb723%2Cb597%2Cb88%2Cb548%2Cb6%2Cb679%2Cb215%2Cb105%2Cb194%2Cb74%2Cb542%2Cb35%2Cb113%2Cb820%2Cb574%2Cb442%2Cb880%2Cb645%2Cb724%2Cb118%2Cb482%2Cb400%2Cb95%2Cb135%2Cb249%2Cb435%2Cb221%2Cb523%2Cb854%2Cb126%2Cstexists%2Cb216%2Cb217%2Cb152%2Cb99%2Cb192%2Cb213%2Cb136%2Cb218%2Cb648%2Cb454%2Cb258%2Cb151%2Cb186%2Cb219?page=4 HTTP/1.1" 200 40291 "-" "Mozilla/5.0 (compatible; Googlebot/2.1; +http://www.google.com/bot.html)" "-"
207.46.13.136 - - [22/Jan/2019:04:16:56 +0330] "GET /filter/b101,b183,b238 HTTP/1.1" 200 35907 "-" "Mozilla/5.0 (compatible; bingbot/2.0; +http://www.bing.com/bingbot.htm)" "-"
157.55.39.245 - - [22/Jan/2019:04:16:57 +0330] "GET /product/24692/51588/%D8%AA%D8%A7%D8%AC-%D8%A7%D9%84%DB%8C%D9%88%D8%B1-%D9%88%D8%A8%D8%B1-%D9%85%D8%AF%D9%84-%D9%86%DB%8C%D9%85-%D8%AA%D8%A7%D8%AC-%DA%A9%D8%B1%DB%8C%D8%B3%D8%AA%D8%A7%D9%84-%D8%B7%D8%B1%D8%AD-%D8%A8%D9%87%D8%A7%D8%B1-Spring-rhod-crystal HTTP/1.1" 200 39747 "-" "Mozilla/5.0 (compatible; bingbot/2.0; +http://www.bing.com/bingbot.htm)" "-"
157.55.39.245 - - [22/Jan/2019:04:16:59 +0330] "GET /filter/b181,b2 HTTP/1.1" 200 37188 "-" "Mozilla/5.0 (compatible; bingbot/2.0; +http://www.bing.com/bingbot.htm)" "-"
5.234.213.72 - - [22/Jan/2019:04:17:00 +0330] "GET /image/33888?name=model-b2048u-1-.jpg&wh=200x200 HTTP/1.1" 200 3975 "-" "Dalvik/2.1.0 (Linux; U; Android 6.0.1; SM-J500F Build/MMB29M)" "-"
204.18.36.198 - - [22/Jan/2019:04:17:01 +0330] "GET /image/31931?name=rs25-222.jpg&wh=200x200 HTTP/1.1" 200 3705 "-" "Dalvik/2.1.0 (Linux; U; Android 7.0; HUAWEI VNS-L21 Build/HUAWEIVNS-L21)" "-"
54.36.148.12 - - [22/Jan/2019:04:17:01 +0330] "GET /filter/b584%2Cp14048%2Cv1%7C%D8%A2%D8%A8%DB%8C HTTP/1.1" 200 31899 "-" "Mozilla/5.0 (compatible; AhrefsBot/6.1; +http://ahrefs.com/robot/)" "-"
66.249.66.91 - - [22/Jan/2019:04:17:03 +0330] "GET /filter/b481%2Cb43%2Cb32%2Cb67%2Cb36%2Cb226%2Cb41%2Cb136%2Cb570%2Cb180%2Cb615%2Cb168%2Cb648%2Cb103%2Cb148%2Cb80%2Cb213%2Cb597%2Cb724%2Cb5%2Cb135%2Cb877%2Cb183%2Cb497%2Cb435%2Cb194%2Cb1%2Cb861%2Cb256%2Cb854%2Cb198%2Cb656%2Cb647%2Cb88%2Cb3%2Cb202%2Cb542%2Cb723%2Cb482%2Cb212%2Cb2%2Cb543%2Cb8%2Cb118%2Cb74%2Cb878%2Cb63%2Cb778%2Cb441%2Cb215?page=186 HTTP/1.1" 200 39845 "-" "Mozilla/5.0 (compatible; Googlebot/2.1; +http://www.google.com/bot.html)" "-"
66.249.66.194 - - [22/Jan/2019:04:17:04 +0330] "GET /product/34154/%D8%B3%D8%A7%D8%B9%D8%AA-%D9%87%D9%88%D8%B4%D9%85%D9%86%D8%AF-%D8%A7%D9%BE%D9%84-%D9%85%D8%AF%D9%84-Silver-Aluminum-Case-with-Seashell-Sport-Loop-40mm-S.4 HTTP/1.1" 200 41934 "-" "Googlebot-Image/1.0" "-"
66.249.66.91 - - [22/Jan/2019:04:17:04 +0330] "GET /filter/b656%2Cb703%2Cb32%2Cb67%2Cb226%2Cb41%2Cb598%2Cb168%2Cb723%2Cb597%2Cb88%2Cb548%2Cb6%2Cb679%2Cb215%2Cb105%2Cb194%2Cb74%2Cb542%2Cb35%2Cb113%2Cb820%2Cb574%2Cb442%2Cb880%2Cb645%2Cb724%2Cb118%2Cb482%2Cb400%2Cb95%2Cb135%2Cb249%2Cb435%2Cb221%2Cb523%2Cb854%2Cb126%2Cstexists%2Cb216%2Cb217%2Cb152%2Cb99%2Cb192%2Cb213%2Cb136%2Cb218%2Cb648%2Cb454%2Cb258%2Cb151%2Cb186%2Cb219?page=1 HTTP/1.1" 200 41148 "-" "Mozilla/5.0 (compatible; Googlebot/2.1; +http://www.google.com/bot.html)" "-"
66.249.66.194 - - [22/Jan/2019:04:17:05 +0330] "GET /filter/b600,p12421 HTTP/1.1" 200 27700 "-" "Mozilla/5.0 (compatible; Googlebot/2.1; +http://www.google.com/bot.html)" "-"
91.99.72.15 - - [22/Jan/2019:04:17:05 +0330] "GET /product/33312/63941/%DB%8C%D8%AE%DA%86%D8%A7%D9%84-%D9%81%D8%B1%DB%8C%D8%B2%D8%B1-%D9%81%D8%B1%DB%8C%D8%B2%D8%B1-%D8%B3%D8%A7%D9%85-%D9%85%D8%AF%D9%84-FZ-D20W HTTP/1.1" 200 39694 "-" "Mozilla/5.0 (Windows NT 6.1; WOW64) AppleWebKit/535.7(KHTML, like Gecko) Chrome/16.0.912.36 Safari/535.7" "-"
130.185.74.243 - - [22/Jan/2019:04:17:05 +0330] "GET /filter/stexists,p41,b217 HTTP/1.1" 200 32562 "-" "Mozilla/5.0 (Windows NT 6.1; rv:42.0) Gecko/20100101 Firefox/42.0" "-"
17.58.102.43 - - [22/Jan/2019:04:17:05 +0330] "GET /filter/b571%2Cb288%2Cb514%2Cb19%2Cb519%2Cb508%2Cb278%2Cb430%2Cb268%2Cb408%2Cb246%2Cb309%2Cb330%2Cb224%2Cb218%2Cb2 HTTP/1.1" 200 37653 "-" "Mozilla/5.0 (Macintosh; Intel Mac OS X 10_10_1) AppleWebKit/600.2.5 (KHTML, like Gecko) Version/8.0.2 Safari/600.2.5 (Applebot/0.1; +http://www.apple.com/go/applebot)" "-"
207.46.13.136 - - [22/Jan/2019:04:17:05 +0330] "GET /product/24608/%D8%A8%D8%B4%D9%82%D8%A7%D8%A8-%D9%85%DB%8C%D9%86%D8%A7%DA%A9%D8%A7%D8%B1%DB%8C-%D9%87%D9%86%D8%B1-%D8%A7%D8%B5%D9%81%D9%87%D8%A7%D9%86-%D9%85%D8%AF%D9%84-%D8%B7%D8%B1%D8%AD-17 HTTP/1.1" 200 42146 "-" "Mozilla/5.0 (compatible; bingbot/2.0; +http://www.bing.com/bingbot.htm)" "-"
5.234.213.72 - - [22/Jan/2019:04:17:06 +0330] "GET /image/11947?name=11947-1-fw.jpg&wh=200x200 HTTP/1.1" 200 4167 "-" "Dalvik/2.1.0 (Linux; U; Android 6.0.1; SM-J500F Build/MMB29M)" "-"
5.123.174.57 - - [22/Jan/2019:04:17:07 +0330] "GET /image/32757?name=eb-x41-4.jpg&wh=200x200 HTTP/1.1" 200 3763 "-" "Dalvik/2.1.0 (Linux; U; Android 8.1.0; SM-J710F Build/M1AJQ)" "-"
91.99.72.15 - - [22/Jan/2019:04:17:08 +0330] "GET /product/14312/24923/%D8%B3%D8%B4%D9%88%D8%A7%D8%B1-%D8%AE%D8%A7%D9%86%DA%AF%DB%8C-%D9%BE%D8%A7%D9%86%D8%A7%D8%B3%D9%88%D9%86%DB%8C%DA%A9-%D9%85%D8%AF%D9%84-EH-ND62 HTTP/1.1" 200 41397 "-" "Mozilla/5.0 (Windows NT 6.1; WOW64) AppleWebKit/535.7(KHTML, like Gecko) Chrome/16.0.912.36 Safari/535.7" "-"
91.99.72.15 - - [22/Jan/2019:04:17:09 +0330] "GET /product/4064/8229/%D8%B3%DB%8C%D9%86%DA%A9-%D8%B8%D8%B1%D9%81%D8%B4%D9%88%DB%8C%DB%8C-%D8%B1%D9%88%DA%A9%D8%A7%D8%B1-%D9%84%D8%AA%D9%88-%D9%85%D8%AF%D9%84-TL-1 HTTP/1.1" 200 41567 "-" "Mozilla/5.0 (Macintosh; Intel Mac OS X 10_7_3) AppleWebKit/534.55.3 (KHTML, like Gecko) Version/5.1.3 Safari/534.53.10" "-"
66.249.66.91 - - [22/Jan/2019:04:17:09 +0330] "GET /filter/b656%2Cb703%2Cb32%2Cb67%2Cb226%2Cb41%2Cb598%2Cb168%2Cb723%2Cb597%2Cb88%2Cb548%2Cb6%2Cb679%2Cb215%2Cb105%2Cb194%2Cb74%2Cb542%2Cb35%2Cb113%2Cb820%2Cb574%2Cb442%2Cb880%2Cb645%2Cb724%2Cb118%2Cb482%2Cb400%2Cb95%2Cb135%2Cb249%2Cb435%2Cb221%2Cb523%2Cb854%2Cb126%2Cstexists%2Cb216%2Cb217%2Cb152%2Cb99%2Cb192%2Cb213%2Cb136%2Cb218%2Cb648%2Cb454%2Cb258%2Cb151%2Cb22%2Cb36?page=11 HTTP/1.1" 200 41316 "-" "Mozilla/5.0 (compatible; Googlebot/2.1; +http://www.google.com/bot.html)" "-"
66.249.66.91 - - [22/Jan/2019:04:17:09 +0330] "GET /filter/b481%2Cb226%2Cb570%2Cb598%2Cstexists%2Cb880%2Cb270%2Cb883%2Cb99%2Cb261%2Cb249%2Cb20%2Cb701%2Cb42%2Cb879%2Cb548%2Cb183%2Cb88%2Cb308%2Cb103%2Cb1%2Cb126%2Cb523%2Cb192%2Cb188%2Cb890%2Cb148%2Cb256%2Cb454%2Cb651%2Cb41%2Cb647%2Cb22%2Cb613%2Cb6%2Cb221%2Cb36%2Cb614%2Cb3%2Cb216%2Cb218%2Cb136%2Cb573%2Cb151%2Cb185%2Cb32%2Cb441%2Cb143%2Cb648%2Cb203%2Cb877%2Cb209%2Cb231%2Cb485%2Cb147?page=1 HTTP/1.1" 200 40293 "-" "Mozilla/5.0 (compatible; Googlebot/2.1; +http://www.google.com/bot.html)" "-"
204.18.36.198 - - [22/Jan/2019:04:17:10 +0330] "GET /image/32087?name=sxp430-11.jpg&wh=200x200 HTTP/1.1" 200 3775 "-" "Dalvik/2.1.0 (Linux; U; Android 7.0; HUAWEI VNS-L21 Build/HUAWEIVNS-L21)" "-"
54.36.148.78 - - [22/Jan/2019:04:17:10 +0330] "GET /filter/331|1425%20%D9%88%D8%A7%D8%AA,331|1500%20%D9%88%D8%A7%D8%AA,p32 HTTP/1.1" 200 32432 "-" "Mozilla/5.0 (compatible; AhrefsBot/6.1; +http://ahrefs.com/robot/)" "-"
54.36.149.44 - - [22/Jan/2019:04:17:10 +0330] "GET /filter/p6385%2Cv1%7CGray%2Cv1%7C%D9%82%D8%B1%D9%85%D8%B2.?o=v1 HTTP/1.1" 302 0 "-" "Mozilla/5.0 (compatible; AhrefsBot/6.1; +http://ahrefs.com/robot/)" "-"
91.99.72.15 - - [22/Jan/2019:04:17:10 +0330] "GET /product/20916?model=45245 HTTP/1.1" 200 41543 "-" "Mozilla/5.0 (X11; Linux x86_64) AppleWebKit/537.36 (KHTML, like Gecko) Chrome/53.0.2785.92 Safari/537.36" "-"
207.46.13.136 - - [22/Jan/2019:04:17:11 +0330] "GET /filter/b1%2Cb145%2Cb263%2Cb679%2Cp1 HTTP/1.1" 200 37148 "-" "Mozilla/5.0 (compatible; bingbot/2.0; +http://www.bing.com/bingbot.htm)" "-"
130.185.74.243 - - [22/Jan/2019:04:17:11 +0330] "GET /filter/stexists,p41,b126,b216,b46,b32,b213,b173 HTTP/1.1" 200 33822 "-" "Mozilla/5.0 (Windows NT 6.1; rv:42.0) Gecko/20100101 Firefox/42.0" "-"
5.123.174.57 - - [22/Jan/2019:04:17:12 +0330] "GET /image/32745?name=ms506-14.jpg&wh=200x200 HTTP/1.1" 200 3901 "-" "Dalvik/2.1.0 (Linux; U; Android 8.1.0; SM-J710F Build/M1AJQ)" "-"
